              _             
             (_)            
   __ _ _ __  _ _ __   __ _ 
  / _` | '_ \| | '_ \ / _` |
 | (_| | | | | | | | | (_| |
  \__, |_| |_|_|_| |_|\__,_|
   __/ |                    
  |___/                     

gnina v1.3.3 master:6fe1ce2   Built Jun 30 2026.
gnina is based on smina and AutoDock Vina.
Please cite appropriately.

Commandline: gnina -r results/DOCKING/7AAA.mol2 -l results/DOCKING/ligands_sdf/ligando_017.sdf -o results/DOCKING/results_mol2/docked_ligando_017.mol2 --center_x 8.59 --center_y 39.35 --center_z 9.53 --size_x 22 --size_y 16 --size_z 24 --num_modes 10 --exhaustiveness 8 --seed 1
Using random seed: 1

0%   10   20   30   40   50   60   70   80   90   100%
|----|----|----|----|----|----|----|----|----|----|
***************************************************

mode |  affinity  |  intramol  |    CNN     |   CNN
     | (kcal/mol) | (kcal/mol) | pose score | affinity
-----+------------+------------+------------+----------
    1      -10.22       -0.43       0.1437      4.923
    2      -10.29       -0.12       0.1296      5.145
    3       -8.83        0.74       0.1190      5.522
    4       -7.22       -0.48       0.1138      5.450
    5       -6.92       -0.32       0.1045      5.683
    6       -6.98        0.83       0.1029      5.883
    7       -7.79        0.07       0.0980      4.915
    8       -7.64       -0.03       0.0604      5.713
    9       -9.45       -0.90       0.0601      4.884
   10       -8.49        0.22       0.0529      5.116
