              _             
             (_)            
   __ _ _ __  _ _ __   __ _ 
  / _` | '_ \| | '_ \ / _` |
 | (_| | | | | | | | | (_| |
  \__, |_| |_|_|_| |_|\__,_|
   __/ |                    
  |___/                     

gnina v1.3.3 master:6fe1ce2   Built Jun 30 2026.
gnina is based on smina and AutoDock Vina.
Please cite appropriately.

Commandline: gnina -r results/DOCKING/7AAA.mol2 -l results/DOCKING/ligands_sdf/ligando_016.sdf -o results/DOCKING/results_mol2/docked_ligando_016.mol2 --center_x 8.59 --center_y 39.35 --center_z 9.53 --size_x 22 --size_y 16 --size_z 24 --num_modes 10 --exhaustiveness 8 --seed 1
Using random seed: 1

0%   10   20   30   40   50   60   70   80   90   100%
|----|----|----|----|----|----|----|----|----|----|
***************************************************

mode |  affinity  |  intramol  |    CNN     |   CNN
     | (kcal/mol) | (kcal/mol) | pose score | affinity
-----+------------+------------+------------+----------
    1      -10.77       -0.34       0.2440      5.995
    2       -9.71        3.16       0.1889      5.706
    3       -7.51        0.96       0.1850      6.162
    4       -9.92        2.23       0.1847      5.946
    5       -8.65        0.24       0.1642      6.526
    6       -9.52        0.76       0.1539      5.899
    7       -9.99       -0.04       0.1481      6.187
    8      -11.07        1.44       0.1434      5.624
    9      -10.01        1.66       0.1215      5.640
   10       -9.36        1.66       0.1113      6.306
