              _             
             (_)            
   __ _ _ __  _ _ __   __ _ 
  / _` | '_ \| | '_ \ / _` |
 | (_| | | | | | | | | (_| |
  \__, |_| |_|_|_| |_|\__,_|
   __/ |                    
  |___/                     

gnina v1.3.3 master:6fe1ce2   Built Jun 30 2026.
gnina is based on smina and AutoDock Vina.
Please cite appropriately.

Commandline: gnina -r results/DOCKING/7AAA.mol2 -l results/DOCKING/ligands_sdf/ligando_077.sdf -o results/DOCKING/results_mol2/docked_ligando_077.mol2 --center_x 8.59 --center_y 39.35 --center_z 9.53 --size_x 22 --size_y 16 --size_z 24 --num_modes 10 --exhaustiveness 8 --seed 1
Using random seed: 1

0%   10   20   30   40   50   60   70   80   90   100%
|----|----|----|----|----|----|----|----|----|----|
***************************************************
MolPort-035-704-099 LN00427521 PubChem-86207152 ZINC000218305408 | pose 0 | initial pose not within box

mode |  affinity  |  intramol  |    CNN     |   CNN
     | (kcal/mol) | (kcal/mol) | pose score | affinity
-----+------------+------------+------------+----------
    1      -10.46       -0.53       0.5122      6.786
    2      -10.64       -0.32       0.4407      6.766
    3       -9.06       -0.70       0.1566      6.642
    4      -10.36       -0.36       0.1258      5.887
    5       -9.89        0.28       0.0973      5.975
    6      -10.53        0.34       0.0823      5.458
    7       -9.86        0.77       0.0777      4.989
    8      -10.04        0.06       0.0633      5.635
    9      -10.12        0.09       0.0598      5.554
   10       -9.81       -0.15       0.0566      4.949
