              _             
             (_)            
   __ _ _ __  _ _ __   __ _ 
  / _` | '_ \| | '_ \ / _` |
 | (_| | | | | | | | | (_| |
  \__, |_| |_|_|_| |_|\__,_|
   __/ |                    
  |___/                     

gnina v1.3.3 master:6fe1ce2   Built Jun 30 2026.
gnina is based on smina and AutoDock Vina.
Please cite appropriately.

Commandline: gnina -r results/DOCKING/7AAA.mol2 -l results/DOCKING/ligands_sdf/ligando_025.sdf -o results/DOCKING/results_mol2/docked_ligando_025.mol2 --center_x 8.59 --center_y 39.35 --center_z 9.53 --size_x 22 --size_y 16 --size_z 24 --num_modes 10 --exhaustiveness 8 --seed 1
Using random seed: 1

0%   10   20   30   40   50   60   70   80   90   100%
|----|----|----|----|----|----|----|----|----|----|
***************************************************

mode |  affinity  |  intramol  |    CNN     |   CNN
     | (kcal/mol) | (kcal/mol) | pose score | affinity
-----+------------+------------+------------+----------
    1      -10.26        2.27       0.1826      5.562
    2      -11.09        1.65       0.1724      5.025
    3       -9.49        0.55       0.1642      6.019
    4      -10.76        0.06       0.1580      5.352
    5      -10.14       -0.31       0.1532      5.373
    6       -9.49        0.80       0.1417      5.300
    7       -9.39        0.18       0.1337      4.993
    8       -9.16       -0.13       0.1237      5.310
    9       -8.82        3.71       0.1177      5.938
   10       -8.92        1.85       0.1021      5.241
