              _             
             (_)            
   __ _ _ __  _ _ __   __ _ 
  / _` | '_ \| | '_ \ / _` |
 | (_| | | | | | | | | (_| |
  \__, |_| |_|_|_| |_|\__,_|
   __/ |                    
  |___/                     

gnina v1.3.3 master:6fe1ce2   Built Jun 30 2026.
gnina is based on smina and AutoDock Vina.
Please cite appropriately.

Commandline: gnina -r results/DOCKING/7AAA.mol2 -l results/DOCKING/ligands_sdf/ligando_100.sdf -o results/DOCKING/results_mol2/docked_ligando_100.mol2 --center_x 8.59 --center_y 39.35 --center_z 9.53 --size_x 22 --size_y 16 --size_z 24 --num_modes 10 --exhaustiveness 8 --seed 1
Using random seed: 1

0%   10   20   30   40   50   60   70   80   90   100%
|----|----|----|----|----|----|----|----|----|----|
***************************************************

mode |  affinity  |  intramol  |    CNN     |   CNN
     | (kcal/mol) | (kcal/mol) | pose score | affinity
-----+------------+------------+------------+----------
    1      -11.83        2.12       0.1984      6.621
    2       -7.65        0.21       0.0799      6.618
    3       -9.88        0.93       0.0632      5.981
    4      -10.87        3.48       0.0519      6.910
    5      -11.07        1.26       0.0503      5.589
    6       -8.42        0.32       0.0503      6.401
    7       -9.91        4.07       0.0409      5.750
    8      -10.61        1.46       0.0383      5.311
    9       -8.21        0.62       0.0364      6.600
   10      -10.89        1.12       0.0318      5.991
