              _             
             (_)            
   __ _ _ __  _ _ __   __ _ 
  / _` | '_ \| | '_ \ / _` |
 | (_| | | | | | | | | (_| |
  \__, |_| |_|_|_| |_|\__,_|
   __/ |                    
  |___/                     

gnina v1.3.3 master:6fe1ce2   Built Jun 30 2026.
gnina is based on smina and AutoDock Vina.
Please cite appropriately.

Commandline: gnina -r results/DOCKING/7AAA.mol2 -l results/DOCKING/ligands_sdf/ligando_083.sdf -o results/DOCKING/results_mol2/docked_ligando_083.mol2 --center_x 8.59 --center_y 39.35 --center_z 9.53 --size_x 22 --size_y 16 --size_z 24 --num_modes 10 --exhaustiveness 8 --seed 1
Using random seed: 1

0%   10   20   30   40   50   60   70   80   90   100%
|----|----|----|----|----|----|----|----|----|----|
***************************************************
MolPort-049-666-434 MolPort-051-561-886 CHEMBL5184668 CHEMBL5222013 CSSS06623406600 CSSS06623407334 MCULE-1265556255 MCULE-7926030787 PubChem-145426155 PubChem-160110221 PubChem-161609045 PubChem-163196447 Z5889958807 | pose 0 | initial pose not within box
MolPort-049-666-434 MolPort-051-561-886 CHEMBL5184668 CHEMBL5222013 CSSS06623406600 CSSS06623407334 MCULE-1265556255 MCULE-7926030787 PubChem-145426155 PubChem-160110221 PubChem-161609045 PubChem-163196447 Z5889958807 | pose 0 | ligand outside box
MolPort-049-666-434 MolPort-051-561-886 CHEMBL5184668 CHEMBL5222013 CSSS06623406600 CSSS06623407334 MCULE-1265556255 MCULE-7926030787 PubChem-145426155 PubChem-160110221 PubChem-161609045 PubChem-163196447 Z5889958807 | pose 0 | ligand outside box
MolPort-049-666-434 MolPort-051-561-886 CHEMBL5184668 CHEMBL5222013 CSSS06623406600 CSSS06623407334 MCULE-1265556255 MCULE-7926030787 PubChem-145426155 PubChem-160110221 PubChem-161609045 PubChem-163196447 Z5889958807 | pose 0 | ligand outside box
MolPort-049-666-434 MolPort-051-561-886 CHEMBL5184668 CHEMBL5222013 CSSS06623406600 CSSS06623407334 MCULE-1265556255 MCULE-7926030787 PubChem-145426155 PubChem-160110221 PubChem-161609045 PubChem-163196447 Z5889958807 | pose 0 | ligand outside box
MolPort-049-666-434 MolPort-051-561-886 CHEMBL5184668 CHEMBL5222013 CSSS06623406600 CSSS06623407334 MCULE-1265556255 MCULE-7926030787 PubChem-145426155 PubChem-160110221 PubChem-161609045 PubChem-163196447 Z5889958807 | pose 0 | ligand outside box
MolPort-049-666-434 MolPort-051-561-886 CHEMBL5184668 CHEMBL5222013 CSSS06623406600 CSSS06623407334 MCULE-1265556255 MCULE-7926030787 PubChem-145426155 PubChem-160110221 PubChem-161609045 PubChem-163196447 Z5889958807 | pose 0 | ligand outside box
MolPort-049-666-434 MolPort-051-561-886 CHEMBL5184668 CHEMBL5222013 CSSS06623406600 CSSS06623407334 MCULE-1265556255 MCULE-7926030787 PubChem-145426155 PubChem-160110221 PubChem-161609045 PubChem-163196447 Z5889958807 | pose 0 | ligand outside box
MolPort-049-666-434 MolPort-051-561-886 CHEMBL5184668 CHEMBL5222013 CSSS06623406600 CSSS06623407334 MCULE-1265556255 MCULE-7926030787 PubChem-145426155 PubChem-160110221 PubChem-161609045 PubChem-163196447 Z5889958807 | pose 0 | ligand outside box
MolPort-049-666-434 MolPort-051-561-886 CHEMBL5184668 CHEMBL5222013 CSSS06623406600 CSSS06623407334 MCULE-1265556255 MCULE-7926030787 PubChem-145426155 PubChem-160110221 PubChem-161609045 PubChem-163196447 Z5889958807 | pose 0 | ligand outside box
MolPort-049-666-434 MolPort-051-561-886 CHEMBL5184668 CHEMBL5222013 CSSS06623406600 CSSS06623407334 MCULE-1265556255 MCULE-7926030787 PubChem-145426155 PubChem-160110221 PubChem-161609045 PubChem-163196447 Z5889958807 | pose 0 | initial pose not within box
MolPort-049-666-434 MolPort-051-561-886 CHEMBL5184668 CHEMBL5222013 CSSS06623406600 CSSS06623407334 MCULE-1265556255 MCULE-7926030787 PubChem-145426155 PubChem-160110221 PubChem-161609045 PubChem-163196447 Z5889958807 | pose 0 | ligand outside box
MolPort-049-666-434 MolPort-051-561-886 CHEMBL5184668 CHEMBL5222013 CSSS06623406600 CSSS06623407334 MCULE-1265556255 MCULE-7926030787 PubChem-145426155 PubChem-160110221 PubChem-161609045 PubChem-163196447 Z5889958807 | pose 0 | ligand outside box
MolPort-049-666-434 MolPort-051-561-886 CHEMBL5184668 CHEMBL5222013 CSSS06623406600 CSSS06623407334 MCULE-1265556255 MCULE-7926030787 PubChem-145426155 PubChem-160110221 PubChem-161609045 PubChem-163196447 Z5889958807 | pose 0 | ligand outside box
MolPort-049-666-434 MolPort-051-561-886 CHEMBL5184668 CHEMBL5222013 CSSS06623406600 CSSS06623407334 MCULE-1265556255 MCULE-7926030787 PubChem-145426155 PubChem-160110221 PubChem-161609045 PubChem-163196447 Z5889958807 | pose 0 | ligand outside box
MolPort-049-666-434 MolPort-051-561-886 CHEMBL5184668 CHEMBL5222013 CSSS06623406600 CSSS06623407334 MCULE-1265556255 MCULE-7926030787 PubChem-145426155 PubChem-160110221 PubChem-161609045 PubChem-163196447 Z5889958807 | pose 0 | ligand outside box
MolPort-049-666-434 MolPort-051-561-886 CHEMBL5184668 CHEMBL5222013 CSSS06623406600 CSSS06623407334 MCULE-1265556255 MCULE-7926030787 PubChem-145426155 PubChem-160110221 PubChem-161609045 PubChem-163196447 Z5889958807 | pose 0 | initial pose not within box

mode |  affinity  |  intramol  |    CNN     |   CNN
     | (kcal/mol) | (kcal/mol) | pose score | affinity
-----+------------+------------+------------+----------
    1      -11.15        1.16       0.6767      7.197
    2      -10.63        1.08       0.6057      7.414
    3      -10.67        0.94       0.4498      7.289
    4      -12.09       -1.04       0.3677      7.150
    5      -12.10       -0.63       0.2828      6.866
    6        1.73        2.42       0.1216      6.394
    7      -12.51        1.07       0.0976      6.580
    8      -10.39        0.18       0.0749      5.861
    9      -10.18       -0.21       0.0616      4.977
   10      -11.98       -0.80       0.0522      5.415
