              _             
             (_)            
   __ _ _ __  _ _ __   __ _ 
  / _` | '_ \| | '_ \ / _` |
 | (_| | | | | | | | | (_| |
  \__, |_| |_|_|_| |_|\__,_|
   __/ |                    
  |___/                     

gnina v1.3.3 master:6fe1ce2   Built Jun 30 2026.
gnina is based on smina and AutoDock Vina.
Please cite appropriately.

Commandline: gnina -r results/DOCKING/7AAA.mol2 -l results/DOCKING/ligands_sdf/ligando_052.sdf -o results/DOCKING/results_mol2/docked_ligando_052.mol2 --center_x 8.59 --center_y 39.35 --center_z 9.53 --size_x 22 --size_y 16 --size_z 24 --num_modes 10 --exhaustiveness 8 --seed 1
Using random seed: 1

0%   10   20   30   40   50   60   70   80   90   100%
|----|----|----|----|----|----|----|----|----|----|
***************************************************
MolPort-008-338-731 36353994 CSSS00160717244 LN00877548 MCULE-5276027582 PubChem-45491328 ZINC000036353994 ZINC36353994 | pose 0 | initial pose not within box
MolPort-008-338-731 36353994 CSSS00160717244 LN00877548 MCULE-5276027582 PubChem-45491328 ZINC000036353994 ZINC36353994 | pose 0 | ligand outside box
MolPort-008-338-731 36353994 CSSS00160717244 LN00877548 MCULE-5276027582 PubChem-45491328 ZINC000036353994 ZINC36353994 | pose 0 | ligand outside box
MolPort-008-338-731 36353994 CSSS00160717244 LN00877548 MCULE-5276027582 PubChem-45491328 ZINC000036353994 ZINC36353994 | pose 0 | ligand outside box
MolPort-008-338-731 36353994 CSSS00160717244 LN00877548 MCULE-5276027582 PubChem-45491328 ZINC000036353994 ZINC36353994 | pose 0 | ligand outside box

mode |  affinity  |  intramol  |    CNN     |   CNN
     | (kcal/mol) | (kcal/mol) | pose score | affinity
-----+------------+------------+------------+----------
    1      -10.14        0.07       0.2785      6.302
    2       -6.42       -0.33       0.1036      5.838
    3       -9.02        0.65       0.0978      5.889
    4       -8.77        0.02       0.0858      5.598
    5       -8.09        0.17       0.0738      5.513
    6       -8.69        1.48       0.0675      4.859
    7       -8.86       -0.03       0.0589      5.003
    8       -9.63       -0.22       0.0572      5.125
    9       -8.77        0.31       0.0571      5.275
   10       -6.52       -0.34       0.0560      4.465
