              _             
             (_)            
   __ _ _ __  _ _ __   __ _ 
  / _` | '_ \| | '_ \ / _` |
 | (_| | | | | | | | | (_| |
  \__, |_| |_|_|_| |_|\__,_|
   __/ |                    
  |___/                     

gnina v1.3.3 master:6fe1ce2   Built Jun 30 2026.
gnina is based on smina and AutoDock Vina.
Please cite appropriately.

Commandline: gnina -r results/DOCKING/7AAA.mol2 -l results/DOCKING/ligands_sdf/ligando_090.sdf -o results/DOCKING/results_mol2/docked_ligando_090.mol2 --center_x 8.59 --center_y 39.35 --center_z 9.53 --size_x 22 --size_y 16 --size_z 24 --num_modes 10 --exhaustiveness 8 --seed 1
Using random seed: 1

0%   10   20   30   40   50   60   70   80   90   100%
|----|----|----|----|----|----|----|----|----|----|
***************************************************
MolPort-047-459-720 219860716 MCULE-2419899372 MCULE-3818994584 PubChem-159302235 PubChem-159329173 PubChem-161182785 PubChem-165095731 PubChem-86683701 | pose 0 | initial pose not within box
MolPort-047-459-720 219860716 MCULE-2419899372 MCULE-3818994584 PubChem-159302235 PubChem-159329173 PubChem-161182785 PubChem-165095731 PubChem-86683701 | pose 0 | ligand outside box
MolPort-047-459-720 219860716 MCULE-2419899372 MCULE-3818994584 PubChem-159302235 PubChem-159329173 PubChem-161182785 PubChem-165095731 PubChem-86683701 | pose 0 | ligand outside box
MolPort-047-459-720 219860716 MCULE-2419899372 MCULE-3818994584 PubChem-159302235 PubChem-159329173 PubChem-161182785 PubChem-165095731 PubChem-86683701 | pose 0 | ligand outside box
MolPort-047-459-720 219860716 MCULE-2419899372 MCULE-3818994584 PubChem-159302235 PubChem-159329173 PubChem-161182785 PubChem-165095731 PubChem-86683701 | pose 0 | ligand outside box
MolPort-047-459-720 219860716 MCULE-2419899372 MCULE-3818994584 PubChem-159302235 PubChem-159329173 PubChem-161182785 PubChem-165095731 PubChem-86683701 | pose 0 | ligand outside box
MolPort-047-459-720 219860716 MCULE-2419899372 MCULE-3818994584 PubChem-159302235 PubChem-159329173 PubChem-161182785 PubChem-165095731 PubChem-86683701 | pose 0 | initial pose not within box
MolPort-047-459-720 219860716 MCULE-2419899372 MCULE-3818994584 PubChem-159302235 PubChem-159329173 PubChem-161182785 PubChem-165095731 PubChem-86683701 | pose 0 | ligand outside box
MolPort-047-459-720 219860716 MCULE-2419899372 MCULE-3818994584 PubChem-159302235 PubChem-159329173 PubChem-161182785 PubChem-165095731 PubChem-86683701 | pose 0 | ligand outside box
MolPort-047-459-720 219860716 MCULE-2419899372 MCULE-3818994584 PubChem-159302235 PubChem-159329173 PubChem-161182785 PubChem-165095731 PubChem-86683701 | pose 0 | ligand outside box
MolPort-047-459-720 219860716 MCULE-2419899372 MCULE-3818994584 PubChem-159302235 PubChem-159329173 PubChem-161182785 PubChem-165095731 PubChem-86683701 | pose 0 | ligand outside box
MolPort-047-459-720 219860716 MCULE-2419899372 MCULE-3818994584 PubChem-159302235 PubChem-159329173 PubChem-161182785 PubChem-165095731 PubChem-86683701 | pose 0 | ligand outside box
MolPort-047-459-720 219860716 MCULE-2419899372 MCULE-3818994584 PubChem-159302235 PubChem-159329173 PubChem-161182785 PubChem-165095731 PubChem-86683701 | pose 0 | initial pose not within box
MolPort-047-459-720 219860716 MCULE-2419899372 MCULE-3818994584 PubChem-159302235 PubChem-159329173 PubChem-161182785 PubChem-165095731 PubChem-86683701 | pose 0 | ligand outside box

mode |  affinity  |  intramol  |    CNN     |   CNN
     | (kcal/mol) | (kcal/mol) | pose score | affinity
-----+------------+------------+------------+----------
    1      -11.38       -0.08       0.4139      7.123
    2      -11.55       -0.65       0.3840      7.007
    3      -11.32        0.00       0.2830      6.864
    4       -6.23       -0.27       0.1238      6.485
    5       -4.53       -0.23       0.0489      4.534
    6       -7.94       -0.25       0.0481      5.409
    7       -6.07       -0.85       0.0432      4.593
    8       -6.62       -0.75       0.0385      5.689
    9       -6.69       -0.30       0.0340      5.613
   10       -8.60       -0.86       0.0322      4.833
