              _             
             (_)            
   __ _ _ __  _ _ __   __ _ 
  / _` | '_ \| | '_ \ / _` |
 | (_| | | | | | | | | (_| |
  \__, |_| |_|_|_| |_|\__,_|
   __/ |                    
  |___/                     

gnina v1.3.3 master:6fe1ce2   Built Jun 30 2026.
gnina is based on smina and AutoDock Vina.
Please cite appropriately.

Commandline: gnina -r results/DOCKING/7AAA.mol2 -l results/DOCKING/ligands_sdf/ligando_102.sdf -o results/DOCKING/results_mol2/docked_ligando_102.mol2 --center_x 8.59 --center_y 39.35 --center_z 9.53 --size_x 22 --size_y 16 --size_z 24 --num_modes 10 --exhaustiveness 8 --seed 1
Using random seed: 1

0%   10   20   30   40   50   60   70   80   90   100%
|----|----|----|----|----|----|----|----|----|----|
***************************************************
MolPort-002-799-218 MCULE-6031247094 PubChem-135401448 | pose 0 | initial pose not within box
MolPort-002-799-218 MCULE-6031247094 PubChem-135401448 | pose 0 | ligand outside box
MolPort-002-799-218 MCULE-6031247094 PubChem-135401448 | pose 0 | ligand outside box
MolPort-002-799-218 MCULE-6031247094 PubChem-135401448 | pose 0 | ligand outside box

mode |  affinity  |  intramol  |    CNN     |   CNN
     | (kcal/mol) | (kcal/mol) | pose score | affinity
-----+------------+------------+------------+----------
    1       21.86       -0.81       0.5803      6.233
    2      -10.18        0.36       0.2783      6.307
    3       -9.76       -0.72       0.1805      5.908
    4        7.62       -0.74       0.0922      5.185
    5       17.74        0.22       0.0909      4.845
    6       -9.51        0.37       0.0306      5.164
    7       -9.49       -0.59       0.0285      5.585
    8       -2.73        0.14       0.0252      4.949
    9       -5.84       -0.27       0.0225      4.227
   10       -7.98        0.11       0.0211      4.769
