              _             
             (_)            
   __ _ _ __  _ _ __   __ _ 
  / _` | '_ \| | '_ \ / _` |
 | (_| | | | | | | | | (_| |
  \__, |_| |_|_|_| |_|\__,_|
   __/ |                    
  |___/                     

gnina v1.3.3 master:6fe1ce2   Built Jun 30 2026.
gnina is based on smina and AutoDock Vina.
Please cite appropriately.

Commandline: gnina -r results/DOCKING/7AAA.mol2 -l results/DOCKING/ligands_sdf/ligando_035.sdf -o results/DOCKING/results_mol2/docked_ligando_035.mol2 --center_x 8.59 --center_y 39.35 --center_z 9.53 --size_x 22 --size_y 16 --size_z 24 --num_modes 10 --exhaustiveness 8 --seed 1
Using random seed: 1

0%   10   20   30   40   50   60   70   80   90   100%
|----|----|----|----|----|----|----|----|----|----|
***************************************************
MolPort-006-464-456 ChemDiv-V027-9265 MCULE-3401747041 PubChem-24717982 ZINC000035806637 ZINC35806637 | pose 0 | initial pose not within box
MolPort-006-464-456 ChemDiv-V027-9265 MCULE-3401747041 PubChem-24717982 ZINC000035806637 ZINC35806637 | pose 0 | ligand outside box
MolPort-006-464-456 ChemDiv-V027-9265 MCULE-3401747041 PubChem-24717982 ZINC000035806637 ZINC35806637 | pose 0 | ligand outside box
MolPort-006-464-456 ChemDiv-V027-9265 MCULE-3401747041 PubChem-24717982 ZINC000035806637 ZINC35806637 | pose 0 | ligand outside box
MolPort-006-464-456 ChemDiv-V027-9265 MCULE-3401747041 PubChem-24717982 ZINC000035806637 ZINC35806637 | pose 0 | ligand outside box
MolPort-006-464-456 ChemDiv-V027-9265 MCULE-3401747041 PubChem-24717982 ZINC000035806637 ZINC35806637 | pose 0 | ligand outside box
MolPort-006-464-456 ChemDiv-V027-9265 MCULE-3401747041 PubChem-24717982 ZINC000035806637 ZINC35806637 | pose 0 | initial pose not within box
MolPort-006-464-456 ChemDiv-V027-9265 MCULE-3401747041 PubChem-24717982 ZINC000035806637 ZINC35806637 | pose 0 | ligand outside box
MolPort-006-464-456 ChemDiv-V027-9265 MCULE-3401747041 PubChem-24717982 ZINC000035806637 ZINC35806637 | pose 0 | ligand outside box
MolPort-006-464-456 ChemDiv-V027-9265 MCULE-3401747041 PubChem-24717982 ZINC000035806637 ZINC35806637 | pose 0 | ligand outside box
MolPort-006-464-456 ChemDiv-V027-9265 MCULE-3401747041 PubChem-24717982 ZINC000035806637 ZINC35806637 | pose 0 | ligand outside box
MolPort-006-464-456 ChemDiv-V027-9265 MCULE-3401747041 PubChem-24717982 ZINC000035806637 ZINC35806637 | pose 0 | ligand outside box
MolPort-006-464-456 ChemDiv-V027-9265 MCULE-3401747041 PubChem-24717982 ZINC000035806637 ZINC35806637 | pose 0 | initial pose not within box
MolPort-006-464-456 ChemDiv-V027-9265 MCULE-3401747041 PubChem-24717982 ZINC000035806637 ZINC35806637 | pose 0 | ligand outside box
MolPort-006-464-456 ChemDiv-V027-9265 MCULE-3401747041 PubChem-24717982 ZINC000035806637 ZINC35806637 | pose 0 | ligand outside box
MolPort-006-464-456 ChemDiv-V027-9265 MCULE-3401747041 PubChem-24717982 ZINC000035806637 ZINC35806637 | pose 0 | ligand outside box
MolPort-006-464-456 ChemDiv-V027-9265 MCULE-3401747041 PubChem-24717982 ZINC000035806637 ZINC35806637 | pose 0 | ligand outside box
MolPort-006-464-456 ChemDiv-V027-9265 MCULE-3401747041 PubChem-24717982 ZINC000035806637 ZINC35806637 | pose 0 | ligand outside box
MolPort-006-464-456 ChemDiv-V027-9265 MCULE-3401747041 PubChem-24717982 ZINC000035806637 ZINC35806637 | pose 0 | ligand outside box
MolPort-006-464-456 ChemDiv-V027-9265 MCULE-3401747041 PubChem-24717982 ZINC000035806637 ZINC35806637 | pose 0 | ligand outside box

mode |  affinity  |  intramol  |    CNN     |   CNN
     | (kcal/mol) | (kcal/mol) | pose score | affinity
-----+------------+------------+------------+----------
    1      -11.99        0.06       0.7568      7.164
    2      -11.91        0.99       0.7163      7.158
    3       -6.41        0.25       0.6532      5.816
    4      -10.79       -0.36       0.6478      7.169
    5      -11.92        1.37       0.6166      6.987
    6      -10.01        0.21       0.4981      6.620
    7       -9.79       -0.72       0.4553      6.496
    8        2.64        0.84       0.3775      6.022
    9       -1.61        2.96       0.3476      6.140
   10      -11.49        0.02       0.3451      6.588
