              _             
             (_)            
   __ _ _ __  _ _ __   __ _ 
  / _` | '_ \| | '_ \ / _` |
 | (_| | | | | | | | | (_| |
  \__, |_| |_|_|_| |_|\__,_|
   __/ |                    
  |___/                     

gnina v1.3.3 master:6fe1ce2   Built Jun 30 2026.
gnina is based on smina and AutoDock Vina.
Please cite appropriately.

Commandline: gnina -r results/DOCKING/7AAA.mol2 -l results/DOCKING/ligands_sdf/ligando_554.sdf -o results/DOCKING/results_mol2/docked_ligando_554.mol2 --center_x 8.59 --center_y 39.35 --center_z 9.53 --size_x 22 --size_y 16 --size_z 24 --num_modes 10 --exhaustiveness 8 --seed 1
Using random seed: 1

0%   10   20   30   40   50   60   70   80   90   100%
|----|----|----|----|----|----|----|----|----|----|
***************************************************
MolPort-002-782-092 36616315 CSSS00133001696 MCULE-1810885400 PubChem-44822874 ZINC000036616315 ZINC36616315 | pose 0 | initial pose not within box

mode |  affinity  |  intramol  |    CNN     |   CNN
     | (kcal/mol) | (kcal/mol) | pose score | affinity
-----+------------+------------+------------+----------
    1       -9.22        0.27       0.3250      6.381
    2       -9.26        0.02       0.2371      6.170
    3       -8.82       -0.11       0.1211      6.170
    4       39.57        0.81       0.1042      4.831
    5       -7.56       -0.36       0.0991      6.097
    6       -9.00       -0.42       0.0861      6.118
    7       -9.21       -0.23       0.0852      5.449
    8       -7.58       -0.52       0.0822      5.564
    9       -9.44       -0.28       0.0808      5.326
   10       -9.09       -0.50       0.0772      5.549
