              _             
             (_)            
   __ _ _ __  _ _ __   __ _ 
  / _` | '_ \| | '_ \ / _` |
 | (_| | | | | | | | | (_| |
  \__, |_| |_|_|_| |_|\__,_|
   __/ |                    
  |___/                     

gnina v1.3.3 master:6fe1ce2   Built Jun 30 2026.
gnina is based on smina and AutoDock Vina.
Please cite appropriately.

Commandline: gnina -r results/DOCKING/7AAA.mol2 -l results/DOCKING/ligands_sdf/ligando_557.sdf -o results/DOCKING/results_mol2/docked_ligando_557.mol2 --center_x 8.59 --center_y 39.35 --center_z 9.53 --size_x 22 --size_y 16 --size_z 24 --num_modes 10 --exhaustiveness 8 --seed 1
Using random seed: 1

0%   10   20   30   40   50   60   70   80   90   100%
|----|----|----|----|----|----|----|----|----|----|
***************************************************

mode |  affinity  |  intramol  |    CNN     |   CNN
     | (kcal/mol) | (kcal/mol) | pose score | affinity
-----+------------+------------+------------+----------
    1       -8.88        0.67       0.4635      6.421
    2       -9.21        0.79       0.4465      6.399
    3       -8.82        0.04       0.2949      6.068
    4       -8.98        0.42       0.2266      5.684
    5       -8.77       -0.66       0.0714      4.546
    6       -8.11        0.07       0.0654      3.974
    7       -8.45       -0.55       0.0597      4.605
    8       -7.74       -0.22       0.0596      3.725
    9       -8.80        1.17       0.0587      4.961
   10       -9.15        0.45       0.0492      5.016
