              _             
             (_)            
   __ _ _ __  _ _ __   __ _ 
  / _` | '_ \| | '_ \ / _` |
 | (_| | | | | | | | | (_| |
  \__, |_| |_|_|_| |_|\__,_|
   __/ |                    
  |___/                     

gnina v1.3.3 master:6fe1ce2   Built Jun 30 2026.
gnina is based on smina and AutoDock Vina.
Please cite appropriately.

Commandline: gnina -r results/DOCKING/7AAA.mol2 -l results/DOCKING/ligands_sdf/ligando_492.sdf -o results/DOCKING/results_mol2/docked_ligando_492.mol2 --center_x 8.59 --center_y 39.35 --center_z 9.53 --size_x 22 --size_y 16 --size_z 24 --num_modes 10 --exhaustiveness 8 --seed 1
Using random seed: 1

0%   10   20   30   40   50   60   70   80   90   100%
|----|----|----|----|----|----|----|----|----|----|
***************************************************

mode |  affinity  |  intramol  |    CNN     |   CNN
     | (kcal/mol) | (kcal/mol) | pose score | affinity
-----+------------+------------+------------+----------
    1       -8.47       -0.66       0.1761      5.304
    2       -8.00       -0.75       0.1623      5.562
    3       -9.01       -0.52       0.1534      5.440
    4       -8.49        0.23       0.1519      5.669
    5       -8.99       -0.71       0.1345      5.077
    6       -9.70       -0.60       0.1134      4.933
    7       -7.93       -0.82       0.0974      5.549
    8       -9.32       -0.44       0.0941      5.597
    9       -8.57       -0.41       0.0878      5.355
   10       -9.31       -0.47       0.0873      5.394
