              _             
             (_)            
   __ _ _ __  _ _ __   __ _ 
  / _` | '_ \| | '_ \ / _` |
 | (_| | | | | | | | | (_| |
  \__, |_| |_|_|_| |_|\__,_|
   __/ |                    
  |___/                     

gnina v1.3.3 master:6fe1ce2   Built Jun 30 2026.
gnina is based on smina and AutoDock Vina.
Please cite appropriately.

Commandline: gnina -r results/DOCKING/7AAA.mol2 -l results/DOCKING/ligands_sdf/ligando_835.sdf -o results/DOCKING/results_mol2/docked_ligando_835.mol2 --center_x 8.59 --center_y 39.35 --center_z 9.53 --size_x 22 --size_y 16 --size_z 24 --num_modes 10 --exhaustiveness 8 --seed 1
Using random seed: 1

0%   10   20   30   40   50   60   70   80   90   100%
|----|----|----|----|----|----|----|----|----|----|
***************************************************
MolPort-002-981-682 9226409 CSSS00132429909 MCULE-9893142674 PubChem-3961480 ZINC000009226409 ZINC09226409 | pose 0 | initial pose not within box

mode |  affinity  |  intramol  |    CNN     |   CNN
     | (kcal/mol) | (kcal/mol) | pose score | affinity
-----+------------+------------+------------+----------
    1       -7.79        0.04       0.7284      5.583
    2       -7.52       -0.53       0.6942      5.765
    3       -7.15       -0.22       0.6406      5.486
    4       -6.71       -0.46       0.2894      5.131
    5       -7.24       -0.21       0.2031      4.580
    6       -7.34       -0.04       0.1965      4.595
    7       -6.37       -0.55       0.1739      4.246
    8       -7.13       -0.06       0.1550      4.278
    9       -7.20       -0.68       0.1432      4.817
   10       -7.95        0.00       0.1299      4.208
