              _             
             (_)            
   __ _ _ __  _ _ __   __ _ 
  / _` | '_ \| | '_ \ / _` |
 | (_| | | | | | | | | (_| |
  \__, |_| |_|_|_| |_|\__,_|
   __/ |                    
  |___/                     

gnina v1.3.3 master:6fe1ce2   Built Jun 30 2026.
gnina is based on smina and AutoDock Vina.
Please cite appropriately.

Commandline: gnina -r results/DOCKING/7AAA.mol2 -l results/DOCKING/ligands_sdf/ligando_161.sdf -o results/DOCKING/results_mol2/docked_ligando_161.mol2 --center_x 8.59 --center_y 39.35 --center_z 9.53 --size_x 22 --size_y 16 --size_z 24 --num_modes 10 --exhaustiveness 8 --seed 1
Using random seed: 1

0%   10   20   30   40   50   60   70   80   90   100%
|----|----|----|----|----|----|----|----|----|----|
***************************************************

mode |  affinity  |  intramol  |    CNN     |   CNN
     | (kcal/mol) | (kcal/mol) | pose score | affinity
-----+------------+------------+------------+----------
    1       -8.48        1.70       0.3909      6.216
    2       -8.59       -0.81       0.3541      6.221
    3       -9.61        0.89       0.2016      5.833
    4       -8.53        1.35       0.1965      5.587
    5       -8.46       -0.02       0.1481      5.582
    6       -8.43        0.75       0.1227      5.061
    7       -9.58        0.08       0.1181      5.177
    8       -7.76        1.54       0.1111      5.505
    9       -7.85        1.94       0.1022      5.743
   10       -9.24        0.11       0.0913      5.129
