              _             
             (_)            
   __ _ _ __  _ _ __   __ _ 
  / _` | '_ \| | '_ \ / _` |
 | (_| | | | | | | | | (_| |
  \__, |_| |_|_|_| |_|\__,_|
   __/ |                    
  |___/                     

gnina v1.3.3 master:6fe1ce2   Built Jun 30 2026.
gnina is based on smina and AutoDock Vina.
Please cite appropriately.

Commandline: gnina -r results/DOCKING/7AAA.mol2 -l results/DOCKING/ligands_sdf/ligando_747.sdf -o results/DOCKING/results_mol2/docked_ligando_747.mol2 --center_x 8.59 --center_y 39.35 --center_z 9.53 --size_x 22 --size_y 16 --size_z 24 --num_modes 10 --exhaustiveness 8 --seed 1
Using random seed: 1

0%   10   20   30   40   50   60   70   80   90   100%
|----|----|----|----|----|----|----|----|----|----|
***************************************************

mode |  affinity  |  intramol  |    CNN     |   CNN
     | (kcal/mol) | (kcal/mol) | pose score | affinity
-----+------------+------------+------------+----------
    1       -8.00       -0.09       0.2737      5.152
    2       -8.10       -0.46       0.1741      4.640
    3       -7.74       -0.66       0.1529      5.054
    4       -7.59       -0.83       0.1235      5.213
    5       -7.69       -0.37       0.1182      5.121
    6       -7.49       -0.64       0.0969      4.530
    7       -7.67       -1.09       0.0774      5.301
    8       -9.08       -0.67       0.0655      4.892
    9       -7.42       -0.82       0.0607      5.049
   10       -8.55       -0.92       0.0497      4.875
