              _             
             (_)            
   __ _ _ __  _ _ __   __ _ 
  / _` | '_ \| | '_ \ / _` |
 | (_| | | | | | | | | (_| |
  \__, |_| |_|_|_| |_|\__,_|
   __/ |                    
  |___/                     

gnina v1.3.3 master:6fe1ce2   Built Jun 30 2026.
gnina is based on smina and AutoDock Vina.
Please cite appropriately.

Commandline: gnina -r results/DOCKING/7AAA.mol2 -l results/DOCKING/ligands_sdf/ligando_721.sdf -o results/DOCKING/results_mol2/docked_ligando_721.mol2 --center_x 8.59 --center_y 39.35 --center_z 9.53 --size_x 22 --size_y 16 --size_z 24 --num_modes 10 --exhaustiveness 8 --seed 1
Using random seed: 1

0%   10   20   30   40   50   60   70   80   90   100%
|----|----|----|----|----|----|----|----|----|----|
***************************************************

mode |  affinity  |  intramol  |    CNN     |   CNN
     | (kcal/mol) | (kcal/mol) | pose score | affinity
-----+------------+------------+------------+----------
    1       -4.78       -0.62       0.2652      5.767
    2       -8.55        0.72       0.1852      6.356
    3       -9.17       -0.09       0.1428      6.036
    4       -7.21        1.26       0.1217      6.036
    5        6.05        1.57       0.0993      4.799
    6       -8.15        0.00       0.0956      5.870
    7       -8.09       -0.59       0.0953      5.966
    8       -8.33       -0.53       0.0895      5.947
    9       -7.23       -0.67       0.0781      5.751
   10       -9.90        3.68       0.0757      5.276
