              _             
             (_)            
   __ _ _ __  _ _ __   __ _ 
  / _` | '_ \| | '_ \ / _` |
 | (_| | | | | | | | | (_| |
  \__, |_| |_|_|_| |_|\__,_|
   __/ |                    
  |___/                     

gnina v1.3.3 master:6fe1ce2   Built Jun 30 2026.
gnina is based on smina and AutoDock Vina.
Please cite appropriately.

Commandline: gnina -r results/DOCKING/7AAA.mol2 -l results/DOCKING/ligands_sdf/ligando_142.sdf -o results/DOCKING/results_mol2/docked_ligando_142.mol2 --center_x 8.59 --center_y 39.35 --center_z 9.53 --size_x 22 --size_y 16 --size_z 24 --num_modes 10 --exhaustiveness 8 --seed 1
Using random seed: 1

0%   10   20   30   40   50   60   70   80   90   100%
|----|----|----|----|----|----|----|----|----|----|
***************************************************
Molport-020-293-022 MCULE-4916102994 PubChem-110265489 | pose 0 | initial pose not within box

mode |  affinity  |  intramol  |    CNN     |   CNN
     | (kcal/mol) | (kcal/mol) | pose score | affinity
-----+------------+------------+------------+----------
    1       -8.60       -0.66       0.5455      6.996
    2      -10.28       -1.22       0.1753      6.035
    3       -8.36       -0.66       0.1707      5.773
    4       -9.85       -0.70       0.1697      5.671
    5       -9.37       -1.35       0.1327      5.972
    6       -9.92       -0.58       0.1243      5.901
    7       -9.09       -0.07       0.0975      5.735
    8       -8.74       -0.33       0.0905      5.897
    9       -9.26       -0.76       0.0904      5.988
   10       -9.75       -0.71       0.0796      5.169
