              _             
             (_)            
   __ _ _ __  _ _ __   __ _ 
  / _` | '_ \| | '_ \ / _` |
 | (_| | | | | | | | | (_| |
  \__, |_| |_|_|_| |_|\__,_|
   __/ |                    
  |___/                     

gnina v1.3.3 master:6fe1ce2   Built Jun 30 2026.
gnina is based on smina and AutoDock Vina.
Please cite appropriately.

Commandline: gnina -r results/DOCKING/7AAA.mol2 -l results/DOCKING/ligands_sdf/ligando_190.sdf -o results/DOCKING/results_mol2/docked_ligando_190.mol2 --center_x 8.59 --center_y 39.35 --center_z 9.53 --size_x 22 --size_y 16 --size_z 24 --num_modes 10 --exhaustiveness 8 --seed 1
Using random seed: 1

0%   10   20   30   40   50   60   70   80   90   100%
|----|----|----|----|----|----|----|----|----|----|
***************************************************

mode |  affinity  |  intramol  |    CNN     |   CNN
     | (kcal/mol) | (kcal/mol) | pose score | affinity
-----+------------+------------+------------+----------
    1       -9.61       -0.63       0.5420      7.136
    2       -9.69        0.44       0.4336      6.818
    3      -11.91       -0.20       0.2534      6.916
    4      -11.85       -0.22       0.2525      6.908
    5       -9.90       -0.15       0.2445      6.682
    6      -11.08        0.07       0.0958      6.393
    7      -11.04       -0.52       0.0914      6.143
    8      -10.21       -0.41       0.0759      5.377
    9      -10.32       -0.15       0.0749      6.512
   10       -9.51       -0.39       0.0626      5.524
