              _             
             (_)            
   __ _ _ __  _ _ __   __ _ 
  / _` | '_ \| | '_ \ / _` |
 | (_| | | | | | | | | (_| |
  \__, |_| |_|_|_| |_|\__,_|
   __/ |                    
  |___/                     

gnina v1.3.3 master:6fe1ce2   Built Jun 30 2026.
gnina is based on smina and AutoDock Vina.
Please cite appropriately.

Commandline: gnina -r results/DOCKING/7AAA.mol2 -l results/DOCKING/ligands_sdf/ligando_394.sdf -o results/DOCKING/results_mol2/docked_ligando_394.mol2 --center_x 8.59 --center_y 39.35 --center_z 9.53 --size_x 22 --size_y 16 --size_z 24 --num_modes 10 --exhaustiveness 8 --seed 1
Using random seed: 1

0%   10   20   30   40   50   60   70   80   90   100%
|----|----|----|----|----|----|----|----|----|----|
***************************************************

mode |  affinity  |  intramol  |    CNN     |   CNN
     | (kcal/mol) | (kcal/mol) | pose score | affinity
-----+------------+------------+------------+----------
    1       -9.46       -0.15       0.4094      6.267
    2       -9.63        1.66       0.2061      5.948
    3       -9.23        0.07       0.1940      6.003
    4      -10.25        0.33       0.1907      5.667
    5      -10.70        0.82       0.1721      5.758
    6       -9.66       -0.06       0.1495      5.488
    7      -10.26       -0.10       0.1403      4.923
    8       -9.14        0.15       0.1396      5.136
    9      -10.94        0.18       0.1208      5.224
   10       -9.04        0.48       0.1088      5.108
