              _             
             (_)            
   __ _ _ __  _ _ __   __ _ 
  / _` | '_ \| | '_ \ / _` |
 | (_| | | | | | | | | (_| |
  \__, |_| |_|_|_| |_|\__,_|
   __/ |                    
  |___/                     

gnina v1.3.3 master:6fe1ce2   Built Jun 30 2026.
gnina is based on smina and AutoDock Vina.
Please cite appropriately.

Commandline: gnina -r results/DOCKING/7AAA.mol2 -l results/DOCKING/ligands_sdf/ligando_083.sdf -o results/DOCKING/results_mol2/docked_ligando_083.mol2 --center_x 8.59 --center_y 39.35 --center_z 9.53 --size_x 22 --size_y 16 --size_z 24 --num_modes 10 --exhaustiveness 8 --seed 1
Using random seed: 1

0%   10   20   30   40   50   60   70   80   90   100%
|----|----|----|----|----|----|----|----|----|----|
***************************************************

mode |  affinity  |  intramol  |    CNN     |   CNN
     | (kcal/mol) | (kcal/mol) | pose score | affinity
-----+------------+------------+------------+----------
    1       -7.87       -0.20       0.2980      5.823
    2       -6.96        0.14       0.1884      5.398
    3       -7.37       -0.34       0.1319      5.215
    4       -8.85        0.29       0.1253      5.307
    5       -8.53        0.12       0.1163      5.460
    6       -9.17        0.98       0.0618      4.277
    7       -8.02        0.05       0.0586      4.795
    8       -7.54        1.02       0.0579      4.701
    9       -8.31       -0.04       0.0577      3.959
   10       -8.97        0.78       0.0575      4.142
