              _             
             (_)            
   __ _ _ __  _ _ __   __ _ 
  / _` | '_ \| | '_ \ / _` |
 | (_| | | | | | | | | (_| |
  \__, |_| |_|_|_| |_|\__,_|
   __/ |                    
  |___/                     

gnina v1.3.3 master:6fe1ce2   Built Jun 30 2026.
gnina is based on smina and AutoDock Vina.
Please cite appropriately.

Commandline: gnina -r results/DOCKING/7AAA.mol2 -l results/DOCKING/ligands_sdf/ligando_684.sdf -o results/DOCKING/results_mol2/docked_ligando_684.mol2 --center_x 8.59 --center_y 39.35 --center_z 9.53 --size_x 22 --size_y 16 --size_z 24 --num_modes 10 --exhaustiveness 8 --seed 1
Using random seed: 1

0%   10   20   30   40   50   60   70   80   90   100%
|----|----|----|----|----|----|----|----|----|----|
***************************************************
MolPort-001-657-850 8782554 CSSS00160412166 PubChem-19584611 ZINC000008782554 ZINC08782554 | pose 0 | initial pose not within box

mode |  affinity  |  intramol  |    CNN     |   CNN
     | (kcal/mol) | (kcal/mol) | pose score | affinity
-----+------------+------------+------------+----------
    1       -7.08       -0.75       0.5716      6.302
    2       -7.19       -0.99       0.5706      6.086
    3       -7.59        0.18       0.3513      5.764
    4       -6.85       -0.53       0.1914      5.480
    5       -7.05       -0.06       0.1777      5.423
    6       -8.10        0.91       0.1696      5.051
    7       -8.36        0.45       0.1195      5.118
    8       -7.01       -0.41       0.1114      4.994
    9       -8.53        0.73       0.1029      4.907
   10       -7.08       -0.91       0.0917      4.707
