              _             
             (_)            
   __ _ _ __  _ _ __   __ _ 
  / _` | '_ \| | '_ \ / _` |
 | (_| | | | | | | | | (_| |
  \__, |_| |_|_|_| |_|\__,_|
   __/ |                    
  |___/                     

gnina v1.3.3 master:6fe1ce2   Built Jun 30 2026.
gnina is based on smina and AutoDock Vina.
Please cite appropriately.

Commandline: gnina -r results/DOCKING/7AAA.mol2 -l results/DOCKING/ligands_sdf/ligando_365.sdf -o results/DOCKING/results_mol2/docked_ligando_365.mol2 --center_x 8.59 --center_y 39.35 --center_z 9.53 --size_x 22 --size_y 16 --size_z 24 --num_modes 10 --exhaustiveness 8 --seed 1
Using random seed: 1

0%   10   20   30   40   50   60   70   80   90   100%
|----|----|----|----|----|----|----|----|----|----|
***************************************************

mode |  affinity  |  intramol  |    CNN     |   CNN
     | (kcal/mol) | (kcal/mol) | pose score | affinity
-----+------------+------------+------------+----------
    1       -8.95       -0.12       0.2980      6.174
    2       -9.76        0.07       0.2410      5.808
    3       -9.49       -0.12       0.1574      5.985
    4       -9.88       -0.02       0.1440      5.530
    5      -10.31        2.06       0.1192      5.234
    6      -10.48        1.33       0.1184      5.423
    7      -10.09        0.15       0.1146      4.839
    8      -10.48       -0.30       0.1101      5.320
    9       -9.94        0.62       0.0932      4.764
   10       -8.55       -0.35       0.0898      4.972
