              _             
             (_)            
   __ _ _ __  _ _ __   __ _ 
  / _` | '_ \| | '_ \ / _` |
 | (_| | | | | | | | | (_| |
  \__, |_| |_|_|_| |_|\__,_|
   __/ |                    
  |___/                     

gnina v1.3.3 master:6fe1ce2   Built Jun 30 2026.
gnina is based on smina and AutoDock Vina.
Please cite appropriately.

Commandline: gnina -r results/DOCKING/7AAA.mol2 -l results/DOCKING/ligands_sdf/ligando_564.sdf -o results/DOCKING/results_mol2/docked_ligando_564.mol2 --center_x 8.59 --center_y 39.35 --center_z 9.53 --size_x 22 --size_y 16 --size_z 24 --num_modes 10 --exhaustiveness 8 --seed 1
Using random seed: 1

0%   10   20   30   40   50   60   70   80   90   100%
|----|----|----|----|----|----|----|----|----|----|
***************************************************

mode |  affinity  |  intramol  |    CNN     |   CNN
     | (kcal/mol) | (kcal/mol) | pose score | affinity
-----+------------+------------+------------+----------
    1      -10.51       -0.32       0.7769      6.683
    2      -10.59       -0.28       0.2007      5.292
    3       -9.36        0.17       0.1935      5.606
    4       -9.88        0.27       0.1835      5.426
    5      -10.49       -0.47       0.1532      5.101
    6      -10.36        0.55       0.1433      4.801
    7       -9.14       -0.17       0.1223      4.923
    8      -10.57        0.72       0.1204      4.979
    9      -10.21       -0.43       0.1000      5.162
   10       -9.81        0.20       0.0977      5.083
