              _             
             (_)            
   __ _ _ __  _ _ __   __ _ 
  / _` | '_ \| | '_ \ / _` |
 | (_| | | | | | | | | (_| |
  \__, |_| |_|_|_| |_|\__,_|
   __/ |                    
  |___/                     

gnina v1.3.3 master:6fe1ce2   Built Jun 30 2026.
gnina is based on smina and AutoDock Vina.
Please cite appropriately.

Commandline: gnina -r results/DOCKING/7AAA.mol2 -l results/DOCKING/ligands_sdf/ligando_061.sdf -o results/DOCKING/results_mol2/docked_ligando_061.mol2 --center_x 8.59 --center_y 39.35 --center_z 9.53 --size_x 22 --size_y 16 --size_z 24 --num_modes 10 --exhaustiveness 8 --seed 1
Using random seed: 1

0%   10   20   30   40   50   60   70   80   90   100%
|----|----|----|----|----|----|----|----|----|----|
***************************************************
MolPort-019-935-278 67896675 CSSS00159302457 MCULE-6991765842 PubChem-56774740 ZINC000067896675 ZINC67896675 | pose 0 | ligand outside box
MolPort-019-935-278 67896675 CSSS00159302457 MCULE-6991765842 PubChem-56774740 ZINC000067896675 ZINC67896675 | pose 0 | ligand outside box
MolPort-019-935-278 67896675 CSSS00159302457 MCULE-6991765842 PubChem-56774740 ZINC000067896675 ZINC67896675 | pose 0 | ligand outside box
MolPort-019-935-278 67896675 CSSS00159302457 MCULE-6991765842 PubChem-56774740 ZINC000067896675 ZINC67896675 | pose 0 | ligand outside box
MolPort-019-935-278 67896675 CSSS00159302457 MCULE-6991765842 PubChem-56774740 ZINC000067896675 ZINC67896675 | pose 0 | ligand outside box

mode |  affinity  |  intramol  |    CNN     |   CNN
     | (kcal/mol) | (kcal/mol) | pose score | affinity
-----+------------+------------+------------+----------
    1       -8.34        0.49       0.5892      6.417
    2       -8.46       -0.50       0.2643      5.753
    3       -8.21       -0.08       0.1747      5.487
    4       -7.48        1.28       0.1343      5.670
    5       -7.73        1.33       0.1310      5.698
    6       -8.07       -0.40       0.1202      5.167
    7       -8.59        0.52       0.1167      5.076
    8       -7.18        1.46       0.1042      5.400
    9       -7.34        1.13       0.1003      5.498
   10       -8.78        1.22       0.0989      5.646
