              _             
             (_)            
   __ _ _ __  _ _ __   __ _ 
  / _` | '_ \| | '_ \ / _` |
 | (_| | | | | | | | | (_| |
  \__, |_| |_|_|_| |_|\__,_|
   __/ |                    
  |___/                     

gnina v1.3.3 master:6fe1ce2   Built Jun 30 2026.
gnina is based on smina and AutoDock Vina.
Please cite appropriately.

Commandline: gnina -r results/DOCKING/7AAA.mol2 -l results/DOCKING/ligands_sdf/ligando_704.sdf -o results/DOCKING/results_mol2/docked_ligando_704.mol2 --center_x 8.59 --center_y 39.35 --center_z 9.53 --size_x 22 --size_y 16 --size_z 24 --num_modes 10 --exhaustiveness 8 --seed 1
Using random seed: 1

0%   10   20   30   40   50   60   70   80   90   100%
|----|----|----|----|----|----|----|----|----|----|
***************************************************
MolPort-007-713-548 ChemDiv-E002-0459 MCULE-5755976766 PubChem-22509990 ZINC000006768187 | pose 0 | initial pose not within box

mode |  affinity  |  intramol  |    CNN     |   CNN
     | (kcal/mol) | (kcal/mol) | pose score | affinity
-----+------------+------------+------------+----------
    1       -9.15       -0.01       0.1065      5.547
    2       -9.63        0.99       0.0888      5.260
    3       -6.90        0.45       0.0807      5.404
    4       -9.12        0.47       0.0769      5.432
    5       -7.93        0.14       0.0723      5.383
    6       -7.66       -0.04       0.0721      5.307
    7       -9.12        0.08       0.0598      5.037
    8       -9.38       -0.30       0.0534      5.064
    9       -8.90       -0.21       0.0511      5.230
   10       -9.35        0.40       0.0495      4.918
