              _             
             (_)            
   __ _ _ __  _ _ __   __ _ 
  / _` | '_ \| | '_ \ / _` |
 | (_| | | | | | | | | (_| |
  \__, |_| |_|_|_| |_|\__,_|
   __/ |                    
  |___/                     

gnina v1.3.3 master:6fe1ce2   Built Jun 30 2026.
gnina is based on smina and AutoDock Vina.
Please cite appropriately.

Commandline: gnina -r results/DOCKING/7AAA.mol2 -l results/DOCKING/ligands_sdf/ligando_726.sdf -o results/DOCKING/results_mol2/docked_ligando_726.mol2 --center_x 8.59 --center_y 39.35 --center_z 9.53 --size_x 22 --size_y 16 --size_z 24 --num_modes 10 --exhaustiveness 8 --seed 1
Using random seed: 1

0%   10   20   30   40   50   60   70   80   90   100%
|----|----|----|----|----|----|----|----|----|----|
***************************************************

mode |  affinity  |  intramol  |    CNN     |   CNN
     | (kcal/mol) | (kcal/mol) | pose score | affinity
-----+------------+------------+------------+----------
    1      -10.20        0.72       0.5064      6.667
    2       -9.65       -0.34       0.1875      6.505
    3      -10.36       -0.18       0.1306      5.787
    4       -9.76       -0.37       0.1073      6.055
    5       -9.41        0.16       0.0974      5.551
    6       -9.61        0.09       0.0841      5.140
    7       -8.67        0.00       0.0815      5.732
    8       -8.14       -0.29       0.0801      5.452
    9       -9.41        2.09       0.0753      5.383
   10       -9.76        0.89       0.0735      6.124
