              _             
             (_)            
   __ _ _ __  _ _ __   __ _ 
  / _` | '_ \| | '_ \ / _` |
 | (_| | | | | | | | | (_| |
  \__, |_| |_|_|_| |_|\__,_|
   __/ |                    
  |___/                     

gnina v1.3.3 master:6fe1ce2   Built Jun 30 2026.
gnina is based on smina and AutoDock Vina.
Please cite appropriately.

Commandline: gnina -r results/DOCKING/7AAA.mol2 -l results/DOCKING/ligands_sdf/ligando_794.sdf -o results/DOCKING/results_mol2/docked_ligando_794.mol2 --center_x 8.59 --center_y 39.35 --center_z 9.53 --size_x 22 --size_y 16 --size_z 24 --num_modes 10 --exhaustiveness 8 --seed 1
Using random seed: 1

0%   10   20   30   40   50   60   70   80   90   100%
|----|----|----|----|----|----|----|----|----|----|
***************************************************

mode |  affinity  |  intramol  |    CNN     |   CNN
     | (kcal/mol) | (kcal/mol) | pose score | affinity
-----+------------+------------+------------+----------
    1       -8.55        0.62       0.3478      5.806
    2       -8.10       -0.14       0.3085      5.980
    3       -7.94       -0.76       0.2925      5.599
    4       -7.81        0.55       0.2882      5.666
    5       -8.15       -0.57       0.2279      5.797
    6       -8.51       -0.02       0.2266      5.746
    7       -8.18       -0.14       0.1582      5.384
    8       -8.80       -0.06       0.1128      5.569
    9       -8.83       -0.73       0.1103      5.133
   10       -8.96        0.01       0.1103      5.704
