              _             
             (_)            
   __ _ _ __  _ _ __   __ _ 
  / _` | '_ \| | '_ \ / _` |
 | (_| | | | | | | | | (_| |
  \__, |_| |_|_|_| |_|\__,_|
   __/ |                    
  |___/                     

gnina v1.3.3 master:6fe1ce2   Built Jun 30 2026.
gnina is based on smina and AutoDock Vina.
Please cite appropriately.

Commandline: gnina -r results/DOCKING/7AAA.mol2 -l results/DOCKING/ligands_sdf/ligando_791.sdf -o results/DOCKING/results_mol2/docked_ligando_791.mol2 --center_x 8.59 --center_y 39.35 --center_z 9.53 --size_x 22 --size_y 16 --size_z 24 --num_modes 10 --exhaustiveness 8 --seed 1
Using random seed: 1

0%   10   20   30   40   50   60   70   80   90   100%
|----|----|----|----|----|----|----|----|----|----|
***************************************************
MolPort-003-022-299 CSSS01006092655 LN01393284 MCULE-4198873419 PubChem-4094527 | pose 0 | initial pose not within box

mode |  affinity  |  intramol  |    CNN     |   CNN
     | (kcal/mol) | (kcal/mol) | pose score | affinity
-----+------------+------------+------------+----------
    1       -4.12       -0.34       0.2687      6.537
    2       -5.64       -1.26       0.2548      4.816
    3       -3.04       -0.25       0.2016      5.370
    4       -3.68        2.40       0.1274      4.963
    5       -3.75        0.98       0.1047      5.537
    6       -7.54        0.29       0.0854      4.403
    7      -11.66        2.19       0.0757      5.001
    8      -10.10        0.28       0.0719      5.767
    9       -8.33       -0.96       0.0620      5.335
   10       -8.64       -0.72       0.0590      5.519
