              _             
             (_)            
   __ _ _ __  _ _ __   __ _ 
  / _` | '_ \| | '_ \ / _` |
 | (_| | | | | | | | | (_| |
  \__, |_| |_|_|_| |_|\__,_|
   __/ |                    
  |___/                     

gnina v1.3.3 master:6fe1ce2   Built Jun 30 2026.
gnina is based on smina and AutoDock Vina.
Please cite appropriately.

Commandline: gnina -r results/DOCKING/7AAA.mol2 -l results/DOCKING/ligands_sdf/ligando_003.sdf -o results/DOCKING/results_mol2/docked_ligando_003.mol2 --center_x 8.59 --center_y 39.35 --center_z 9.53 --size_x 22 --size_y 16 --size_z 24 --num_modes 10 --exhaustiveness 8 --seed 1
Using random seed: 1

0%   10   20   30   40   50   60   70   80   90   100%
|----|----|----|----|----|----|----|----|----|----|
***************************************************

mode |  affinity  |  intramol  |    CNN     |   CNN
     | (kcal/mol) | (kcal/mol) | pose score | affinity
-----+------------+------------+------------+----------
    1       -9.69        1.72       0.4013      6.736
    2       -9.72        1.17       0.2896      6.312
    3       -8.93        1.49       0.1626      6.382
    4       -8.88        0.12       0.1146      5.960
    5       -8.50       -0.68       0.1054      5.734
    6      -10.17        3.06       0.1024      5.892
    7      -10.31        7.07       0.0973      5.818
    8      -10.76       -0.10       0.0774      5.585
    9       -9.37        0.55       0.0764      5.138
   10       -9.46       -0.55       0.0763      5.080
