              _             
             (_)            
   __ _ _ __  _ _ __   __ _ 
  / _` | '_ \| | '_ \ / _` |
 | (_| | | | | | | | | (_| |
  \__, |_| |_|_|_| |_|\__,_|
   __/ |                    
  |___/                     

gnina v1.3.3 master:6fe1ce2   Built Jun 30 2026.
gnina is based on smina and AutoDock Vina.
Please cite appropriately.

Commandline: gnina -r results/DOCKING/7AAA.mol2 -l results/DOCKING/ligands_sdf/ligando_172.sdf -o results/DOCKING/results_mol2/docked_ligando_172.mol2 --center_x 8.59 --center_y 39.35 --center_z 9.53 --size_x 22 --size_y 16 --size_z 24 --num_modes 10 --exhaustiveness 8 --seed 1
Using random seed: 1

0%   10   20   30   40   50   60   70   80   90   100%
|----|----|----|----|----|----|----|----|----|----|
***************************************************

mode |  affinity  |  intramol  |    CNN     |   CNN
     | (kcal/mol) | (kcal/mol) | pose score | affinity
-----+------------+------------+------------+----------
    1       -7.89        1.05       0.5801      6.223
    2       -7.26       -0.18       0.1777      5.359
    3       -7.47        0.39       0.1714      5.614
    4       -6.96        0.86       0.1349      5.481
    5       -7.16        0.19       0.1335      5.246
    6       -7.09       -0.15       0.1098      4.893
    7       -7.11        0.45       0.1036      5.396
    8       -6.96        0.36       0.1018      4.934
    9       -7.29        1.69       0.0853      5.280
   10       -6.59       -0.11       0.0700      4.805
