              _             
             (_)            
   __ _ _ __  _ _ __   __ _ 
  / _` | '_ \| | '_ \ / _` |
 | (_| | | | | | | | | (_| |
  \__, |_| |_|_|_| |_|\__,_|
   __/ |                    
  |___/                     

gnina v1.3.3 master:6fe1ce2   Built Jun 30 2026.
gnina is based on smina and AutoDock Vina.
Please cite appropriately.

Commandline: gnina -r results/DOCKING/7AAA.mol2 -l results/DOCKING/ligands_sdf/ligando_736.sdf -o results/DOCKING/results_mol2/docked_ligando_736.mol2 --center_x 8.59 --center_y 39.35 --center_z 9.53 --size_x 22 --size_y 16 --size_z 24 --num_modes 10 --exhaustiveness 8 --seed 1
Using random seed: 1

0%   10   20   30   40   50   60   70   80   90   100%
|----|----|----|----|----|----|----|----|----|----|
***************************************************
MolPort-004-160-381 CSC027240159 CSSS00027240159 ChemDiv-D039-0048 MCULE-6137790506 PubChem-16309714 Z198974558 ZINC000008338083 ZINC08338083 | pose 0 | initial pose not within box

mode |  affinity  |  intramol  |    CNN     |   CNN
     | (kcal/mol) | (kcal/mol) | pose score | affinity
-----+------------+------------+------------+----------
    1       -8.62       -0.04       0.2083      5.570
    2       -7.14       -0.85       0.1662      5.112
    3       -7.79       -0.04       0.1550      5.075
    4       -8.48       -0.44       0.1433      5.199
    5       -6.78        0.57       0.1280      5.293
    6       -7.59       -0.44       0.1273      4.949
    7       -8.59        0.40       0.1141      4.963
    8       -7.22       -0.55       0.1118      5.311
    9       -7.32       -0.40       0.1079      5.056
   10       -7.33       -0.30       0.1074      5.230
