              _             
             (_)            
   __ _ _ __  _ _ __   __ _ 
  / _` | '_ \| | '_ \ / _` |
 | (_| | | | | | | | | (_| |
  \__, |_| |_|_|_| |_|\__,_|
   __/ |                    
  |___/                     

gnina v1.3.3 master:6fe1ce2   Built Jun 30 2026.
gnina is based on smina and AutoDock Vina.
Please cite appropriately.

Commandline: gnina -r results/DOCKING/7AAA.mol2 -l results/DOCKING/ligands_sdf/ligando_034.sdf -o results/DOCKING/results_mol2/docked_ligando_034.mol2 --center_x 8.59 --center_y 39.35 --center_z 9.53 --size_x 22 --size_y 16 --size_z 24 --num_modes 10 --exhaustiveness 8 --seed 1
Using random seed: 1

0%   10   20   30   40   50   60   70   80   90   100%
|----|----|----|----|----|----|----|----|----|----|
***************************************************

mode |  affinity  |  intramol  |    CNN     |   CNN
     | (kcal/mol) | (kcal/mol) | pose score | affinity
-----+------------+------------+------------+----------
    1       -9.57       -0.05       0.3182      5.936
    2      -10.58        0.36       0.2636      5.798
    3      -10.38        0.14       0.2429      5.799
    4       -7.18       -0.40       0.1737      5.306
    5       -9.41        0.86       0.1701      5.525
    6       -9.27        0.31       0.1605      5.438
    7      -10.25        0.74       0.1273      5.633
    8       -7.42       -0.52       0.1259      4.686
    9       -9.59       -0.36       0.1252      5.195
   10      -10.20       -0.68       0.1203      5.684
