              _             
             (_)            
   __ _ _ __  _ _ __   __ _ 
  / _` | '_ \| | '_ \ / _` |
 | (_| | | | | | | | | (_| |
  \__, |_| |_|_|_| |_|\__,_|
   __/ |                    
  |___/                     

gnina v1.3.3 master:6fe1ce2   Built Jun 30 2026.
gnina is based on smina and AutoDock Vina.
Please cite appropriately.

Commandline: gnina -r results/DOCKING/7AAA.mol2 -l results/DOCKING/ligands_sdf/ligando_028.sdf -o results/DOCKING/results_mol2/docked_ligando_028.mol2 --center_x 8.59 --center_y 39.35 --center_z 9.53 --size_x 22 --size_y 16 --size_z 24 --num_modes 10 --exhaustiveness 8 --seed 1
Using random seed: 1

0%   10   20   30   40   50   60   70   80   90   100%
|----|----|----|----|----|----|----|----|----|----|
***************************************************

mode |  affinity  |  intramol  |    CNN     |   CNN
     | (kcal/mol) | (kcal/mol) | pose score | affinity
-----+------------+------------+------------+----------
    1       -9.47       -1.11       0.3934      6.687
    2       -9.67       -0.40       0.1333      6.306
    3       -9.28       -0.79       0.1159      6.051
    4       -8.69       -0.63       0.1077      5.644
    5       -9.01        2.08       0.0920      6.256
    6       -9.51        2.37       0.0854      5.872
    7      -10.45       -0.44       0.0836      5.707
    8       -9.18        2.85       0.0800      6.106
    9      -10.02       -1.31       0.0787      5.210
   10       -8.48        0.01       0.0765      5.880
