              _             
             (_)            
   __ _ _ __  _ _ __   __ _ 
  / _` | '_ \| | '_ \ / _` |
 | (_| | | | | | | | | (_| |
  \__, |_| |_|_|_| |_|\__,_|
   __/ |                    
  |___/                     

gnina v1.3.3 master:6fe1ce2   Built Jun 30 2026.
gnina is based on smina and AutoDock Vina.
Please cite appropriately.

Commandline: gnina -r results/DOCKING/7AAA.mol2 -l results/DOCKING/ligands_sdf/ligando_847.sdf -o results/DOCKING/results_mol2/docked_ligando_847.mol2 --center_x 8.59 --center_y 39.35 --center_z 9.53 --size_x 22 --size_y 16 --size_z 24 --num_modes 10 --exhaustiveness 8 --seed 1
Using random seed: 1

0%   10   20   30   40   50   60   70   80   90   100%
|----|----|----|----|----|----|----|----|----|----|
***************************************************
MolPort-002-095-155 2865898 CHEMBL1462922 CSSS00121602927 MCULE-7345048442 PubChem-2219051 ZINC000002865898 ZINC02865898 | pose 0 | initial pose not within box

mode |  affinity  |  intramol  |    CNN     |   CNN
     | (kcal/mol) | (kcal/mol) | pose score | affinity
-----+------------+------------+------------+----------
    1       -7.68       -0.24       0.7715      5.926
    2       -7.60       -0.10       0.1892      5.223
    3       -6.85        0.12       0.1889      5.302
    4       -7.89        0.18       0.1855      5.049
    5       -7.17       -0.04       0.1853      5.043
    6       -7.04       -0.21       0.1806      5.154
    7       -6.98       -0.14       0.1414      4.578
    8       -8.21        0.01       0.1141      4.866
    9       -7.71       -0.21       0.1016      4.856
   10       -6.68       -0.08       0.0929      4.338
