              _             
             (_)            
   __ _ _ __  _ _ __   __ _ 
  / _` | '_ \| | '_ \ / _` |
 | (_| | | | | | | | | (_| |
  \__, |_| |_|_|_| |_|\__,_|
   __/ |                    
  |___/                     

gnina v1.3.3 master:6fe1ce2   Built Jun 30 2026.
gnina is based on smina and AutoDock Vina.
Please cite appropriately.

Commandline: gnina -r results/DOCKING/7AAA.mol2 -l results/DOCKING/ligands_sdf/ligando_079.sdf -o results/DOCKING/results_mol2/docked_ligando_079.mol2 --center_x 8.59 --center_y 39.35 --center_z 9.53 --size_x 22 --size_y 16 --size_z 24 --num_modes 10 --exhaustiveness 8 --seed 1
Using random seed: 1

0%   10   20   30   40   50   60   70   80   90   100%
|----|----|----|----|----|----|----|----|----|----|
***************************************************

mode |  affinity  |  intramol  |    CNN     |   CNN
     | (kcal/mol) | (kcal/mol) | pose score | affinity
-----+------------+------------+------------+----------
    1       -9.69        0.13       0.2847      6.694
    2       -8.96        0.07       0.1245      6.402
    3      -10.37       -0.50       0.1082      6.091
    4      -10.68        0.43       0.0995      5.939
    5       -8.43       -0.99       0.0935      5.689
    6       -7.25        2.35       0.0934      5.818
    7       -8.49        0.07       0.0897      6.138
    8       -8.49       -0.04       0.0832      5.744
    9       -8.67       -0.03       0.0829      5.485
   10      -10.45       -0.33       0.0727      4.839
