              _             
             (_)            
   __ _ _ __  _ _ __   __ _ 
  / _` | '_ \| | '_ \ / _` |
 | (_| | | | | | | | | (_| |
  \__, |_| |_|_|_| |_|\__,_|
   __/ |                    
  |___/                     

gnina v1.3.3 master:6fe1ce2   Built Jun 30 2026.
gnina is based on smina and AutoDock Vina.
Please cite appropriately.

Commandline: gnina -r results/DOCKING/7AAA.mol2 -l results/DOCKING/ligands_sdf/ligando_330.sdf -o results/DOCKING/results_mol2/docked_ligando_330.mol2 --center_x 8.59 --center_y 39.35 --center_z 9.53 --size_x 22 --size_y 16 --size_z 24 --num_modes 10 --exhaustiveness 8 --seed 1
Using random seed: 1

0%   10   20   30   40   50   60   70   80   90   100%
|----|----|----|----|----|----|----|----|----|----|
***************************************************

mode |  affinity  |  intramol  |    CNN     |   CNN
     | (kcal/mol) | (kcal/mol) | pose score | affinity
-----+------------+------------+------------+----------
    1       -7.08       -0.66       0.4193      5.462
    2       -7.28       -0.01       0.3533      5.541
    3       -6.59       -0.19       0.3421      5.530
    4       -7.82       -0.59       0.1639      5.107
    5       -7.82       -0.41       0.1604      4.720
    6       -6.67       -0.47       0.1264      4.718
    7       -7.54       -0.04       0.1240      4.891
    8       -6.40       -0.95       0.1029      4.982
    9       -7.25       -0.61       0.0939      4.736
   10       -6.39       -0.72       0.0869      5.168
