              _             
             (_)            
   __ _ _ __  _ _ __   __ _ 
  / _` | '_ \| | '_ \ / _` |
 | (_| | | | | | | | | (_| |
  \__, |_| |_|_|_| |_|\__,_|
   __/ |                    
  |___/                     

gnina v1.3.3 master:6fe1ce2   Built Jun 30 2026.
gnina is based on smina and AutoDock Vina.
Please cite appropriately.

Commandline: gnina -r results/DOCKING/7AAA.mol2 -l results/DOCKING/ligands_sdf/ligando_572.sdf -o results/DOCKING/results_mol2/docked_ligando_572.mol2 --center_x 8.59 --center_y 39.35 --center_z 9.53 --size_x 22 --size_y 16 --size_z 24 --num_modes 10 --exhaustiveness 8 --seed 1
Using random seed: 1

0%   10   20   30   40   50   60   70   80   90   100%
|----|----|----|----|----|----|----|----|----|----|
***************************************************

mode |  affinity  |  intramol  |    CNN     |   CNN
     | (kcal/mol) | (kcal/mol) | pose score | affinity
-----+------------+------------+------------+----------
    1       -6.90        0.42       0.6563      4.863
    2       -6.47       -0.17       0.5739      4.914
    3       -5.36       -0.23       0.4687      4.911
    4       -2.67        0.48       0.4508      3.988
    5       -7.33       -0.13       0.3012      4.771
    6       -6.40        0.30       0.2965      4.395
    7       -7.01        0.18       0.2912      4.475
    8       -5.59       -0.51       0.2333      4.275
    9       -5.55       -0.21       0.1853      4.182
   10       -5.84       -0.40       0.1745      4.005
