              _             
             (_)            
   __ _ _ __  _ _ __   __ _ 
  / _` | '_ \| | '_ \ / _` |
 | (_| | | | | | | | | (_| |
  \__, |_| |_|_|_| |_|\__,_|
   __/ |                    
  |___/                     

gnina v1.3.3 master:6fe1ce2   Built Jun 30 2026.
gnina is based on smina and AutoDock Vina.
Please cite appropriately.

Commandline: gnina -r results/DOCKING/7AAA.mol2 -l results/DOCKING/ligands_sdf/ligando_195.sdf -o results/DOCKING/results_mol2/docked_ligando_195.mol2 --center_x 8.59 --center_y 39.35 --center_z 9.53 --size_x 22 --size_y 16 --size_z 24 --num_modes 10 --exhaustiveness 8 --seed 1
Using random seed: 1

0%   10   20   30   40   50   60   70   80   90   100%
|----|----|----|----|----|----|----|----|----|----|
***************************************************

mode |  affinity  |  intramol  |    CNN     |   CNN
     | (kcal/mol) | (kcal/mol) | pose score | affinity
-----+------------+------------+------------+----------
    1       -9.46       -0.51       0.2425      6.235
    2       -9.26       -0.40       0.2075      6.050
    3       -9.76       -0.65       0.1713      5.772
    4       -9.76       -0.31       0.1184      5.655
    5       -9.36       -0.73       0.1125      5.448
    6       -9.00       -0.33       0.1018      5.706
    7       -9.11       -0.65       0.0978      5.694
    8       -9.26       -0.81       0.0966      4.932
    9       -8.26       -0.67       0.0929      5.528
   10       -9.76       -0.39       0.0837      5.345
