              _             
             (_)            
   __ _ _ __  _ _ __   __ _ 
  / _` | '_ \| | '_ \ / _` |
 | (_| | | | | | | | | (_| |
  \__, |_| |_|_|_| |_|\__,_|
   __/ |                    
  |___/                     

gnina v1.3.3 master:6fe1ce2   Built Jun 30 2026.
gnina is based on smina and AutoDock Vina.
Please cite appropriately.

Commandline: gnina -r results/DOCKING/7AAA.mol2 -l results/DOCKING/ligands_sdf/ligando_681.sdf -o results/DOCKING/results_mol2/docked_ligando_681.mol2 --center_x 8.59 --center_y 39.35 --center_z 9.53 --size_x 22 --size_y 16 --size_z 24 --num_modes 10 --exhaustiveness 8 --seed 1
Using random seed: 1

0%   10   20   30   40   50   60   70   80   90   100%
|----|----|----|----|----|----|----|----|----|----|
***************************************************
MolPort-002-455-713 1423179 CSC026731286 CSSS00026731286 MCULE-9058263817 PubChem-1504069 Z57169730 ZINC000001423179 ZINC01423179 | pose 0 | initial pose not within box

mode |  affinity  |  intramol  |    CNN     |   CNN
     | (kcal/mol) | (kcal/mol) | pose score | affinity
-----+------------+------------+------------+----------
    1       -8.61       -0.76       0.1036      5.332
    2       -8.84        0.94       0.1003      5.240
    3       -8.48       -0.34       0.0962      5.264
    4       -8.61       -0.23       0.0933      5.522
    5       -8.43       -0.67       0.0866      5.057
    6       -8.40        0.91       0.0757      5.452
    7       -7.73       -0.88       0.0740      4.823
    8       -8.64        0.80       0.0681      4.905
    9       -8.50       -0.89       0.0651      5.309
   10       -7.98        0.97       0.0571      5.151
