              _             
             (_)            
   __ _ _ __  _ _ __   __ _ 
  / _` | '_ \| | '_ \ / _` |
 | (_| | | | | | | | | (_| |
  \__, |_| |_|_|_| |_|\__,_|
   __/ |                    
  |___/                     

gnina v1.3.3 master:6fe1ce2   Built Jun 30 2026.
gnina is based on smina and AutoDock Vina.
Please cite appropriately.

Commandline: gnina -r results/DOCKING/7AAA.mol2 -l results/DOCKING/ligands_sdf/ligando_257.sdf -o results/DOCKING/results_mol2/docked_ligando_257.mol2 --center_x 8.59 --center_y 39.35 --center_z 9.53 --size_x 22 --size_y 16 --size_z 24 --num_modes 10 --exhaustiveness 8 --seed 1
Using random seed: 1

0%   10   20   30   40   50   60   70   80   90   100%
|----|----|----|----|----|----|----|----|----|----|
***************************************************

mode |  affinity  |  intramol  |    CNN     |   CNN
     | (kcal/mol) | (kcal/mol) | pose score | affinity
-----+------------+------------+------------+----------
    1      -10.51        0.37       0.5046      6.741
    2       -8.39        0.52       0.3163      6.336
    3       -9.66        1.85       0.1610      5.890
    4      -10.72       -0.40       0.1608      6.296
    5      -10.49        0.43       0.1399      6.157
    6      -10.11       -0.10       0.1215      6.099
    7      -11.27        0.16       0.1053      5.353
    8       -8.98        2.14       0.1036      5.803
    9       -9.05        0.17       0.0898      5.929
   10      -10.32       -0.33       0.0863      5.743
