              _             
             (_)            
   __ _ _ __  _ _ __   __ _ 
  / _` | '_ \| | '_ \ / _` |
 | (_| | | | | | | | | (_| |
  \__, |_| |_|_|_| |_|\__,_|
   __/ |                    
  |___/                     

gnina v1.3.3 master:6fe1ce2   Built Jun 30 2026.
gnina is based on smina and AutoDock Vina.
Please cite appropriately.

Commandline: gnina -r results/DOCKING/7AAA.mol2 -l results/DOCKING/ligands_sdf/ligando_501.sdf -o results/DOCKING/results_mol2/docked_ligando_501.mol2 --center_x 8.59 --center_y 39.35 --center_z 9.53 --size_x 22 --size_y 16 --size_z 24 --num_modes 10 --exhaustiveness 8 --seed 1
Using random seed: 1

0%   10   20   30   40   50   60   70   80   90   100%
|----|----|----|----|----|----|----|----|----|----|
***************************************************

mode |  affinity  |  intramol  |    CNN     |   CNN
     | (kcal/mol) | (kcal/mol) | pose score | affinity
-----+------------+------------+------------+----------
    1       -7.64        1.10       0.6153      6.510
    2       -8.67       -0.27       0.1811      5.917
    3       -7.30       -1.27       0.1378      4.950
    4       -6.85       -0.77       0.1303      4.784
    5       -8.62        1.01       0.1266      5.486
    6       -7.24       -0.97       0.1081      5.018
    7       -7.80       -0.79       0.1064      4.588
    8       -8.47        0.38       0.0926      5.010
    9       -7.58       -0.50       0.0889      4.613
   10       -7.74       -0.16       0.0809      5.046
