              _             
             (_)            
   __ _ _ __  _ _ __   __ _ 
  / _` | '_ \| | '_ \ / _` |
 | (_| | | | | | | | | (_| |
  \__, |_| |_|_|_| |_|\__,_|
   __/ |                    
  |___/                     

gnina v1.3.3 master:6fe1ce2   Built Jun 30 2026.
gnina is based on smina and AutoDock Vina.
Please cite appropriately.

Commandline: gnina -r results/DOCKING/7AAA.mol2 -l results/DOCKING/ligands_sdf/ligando_773.sdf -o results/DOCKING/results_mol2/docked_ligando_773.mol2 --center_x 8.59 --center_y 39.35 --center_z 9.53 --size_x 22 --size_y 16 --size_z 24 --num_modes 10 --exhaustiveness 8 --seed 1
Using random seed: 1

0%   10   20   30   40   50   60   70   80   90   100%
|----|----|----|----|----|----|----|----|----|----|
***************************************************
MolPort-007-686-722 ChemDiv-D039-0031 MCULE-4244727285 PubChem-23605069 ZINC000006809950 ZINC06809950 | pose 0 | initial pose not within box

mode |  affinity  |  intramol  |    CNN     |   CNN
     | (kcal/mol) | (kcal/mol) | pose score | affinity
-----+------------+------------+------------+----------
    1       -8.12       -0.30       0.1708      5.377
    2       -8.26       -0.34       0.1696      5.443
    3       -8.59        0.16       0.1332      4.819
    4       -7.74       -0.84       0.1297      4.984
    5       -8.81        0.01       0.1154      4.608
    6       -8.50        0.26       0.0987      4.976
    7       -8.73       -0.42       0.0828      4.975
    8       -8.71        0.59       0.0804      5.117
    9       -7.12       -0.91       0.0679      4.485
   10       -7.60       -0.98       0.0668      4.522
