              _             
             (_)            
   __ _ _ __  _ _ __   __ _ 
  / _` | '_ \| | '_ \ / _` |
 | (_| | | | | | | | | (_| |
  \__, |_| |_|_|_| |_|\__,_|
   __/ |                    
  |___/                     

gnina v1.3.3 master:6fe1ce2   Built Jun 30 2026.
gnina is based on smina and AutoDock Vina.
Please cite appropriately.

Commandline: gnina -r results/DOCKING/7AAA.mol2 -l results/DOCKING/ligands_sdf/ligando_323.sdf -o results/DOCKING/results_mol2/docked_ligando_323.mol2 --center_x 8.59 --center_y 39.35 --center_z 9.53 --size_x 22 --size_y 16 --size_z 24 --num_modes 10 --exhaustiveness 8 --seed 1
Using random seed: 1

0%   10   20   30   40   50   60   70   80   90   100%
|----|----|----|----|----|----|----|----|----|----|
***************************************************

mode |  affinity  |  intramol  |    CNN     |   CNN
     | (kcal/mol) | (kcal/mol) | pose score | affinity
-----+------------+------------+------------+----------
    1      -10.66        0.50       0.5628      6.691
    2      -10.22        0.21       0.5553      6.589
    3       -9.95        1.18       0.2802      6.087
    4       -8.87        0.15       0.2231      6.263
    5       -7.99        2.90       0.2132      6.438
    6      -10.42        0.01       0.1681      5.667
    7      -10.29       -0.08       0.1288      5.957
    8      -10.32        0.34       0.1242      5.915
    9      -10.80        0.33       0.1192      5.069
   10       -9.45        0.69       0.1182      5.554
