              _             
             (_)            
   __ _ _ __  _ _ __   __ _ 
  / _` | '_ \| | '_ \ / _` |
 | (_| | | | | | | | | (_| |
  \__, |_| |_|_|_| |_|\__,_|
   __/ |                    
  |___/                     

gnina v1.3.3 master:6fe1ce2   Built Jun 30 2026.
gnina is based on smina and AutoDock Vina.
Please cite appropriately.

Commandline: gnina -r results/DOCKING/7AAA.mol2 -l results/DOCKING/ligands_sdf/ligando_082.sdf -o results/DOCKING/results_mol2/docked_ligando_082.mol2 --center_x 8.59 --center_y 39.35 --center_z 9.53 --size_x 22 --size_y 16 --size_z 24 --num_modes 10 --exhaustiveness 8 --seed 1
Using random seed: 1

0%   10   20   30   40   50   60   70   80   90   100%
|----|----|----|----|----|----|----|----|----|----|
***************************************************

mode |  affinity  |  intramol  |    CNN     |   CNN
     | (kcal/mol) | (kcal/mol) | pose score | affinity
-----+------------+------------+------------+----------
    1      -10.56       -0.09       0.2805      6.100
    2       -7.52        0.48       0.1675      5.773
    3      -10.04        0.31       0.1629      5.624
    4       -8.55       -0.02       0.1465      5.700
    5       -8.99        0.69       0.1323      5.727
    6      -10.31       -0.21       0.1293      5.722
    7       -9.95        0.28       0.1074      5.700
    8       -9.15       -0.13       0.0996      5.457
    9       -8.04       -0.19       0.0964      5.421
   10       -9.59        0.31       0.0837      5.510
