              _             
             (_)            
   __ _ _ __  _ _ __   __ _ 
  / _` | '_ \| | '_ \ / _` |
 | (_| | | | | | | | | (_| |
  \__, |_| |_|_|_| |_|\__,_|
   __/ |                    
  |___/                     

gnina v1.3.3 master:6fe1ce2   Built Jun 30 2026.
gnina is based on smina and AutoDock Vina.
Please cite appropriately.

Commandline: gnina -r results/DOCKING/7AAA.mol2 -l results/DOCKING/ligands_sdf/ligando_226.sdf -o results/DOCKING/results_mol2/docked_ligando_226.mol2 --center_x 8.59 --center_y 39.35 --center_z 9.53 --size_x 22 --size_y 16 --size_z 24 --num_modes 10 --exhaustiveness 8 --seed 1
Using random seed: 1

0%   10   20   30   40   50   60   70   80   90   100%
|----|----|----|----|----|----|----|----|----|----|
***************************************************

mode |  affinity  |  intramol  |    CNN     |   CNN
     | (kcal/mol) | (kcal/mol) | pose score | affinity
-----+------------+------------+------------+----------
    1       -6.50       -0.58       0.2318      6.022
    2       -5.69       -0.50       0.2178      5.094
    3       -5.76       -0.33       0.1772      4.780
    4       -7.48       -0.32       0.1353      5.394
    5       -6.84       -1.07       0.1308      4.560
    6       -7.08       -0.59       0.1288      3.732
    7       -6.46       -0.61       0.1251      5.063
    8       -6.35       -0.75       0.1212      5.069
    9       -7.35       -0.57       0.1205      4.675
   10       -6.51       -0.63       0.1170      4.490
