              _             
             (_)            
   __ _ _ __  _ _ __   __ _ 
  / _` | '_ \| | '_ \ / _` |
 | (_| | | | | | | | | (_| |
  \__, |_| |_|_|_| |_|\__,_|
   __/ |                    
  |___/                     

gnina v1.3.3 master:6fe1ce2   Built Jun 30 2026.
gnina is based on smina and AutoDock Vina.
Please cite appropriately.

Commandline: gnina -r results/DOCKING/7AAA.mol2 -l results/DOCKING/ligands_sdf/ligando_595.sdf -o results/DOCKING/results_mol2/docked_ligando_595.mol2 --center_x 8.59 --center_y 39.35 --center_z 9.53 --size_x 22 --size_y 16 --size_z 24 --num_modes 10 --exhaustiveness 8 --seed 1
Using random seed: 1

0%   10   20   30   40   50   60   70   80   90   100%
|----|----|----|----|----|----|----|----|----|----|
***************************************************
MolPort-006-503-558 MCULE-7225537310 PubChem-8081718 ZINC000006776333 ZINC06776333 | pose 0 | initial pose not within box

mode |  affinity  |  intramol  |    CNN     |   CNN
     | (kcal/mol) | (kcal/mol) | pose score | affinity
-----+------------+------------+------------+----------
    1      -10.44       -0.03       0.3926      6.403
    2       -4.07       -0.68       0.2830      5.434
    3      -11.15        1.80       0.1928      6.294
    4       14.46       -0.66       0.1464      5.416
    5      -11.27        1.86       0.1055      5.700
    6       -9.93       -0.93       0.1043      5.745
    7       -8.83       -0.82       0.0990      5.323
    8       -5.86       -0.67       0.0793      5.257
    9      -11.16        1.03       0.0755      5.669
   10       -5.10        0.31       0.0703      5.555
