              _             
             (_)            
   __ _ _ __  _ _ __   __ _ 
  / _` | '_ \| | '_ \ / _` |
 | (_| | | | | | | | | (_| |
  \__, |_| |_|_|_| |_|\__,_|
   __/ |                    
  |___/                     

gnina v1.3.3 master:6fe1ce2   Built Jun 30 2026.
gnina is based on smina and AutoDock Vina.
Please cite appropriately.

Commandline: gnina -r results/DOCKING/7AAA.mol2 -l results/DOCKING/ligands_sdf/ligando_259.sdf -o results/DOCKING/results_mol2/docked_ligando_259.mol2 --center_x 8.59 --center_y 39.35 --center_z 9.53 --size_x 22 --size_y 16 --size_z 24 --num_modes 10 --exhaustiveness 8 --seed 1
Using random seed: 1

0%   10   20   30   40   50   60   70   80   90   100%
|----|----|----|----|----|----|----|----|----|----|
***************************************************

mode |  affinity  |  intramol  |    CNN     |   CNN
     | (kcal/mol) | (kcal/mol) | pose score | affinity
-----+------------+------------+------------+----------
    1       -8.32        0.68       0.4527      6.320
    2       -9.19       -0.45       0.1650      6.063
    3       -8.62       -0.60       0.1145      5.268
    4       -9.56        0.39       0.1115      5.534
    5       -7.40        0.13       0.1076      5.102
    6       -7.19        0.13       0.1000      6.009
    7       -9.94       -0.43       0.0959      5.025
    8       -7.93       -0.23       0.0956      5.288
    9      -10.42        0.41       0.0938      5.540
   10       -9.54       -0.22       0.0904      5.330
