              _             
             (_)            
   __ _ _ __  _ _ __   __ _ 
  / _` | '_ \| | '_ \ / _` |
 | (_| | | | | | | | | (_| |
  \__, |_| |_|_|_| |_|\__,_|
   __/ |                    
  |___/                     

gnina v1.3.3 master:6fe1ce2   Built Jun 30 2026.
gnina is based on smina and AutoDock Vina.
Please cite appropriately.

Commandline: gnina -r results/DOCKING/7AAA.mol2 -l results/DOCKING/ligands_sdf/ligando_539.sdf -o results/DOCKING/results_mol2/docked_ligando_539.mol2 --center_x 8.59 --center_y 39.35 --center_z 9.53 --size_x 22 --size_y 16 --size_z 24 --num_modes 10 --exhaustiveness 8 --seed 1
Using random seed: 1

0%   10   20   30   40   50   60   70   80   90   100%
|----|----|----|----|----|----|----|----|----|----|
***************************************************
MolPort-006-464-632 ChemDiv-V009-4776 MCULE-5161161012 PubChem-45944114 ZINC000035806832 ZINC35806832 | pose 0 | initial pose not within box
MolPort-006-464-632 ChemDiv-V009-4776 MCULE-5161161012 PubChem-45944114 ZINC000035806832 ZINC35806832 | pose 0 | ligand outside box
MolPort-006-464-632 ChemDiv-V009-4776 MCULE-5161161012 PubChem-45944114 ZINC000035806832 ZINC35806832 | pose 0 | ligand outside box
MolPort-006-464-632 ChemDiv-V009-4776 MCULE-5161161012 PubChem-45944114 ZINC000035806832 ZINC35806832 | pose 0 | ligand outside box
MolPort-006-464-632 ChemDiv-V009-4776 MCULE-5161161012 PubChem-45944114 ZINC000035806832 ZINC35806832 | pose 0 | ligand outside box
MolPort-006-464-632 ChemDiv-V009-4776 MCULE-5161161012 PubChem-45944114 ZINC000035806832 ZINC35806832 | pose 0 | ligand outside box
MolPort-006-464-632 ChemDiv-V009-4776 MCULE-5161161012 PubChem-45944114 ZINC000035806832 ZINC35806832 | pose 0 | ligand outside box
MolPort-006-464-632 ChemDiv-V009-4776 MCULE-5161161012 PubChem-45944114 ZINC000035806832 ZINC35806832 | pose 0 | initial pose not within box
MolPort-006-464-632 ChemDiv-V009-4776 MCULE-5161161012 PubChem-45944114 ZINC000035806832 ZINC35806832 | pose 0 | ligand outside box
MolPort-006-464-632 ChemDiv-V009-4776 MCULE-5161161012 PubChem-45944114 ZINC000035806832 ZINC35806832 | pose 0 | ligand outside box
MolPort-006-464-632 ChemDiv-V009-4776 MCULE-5161161012 PubChem-45944114 ZINC000035806832 ZINC35806832 | pose 0 | ligand outside box
MolPort-006-464-632 ChemDiv-V009-4776 MCULE-5161161012 PubChem-45944114 ZINC000035806832 ZINC35806832 | pose 0 | ligand outside box
MolPort-006-464-632 ChemDiv-V009-4776 MCULE-5161161012 PubChem-45944114 ZINC000035806832 ZINC35806832 | pose 0 | ligand outside box
MolPort-006-464-632 ChemDiv-V009-4776 MCULE-5161161012 PubChem-45944114 ZINC000035806832 ZINC35806832 | pose 0 | initial pose not within box
MolPort-006-464-632 ChemDiv-V009-4776 MCULE-5161161012 PubChem-45944114 ZINC000035806832 ZINC35806832 | pose 0 | ligand outside box
MolPort-006-464-632 ChemDiv-V009-4776 MCULE-5161161012 PubChem-45944114 ZINC000035806832 ZINC35806832 | pose 0 | ligand outside box
MolPort-006-464-632 ChemDiv-V009-4776 MCULE-5161161012 PubChem-45944114 ZINC000035806832 ZINC35806832 | pose 0 | ligand outside box
MolPort-006-464-632 ChemDiv-V009-4776 MCULE-5161161012 PubChem-45944114 ZINC000035806832 ZINC35806832 | pose 0 | ligand outside box
MolPort-006-464-632 ChemDiv-V009-4776 MCULE-5161161012 PubChem-45944114 ZINC000035806832 ZINC35806832 | pose 0 | ligand outside box
MolPort-006-464-632 ChemDiv-V009-4776 MCULE-5161161012 PubChem-45944114 ZINC000035806832 ZINC35806832 | pose 0 | ligand outside box
MolPort-006-464-632 ChemDiv-V009-4776 MCULE-5161161012 PubChem-45944114 ZINC000035806832 ZINC35806832 | pose 0 | ligand outside box
MolPort-006-464-632 ChemDiv-V009-4776 MCULE-5161161012 PubChem-45944114 ZINC000035806832 ZINC35806832 | pose 0 | ligand outside box
MolPort-006-464-632 ChemDiv-V009-4776 MCULE-5161161012 PubChem-45944114 ZINC000035806832 ZINC35806832 | pose 0 | ligand outside box
MolPort-006-464-632 ChemDiv-V009-4776 MCULE-5161161012 PubChem-45944114 ZINC000035806832 ZINC35806832 | pose 0 | ligand outside box
MolPort-006-464-632 ChemDiv-V009-4776 MCULE-5161161012 PubChem-45944114 ZINC000035806832 ZINC35806832 | pose 0 | ligand outside box

mode |  affinity  |  intramol  |    CNN     |   CNN
     | (kcal/mol) | (kcal/mol) | pose score | affinity
-----+------------+------------+------------+----------
    1      -12.06        1.31       0.6792      7.244
    2      -12.30        1.34       0.6674      7.215
    3      128.17        0.38       0.5549      5.828
    4       -9.33       -0.24       0.4996      6.811
    5       -8.96       -0.37       0.3685      6.831
    6        8.85        1.64       0.3172      6.153
    7       22.01        0.14       0.2634      5.375
    8       -0.51       -0.45       0.2557      6.135
    9       10.09       -1.15       0.2254      4.968
   10       -7.80       -0.53       0.1642      5.775
