              _             
             (_)            
   __ _ _ __  _ _ __   __ _ 
  / _` | '_ \| | '_ \ / _` |
 | (_| | | | | | | | | (_| |
  \__, |_| |_|_|_| |_|\__,_|
   __/ |                    
  |___/                     

gnina v1.3.3 master:6fe1ce2   Built Jun 30 2026.
gnina is based on smina and AutoDock Vina.
Please cite appropriately.

Commandline: gnina -r results/DOCKING/7AAA.mol2 -l results/DOCKING/ligands_sdf/ligando_642.sdf -o results/DOCKING/results_mol2/docked_ligando_642.mol2 --center_x 8.59 --center_y 39.35 --center_z 9.53 --size_x 22 --size_y 16 --size_z 24 --num_modes 10 --exhaustiveness 8 --seed 1
Using random seed: 1

0%   10   20   30   40   50   60   70   80   90   100%
|----|----|----|----|----|----|----|----|----|----|
***************************************************

mode |  affinity  |  intramol  |    CNN     |   CNN
     | (kcal/mol) | (kcal/mol) | pose score | affinity
-----+------------+------------+------------+----------
    1       -7.57        0.62       0.4512      5.751
    2       -8.81        0.65       0.4032      6.063
    3       -7.54       -0.62       0.3545      6.226
    4       -8.10        0.79       0.3516      6.315
    5       -7.24       -0.19       0.1614      5.646
    6       -7.33       -0.38       0.1515      5.084
    7       -8.27        0.23       0.1437      5.802
    8       -5.36       -0.39       0.1360      4.323
    9       -8.56        0.14       0.1199      4.993
   10       -8.36        0.67       0.1177      5.522
