              _             
             (_)            
   __ _ _ __  _ _ __   __ _ 
  / _` | '_ \| | '_ \ / _` |
 | (_| | | | | | | | | (_| |
  \__, |_| |_|_|_| |_|\__,_|
   __/ |                    
  |___/                     

gnina v1.3.3 master:6fe1ce2   Built Jun 30 2026.
gnina is based on smina and AutoDock Vina.
Please cite appropriately.

Commandline: gnina -r results/DOCKING/7AAA.mol2 -l results/DOCKING/ligands_sdf/ligando_366.sdf -o results/DOCKING/results_mol2/docked_ligando_366.mol2 --center_x 8.59 --center_y 39.35 --center_z 9.53 --size_x 22 --size_y 16 --size_z 24 --num_modes 10 --exhaustiveness 8 --seed 1
Using random seed: 1

0%   10   20   30   40   50   60   70   80   90   100%
|----|----|----|----|----|----|----|----|----|----|
***************************************************
MolPort-019-922-109 9206257 CRESQBXCHSKGJZ-UHFFFAOYSA-N CSSS03437093891 MCULE-9939253106 PubChem-16954054 ZINC000009206257 | pose 0 | initial pose not within box

mode |  affinity  |  intramol  |    CNN     |   CNN
     | (kcal/mol) | (kcal/mol) | pose score | affinity
-----+------------+------------+------------+----------
    1       39.74        0.95       0.5584      5.846
    2       -8.73       -0.04       0.5574      6.511
    3       -7.97       -0.02       0.5494      6.580
    4       -1.75        3.64       0.2787      6.031
    5       -9.11        0.51       0.1747      5.684
    6       -6.81        0.42       0.1607      5.509
    7       -9.61       -0.37       0.1269      5.660
    8       -9.33       -0.05       0.1264      5.932
    9       -3.18        1.59       0.1205      5.170
   10       -7.64        0.28       0.0732      4.791
