              _             
             (_)            
   __ _ _ __  _ _ __   __ _ 
  / _` | '_ \| | '_ \ / _` |
 | (_| | | | | | | | | (_| |
  \__, |_| |_|_|_| |_|\__,_|
   __/ |                    
  |___/                     

gnina v1.3.3 master:6fe1ce2   Built Jun 30 2026.
gnina is based on smina and AutoDock Vina.
Please cite appropriately.

Commandline: gnina -r results/DOCKING/7AAA.mol2 -l results/DOCKING/ligands_sdf/ligando_102.sdf -o results/DOCKING/results_mol2/docked_ligando_102.mol2 --center_x 8.59 --center_y 39.35 --center_z 9.53 --size_x 22 --size_y 16 --size_z 24 --num_modes 10 --exhaustiveness 8 --seed 1
Using random seed: 1

0%   10   20   30   40   50   60   70   80   90   100%
|----|----|----|----|----|----|----|----|----|----|
***************************************************
MolPort-002-790-869 CSC020584203 CSSS00020584203 LN01039988 MCULE-9411463443 PubChem-17161549 | pose 0 | initial pose not within box
MolPort-002-790-869 CSC020584203 CSSS00020584203 LN01039988 MCULE-9411463443 PubChem-17161549 | pose 0 | ligand outside box
MolPort-002-790-869 CSC020584203 CSSS00020584203 LN01039988 MCULE-9411463443 PubChem-17161549 | pose 0 | ligand outside box
MolPort-002-790-869 CSC020584203 CSSS00020584203 LN01039988 MCULE-9411463443 PubChem-17161549 | pose 0 | ligand outside box
MolPort-002-790-869 CSC020584203 CSSS00020584203 LN01039988 MCULE-9411463443 PubChem-17161549 | pose 0 | ligand outside box

mode |  affinity  |  intramol  |    CNN     |   CNN
     | (kcal/mol) | (kcal/mol) | pose score | affinity
-----+------------+------------+------------+----------
    1       -3.60       -0.40       0.6082      4.119
    2       -6.35       -0.28       0.4257      4.218
    3       -8.69       -0.33       0.1847      4.950
    4       -8.71        0.23       0.1696      5.085
    5       -8.14        0.16       0.1655      5.105
    6       -7.32        0.40       0.1571      5.156
    7       -8.36       -0.26       0.1330      4.907
    8       -8.42       -0.01       0.1292      4.571
    9       -5.70       -0.63       0.1158      4.466
   10       -8.34       -0.68       0.1115      4.673
