              _             
             (_)            
   __ _ _ __  _ _ __   __ _ 
  / _` | '_ \| | '_ \ / _` |
 | (_| | | | | | | | | (_| |
  \__, |_| |_|_|_| |_|\__,_|
   __/ |                    
  |___/                     

gnina v1.3.3 master:6fe1ce2   Built Jun 30 2026.
gnina is based on smina and AutoDock Vina.
Please cite appropriately.

Commandline: gnina -r results/DOCKING/7AAA.mol2 -l results/DOCKING/ligands_sdf/ligando_470.sdf -o results/DOCKING/results_mol2/docked_ligando_470.mol2 --center_x 8.59 --center_y 39.35 --center_z 9.53 --size_x 22 --size_y 16 --size_z 24 --num_modes 10 --exhaustiveness 8 --seed 1
Using random seed: 1

0%   10   20   30   40   50   60   70   80   90   100%
|----|----|----|----|----|----|----|----|----|----|
***************************************************
MolPort-039-219-020 299764338 CSSS02125518311 MCULE-6889923365 PubChem-118772150 ZINC000299764338 | pose 0 | initial pose not within box

mode |  affinity  |  intramol  |    CNN     |   CNN
     | (kcal/mol) | (kcal/mol) | pose score | affinity
-----+------------+------------+------------+----------
    1       -7.80       -0.01       0.2335      5.721
    2       -8.57       -0.52       0.2099      5.091
    3       -9.29        1.13       0.1746      5.838
    4       -8.37        0.46       0.1689      5.243
    5       -8.87        0.10       0.1546      4.684
    6       -8.32       -0.45       0.1471      5.023
    7       -8.14        0.04       0.1426      4.701
    8       -7.58        0.14       0.1288      4.838
    9       -7.93        0.02       0.1221      5.375
   10       -7.79        0.74       0.1174      5.028
