              _             
             (_)            
   __ _ _ __  _ _ __   __ _ 
  / _` | '_ \| | '_ \ / _` |
 | (_| | | | | | | | | (_| |
  \__, |_| |_|_|_| |_|\__,_|
   __/ |                    
  |___/                     

gnina v1.3.3 master:6fe1ce2   Built Jun 30 2026.
gnina is based on smina and AutoDock Vina.
Please cite appropriately.

Commandline: gnina -r results/DOCKING/7AAA.mol2 -l results/DOCKING/ligands_sdf/ligando_555.sdf -o results/DOCKING/results_mol2/docked_ligando_555.mol2 --center_x 8.59 --center_y 39.35 --center_z 9.53 --size_x 22 --size_y 16 --size_z 24 --num_modes 10 --exhaustiveness 8 --seed 1
Using random seed: 1

0%   10   20   30   40   50   60   70   80   90   100%
|----|----|----|----|----|----|----|----|----|----|
***************************************************
MolPort-001-009-502 4703810 CSSS00121621149 MCULE-8687061856 PubChem-2996968 ZINC000004703810 ZINC04703810 | pose 0 | initial pose not within box

mode |  affinity  |  intramol  |    CNN     |   CNN
     | (kcal/mol) | (kcal/mol) | pose score | affinity
-----+------------+------------+------------+----------
    1       -8.01       -0.07       0.6650      6.044
    2       -6.96        1.73       0.3650      4.683
    3       -6.90       -0.48       0.3493      4.743
    4       -6.63       -0.59       0.3071      4.531
    5       -7.22       -0.38       0.3015      4.677
    6       -5.91       -0.51       0.2859      4.395
    7       -6.75       -0.79       0.1608      5.110
    8       -6.46       -0.38       0.1573      4.662
    9       -6.96       -0.81       0.1392      4.622
   10       -7.33       -0.70       0.1138      4.529
