              _             
             (_)            
   __ _ _ __  _ _ __   __ _ 
  / _` | '_ \| | '_ \ / _` |
 | (_| | | | | | | | | (_| |
  \__, |_| |_|_|_| |_|\__,_|
   __/ |                    
  |___/                     

gnina v1.3.3 master:6fe1ce2   Built Jun 30 2026.
gnina is based on smina and AutoDock Vina.
Please cite appropriately.

Commandline: gnina -r results/DOCKING/7AAA.mol2 -l results/DOCKING/ligands_sdf/ligando_382.sdf -o results/DOCKING/results_mol2/docked_ligando_382.mol2 --center_x 8.59 --center_y 39.35 --center_z 9.53 --size_x 22 --size_y 16 --size_z 24 --num_modes 10 --exhaustiveness 8 --seed 1
Using random seed: 1

0%   10   20   30   40   50   60   70   80   90   100%
|----|----|----|----|----|----|----|----|----|----|
***************************************************

mode |  affinity  |  intramol  |    CNN     |   CNN
     | (kcal/mol) | (kcal/mol) | pose score | affinity
-----+------------+------------+------------+----------
    1       -9.19       -0.16       0.5043      6.789
    2       -8.27        0.13       0.4262      6.381
    3       -9.93       -0.25       0.4042      6.322
    4       -9.12        0.20       0.3937      6.400
    5       -9.85       -0.35       0.2699      6.613
    6      -10.12       -0.34       0.2625      6.294
    7       -9.87       -0.29       0.2523      5.985
    8      -10.06       -0.67       0.1782      5.817
    9       -9.47       -0.29       0.1657      5.892
   10       -8.93       -0.05       0.1438      5.978
