              _             
             (_)            
   __ _ _ __  _ _ __   __ _ 
  / _` | '_ \| | '_ \ / _` |
 | (_| | | | | | | | | (_| |
  \__, |_| |_|_|_| |_|\__,_|
   __/ |                    
  |___/                     

gnina v1.3.3 master:6fe1ce2   Built Jun 30 2026.
gnina is based on smina and AutoDock Vina.
Please cite appropriately.

Commandline: gnina -r results/DOCKING/7AAA.mol2 -l results/DOCKING/ligands_sdf/ligando_369.sdf -o results/DOCKING/results_mol2/docked_ligando_369.mol2 --center_x 8.59 --center_y 39.35 --center_z 9.53 --size_x 22 --size_y 16 --size_z 24 --num_modes 10 --exhaustiveness 8 --seed 1
Using random seed: 1

0%   10   20   30   40   50   60   70   80   90   100%
|----|----|----|----|----|----|----|----|----|----|
***************************************************

mode |  affinity  |  intramol  |    CNN     |   CNN
     | (kcal/mol) | (kcal/mol) | pose score | affinity
-----+------------+------------+------------+----------
    1       -9.18        1.48       0.3837      6.178
    2       -8.89        1.84       0.2951      6.048
    3       -8.92       -0.31       0.1750      5.633
    4       -8.38        1.88       0.1521      5.705
    5       -8.93       -0.57       0.1224      5.030
    6       -8.72       -0.59       0.1111      4.990
    7       -8.28       -0.47       0.0979      5.608
    8       -7.83       -0.64       0.0888      5.277
    9       -7.07       -0.69       0.0742      4.954
   10       -8.56       -0.40       0.0696      4.702
