              _             
             (_)            
   __ _ _ __  _ _ __   __ _ 
  / _` | '_ \| | '_ \ / _` |
 | (_| | | | | | | | | (_| |
  \__, |_| |_|_|_| |_|\__,_|
   __/ |                    
  |___/                     

gnina v1.3.3 master:6fe1ce2   Built Jun 30 2026.
gnina is based on smina and AutoDock Vina.
Please cite appropriately.

Commandline: gnina -r results/DOCKING/7AAA.mol2 -l results/DOCKING/ligands_sdf/ligando_215.sdf -o results/DOCKING/results_mol2/docked_ligando_215.mol2 --center_x 8.59 --center_y 39.35 --center_z 9.53 --size_x 22 --size_y 16 --size_z 24 --num_modes 10 --exhaustiveness 8 --seed 1
Using random seed: 1

0%   10   20   30   40   50   60   70   80   90   100%
|----|----|----|----|----|----|----|----|----|----|
***************************************************
MolPort-002-625-187 9359837 PubChem-2044515 ZINC000009359837 ZINC09359837 | pose 0 | initial pose not within box
MolPort-002-625-187 9359837 PubChem-2044515 ZINC000009359837 ZINC09359837 | pose 0 | ligand outside box
MolPort-002-625-187 9359837 PubChem-2044515 ZINC000009359837 ZINC09359837 | pose 0 | ligand outside box
MolPort-002-625-187 9359837 PubChem-2044515 ZINC000009359837 ZINC09359837 | pose 0 | ligand outside box
MolPort-002-625-187 9359837 PubChem-2044515 ZINC000009359837 ZINC09359837 | pose 0 | ligand outside box
MolPort-002-625-187 9359837 PubChem-2044515 ZINC000009359837 ZINC09359837 | pose 0 | ligand outside box
MolPort-002-625-187 9359837 PubChem-2044515 ZINC000009359837 ZINC09359837 | pose 0 | initial pose not within box
MolPort-002-625-187 9359837 PubChem-2044515 ZINC000009359837 ZINC09359837 | pose 0 | ligand outside box
MolPort-002-625-187 9359837 PubChem-2044515 ZINC000009359837 ZINC09359837 | pose 0 | ligand outside box
MolPort-002-625-187 9359837 PubChem-2044515 ZINC000009359837 ZINC09359837 | pose 0 | ligand outside box

mode |  affinity  |  intramol  |    CNN     |   CNN
     | (kcal/mol) | (kcal/mol) | pose score | affinity
-----+------------+------------+------------+----------
    1       -7.61       -0.26       0.5043      6.622
    2       15.06        0.41       0.4329      5.061
    3       -7.74       -0.51       0.3507      6.377
    4       20.32       -0.32       0.3226      5.394
    5       -9.14        0.16       0.2981      6.261
    6       -9.42       -0.56       0.1847      5.796
    7       -8.06        0.63       0.1660      6.218
    8       -8.25       -0.64       0.1405      5.893
    9       -9.56       -0.50       0.1131      5.909
   10       -9.78       -0.58       0.1115      5.645
