              _             
             (_)            
   __ _ _ __  _ _ __   __ _ 
  / _` | '_ \| | '_ \ / _` |
 | (_| | | | | | | | | (_| |
  \__, |_| |_|_|_| |_|\__,_|
   __/ |                    
  |___/                     

gnina v1.3.3 master:6fe1ce2   Built Jun 30 2026.
gnina is based on smina and AutoDock Vina.
Please cite appropriately.

Commandline: gnina -r results/DOCKING/7AAA.mol2 -l results/DOCKING/ligands_sdf/ligando_389.sdf -o results/DOCKING/results_mol2/docked_ligando_389.mol2 --center_x 8.59 --center_y 39.35 --center_z 9.53 --size_x 22 --size_y 16 --size_z 24 --num_modes 10 --exhaustiveness 8 --seed 1
Using random seed: 1

0%   10   20   30   40   50   60   70   80   90   100%
|----|----|----|----|----|----|----|----|----|----|
***************************************************
MolPort-016-948-781 ChemDiv-V027-9388 MCULE-5124427316 PubChem-1029328 ZINC000000697005 ZINC00697005 | pose 0 | initial pose not within box
MolPort-016-948-781 ChemDiv-V027-9388 MCULE-5124427316 PubChem-1029328 ZINC000000697005 ZINC00697005 | pose 0 | ligand outside box
MolPort-016-948-781 ChemDiv-V027-9388 MCULE-5124427316 PubChem-1029328 ZINC000000697005 ZINC00697005 | pose 0 | ligand outside box
MolPort-016-948-781 ChemDiv-V027-9388 MCULE-5124427316 PubChem-1029328 ZINC000000697005 ZINC00697005 | pose 0 | ligand outside box
MolPort-016-948-781 ChemDiv-V027-9388 MCULE-5124427316 PubChem-1029328 ZINC000000697005 ZINC00697005 | pose 0 | ligand outside box
MolPort-016-948-781 ChemDiv-V027-9388 MCULE-5124427316 PubChem-1029328 ZINC000000697005 ZINC00697005 | pose 0 | ligand outside box
MolPort-016-948-781 ChemDiv-V027-9388 MCULE-5124427316 PubChem-1029328 ZINC000000697005 ZINC00697005 | pose 0 | initial pose not within box

mode |  affinity  |  intramol  |    CNN     |   CNN
     | (kcal/mol) | (kcal/mol) | pose score | affinity
-----+------------+------------+------------+----------
    1       63.52        2.32       0.3685      5.280
    2       -9.43        1.59       0.3593      6.531
    3       -7.33        2.58       0.3322      6.503
    4       -8.46        0.51       0.3246      6.218
    5       -8.98        0.85       0.2296      6.029
    6       -8.69       -0.50       0.1820      6.069
    7       -7.75        0.81       0.1740      5.847
    8       -9.42        0.25       0.1596      6.047
    9       -9.35        0.90       0.1463      5.545
   10       -7.74        0.91       0.1191      5.566
