              _             
             (_)            
   __ _ _ __  _ _ __   __ _ 
  / _` | '_ \| | '_ \ / _` |
 | (_| | | | | | | | | (_| |
  \__, |_| |_|_|_| |_|\__,_|
   __/ |                    
  |___/                     

gnina v1.3.3 master:6fe1ce2   Built Jun 30 2026.
gnina is based on smina and AutoDock Vina.
Please cite appropriately.

Commandline: gnina -r results/DOCKING/7AAA.mol2 -l results/DOCKING/ligands_sdf/ligando_355.sdf -o results/DOCKING/results_mol2/docked_ligando_355.mol2 --center_x 8.59 --center_y 39.35 --center_z 9.53 --size_x 22 --size_y 16 --size_z 24 --num_modes 10 --exhaustiveness 8 --seed 1
Using random seed: 1

0%   10   20   30   40   50   60   70   80   90   100%
|----|----|----|----|----|----|----|----|----|----|
***************************************************

mode |  affinity  |  intramol  |    CNN     |   CNN
     | (kcal/mol) | (kcal/mol) | pose score | affinity
-----+------------+------------+------------+----------
    1       -8.75        0.67       0.8087      6.530
    2       -8.08        0.77       0.4394      6.406
    3       -8.51        0.06       0.3725      5.913
    4       -8.79        0.55       0.3004      5.879
    5       -8.36        0.26       0.2771      5.836
    6       -8.38        0.27       0.1783      5.285
    7       -8.32        0.31       0.1462      5.506
    8       -7.67        0.70       0.1421      5.344
    9       -7.93        0.52       0.1331      5.164
   10       -8.22       -0.13       0.1224      5.462
