              _             
             (_)            
   __ _ _ __  _ _ __   __ _ 
  / _` | '_ \| | '_ \ / _` |
 | (_| | | | | | | | | (_| |
  \__, |_| |_|_|_| |_|\__,_|
   __/ |                    
  |___/                     

gnina v1.3.3 master:6fe1ce2   Built Jun 30 2026.
gnina is based on smina and AutoDock Vina.
Please cite appropriately.

Commandline: gnina -r results/DOCKING/7AAA.mol2 -l results/DOCKING/ligands_sdf/ligando_661.sdf -o results/DOCKING/results_mol2/docked_ligando_661.mol2 --center_x 8.59 --center_y 39.35 --center_z 9.53 --size_x 22 --size_y 16 --size_z 24 --num_modes 10 --exhaustiveness 8 --seed 1
Using random seed: 1

0%   10   20   30   40   50   60   70   80   90   100%
|----|----|----|----|----|----|----|----|----|----|
***************************************************
MolPort-000-055-736 1379119 CHEMBL1402429 PubChem-1468316 ZINC000001379119 ZINC01379119 | pose 0 | initial pose not within box
MolPort-000-055-736 1379119 CHEMBL1402429 PubChem-1468316 ZINC000001379119 ZINC01379119 | pose 0 | ligand outside box

mode |  affinity  |  intramol  |    CNN     |   CNN
     | (kcal/mol) | (kcal/mol) | pose score | affinity
-----+------------+------------+------------+----------
    1       11.71        0.44       0.2457      5.296
    2        3.03       -0.18       0.1901      5.370
    3       -8.88        1.61       0.1219      5.429
    4       -8.53        0.66       0.1198      5.475
    5       -7.52       -0.37       0.1020      5.362
    6       -9.48        0.57       0.0907      5.382
    7       -6.50       -0.57       0.0892      5.109
    8       -7.84       -0.39       0.0826      5.065
    9       -5.68       -0.49       0.0794      4.871
   10       -8.56        0.70       0.0700      5.303
