              _             
             (_)            
   __ _ _ __  _ _ __   __ _ 
  / _` | '_ \| | '_ \ / _` |
 | (_| | | | | | | | | (_| |
  \__, |_| |_|_|_| |_|\__,_|
   __/ |                    
  |___/                     

gnina v1.3.3 master:6fe1ce2   Built Jun 30 2026.
gnina is based on smina and AutoDock Vina.
Please cite appropriately.

Commandline: gnina -r results/DOCKING/7AAA.mol2 -l results/DOCKING/ligands_sdf/ligando_322.sdf -o results/DOCKING/results_mol2/docked_ligando_322.mol2 --center_x 8.59 --center_y 39.35 --center_z 9.53 --size_x 22 --size_y 16 --size_z 24 --num_modes 10 --exhaustiveness 8 --seed 1
Using random seed: 1

0%   10   20   30   40   50   60   70   80   90   100%
|----|----|----|----|----|----|----|----|----|----|
***************************************************

mode |  affinity  |  intramol  |    CNN     |   CNN
     | (kcal/mol) | (kcal/mol) | pose score | affinity
-----+------------+------------+------------+----------
    1       -8.65       -0.09       0.5547      6.716
    2       -9.55       -0.32       0.1969      5.804
    3       -9.04       -0.04       0.1796      6.280
    4      -10.04       -0.71       0.1551      6.236
    5       -8.70       -0.99       0.1475      6.111
    6       -9.19       -0.47       0.1183      5.238
    7       -8.83       -0.10       0.1034      5.340
    8      -10.11       -0.90       0.1023      5.340
    9       -9.34       -0.46       0.0980      5.578
   10       -9.66       -0.43       0.0937      5.790
