              _             
             (_)            
   __ _ _ __  _ _ __   __ _ 
  / _` | '_ \| | '_ \ / _` |
 | (_| | | | | | | | | (_| |
  \__, |_| |_|_|_| |_|\__,_|
   __/ |                    
  |___/                     

gnina v1.3.3 master:6fe1ce2   Built Jun 30 2026.
gnina is based on smina and AutoDock Vina.
Please cite appropriately.

Commandline: gnina -r results/DOCKING/7AAA.mol2 -l results/DOCKING/ligands_sdf/ligando_651.sdf -o results/DOCKING/results_mol2/docked_ligando_651.mol2 --center_x 8.59 --center_y 39.35 --center_z 9.53 --size_x 22 --size_y 16 --size_z 24 --num_modes 10 --exhaustiveness 8 --seed 1
Using random seed: 1

0%   10   20   30   40   50   60   70   80   90   100%
|----|----|----|----|----|----|----|----|----|----|
***************************************************

mode |  affinity  |  intramol  |    CNN     |   CNN
     | (kcal/mol) | (kcal/mol) | pose score | affinity
-----+------------+------------+------------+----------
    1       -9.00       -0.35       0.4228      6.140
    2        1.99       -0.45       0.1802      4.392
    3       -9.29       -0.45       0.1696      5.536
    4       -1.24       -0.17       0.1684      4.507
    5        1.64       -0.55       0.1541      4.340
    6       -8.58       -0.57       0.1401      5.376
    7       -9.47       -0.08       0.1265      5.287
    8       -9.63       -0.41       0.0918      5.130
    9       -4.16        0.67       0.0880      4.503
   10       -9.45       -0.55       0.0767      4.616
