              _             
             (_)            
   __ _ _ __  _ _ __   __ _ 
  / _` | '_ \| | '_ \ / _` |
 | (_| | | | | | | | | (_| |
  \__, |_| |_|_|_| |_|\__,_|
   __/ |                    
  |___/                     

gnina v1.3.3 master:6fe1ce2   Built Jun 30 2026.
gnina is based on smina and AutoDock Vina.
Please cite appropriately.

Commandline: gnina -r results/DOCKING/7AAA.mol2 -l results/DOCKING/ligands_sdf/ligando_329.sdf -o results/DOCKING/results_mol2/docked_ligando_329.mol2 --center_x 8.59 --center_y 39.35 --center_z 9.53 --size_x 22 --size_y 16 --size_z 24 --num_modes 10 --exhaustiveness 8 --seed 1
Using random seed: 1

0%   10   20   30   40   50   60   70   80   90   100%
|----|----|----|----|----|----|----|----|----|----|
***************************************************

mode |  affinity  |  intramol  |    CNN     |   CNN
     | (kcal/mol) | (kcal/mol) | pose score | affinity
-----+------------+------------+------------+----------
    1       -9.97        1.38       0.5032      6.316
    2       -8.89       -0.22       0.3365      6.245
    3       -9.34        0.69       0.2123      5.835
    4      -10.08        1.02       0.1146      5.480
    5       -9.22        0.44       0.0890      5.547
    6       -9.03       -0.69       0.0848      5.700
    7       -9.13        0.00       0.0711      5.916
    8       -9.42        0.23       0.0636      4.663
    9       -9.22        0.45       0.0617      4.951
   10       -7.88       -0.59       0.0578      5.572
