              _             
             (_)            
   __ _ _ __  _ _ __   __ _ 
  / _` | '_ \| | '_ \ / _` |
 | (_| | | | | | | | | (_| |
  \__, |_| |_|_|_| |_|\__,_|
   __/ |                    
  |___/                     

gnina v1.3.3 master:6fe1ce2   Built Jun 30 2026.
gnina is based on smina and AutoDock Vina.
Please cite appropriately.

Commandline: gnina -r results/DOCKING/7AAA.mol2 -l results/DOCKING/ligands_sdf/ligando_520.sdf -o results/DOCKING/results_mol2/docked_ligando_520.mol2 --center_x 8.59 --center_y 39.35 --center_z 9.53 --size_x 22 --size_y 16 --size_z 24 --num_modes 10 --exhaustiveness 8 --seed 1
Using random seed: 1

0%   10   20   30   40   50   60   70   80   90   100%
|----|----|----|----|----|----|----|----|----|----|
***************************************************

mode |  affinity  |  intramol  |    CNN     |   CNN
     | (kcal/mol) | (kcal/mol) | pose score | affinity
-----+------------+------------+------------+----------
    1      -11.25       -0.58       0.6745      6.343
    2      -11.06       -0.58       0.6337      6.389
    3      -11.00       -0.62       0.5261      6.183
    4       -5.69       -0.59       0.2943      5.207
    5      -10.05       -0.56       0.2333      5.752
    6       -9.02       -0.79       0.1637      5.331
    7      -10.39       -0.56       0.1387      5.439
    8       -6.96       -0.12       0.1364      4.408
    9       -9.23       -0.94       0.1319      5.173
   10      -10.57        0.42       0.1148      5.398
