              _             
             (_)            
   __ _ _ __  _ _ __   __ _ 
  / _` | '_ \| | '_ \ / _` |
 | (_| | | | | | | | | (_| |
  \__, |_| |_|_|_| |_|\__,_|
   __/ |                    
  |___/                     

gnina v1.3.3 master:6fe1ce2   Built Jun 30 2026.
gnina is based on smina and AutoDock Vina.
Please cite appropriately.

Commandline: gnina -r results/DOCKING/7AAA.mol2 -l results/DOCKING/ligands_sdf/ligando_223.sdf -o results/DOCKING/results_mol2/docked_ligando_223.mol2 --center_x 8.59 --center_y 39.35 --center_z 9.53 --size_x 22 --size_y 16 --size_z 24 --num_modes 10 --exhaustiveness 8 --seed 1
Using random seed: 1

0%   10   20   30   40   50   60   70   80   90   100%
|----|----|----|----|----|----|----|----|----|----|
***************************************************
MolPort-008-289-815 19239352 MCULE-6904891206 PubChem-46971364 ZINC000019239352 ZINC19239352 | pose 0 | ligand outside box
MolPort-008-289-815 19239352 MCULE-6904891206 PubChem-46971364 ZINC000019239352 ZINC19239352 | pose 0 | ligand outside box
MolPort-008-289-815 19239352 MCULE-6904891206 PubChem-46971364 ZINC000019239352 ZINC19239352 | pose 0 | ligand outside box
MolPort-008-289-815 19239352 MCULE-6904891206 PubChem-46971364 ZINC000019239352 ZINC19239352 | pose 0 | ligand outside box
MolPort-008-289-815 19239352 MCULE-6904891206 PubChem-46971364 ZINC000019239352 ZINC19239352 | pose 0 | ligand outside box
MolPort-008-289-815 19239352 MCULE-6904891206 PubChem-46971364 ZINC000019239352 ZINC19239352 | pose 0 | initial pose not within box

mode |  affinity  |  intramol  |    CNN     |   CNN
     | (kcal/mol) | (kcal/mol) | pose score | affinity
-----+------------+------------+------------+----------
    1       -9.55       -0.80       0.0863      5.818
    2       -9.43       -0.84       0.0832      5.728
    3       -8.40       -0.42       0.0675      5.551
    4       -8.34       -0.23       0.0644      5.610
    5       -9.53       -0.42       0.0552      5.718
    6      -10.05       -0.61       0.0514      5.581
    7       -9.48       -0.37       0.0447      5.700
    8       -9.39       -0.68       0.0423      5.427
    9      -10.16       -0.34       0.0391      5.250
   10       -9.09       -0.18       0.0389      5.668
