              _             
             (_)            
   __ _ _ __  _ _ __   __ _ 
  / _` | '_ \| | '_ \ / _` |
 | (_| | | | | | | | | (_| |
  \__, |_| |_|_|_| |_|\__,_|
   __/ |                    
  |___/                     

gnina v1.3.3 master:6fe1ce2   Built Jun 30 2026.
gnina is based on smina and AutoDock Vina.
Please cite appropriately.

Commandline: gnina -r results/DOCKING/7AAA.mol2 -l results/DOCKING/ligands_sdf/ligando_821.sdf -o results/DOCKING/results_mol2/docked_ligando_821.mol2 --center_x 8.59 --center_y 39.35 --center_z 9.53 --size_x 22 --size_y 16 --size_z 24 --num_modes 10 --exhaustiveness 8 --seed 1
Using random seed: 1

0%   10   20   30   40   50   60   70   80   90   100%
|----|----|----|----|----|----|----|----|----|----|
***************************************************

mode |  affinity  |  intramol  |    CNN     |   CNN
     | (kcal/mol) | (kcal/mol) | pose score | affinity
-----+------------+------------+------------+----------
    1       -7.78       -0.09       0.5507      6.254
    2       -9.12       -0.60       0.2593      4.884
    3       -8.47        0.02       0.1298      4.766
    4       -8.77        0.13       0.1029      4.916
    5       -9.07       -0.09       0.0860      5.176
    6       -8.72        0.14       0.0844      5.105
    7       -8.55       -0.55       0.0627      4.617
    8       -8.40       -0.39       0.0592      4.895
    9       -7.15       -0.20       0.0576      5.179
   10       -7.26       -0.16       0.0564      5.012
