              _             
             (_)            
   __ _ _ __  _ _ __   __ _ 
  / _` | '_ \| | '_ \ / _` |
 | (_| | | | | | | | | (_| |
  \__, |_| |_|_|_| |_|\__,_|
   __/ |                    
  |___/                     

gnina v1.3.3 master:6fe1ce2   Built Jun 30 2026.
gnina is based on smina and AutoDock Vina.
Please cite appropriately.

Commandline: gnina -r results/DOCKING/7AAA.mol2 -l results/DOCKING/ligands_sdf/ligando_708.sdf -o results/DOCKING/results_mol2/docked_ligando_708.mol2 --center_x 8.59 --center_y 39.35 --center_z 9.53 --size_x 22 --size_y 16 --size_z 24 --num_modes 10 --exhaustiveness 8 --seed 1
Using random seed: 1

0%   10   20   30   40   50   60   70   80   90   100%
|----|----|----|----|----|----|----|----|----|----|
***************************************************
MolPort-007-713-555 ChemDiv-E002-0466 MCULE-7840637079 PubChem-22509996 ZINC000006768194 | pose 0 | initial pose not within box

mode |  affinity  |  intramol  |    CNN     |   CNN
     | (kcal/mol) | (kcal/mol) | pose score | affinity
-----+------------+------------+------------+----------
    1       -9.71        0.75       0.2744      5.943
    2       -9.06       -0.30       0.2310      5.976
    3       -8.29       -0.49       0.2002      5.376
    4       -9.07       -0.58       0.1770      5.819
    5       -9.67       -0.67       0.1563      5.940
    6       -9.30       -0.47       0.1410      5.824
    7       -5.98        2.12       0.1381      5.976
    8       -8.58       -0.30       0.1004      5.772
    9       -8.63       -0.25       0.0798      5.479
   10       -9.27       -0.09       0.0764      5.608
