              _             
             (_)            
   __ _ _ __  _ _ __   __ _ 
  / _` | '_ \| | '_ \ / _` |
 | (_| | | | | | | | | (_| |
  \__, |_| |_|_|_| |_|\__,_|
   __/ |                    
  |___/                     

gnina v1.3.3 master:6fe1ce2   Built Jun 30 2026.
gnina is based on smina and AutoDock Vina.
Please cite appropriately.

Commandline: gnina -r results/DOCKING/7AAA.mol2 -l results/DOCKING/ligands_sdf/ligando_014.sdf -o results/DOCKING/results_mol2/docked_ligando_014.mol2 --center_x 8.59 --center_y 39.35 --center_z 9.53 --size_x 22 --size_y 16 --size_z 24 --num_modes 10 --exhaustiveness 8 --seed 1
Using random seed: 1

0%   10   20   30   40   50   60   70   80   90   100%
|----|----|----|----|----|----|----|----|----|----|
***************************************************
MolPort-002-849-484 8715574 LN01241864 MCULE-7102647929 PubChem-11842440 ZINC000008715574 ZINC08715574 | pose 0 | initial pose not within box
MolPort-002-849-484 8715574 LN01241864 MCULE-7102647929 PubChem-11842440 ZINC000008715574 ZINC08715574 | pose 0 | ligand outside box

mode |  affinity  |  intramol  |    CNN     |   CNN
     | (kcal/mol) | (kcal/mol) | pose score | affinity
-----+------------+------------+------------+----------
    1       -8.48       -0.66       0.4559      5.633
    2       -9.49        1.13       0.4445      6.226
    3       -8.20       -0.26       0.3594      5.674
    4       21.39        1.60       0.3350      4.814
    5       -6.17       -0.95       0.3297      5.127
    6       -9.18        0.69       0.3082      6.068
    7       -8.34       -0.33       0.2416      5.073
    8       -2.15        0.95       0.2016      4.873
    9       -8.49       -0.01       0.2015      5.319
   10        0.63       -0.73       0.1897      4.439
