              _             
             (_)            
   __ _ _ __  _ _ __   __ _ 
  / _` | '_ \| | '_ \ / _` |
 | (_| | | | | | | | | (_| |
  \__, |_| |_|_|_| |_|\__,_|
   __/ |                    
  |___/                     

gnina v1.3.3 master:6fe1ce2   Built Jun 30 2026.
gnina is based on smina and AutoDock Vina.
Please cite appropriately.

Commandline: gnina -r results/DOCKING/7AAA.mol2 -l results/DOCKING/ligands_sdf/ligando_732.sdf -o results/DOCKING/results_mol2/docked_ligando_732.mol2 --center_x 8.59 --center_y 39.35 --center_z 9.53 --size_x 22 --size_y 16 --size_z 24 --num_modes 10 --exhaustiveness 8 --seed 1
Using random seed: 1

0%   10   20   30   40   50   60   70   80   90   100%
|----|----|----|----|----|----|----|----|----|----|
***************************************************

mode |  affinity  |  intramol  |    CNN     |   CNN
     | (kcal/mol) | (kcal/mol) | pose score | affinity
-----+------------+------------+------------+----------
    1      -10.23       -0.49       0.2523      6.310
    2       -8.31       -0.53       0.1685      5.909
    3      -10.35        1.18       0.0889      5.049
    4       -9.39       -0.52       0.0774      4.948
    5       -8.52       -1.18       0.0747      5.681
    6       -9.17       -0.89       0.0729      5.598
    7      -10.34        0.46       0.0705      5.421
    8       -8.17        0.78       0.0582      5.529
    9       -9.24       -1.26       0.0570      5.808
   10      -10.08        0.04       0.0518      4.991
