              _             
             (_)            
   __ _ _ __  _ _ __   __ _ 
  / _` | '_ \| | '_ \ / _` |
 | (_| | | | | | | | | (_| |
  \__, |_| |_|_|_| |_|\__,_|
   __/ |                    
  |___/                     

gnina v1.3.3 master:6fe1ce2   Built Jun 30 2026.
gnina is based on smina and AutoDock Vina.
Please cite appropriately.

Commandline: gnina -r results/DOCKING/7AAA.mol2 -l results/DOCKING/ligands_sdf/ligando_393.sdf -o results/DOCKING/results_mol2/docked_ligando_393.mol2 --center_x 8.59 --center_y 39.35 --center_z 9.53 --size_x 22 --size_y 16 --size_z 24 --num_modes 10 --exhaustiveness 8 --seed 1
Using random seed: 1

0%   10   20   30   40   50   60   70   80   90   100%
|----|----|----|----|----|----|----|----|----|----|
***************************************************
MolPort-007-710-788 ChemDiv-D481-2654 MCULE-8647870878 PubChem-46269941 ZINC000033019576 ZINC33019576 | pose 0 | initial pose not within box

mode |  affinity  |  intramol  |    CNN     |   CNN
     | (kcal/mol) | (kcal/mol) | pose score | affinity
-----+------------+------------+------------+----------
    1       -9.82       -0.76       0.1570      6.330
    2       -5.85        0.19       0.1421      4.851
    3       -2.33        0.29       0.1140      6.093
    4       -8.11       -0.63       0.1084      5.838
    5       -6.34       -0.11       0.1039      6.174
    6       -6.47        1.21       0.1006      5.841
    7       -8.16       -0.68       0.0956      4.787
    8       -9.13       -0.99       0.0905      5.993
    9       -7.38        0.94       0.0849      4.694
   10       -6.93       -0.33       0.0758      4.681
