              _             
             (_)            
   __ _ _ __  _ _ __   __ _ 
  / _` | '_ \| | '_ \ / _` |
 | (_| | | | | | | | | (_| |
  \__, |_| |_|_|_| |_|\__,_|
   __/ |                    
  |___/                     

gnina v1.3.3 master:6fe1ce2   Built Jun 30 2026.
gnina is based on smina and AutoDock Vina.
Please cite appropriately.

Commandline: gnina -r results/DOCKING/7AAA.mol2 -l results/DOCKING/ligands_sdf/ligando_793.sdf -o results/DOCKING/results_mol2/docked_ligando_793.mol2 --center_x 8.59 --center_y 39.35 --center_z 9.53 --size_x 22 --size_y 16 --size_z 24 --num_modes 10 --exhaustiveness 8 --seed 1
Using random seed: 1

0%   10   20   30   40   50   60   70   80   90   100%
|----|----|----|----|----|----|----|----|----|----|
***************************************************

mode |  affinity  |  intramol  |    CNN     |   CNN
     | (kcal/mol) | (kcal/mol) | pose score | affinity
-----+------------+------------+------------+----------
    1       -9.05        0.97       0.7203      6.513
    2       -8.87        0.08       0.2654      5.934
    3       -8.01       -0.40       0.2507      6.110
    4       -8.71       -0.33       0.1842      5.951
    5       -8.53       -0.25       0.1836      6.186
    6      -10.15       -0.50       0.1353      5.546
    7       -8.14        1.23       0.1290      6.186
    8       -9.38       -1.28       0.1246      5.850
    9       -8.71        0.69       0.1220      5.705
   10       -7.64        0.12       0.1186      5.454
