              _             
             (_)            
   __ _ _ __  _ _ __   __ _ 
  / _` | '_ \| | '_ \ / _` |
 | (_| | | | | | | | | (_| |
  \__, |_| |_|_|_| |_|\__,_|
   __/ |                    
  |___/                     

gnina v1.3.3 master:6fe1ce2   Built Jun 30 2026.
gnina is based on smina and AutoDock Vina.
Please cite appropriately.

Commandline: gnina -r results/DOCKING/7AAA.mol2 -l results/DOCKING/ligands_sdf/ligando_086.sdf -o results/DOCKING/results_mol2/docked_ligando_086.mol2 --center_x 8.59 --center_y 39.35 --center_z 9.53 --size_x 22 --size_y 16 --size_z 24 --num_modes 10 --exhaustiveness 8 --seed 1
Using random seed: 1

0%   10   20   30   40   50   60   70   80   90   100%
|----|----|----|----|----|----|----|----|----|----|
***************************************************

mode |  affinity  |  intramol  |    CNN     |   CNN
     | (kcal/mol) | (kcal/mol) | pose score | affinity
-----+------------+------------+------------+----------
    1       -7.28        0.74       0.2066      5.572
    2       -8.59        0.01       0.1417      5.333
    3       -7.41        0.45       0.1280      5.457
    4       -7.51       -0.03       0.1075      5.434
    5       -8.83       -0.67       0.1049      5.496
    6       -8.87        0.80       0.0988      5.535
    7       -8.09        0.19       0.0695      5.114
    8       -7.48        1.63       0.0661      5.171
    9       -9.60        0.95       0.0651      4.201
   10       -7.68       -0.25       0.0569      4.748
