              _             
             (_)            
   __ _ _ __  _ _ __   __ _ 
  / _` | '_ \| | '_ \ / _` |
 | (_| | | | | | | | | (_| |
  \__, |_| |_|_|_| |_|\__,_|
   __/ |                    
  |___/                     

gnina v1.3.3 master:6fe1ce2   Built Jun 30 2026.
gnina is based on smina and AutoDock Vina.
Please cite appropriately.

Commandline: gnina -r results/DOCKING/7AAA.mol2 -l results/DOCKING/ligands_sdf/ligando_011.sdf -o results/DOCKING/results_mol2/docked_ligando_011.mol2 --center_x 8.59 --center_y 39.35 --center_z 9.53 --size_x 22 --size_y 16 --size_z 24 --num_modes 10 --exhaustiveness 8 --seed 1
Using random seed: 1

0%   10   20   30   40   50   60   70   80   90   100%
|----|----|----|----|----|----|----|----|----|----|
***************************************************

mode |  affinity  |  intramol  |    CNN     |   CNN
     | (kcal/mol) | (kcal/mol) | pose score | affinity
-----+------------+------------+------------+----------
    1       -8.63       -0.01       0.1122      5.282
    2       -8.27        1.29       0.1053      6.333
    3      -10.25        0.03       0.0901      5.980
    4      -10.18        0.07       0.0852      5.873
    5       -8.85       -0.15       0.0762      5.474
    6      -10.96       -0.27       0.0728      6.094
    7      -10.92       -0.44       0.0668      6.109
    8       -9.44       -0.12       0.0529      5.539
    9       -8.71       -0.47       0.0501      5.241
   10       -9.15        1.94       0.0498      5.768
