              _             
             (_)            
   __ _ _ __  _ _ __   __ _ 
  / _` | '_ \| | '_ \ / _` |
 | (_| | | | | | | | | (_| |
  \__, |_| |_|_|_| |_|\__,_|
   __/ |                    
  |___/                     

gnina v1.3.3 master:6fe1ce2   Built Jun 30 2026.
gnina is based on smina and AutoDock Vina.
Please cite appropriately.

Commandline: gnina -r results/DOCKING/7AAA.mol2 -l results/DOCKING/ligands_sdf/ligando_485.sdf -o results/DOCKING/results_mol2/docked_ligando_485.mol2 --center_x 8.59 --center_y 39.35 --center_z 9.53 --size_x 22 --size_y 16 --size_z 24 --num_modes 10 --exhaustiveness 8 --seed 1
Using random seed: 1

0%   10   20   30   40   50   60   70   80   90   100%
|----|----|----|----|----|----|----|----|----|----|
***************************************************

mode |  affinity  |  intramol  |    CNN     |   CNN
     | (kcal/mol) | (kcal/mol) | pose score | affinity
-----+------------+------------+------------+----------
    1       -9.19       -0.29       0.3902      6.424
    2       -8.61       -0.23       0.3601      6.252
    3       -7.48       -0.19       0.3207      6.166
    4       -9.09       -0.11       0.3186      5.587
    5       -9.55       -0.59       0.2138      5.556
    6       -9.41       -0.48       0.1951      5.782
    7       -8.19       -0.25       0.1904      6.069
    8       -7.77       -0.46       0.1804      5.502
    9       -8.92       -0.28       0.1700      5.369
   10       -8.66       -0.53       0.1367      5.011
