              _             
             (_)            
   __ _ _ __  _ _ __   __ _ 
  / _` | '_ \| | '_ \ / _` |
 | (_| | | | | | | | | (_| |
  \__, |_| |_|_|_| |_|\__,_|
   __/ |                    
  |___/                     

gnina v1.3.3 master:6fe1ce2   Built Jun 30 2026.
gnina is based on smina and AutoDock Vina.
Please cite appropriately.

Commandline: gnina -r results/DOCKING/7AAA.mol2 -l results/DOCKING/ligands_sdf/ligando_801.sdf -o results/DOCKING/results_mol2/docked_ligando_801.mol2 --center_x 8.59 --center_y 39.35 --center_z 9.53 --size_x 22 --size_y 16 --size_z 24 --num_modes 10 --exhaustiveness 8 --seed 1
Using random seed: 1

0%   10   20   30   40   50   60   70   80   90   100%
|----|----|----|----|----|----|----|----|----|----|
***************************************************

mode |  affinity  |  intramol  |    CNN     |   CNN
     | (kcal/mol) | (kcal/mol) | pose score | affinity
-----+------------+------------+------------+----------
    1       -5.97       -0.30       0.9233      4.639
    2       -5.72       -0.30       0.7501      4.455
    3       -5.42       -0.24       0.6861      4.609
    4       -5.21        0.08       0.6615      4.640
    5       -5.19       -0.28       0.5616      3.695
    6       -5.24        0.18       0.4136      4.299
    7       -5.70        0.19       0.3872      3.922
    8       -5.61        0.10       0.3825      4.218
    9       -5.35       -0.14       0.3604      3.782
   10       -5.56       -0.31       0.3525      4.012
