              _             
             (_)            
   __ _ _ __  _ _ __   __ _ 
  / _` | '_ \| | '_ \ / _` |
 | (_| | | | | | | | | (_| |
  \__, |_| |_|_|_| |_|\__,_|
   __/ |                    
  |___/                     

gnina v1.3.3 master:6fe1ce2   Built Jun 30 2026.
gnina is based on smina and AutoDock Vina.
Please cite appropriately.

Commandline: gnina -r results/DOCKING/7AAA.mol2 -l results/DOCKING/ligands_sdf/ligando_230.sdf -o results/DOCKING/results_mol2/docked_ligando_230.mol2 --center_x 8.59 --center_y 39.35 --center_z 9.53 --size_x 22 --size_y 16 --size_z 24 --num_modes 10 --exhaustiveness 8 --seed 1
Using random seed: 1

0%   10   20   30   40   50   60   70   80   90   100%
|----|----|----|----|----|----|----|----|----|----|
***************************************************
Molport-047-072-195 PubChem-132766832 | pose 0 | ligand outside box

mode |  affinity  |  intramol  |    CNN     |   CNN
     | (kcal/mol) | (kcal/mol) | pose score | affinity
-----+------------+------------+------------+----------
    1       -9.83       -0.45       0.1690      6.750
    2      -10.91        0.44       0.1035      6.412
    3      -11.31       -0.36       0.1007      6.248
    4       -3.65       -0.74       0.0517      5.554
    5      -11.01       -0.20       0.0487      6.032
    6      -11.24        0.29       0.0468      5.688
    7       -9.55       -0.15       0.0395      5.918
    8       -9.55       -0.24       0.0384      5.927
    9       -5.07       -0.85       0.0286      5.459
   10       -5.07       -0.67       0.0267      5.896
