              _             
             (_)            
   __ _ _ __  _ _ __   __ _ 
  / _` | '_ \| | '_ \ / _` |
 | (_| | | | | | | | | (_| |
  \__, |_| |_|_|_| |_|\__,_|
   __/ |                    
  |___/                     

gnina v1.3.3 master:6fe1ce2   Built Jun 30 2026.
gnina is based on smina and AutoDock Vina.
Please cite appropriately.

Commandline: gnina -r results/DOCKING/7AAA.mol2 -l results/DOCKING/ligands_sdf/ligando_449.sdf -o results/DOCKING/results_mol2/docked_ligando_449.mol2 --center_x 8.59 --center_y 39.35 --center_z 9.53 --size_x 22 --size_y 16 --size_z 24 --num_modes 10 --exhaustiveness 8 --seed 1
Using random seed: 1

0%   10   20   30   40   50   60   70   80   90   100%
|----|----|----|----|----|----|----|----|----|----|
***************************************************

mode |  affinity  |  intramol  |    CNN     |   CNN
     | (kcal/mol) | (kcal/mol) | pose score | affinity
-----+------------+------------+------------+----------
    1       -9.59       -0.35       0.3296      6.868
    2       -8.94       -0.29       0.1714      6.494
    3      -11.43       -0.33       0.1437      6.285
    4      -11.78       -0.29       0.1419      6.570
    5      -10.88        0.76       0.1198      6.234
    6      -10.81        0.25       0.0707      5.834
    7      -10.32       -0.22       0.0648      5.857
    8      -10.24        0.35       0.0531      5.962
    9       -9.96       -0.76       0.0494      5.797
   10      -11.77       -0.29       0.0410      5.448
