              _             
             (_)            
   __ _ _ __  _ _ __   __ _ 
  / _` | '_ \| | '_ \ / _` |
 | (_| | | | | | | | | (_| |
  \__, |_| |_|_|_| |_|\__,_|
   __/ |                    
  |___/                     

gnina v1.3.3 master:6fe1ce2   Built Jun 30 2026.
gnina is based on smina and AutoDock Vina.
Please cite appropriately.

Commandline: gnina -r results/DOCKING/7AAA.mol2 -l results/DOCKING/ligands_sdf/ligando_628.sdf -o results/DOCKING/results_mol2/docked_ligando_628.mol2 --center_x 8.59 --center_y 39.35 --center_z 9.53 --size_x 22 --size_y 16 --size_z 24 --num_modes 10 --exhaustiveness 8 --seed 1
Using random seed: 1

0%   10   20   30   40   50   60   70   80   90   100%
|----|----|----|----|----|----|----|----|----|----|
***************************************************
MolPort-003-112-246 8959277 CSSS03437096107 DOMGJBLIFOPKKD-UHFFFAOYSA-N MCULE-7504215690 PubChem-40887173 ZINC000008959277 | pose 0 | ligand outside box

mode |  affinity  |  intramol  |    CNN     |   CNN
     | (kcal/mol) | (kcal/mol) | pose score | affinity
-----+------------+------------+------------+----------
    1        2.96       -0.15       0.4078      6.478
    2       -8.67       -0.82       0.3543      6.389
    3       -8.88        1.13       0.3229      6.439
    4       -6.21       -0.26       0.1861      6.388
    5       -8.29        0.40       0.1523      5.916
    6        7.98       11.34       0.1494      5.298
    7       -6.62       -0.02       0.0941      5.532
    8       -9.39        0.52       0.0885      5.187
    9       -9.56        1.11       0.0865      5.188
   10       -7.48        1.07       0.0702      5.559
