              _             
             (_)            
   __ _ _ __  _ _ __   __ _ 
  / _` | '_ \| | '_ \ / _` |
 | (_| | | | | | | | | (_| |
  \__, |_| |_|_|_| |_|\__,_|
   __/ |                    
  |___/                     

gnina v1.3.3 master:6fe1ce2   Built Jun 30 2026.
gnina is based on smina and AutoDock Vina.
Please cite appropriately.

Commandline: gnina -r results/DOCKING/7AAA.mol2 -l results/DOCKING/ligands_sdf/ligando_021.sdf -o results/DOCKING/results_mol2/docked_ligando_021.mol2 --center_x 8.59 --center_y 39.35 --center_z 9.53 --size_x 22 --size_y 16 --size_z 24 --num_modes 10 --exhaustiveness 8 --seed 1
Using random seed: 1

0%   10   20   30   40   50   60   70   80   90   100%
|----|----|----|----|----|----|----|----|----|----|
***************************************************
MolPort-006-609-926 ChemDiv-V020-0066 MCULE-2014378284 PubChem-46070010 ZINC000034735415 ZINC34735415 | pose 0 | initial pose not within box
MolPort-006-609-926 ChemDiv-V020-0066 MCULE-2014378284 PubChem-46070010 ZINC000034735415 ZINC34735415 | pose 0 | ligand outside box
MolPort-006-609-926 ChemDiv-V020-0066 MCULE-2014378284 PubChem-46070010 ZINC000034735415 ZINC34735415 | pose 0 | ligand outside box
MolPort-006-609-926 ChemDiv-V020-0066 MCULE-2014378284 PubChem-46070010 ZINC000034735415 ZINC34735415 | pose 0 | ligand outside box
MolPort-006-609-926 ChemDiv-V020-0066 MCULE-2014378284 PubChem-46070010 ZINC000034735415 ZINC34735415 | pose 0 | ligand outside box
MolPort-006-609-926 ChemDiv-V020-0066 MCULE-2014378284 PubChem-46070010 ZINC000034735415 ZINC34735415 | pose 0 | ligand outside box
MolPort-006-609-926 ChemDiv-V020-0066 MCULE-2014378284 PubChem-46070010 ZINC000034735415 ZINC34735415 | pose 0 | initial pose not within box

mode |  affinity  |  intramol  |    CNN     |   CNN
     | (kcal/mol) | (kcal/mol) | pose score | affinity
-----+------------+------------+------------+----------
    1      -11.00        0.18       0.5174      6.865
    2      -10.01        1.66       0.3653      6.539
    3      -10.73        0.87       0.1521      5.997
    4      -10.02        1.82       0.1507      6.119
    5      -10.17        1.32       0.1333      6.050
    6      -10.87        1.14       0.1181      5.688
    7      -11.07       -0.39       0.1087      6.155
    8       -8.39        1.90       0.0855      5.997
    9       -8.97        3.13       0.0853      6.027
   10       -9.51        1.02       0.0766      6.203
