              _             
             (_)            
   __ _ _ __  _ _ __   __ _ 
  / _` | '_ \| | '_ \ / _` |
 | (_| | | | | | | | | (_| |
  \__, |_| |_|_|_| |_|\__,_|
   __/ |                    
  |___/                     

gnina v1.3.3 master:6fe1ce2   Built Jun 30 2026.
gnina is based on smina and AutoDock Vina.
Please cite appropriately.

Commandline: gnina -r results/DOCKING/7AAA.mol2 -l results/DOCKING/ligands_sdf/ligando_848.sdf -o results/DOCKING/results_mol2/docked_ligando_848.mol2 --center_x 8.59 --center_y 39.35 --center_z 9.53 --size_x 22 --size_y 16 --size_z 24 --num_modes 10 --exhaustiveness 8 --seed 1
Using random seed: 1

0%   10   20   30   40   50   60   70   80   90   100%
|----|----|----|----|----|----|----|----|----|----|
***************************************************
MolPort-008-363-374 MolPort-047-536-103 CSSS00160416724 MCULE-3028797757 MCULE-3209284736 PubChem-154924705 PubChem-46985117 | pose 0 | initial pose not within box

mode |  affinity  |  intramol  |    CNN     |   CNN
     | (kcal/mol) | (kcal/mol) | pose score | affinity
-----+------------+------------+------------+----------
    1       -8.43        0.28       0.6102      6.266
    2       -0.79       -0.30       0.3377      5.383
    3       -7.80       -0.43       0.3296      5.676
    4       52.45       -0.27       0.3151      4.825
    5       -1.54       -0.51       0.2937      5.432
    6       -8.02       -0.26       0.1361      4.804
    7        0.75        0.41       0.1178      4.668
    8       -7.59       -0.46       0.0944      4.571
    9       -7.40       -0.24       0.0787      4.703
   10       -7.52       -0.39       0.0463      5.101
