              _             
             (_)            
   __ _ _ __  _ _ __   __ _ 
  / _` | '_ \| | '_ \ / _` |
 | (_| | | | | | | | | (_| |
  \__, |_| |_|_|_| |_|\__,_|
   __/ |                    
  |___/                     

gnina v1.3.3 master:6fe1ce2   Built Jun 30 2026.
gnina is based on smina and AutoDock Vina.
Please cite appropriately.

Commandline: gnina -r results/DOCKING/7AAA.mol2 -l results/DOCKING/ligands_sdf/ligando_625.sdf -o results/DOCKING/results_mol2/docked_ligando_625.mol2 --center_x 8.59 --center_y 39.35 --center_z 9.53 --size_x 22 --size_y 16 --size_z 24 --num_modes 10 --exhaustiveness 8 --seed 1
Using random seed: 1

0%   10   20   30   40   50   60   70   80   90   100%
|----|----|----|----|----|----|----|----|----|----|
***************************************************

mode |  affinity  |  intramol  |    CNN     |   CNN
     | (kcal/mol) | (kcal/mol) | pose score | affinity
-----+------------+------------+------------+----------
    1       -9.66        0.59       0.1839      6.267
    2       -8.39        0.65       0.1811      5.734
    3       -8.37        0.84       0.1799      5.931
    4       -8.81       -0.75       0.1227      5.570
    5       -7.90        0.44       0.1207      5.797
    6       -8.47       -1.43       0.0981      5.027
    7       -7.64       -1.37       0.0960      6.111
    8       -8.41       -1.41       0.0907      4.768
    9       -8.78       -0.81       0.0902      5.518
   10       -8.53       -0.43       0.0898      5.267
