              _             
             (_)            
   __ _ _ __  _ _ __   __ _ 
  / _` | '_ \| | '_ \ / _` |
 | (_| | | | | | | | | (_| |
  \__, |_| |_|_|_| |_|\__,_|
   __/ |                    
  |___/                     

gnina v1.3.3 master:6fe1ce2   Built Jun 30 2026.
gnina is based on smina and AutoDock Vina.
Please cite appropriately.

Commandline: gnina -r results/DOCKING/7AAA.mol2 -l results/DOCKING/ligands_sdf/ligando_731.sdf -o results/DOCKING/results_mol2/docked_ligando_731.mol2 --center_x 8.59 --center_y 39.35 --center_z 9.53 --size_x 22 --size_y 16 --size_z 24 --num_modes 10 --exhaustiveness 8 --seed 1
Using random seed: 1

0%   10   20   30   40   50   60   70   80   90   100%
|----|----|----|----|----|----|----|----|----|----|
***************************************************

mode |  affinity  |  intramol  |    CNN     |   CNN
     | (kcal/mol) | (kcal/mol) | pose score | affinity
-----+------------+------------+------------+----------
    1       -7.57        0.54       0.3277      6.497
    2       -7.90        0.87       0.2993      6.371
    3       -9.32        0.39       0.2188      6.069
    4       -9.47        0.56       0.2100      6.144
    5       -8.30        0.49       0.1823      5.771
    6       -8.62        0.41       0.1558      5.756
    7       -6.89        0.18       0.1152      5.995
    8       -7.45       -0.25       0.0776      5.872
    9       -8.09        0.33       0.0653      6.374
   10       -7.53        1.38       0.0640      5.456
