              _             
             (_)            
   __ _ _ __  _ _ __   __ _ 
  / _` | '_ \| | '_ \ / _` |
 | (_| | | | | | | | | (_| |
  \__, |_| |_|_|_| |_|\__,_|
   __/ |                    
  |___/                     

gnina v1.3.3 master:6fe1ce2   Built Jun 30 2026.
gnina is based on smina and AutoDock Vina.
Please cite appropriately.

Commandline: gnina -r results/DOCKING/7AAA.mol2 -l results/DOCKING/ligands_sdf/ligando_443.sdf -o results/DOCKING/results_mol2/docked_ligando_443.mol2 --center_x 8.59 --center_y 39.35 --center_z 9.53 --size_x 22 --size_y 16 --size_z 24 --num_modes 10 --exhaustiveness 8 --seed 1
Using random seed: 1

0%   10   20   30   40   50   60   70   80   90   100%
|----|----|----|----|----|----|----|----|----|----|
***************************************************

mode |  affinity  |  intramol  |    CNN     |   CNN
     | (kcal/mol) | (kcal/mol) | pose score | affinity
-----+------------+------------+------------+----------
    1       -8.78        0.28       0.3565      5.722
    2       -8.99       -0.36       0.3192      5.850
    3       -8.63       -0.53       0.3039      5.658
    4       -9.04       -0.61       0.2906      5.955
    5       -9.21       -0.40       0.2906      5.682
    6       -8.97       -0.11       0.2791      5.516
    7       -7.69       -0.04       0.2115      5.596
    8       -8.26        0.23       0.1368      5.294
    9       -8.50        0.13       0.0945      5.728
   10       -8.21       -0.15       0.0869      5.517
