              _             
             (_)            
   __ _ _ __  _ _ __   __ _ 
  / _` | '_ \| | '_ \ / _` |
 | (_| | | | | | | | | (_| |
  \__, |_| |_|_|_| |_|\__,_|
   __/ |                    
  |___/                     

gnina v1.3.3 master:6fe1ce2   Built Jun 30 2026.
gnina is based on smina and AutoDock Vina.
Please cite appropriately.

Commandline: gnina -r results/DOCKING/7AAA.mol2 -l results/DOCKING/ligands_sdf/ligando_491.sdf -o results/DOCKING/results_mol2/docked_ligando_491.mol2 --center_x 8.59 --center_y 39.35 --center_z 9.53 --size_x 22 --size_y 16 --size_z 24 --num_modes 10 --exhaustiveness 8 --seed 1
Using random seed: 1

0%   10   20   30   40   50   60   70   80   90   100%
|----|----|----|----|----|----|----|----|----|----|
***************************************************

mode |  affinity  |  intramol  |    CNN     |   CNN
     | (kcal/mol) | (kcal/mol) | pose score | affinity
-----+------------+------------+------------+----------
    1       -8.66        0.01       0.8003      6.885
    2       -8.94        0.51       0.7304      6.748
    3       -8.10        0.30       0.6037      6.827
    4       -8.25        0.60       0.5828      6.915
    5       -9.62        0.16       0.5504      6.335
    6       -9.35        0.38       0.5327      6.503
    7       -9.51       -0.16       0.5256      6.616
    8       -9.35        0.34       0.4791      6.639
    9       -8.25       -0.43       0.2836      6.012
   10       -8.82       -0.92       0.2639      6.482
