              _             
             (_)            
   __ _ _ __  _ _ __   __ _ 
  / _` | '_ \| | '_ \ / _` |
 | (_| | | | | | | | | (_| |
  \__, |_| |_|_|_| |_|\__,_|
   __/ |                    
  |___/                     

gnina v1.3.3 master:6fe1ce2   Built Jun 30 2026.
gnina is based on smina and AutoDock Vina.
Please cite appropriately.

Commandline: gnina -r results/DOCKING/7AAA.mol2 -l results/DOCKING/ligands_sdf/ligando_623.sdf -o results/DOCKING/results_mol2/docked_ligando_623.mol2 --center_x 8.59 --center_y 39.35 --center_z 9.53 --size_x 22 --size_y 16 --size_z 24 --num_modes 10 --exhaustiveness 8 --seed 1
Using random seed: 1

0%   10   20   30   40   50   60   70   80   90   100%
|----|----|----|----|----|----|----|----|----|----|
***************************************************
MolPort-007-710-789 ChemDiv-D481-2657 MCULE-7503160676 PubChem-46269942 ZINC000033019581 ZINC33019581 | pose 0 | ligand outside box

mode |  affinity  |  intramol  |    CNN     |   CNN
     | (kcal/mol) | (kcal/mol) | pose score | affinity
-----+------------+------------+------------+----------
    1       -9.91       -1.01       0.1762      6.420
    2      -10.69        0.24       0.1456      6.376
    3       -9.98        0.10       0.1235      6.477
    4       -6.75       -0.04       0.0916      5.435
    5       -9.49       -0.63       0.0814      4.991
    6       -9.60       -0.58       0.0710      5.917
    7      -10.51       -0.08       0.0704      5.611
    8      -11.14       -0.76       0.0647      5.696
    9       -9.43        0.49       0.0530      5.501
   10       -5.26       -0.41       0.0527      5.316
