              _             
             (_)            
   __ _ _ __  _ _ __   __ _ 
  / _` | '_ \| | '_ \ / _` |
 | (_| | | | | | | | | (_| |
  \__, |_| |_|_|_| |_|\__,_|
   __/ |                    
  |___/                     

gnina v1.3.3 master:6fe1ce2   Built Jun 30 2026.
gnina is based on smina and AutoDock Vina.
Please cite appropriately.

Commandline: gnina -r results/DOCKING/7AAA.mol2 -l results/DOCKING/ligands_sdf/ligando_400.sdf -o results/DOCKING/results_mol2/docked_ligando_400.mol2 --center_x 8.59 --center_y 39.35 --center_z 9.53 --size_x 22 --size_y 16 --size_z 24 --num_modes 10 --exhaustiveness 8 --seed 1
Using random seed: 1

0%   10   20   30   40   50   60   70   80   90   100%
|----|----|----|----|----|----|----|----|----|----|
***************************************************

mode |  affinity  |  intramol  |    CNN     |   CNN
     | (kcal/mol) | (kcal/mol) | pose score | affinity
-----+------------+------------+------------+----------
    1       -7.97        0.56       0.7107      6.671
    2       -9.10        0.09       0.1527      5.351
    3       -8.14        0.34       0.1520      5.637
    4       -8.98       -0.12       0.1287      5.404
    5       -7.27       -0.39       0.1033      5.043
    6       -9.02       -0.15       0.1011      5.496
    7       -7.58       -0.70       0.1001      5.349
    8       -7.88        0.66       0.0879      5.355
    9       -8.11        0.32       0.0715      4.978
   10       -7.22        0.73       0.0640      5.247
