              _             
             (_)            
   __ _ _ __  _ _ __   __ _ 
  / _` | '_ \| | '_ \ / _` |
 | (_| | | | | | | | | (_| |
  \__, |_| |_|_|_| |_|\__,_|
   __/ |                    
  |___/                     

gnina v1.3.3 master:6fe1ce2   Built Jun 30 2026.
gnina is based on smina and AutoDock Vina.
Please cite appropriately.

Commandline: gnina -r results/DOCKING/7AAA.mol2 -l results/DOCKING/ligands_sdf/ligando_162.sdf -o results/DOCKING/results_mol2/docked_ligando_162.mol2 --center_x 8.59 --center_y 39.35 --center_z 9.53 --size_x 22 --size_y 16 --size_z 24 --num_modes 10 --exhaustiveness 8 --seed 1
Using random seed: 1

0%   10   20   30   40   50   60   70   80   90   100%
|----|----|----|----|----|----|----|----|----|----|
***************************************************
MolPort-029-894-951 96141649 CSSS00160105277 MCULE-8661123684 PubChem-72876543 ZINC000096141649 | pose 0 | initial pose not within box

mode |  affinity  |  intramol  |    CNN     |   CNN
     | (kcal/mol) | (kcal/mol) | pose score | affinity
-----+------------+------------+------------+----------
    1       -8.66        0.74       0.6537      6.924
    2       -9.12        0.33       0.2600      6.073
    3       -9.72        0.06       0.1586      5.749
    4       -8.43        1.25       0.1283      5.367
    5       -9.51        0.44       0.1252      5.705
    6       -9.56       -0.04       0.1104      5.566
    7       -8.21        0.20       0.1080      5.072
    8       -7.72        0.41       0.0872      5.385
    9       -8.14        0.77       0.0863      5.724
   10       -7.68        0.31       0.0813      5.022
