              _             
             (_)            
   __ _ _ __  _ _ __   __ _ 
  / _` | '_ \| | '_ \ / _` |
 | (_| | | | | | | | | (_| |
  \__, |_| |_|_|_| |_|\__,_|
   __/ |                    
  |___/                     

gnina v1.3.3 master:6fe1ce2   Built Jun 30 2026.
gnina is based on smina and AutoDock Vina.
Please cite appropriately.

Commandline: gnina -r results/DOCKING/7AAA.mol2 -l results/DOCKING/ligands_sdf/ligando_015.sdf -o results/DOCKING/results_mol2/docked_ligando_015.mol2 --center_x 8.59 --center_y 39.35 --center_z 9.53 --size_x 22 --size_y 16 --size_z 24 --num_modes 10 --exhaustiveness 8 --seed 1
Using random seed: 1

0%   10   20   30   40   50   60   70   80   90   100%
|----|----|----|----|----|----|----|----|----|----|
***************************************************
MolPort-002-849-494 8715584 LN01241865 MCULE-3229897286 PubChem-11842450 ZINC000008715584 ZINC08715584 | pose 0 | initial pose not within box

mode |  affinity  |  intramol  |    CNN     |   CNN
     | (kcal/mol) | (kcal/mol) | pose score | affinity
-----+------------+------------+------------+----------
    1       -9.78        0.79       0.4592      6.161
    2       -8.38       -0.56       0.3771      5.095
    3       -9.14        0.72       0.3768      6.092
    4       -7.99       -0.45       0.3502      5.927
    5       -7.91        0.36       0.3358      5.857
    6       -8.27       -0.20       0.2399      5.054
    7       -7.51       -0.21       0.2380      5.337
    8       -8.73       -0.30       0.1949      4.927
    9       -8.15        0.09       0.1941      5.465
   10       -8.51       -0.19       0.1834      5.694
