              _             
             (_)            
   __ _ _ __  _ _ __   __ _ 
  / _` | '_ \| | '_ \ / _` |
 | (_| | | | | | | | | (_| |
  \__, |_| |_|_|_| |_|\__,_|
   __/ |                    
  |___/                     

gnina v1.3.3 master:6fe1ce2   Built Jun 30 2026.
gnina is based on smina and AutoDock Vina.
Please cite appropriately.

Commandline: gnina -r results/DOCKING/7AAA.mol2 -l results/DOCKING/ligands_sdf/ligando_337.sdf -o results/DOCKING/results_mol2/docked_ligando_337.mol2 --center_x 8.59 --center_y 39.35 --center_z 9.53 --size_x 22 --size_y 16 --size_z 24 --num_modes 10 --exhaustiveness 8 --seed 1
Using random seed: 1

0%   10   20   30   40   50   60   70   80   90   100%
|----|----|----|----|----|----|----|----|----|----|
***************************************************

mode |  affinity  |  intramol  |    CNN     |   CNN
     | (kcal/mol) | (kcal/mol) | pose score | affinity
-----+------------+------------+------------+----------
    1       -8.97       -1.09       0.4954      6.270
    2       -9.16        0.11       0.3991      6.160
    3       -8.59       -0.16       0.2151      6.038
    4       -8.90        0.33       0.1341      5.427
    5       -8.65        0.37       0.1230      5.699
    6       -8.86       -0.52       0.0924      5.375
    7       -9.48       -0.19       0.0852      4.736
    8       -8.57       -0.34       0.0841      4.813
    9       -9.14       -0.75       0.0737      5.059
   10       -8.49        0.02       0.0698      4.980
