              _             
             (_)            
   __ _ _ __  _ _ __   __ _ 
  / _` | '_ \| | '_ \ / _` |
 | (_| | | | | | | | | (_| |
  \__, |_| |_|_|_| |_|\__,_|
   __/ |                    
  |___/                     

gnina v1.3.3 master:6fe1ce2   Built Jun 30 2026.
gnina is based on smina and AutoDock Vina.
Please cite appropriately.

Commandline: gnina -r results/DOCKING/7AAA.mol2 -l results/DOCKING/ligands_sdf/ligando_458.sdf -o results/DOCKING/results_mol2/docked_ligando_458.mol2 --center_x 8.59 --center_y 39.35 --center_z 9.53 --size_x 22 --size_y 16 --size_z 24 --num_modes 10 --exhaustiveness 8 --seed 1
Using random seed: 1

0%   10   20   30   40   50   60   70   80   90   100%
|----|----|----|----|----|----|----|----|----|----|
***************************************************

mode |  affinity  |  intramol  |    CNN     |   CNN
     | (kcal/mol) | (kcal/mol) | pose score | affinity
-----+------------+------------+------------+----------
    1       -9.24        1.41       0.2003      6.605
    2       -8.35        0.35       0.0877      6.096
    3       -7.90       -0.38       0.0778      6.403
    4       -9.59        4.20       0.0778      6.251
    5       -6.98       -0.65       0.0777      5.029
    6       -5.51        6.22       0.0631      5.688
    7       -8.25        1.28       0.0627      5.676
    8       -6.19       -0.39       0.0586      5.678
    9       -9.85        1.44       0.0579      6.126
   10       -9.71        5.65       0.0573      6.223
