              _             
             (_)            
   __ _ _ __  _ _ __   __ _ 
  / _` | '_ \| | '_ \ / _` |
 | (_| | | | | | | | | (_| |
  \__, |_| |_|_|_| |_|\__,_|
   __/ |                    
  |___/                     

gnina v1.3.3 master:6fe1ce2   Built Jun 30 2026.
gnina is based on smina and AutoDock Vina.
Please cite appropriately.

Commandline: gnina -r results/DOCKING/7AAA.mol2 -l results/DOCKING/ligands_sdf/ligando_832.sdf -o results/DOCKING/results_mol2/docked_ligando_832.mol2 --center_x 8.59 --center_y 39.35 --center_z 9.53 --size_x 22 --size_y 16 --size_z 24 --num_modes 10 --exhaustiveness 8 --seed 1
Using random seed: 1

0%   10   20   30   40   50   60   70   80   90   100%
|----|----|----|----|----|----|----|----|----|----|
***************************************************
MolPort-004-986-189 CSSS00159779203 MCULE-3938171623 PubChem-45162554 | pose 0 | initial pose not within box
MolPort-004-986-189 CSSS00159779203 MCULE-3938171623 PubChem-45162554 | pose 0 | ligand outside box

mode |  affinity  |  intramol  |    CNN     |   CNN
     | (kcal/mol) | (kcal/mol) | pose score | affinity
-----+------------+------------+------------+----------
    1       -7.62       -0.39       0.1242      6.447
    2       -8.72       -0.93       0.1192      6.628
    3       -8.90        1.13       0.1136      6.407
    4       -7.91       -1.37       0.0900      6.360
    5       -5.84        2.16       0.0865      6.252
    6       -7.49       -1.05       0.0788      6.210
    7       -7.74        0.01       0.0786      6.204
    8       -9.37       -0.70       0.0715      5.703
    9       -0.01       -0.78       0.0651      5.043
   10       -6.87       -0.34       0.0612      6.309
