              _             
             (_)            
   __ _ _ __  _ _ __   __ _ 
  / _` | '_ \| | '_ \ / _` |
 | (_| | | | | | | | | (_| |
  \__, |_| |_|_|_| |_|\__,_|
   __/ |                    
  |___/                     

gnina v1.3.3 master:6fe1ce2   Built Jun 30 2026.
gnina is based on smina and AutoDock Vina.
Please cite appropriately.

Commandline: gnina -r results/DOCKING/7AAA.mol2 -l results/DOCKING/ligands_sdf/ligando_409.sdf -o results/DOCKING/results_mol2/docked_ligando_409.mol2 --center_x 8.59 --center_y 39.35 --center_z 9.53 --size_x 22 --size_y 16 --size_z 24 --num_modes 10 --exhaustiveness 8 --seed 1
Using random seed: 1

0%   10   20   30   40   50   60   70   80   90   100%
|----|----|----|----|----|----|----|----|----|----|
***************************************************
Molport-020-292-441 MCULE-1404467033 PubChem-110264909 | pose 0 | ligand outside box
Molport-020-292-441 MCULE-1404467033 PubChem-110264909 | pose 0 | ligand outside box
Molport-020-292-441 MCULE-1404467033 PubChem-110264909 | pose 0 | ligand outside box
Molport-020-292-441 MCULE-1404467033 PubChem-110264909 | pose 0 | ligand outside box
Molport-020-292-441 MCULE-1404467033 PubChem-110264909 | pose 0 | ligand outside box
Molport-020-292-441 MCULE-1404467033 PubChem-110264909 | pose 0 | ligand outside box
Molport-020-292-441 MCULE-1404467033 PubChem-110264909 | pose 0 | ligand outside box

mode |  affinity  |  intramol  |    CNN     |   CNN
     | (kcal/mol) | (kcal/mol) | pose score | affinity
-----+------------+------------+------------+----------
    1       -7.97       -0.71       0.2093      6.552
    2      -11.92       -0.43       0.1129      5.769
    3      -12.04       -0.47       0.1058      6.344
    4       -4.76       -0.22       0.0832      5.646
    5       -9.20       -0.41       0.0648      5.937
    6       -9.07       -0.16       0.0593      6.050
    7      -10.09       -0.14       0.0569      6.001
    8       -9.84       -0.53       0.0507      5.595
    9      -10.72       -0.93       0.0495      5.457
   10       -9.51       -0.65       0.0452      5.508
