              _             
             (_)            
   __ _ _ __  _ _ __   __ _ 
  / _` | '_ \| | '_ \ / _` |
 | (_| | | | | | | | | (_| |
  \__, |_| |_|_|_| |_|\__,_|
   __/ |                    
  |___/                     

gnina v1.3.3 master:6fe1ce2   Built Jun 30 2026.
gnina is based on smina and AutoDock Vina.
Please cite appropriately.

Commandline: gnina -r results/DOCKING/7AAA.mol2 -l results/DOCKING/ligands_sdf/ligando_447.sdf -o results/DOCKING/results_mol2/docked_ligando_447.mol2 --center_x 8.59 --center_y 39.35 --center_z 9.53 --size_x 22 --size_y 16 --size_z 24 --num_modes 10 --exhaustiveness 8 --seed 1
Using random seed: 1

0%   10   20   30   40   50   60   70   80   90   100%
|----|----|----|----|----|----|----|----|----|----|
***************************************************

mode |  affinity  |  intramol  |    CNN     |   CNN
     | (kcal/mol) | (kcal/mol) | pose score | affinity
-----+------------+------------+------------+----------
    1       -5.79       -0.26       0.3584      4.649
    2       -5.50       -0.28       0.2993      4.791
    3       -8.24       -0.12       0.2947      5.328
    4       -8.79       -0.18       0.2844      5.744
    5       -8.54       -0.06       0.1981      5.645
    6       -7.56        1.29       0.1895      5.341
    7       -6.68       -0.25       0.1756      5.299
    8       -7.72        0.03       0.1468      5.139
    9       -6.67       -0.62       0.1385      5.018
   10       -6.96       -0.46       0.1265      5.000
