              _             
             (_)            
   __ _ _ __  _ _ __   __ _ 
  / _` | '_ \| | '_ \ / _` |
 | (_| | | | | | | | | (_| |
  \__, |_| |_|_|_| |_|\__,_|
   __/ |                    
  |___/                     

gnina v1.3.3 master:6fe1ce2   Built Jun 30 2026.
gnina is based on smina and AutoDock Vina.
Please cite appropriately.

Commandline: gnina -r results/DOCKING/7AAA.mol2 -l results/DOCKING/ligands_sdf/ligando_023.sdf -o results/DOCKING/results_mol2/docked_ligando_023.mol2 --center_x 8.59 --center_y 39.35 --center_z 9.53 --size_x 22 --size_y 16 --size_z 24 --num_modes 10 --exhaustiveness 8 --seed 1
Using random seed: 1

0%   10   20   30   40   50   60   70   80   90   100%
|----|----|----|----|----|----|----|----|----|----|
***************************************************
MolPort-047-072-557 PubChem-132766378 | pose 0 | ligand outside box
MolPort-047-072-557 PubChem-132766378 | pose 0 | ligand outside box
MolPort-047-072-557 PubChem-132766378 | pose 0 | ligand outside box
MolPort-047-072-557 PubChem-132766378 | pose 0 | ligand outside box
MolPort-047-072-557 PubChem-132766378 | pose 0 | ligand outside box

mode |  affinity  |  intramol  |    CNN     |   CNN
     | (kcal/mol) | (kcal/mol) | pose score | affinity
-----+------------+------------+------------+----------
    1        1.40       -0.40       0.3235      6.234
    2      -11.51        0.55       0.2480      6.783
    3       -4.89       -0.41       0.2051      6.359
    4        4.01        0.24       0.1821      5.384
    5      -11.24        2.39       0.1514      6.769
    6       -5.65       -0.39       0.1480      6.074
    7        4.35       -0.93       0.1475      6.058
    8      -10.36       -0.61       0.1439      6.786
    9       -6.96       -0.82       0.1119      6.061
   10       16.20       -0.93       0.0956      5.817
