              _             
             (_)            
   __ _ _ __  _ _ __   __ _ 
  / _` | '_ \| | '_ \ / _` |
 | (_| | | | | | | | | (_| |
  \__, |_| |_|_|_| |_|\__,_|
   __/ |                    
  |___/                     

gnina v1.3.3 master:6fe1ce2   Built Jun 30 2026.
gnina is based on smina and AutoDock Vina.
Please cite appropriately.

Commandline: gnina -r results/DOCKING/7AAA.mol2 -l results/DOCKING/ligands_sdf/ligando_536.sdf -o results/DOCKING/results_mol2/docked_ligando_536.mol2 --center_x 8.59 --center_y 39.35 --center_z 9.53 --size_x 22 --size_y 16 --size_z 24 --num_modes 10 --exhaustiveness 8 --seed 1
Using random seed: 1

0%   10   20   30   40   50   60   70   80   90   100%
|----|----|----|----|----|----|----|----|----|----|
***************************************************

mode |  affinity  |  intramol  |    CNN     |   CNN
     | (kcal/mol) | (kcal/mol) | pose score | affinity
-----+------------+------------+------------+----------
    1       -6.95       -0.31       0.1481      6.246
    2       -9.99        1.29       0.0999      6.081
    3       -9.50       -0.22       0.0875      4.967
    4      -11.06       -0.73       0.0708      4.984
    5       -7.60        0.33       0.0622      5.565
    6       -9.82        0.05       0.0608      5.615
    7       -9.83       -0.59       0.0582      5.614
    8       -8.99        0.68       0.0561      5.837
    9       -9.55       -0.30       0.0535      5.178
   10       -9.72        0.28       0.0498      5.939
