              _             
             (_)            
   __ _ _ __  _ _ __   __ _ 
  / _` | '_ \| | '_ \ / _` |
 | (_| | | | | | | | | (_| |
  \__, |_| |_|_|_| |_|\__,_|
   __/ |                    
  |___/                     

gnina v1.3.3 master:6fe1ce2   Built Jun 30 2026.
gnina is based on smina and AutoDock Vina.
Please cite appropriately.

Commandline: gnina -r results/DOCKING/7AAA.mol2 -l results/DOCKING/ligands_sdf/ligando_297.sdf -o results/DOCKING/results_mol2/docked_ligando_297.mol2 --center_x 8.59 --center_y 39.35 --center_z 9.53 --size_x 22 --size_y 16 --size_z 24 --num_modes 10 --exhaustiveness 8 --seed 1
Using random seed: 1

0%   10   20   30   40   50   60   70   80   90   100%
|----|----|----|----|----|----|----|----|----|----|
***************************************************

mode |  affinity  |  intramol  |    CNN     |   CNN
     | (kcal/mol) | (kcal/mol) | pose score | affinity
-----+------------+------------+------------+----------
    1       -7.57       -0.47       0.4595      4.556
    2       -7.87        0.16       0.3777      4.944
    3       -6.65       -0.40       0.2467      4.356
    4       -6.17       -0.40       0.2352      4.640
    5       -7.07        0.20       0.2008      3.824
    6       -6.72       -0.41       0.1982      4.383
    7       -6.38       -0.54       0.1902      4.427
    8       -7.64        0.08       0.1874      4.281
    9       -5.66       -0.57       0.1831      4.184
   10       -6.71       -0.39       0.1821      4.327
