              _             
             (_)            
   __ _ _ __  _ _ __   __ _ 
  / _` | '_ \| | '_ \ / _` |
 | (_| | | | | | | | | (_| |
  \__, |_| |_|_|_| |_|\__,_|
   __/ |                    
  |___/                     

gnina v1.3.3 master:6fe1ce2   Built Jun 30 2026.
gnina is based on smina and AutoDock Vina.
Please cite appropriately.

Commandline: gnina -r results/DOCKING/7AAA.mol2 -l results/DOCKING/ligands_sdf/ligando_245.sdf -o results/DOCKING/results_mol2/docked_ligando_245.mol2 --center_x 8.59 --center_y 39.35 --center_z 9.53 --size_x 22 --size_y 16 --size_z 24 --num_modes 10 --exhaustiveness 8 --seed 1
Using random seed: 1

0%   10   20   30   40   50   60   70   80   90   100%
|----|----|----|----|----|----|----|----|----|----|
***************************************************

mode |  affinity  |  intramol  |    CNN     |   CNN
     | (kcal/mol) | (kcal/mol) | pose score | affinity
-----+------------+------------+------------+----------
    1       -9.27       -0.32       0.2479      5.827
    2       -9.00       -0.49       0.1557      5.795
    3       -9.39       -0.67       0.1458      5.459
    4       -9.26       -0.52       0.1392      5.589
    5       -8.53       -0.60       0.1126      5.637
    6       -8.71       -0.53       0.1099      5.631
    7       -8.70       -0.26       0.0929      5.017
    8       -8.45       -0.48       0.0913      4.727
    9       -8.77       -0.78       0.0829      5.419
   10       -9.45       -0.65       0.0824      5.116
