              _             
             (_)            
   __ _ _ __  _ _ __   __ _ 
  / _` | '_ \| | '_ \ / _` |
 | (_| | | | | | | | | (_| |
  \__, |_| |_|_|_| |_|\__,_|
   __/ |                    
  |___/                     

gnina v1.3.3 master:6fe1ce2   Built Jun 30 2026.
gnina is based on smina and AutoDock Vina.
Please cite appropriately.

Commandline: gnina -r results/DOCKING/7AAA.mol2 -l results/DOCKING/ligands_sdf/ligando_054.sdf -o results/DOCKING/results_mol2/docked_ligando_054.mol2 --center_x 8.59 --center_y 39.35 --center_z 9.53 --size_x 22 --size_y 16 --size_z 24 --num_modes 10 --exhaustiveness 8 --seed 1
Using random seed: 1

0%   10   20   30   40   50   60   70   80   90   100%
|----|----|----|----|----|----|----|----|----|----|
***************************************************

mode |  affinity  |  intramol  |    CNN     |   CNN
     | (kcal/mol) | (kcal/mol) | pose score | affinity
-----+------------+------------+------------+----------
    1       -8.76       -0.32       0.4506      6.204
    2       -8.92       -0.39       0.3211      5.976
    3       -7.78       -0.22       0.2613      5.530
    4       -8.87       -0.51       0.2265      5.687
    5       -8.12       -0.19       0.1692      5.726
    6       -8.44       -0.68       0.1683      5.370
    7       -7.95       -0.45       0.1588      5.312
    8       -8.21       -0.34       0.1505      5.403
    9       -7.43       -0.41       0.1408      5.828
   10       -9.04       -0.05       0.1223      4.982
