              _             
             (_)            
   __ _ _ __  _ _ __   __ _ 
  / _` | '_ \| | '_ \ / _` |
 | (_| | | | | | | | | (_| |
  \__, |_| |_|_|_| |_|\__,_|
   __/ |                    
  |___/                     

gnina v1.3.3 master:6fe1ce2   Built Jun 30 2026.
gnina is based on smina and AutoDock Vina.
Please cite appropriately.

Commandline: gnina -r results/DOCKING/7AAA.mol2 -l results/DOCKING/ligands_sdf/ligando_783.sdf -o results/DOCKING/results_mol2/docked_ligando_783.mol2 --center_x 8.59 --center_y 39.35 --center_z 9.53 --size_x 22 --size_y 16 --size_z 24 --num_modes 10 --exhaustiveness 8 --seed 1
Using random seed: 1

0%   10   20   30   40   50   60   70   80   90   100%
|----|----|----|----|----|----|----|----|----|----|
***************************************************

mode |  affinity  |  intramol  |    CNN     |   CNN
     | (kcal/mol) | (kcal/mol) | pose score | affinity
-----+------------+------------+------------+----------
    1       -6.53        0.09       0.9631      5.272
    2       -6.66        0.24       0.9014      4.657
    3       -6.67       -0.25       0.8975      4.503
    4       -6.34        0.53       0.7598      4.399
    5       -5.95       -0.22       0.7363      4.390
    6       -5.96       -0.30       0.5854      4.413
    7       -5.88       -0.04       0.3862      4.281
    8       -6.13        0.73       0.2956      4.276
    9       -5.64       -0.05       0.2450      3.935
   10       -5.92        0.62       0.2315      3.694
