              _             
             (_)            
   __ _ _ __  _ _ __   __ _ 
  / _` | '_ \| | '_ \ / _` |
 | (_| | | | | | | | | (_| |
  \__, |_| |_|_|_| |_|\__,_|
   __/ |                    
  |___/                     

gnina v1.3.3 master:6fe1ce2   Built Jun 30 2026.
gnina is based on smina and AutoDock Vina.
Please cite appropriately.

Commandline: gnina -r results/DOCKING/7AAA.mol2 -l results/DOCKING/ligands_sdf/ligando_779.sdf -o results/DOCKING/results_mol2/docked_ligando_779.mol2 --center_x 8.59 --center_y 39.35 --center_z 9.53 --size_x 22 --size_y 16 --size_z 24 --num_modes 10 --exhaustiveness 8 --seed 1
Using random seed: 1

0%   10   20   30   40   50   60   70   80   90   100%
|----|----|----|----|----|----|----|----|----|----|
***************************************************

mode |  affinity  |  intramol  |    CNN     |   CNN
     | (kcal/mol) | (kcal/mol) | pose score | affinity
-----+------------+------------+------------+----------
    1       -8.77       -0.35       0.9185      5.997
    2       -7.93       -0.12       0.5298      4.832
    3       -8.80       -0.72       0.4681      5.289
    4       -8.22       -0.07       0.4064      5.014
    5       -7.87       -0.23       0.2372      4.807
    6       -8.57       -0.03       0.1955      4.799
    7       -8.39       -0.08       0.1935      4.823
    8       -8.34       -0.21       0.1460      4.603
    9       -7.47       -0.41       0.1135      4.698
   10       -7.79       -0.10       0.0735      3.823
