              _             
             (_)            
   __ _ _ __  _ _ __   __ _ 
  / _` | '_ \| | '_ \ / _` |
 | (_| | | | | | | | | (_| |
  \__, |_| |_|_|_| |_|\__,_|
   __/ |                    
  |___/                     

gnina v1.3.3 master:6fe1ce2   Built Jun 30 2026.
gnina is based on smina and AutoDock Vina.
Please cite appropriately.

Commandline: gnina -r results/DOCKING/7AAA.mol2 -l results/DOCKING/ligands_sdf/ligando_689.sdf -o results/DOCKING/results_mol2/docked_ligando_689.mol2 --center_x 8.59 --center_y 39.35 --center_z 9.53 --size_x 22 --size_y 16 --size_z 24 --num_modes 10 --exhaustiveness 8 --seed 1
Using random seed: 1

0%   10   20   30   40   50   60   70   80   90   100%
|----|----|----|----|----|----|----|----|----|----|
***************************************************
MolPort-003-009-719 1509443 BKPLWSSOYAGQPR-UHFFFAOYSA-N CSSS00104891008 LN01379873 MCULE-7706064655 PubChem-160276703 PubChem-3279893 ZINC000001509443 ZINC01509443 | pose 0 | initial pose not within box

mode |  affinity  |  intramol  |    CNN     |   CNN
     | (kcal/mol) | (kcal/mol) | pose score | affinity
-----+------------+------------+------------+----------
    1       -8.38       -0.27       0.3273      5.090
    2       -7.81       -0.55       0.2365      4.990
    3       -7.20       -0.36       0.1783      4.871
    4       -8.97        2.07       0.1781      5.285
    5       -9.56       -0.17       0.1254      4.988
    6       -7.71        2.34       0.1190      4.670
    7       -7.35       -1.36       0.1064      4.881
    8       -9.59        0.74       0.0888      4.808
    9       -8.29       -0.47       0.0742      4.343
   10       -8.65       -0.86       0.0555      3.954
