              _             
             (_)            
   __ _ _ __  _ _ __   __ _ 
  / _` | '_ \| | '_ \ / _` |
 | (_| | | | | | | | | (_| |
  \__, |_| |_|_|_| |_|\__,_|
   __/ |                    
  |___/                     

gnina v1.3.3 master:6fe1ce2   Built Jun 30 2026.
gnina is based on smina and AutoDock Vina.
Please cite appropriately.

Commandline: gnina -r results/DOCKING/7AAA.mol2 -l results/DOCKING/ligands_sdf/ligando_148.sdf -o results/DOCKING/results_mol2/docked_ligando_148.mol2 --center_x 8.59 --center_y 39.35 --center_z 9.53 --size_x 22 --size_y 16 --size_z 24 --num_modes 10 --exhaustiveness 8 --seed 1
Using random seed: 1

0%   10   20   30   40   50   60   70   80   90   100%
|----|----|----|----|----|----|----|----|----|----|
***************************************************

mode |  affinity  |  intramol  |    CNN     |   CNN
     | (kcal/mol) | (kcal/mol) | pose score | affinity
-----+------------+------------+------------+----------
    1       -8.45       -0.54       0.4894      6.668
    2      -10.30       -0.84       0.3524      6.845
    3      -10.23       -0.45       0.3221      6.675
    4       -9.84       -0.70       0.1834      6.384
    5      -10.60       -0.17       0.1335      5.820
    6       -9.64       -0.68       0.1202      6.029
    7       -8.89       -0.33       0.1106      6.226
    8      -10.18       -0.74       0.0952      5.655
    9      -10.31        0.18       0.0862      5.548
   10       -9.49       -0.65       0.0740      4.922
