              _             
             (_)            
   __ _ _ __  _ _ __   __ _ 
  / _` | '_ \| | '_ \ / _` |
 | (_| | | | | | | | | (_| |
  \__, |_| |_|_|_| |_|\__,_|
   __/ |                    
  |___/                     

gnina v1.3.3 master:6fe1ce2   Built Jun 30 2026.
gnina is based on smina and AutoDock Vina.
Please cite appropriately.

Commandline: gnina -r results/DOCKING/7AAA.mol2 -l results/DOCKING/ligands_sdf/ligando_167.sdf -o results/DOCKING/results_mol2/docked_ligando_167.mol2 --center_x 8.59 --center_y 39.35 --center_z 9.53 --size_x 22 --size_y 16 --size_z 24 --num_modes 10 --exhaustiveness 8 --seed 1
Using random seed: 1

0%   10   20   30   40   50   60   70   80   90   100%
|----|----|----|----|----|----|----|----|----|----|
***************************************************

mode |  affinity  |  intramol  |    CNN     |   CNN
     | (kcal/mol) | (kcal/mol) | pose score | affinity
-----+------------+------------+------------+----------
    1       -9.20       -0.39       0.2198      5.628
    2       -9.37       -0.32       0.2103      5.579
    3       -9.43        0.31       0.1651      5.340
    4       -7.86        0.20       0.1551      5.204
    5       -8.12       -0.15       0.1508      5.332
    6       -9.09        0.05       0.1265      4.461
    7       -7.94       -0.51       0.1244      4.964
    8       -6.96       -0.01       0.1162      5.278
    9       -8.27       -0.68       0.0982      4.885
   10       -7.55       -0.56       0.0963      4.978
