              _             
             (_)            
   __ _ _ __  _ _ __   __ _ 
  / _` | '_ \| | '_ \ / _` |
 | (_| | | | | | | | | (_| |
  \__, |_| |_|_|_| |_|\__,_|
   __/ |                    
  |___/                     

gnina v1.3.3 master:6fe1ce2   Built Jun 30 2026.
gnina is based on smina and AutoDock Vina.
Please cite appropriately.

Commandline: gnina -r results/DOCKING/7AAA.mol2 -l results/DOCKING/ligands_sdf/ligando_227.sdf -o results/DOCKING/results_mol2/docked_ligando_227.mol2 --center_x 8.59 --center_y 39.35 --center_z 9.53 --size_x 22 --size_y 16 --size_z 24 --num_modes 10 --exhaustiveness 8 --seed 1
Using random seed: 1

0%   10   20   30   40   50   60   70   80   90   100%
|----|----|----|----|----|----|----|----|----|----|
***************************************************

mode |  affinity  |  intramol  |    CNN     |   CNN
     | (kcal/mol) | (kcal/mol) | pose score | affinity
-----+------------+------------+------------+----------
    1      -10.31       -0.73       0.2196      5.322
    2       -8.09       -0.71       0.1943      4.988
    3       -8.62       -1.17       0.1816      5.559
    4       -8.63       -0.97       0.1785      4.888
    5      -10.19       -0.53       0.1468      4.469
    6       -8.65       -0.55       0.1309      4.696
    7       -8.14       -0.17       0.1253      4.165
    8       -7.70       -0.87       0.1249      4.477
    9       -9.95       -0.67       0.1228      5.171
   10       -9.27       -0.16       0.1209      4.944
