              _             
             (_)            
   __ _ _ __  _ _ __   __ _ 
  / _` | '_ \| | '_ \ / _` |
 | (_| | | | | | | | | (_| |
  \__, |_| |_|_|_| |_|\__,_|
   __/ |                    
  |___/                     

gnina v1.3.3 master:6fe1ce2   Built Jun 30 2026.
gnina is based on smina and AutoDock Vina.
Please cite appropriately.

Commandline: gnina -r results/DOCKING/7AAA.mol2 -l results/DOCKING/ligands_sdf/ligando_344.sdf -o results/DOCKING/results_mol2/docked_ligando_344.mol2 --center_x 8.59 --center_y 39.35 --center_z 9.53 --size_x 22 --size_y 16 --size_z 24 --num_modes 10 --exhaustiveness 8 --seed 1
Using random seed: 1

0%   10   20   30   40   50   60   70   80   90   100%
|----|----|----|----|----|----|----|----|----|----|
***************************************************

mode |  affinity  |  intramol  |    CNN     |   CNN
     | (kcal/mol) | (kcal/mol) | pose score | affinity
-----+------------+------------+------------+----------
    1       -7.84       -0.35       0.1681      5.589
    2       -8.19       -0.12       0.1524      6.461
    3       -8.82        1.07       0.1129      4.991
    4       -8.83        0.49       0.0955      5.665
    5       -8.45        0.33       0.0859      4.877
    6       -8.15       -0.27       0.0800      4.798
    7       -8.17        0.10       0.0746      4.820
    8       -8.71       -0.47       0.0746      4.970
    9       -7.54       -1.36       0.0740      4.783
   10       -9.09        0.24       0.0657      4.975
