              _             
             (_)            
   __ _ _ __  _ _ __   __ _ 
  / _` | '_ \| | '_ \ / _` |
 | (_| | | | | | | | | (_| |
  \__, |_| |_|_|_| |_|\__,_|
   __/ |                    
  |___/                     

gnina v1.3.3 master:6fe1ce2   Built Jun 30 2026.
gnina is based on smina and AutoDock Vina.
Please cite appropriately.

Commandline: gnina -r results/DOCKING/7AAA.mol2 -l results/DOCKING/ligands_sdf/ligando_025.sdf -o results/DOCKING/results_mol2/docked_ligando_025.mol2 --center_x 8.59 --center_y 39.35 --center_z 9.53 --size_x 22 --size_y 16 --size_z 24 --num_modes 10 --exhaustiveness 8 --seed 1
Using random seed: 1

0%   10   20   30   40   50   60   70   80   90   100%
|----|----|----|----|----|----|----|----|----|----|
***************************************************

mode |  affinity  |  intramol  |    CNN     |   CNN
     | (kcal/mol) | (kcal/mol) | pose score | affinity
-----+------------+------------+------------+----------
    1       -8.41        0.88       0.7322      6.300
    2       -8.30        0.37       0.5730      6.072
    3       -7.78        0.47       0.4834      5.765
    4       -7.43        0.24       0.3225      5.870
    5       -8.63        0.70       0.2533      5.682
    6       -9.22        0.06       0.1516      4.923
    7       -8.01       -0.05       0.1361      5.424
    8       -8.93       -0.62       0.1264      4.662
    9       -8.32        0.95       0.1220      5.144
   10       -8.49       -0.20       0.0894      4.913
