              _             
             (_)            
   __ _ _ __  _ _ __   __ _ 
  / _` | '_ \| | '_ \ / _` |
 | (_| | | | | | | | | (_| |
  \__, |_| |_|_|_| |_|\__,_|
   __/ |                    
  |___/                     

gnina v1.3.3 master:6fe1ce2   Built Jun 30 2026.
gnina is based on smina and AutoDock Vina.
Please cite appropriately.

Commandline: gnina -r results/DOCKING/7AAA.mol2 -l results/DOCKING/ligands_sdf/ligando_814.sdf -o results/DOCKING/results_mol2/docked_ligando_814.mol2 --center_x 8.59 --center_y 39.35 --center_z 9.53 --size_x 22 --size_y 16 --size_z 24 --num_modes 10 --exhaustiveness 8 --seed 1
Using random seed: 1

0%   10   20   30   40   50   60   70   80   90   100%
|----|----|----|----|----|----|----|----|----|----|
***************************************************

mode |  affinity  |  intramol  |    CNN     |   CNN
     | (kcal/mol) | (kcal/mol) | pose score | affinity
-----+------------+------------+------------+----------
    1       -6.52       -1.12       0.3859      5.094
    2       -6.08        0.38       0.3790      5.200
    3       -7.10       -0.38       0.2447      5.091
    4       -7.11       -0.29       0.2298      4.375
    5       -6.34       -0.78       0.2132      4.409
    6       -6.51       -0.90       0.1774      4.360
    7       -7.02       -0.49       0.1530      4.684
    8       -6.57        0.60       0.1458      4.343
    9       -7.01       -0.63       0.1364      4.718
   10       -6.26       -0.84       0.1279      4.838
