              _             
             (_)            
   __ _ _ __  _ _ __   __ _ 
  / _` | '_ \| | '_ \ / _` |
 | (_| | | | | | | | | (_| |
  \__, |_| |_|_|_| |_|\__,_|
   __/ |                    
  |___/                     

gnina v1.3.3 master:6fe1ce2   Built Jun 30 2026.
gnina is based on smina and AutoDock Vina.
Please cite appropriately.

Commandline: gnina -r results/DOCKING/7AAA.mol2 -l results/DOCKING/ligands_sdf/ligando_197.sdf -o results/DOCKING/results_mol2/docked_ligando_197.mol2 --center_x 8.59 --center_y 39.35 --center_z 9.53 --size_x 22 --size_y 16 --size_z 24 --num_modes 10 --exhaustiveness 8 --seed 1
Using random seed: 1

0%   10   20   30   40   50   60   70   80   90   100%
|----|----|----|----|----|----|----|----|----|----|
***************************************************

mode |  affinity  |  intramol  |    CNN     |   CNN
     | (kcal/mol) | (kcal/mol) | pose score | affinity
-----+------------+------------+------------+----------
    1      -10.17       -0.20       0.2627      5.989
    2       -9.15       -0.28       0.2516      5.986
    3       -9.07       -0.24       0.2500      6.031
    4       -9.22        0.06       0.2115      5.954
    5       -8.98       -0.60       0.1786      5.725
    6       -8.74       -0.53       0.1531      5.198
    7      -10.15       -0.66       0.1527      5.298
    8       -9.17       -0.07       0.1299      5.277
    9       -9.28        0.06       0.1259      5.915
   10      -10.05       -0.39       0.1202      5.023
