              _             
             (_)            
   __ _ _ __  _ _ __   __ _ 
  / _` | '_ \| | '_ \ / _` |
 | (_| | | | | | | | | (_| |
  \__, |_| |_|_|_| |_|\__,_|
   __/ |                    
  |___/                     

gnina v1.3.3 master:6fe1ce2   Built Jun 30 2026.
gnina is based on smina and AutoDock Vina.
Please cite appropriately.

Commandline: gnina -r results/DOCKING/7AAA.mol2 -l results/DOCKING/ligands_sdf/ligando_641.sdf -o results/DOCKING/results_mol2/docked_ligando_641.mol2 --center_x 8.59 --center_y 39.35 --center_z 9.53 --size_x 22 --size_y 16 --size_z 24 --num_modes 10 --exhaustiveness 8 --seed 1
Using random seed: 1

0%   10   20   30   40   50   60   70   80   90   100%
|----|----|----|----|----|----|----|----|----|----|
***************************************************
MolPort-007-714-480 ChemDiv-E002-1797 MCULE-9825008472 PubChem-22510800 ZINC000006792409 ZINC06792409 | pose 0 | initial pose not within box

mode |  affinity  |  intramol  |    CNN     |   CNN
     | (kcal/mol) | (kcal/mol) | pose score | affinity
-----+------------+------------+------------+----------
    1       -9.58        0.90       0.4906      6.775
    2       -9.35       -0.06       0.3627      6.716
    3       -8.13        1.29       0.1198      6.149
    4       -8.97        0.31       0.0966      5.761
    5       -8.77        0.58       0.0919      5.772
    6       -6.95        1.42       0.0858      5.687
    7       -8.46        0.72       0.0796      5.628
    8       -8.88        0.49       0.0770      5.609
    9       -8.96        0.72       0.0742      5.754
   10       -9.12        0.10       0.0700      5.749
