              _             
             (_)            
   __ _ _ __  _ _ __   __ _ 
  / _` | '_ \| | '_ \ / _` |
 | (_| | | | | | | | | (_| |
  \__, |_| |_|_|_| |_|\__,_|
   __/ |                    
  |___/                     

gnina v1.3.3 master:6fe1ce2   Built Jun 30 2026.
gnina is based on smina and AutoDock Vina.
Please cite appropriately.

Commandline: gnina -r results/DOCKING/7AAA.mol2 -l results/DOCKING/ligands_sdf/ligando_639.sdf -o results/DOCKING/results_mol2/docked_ligando_639.mol2 --center_x 8.59 --center_y 39.35 --center_z 9.53 --size_x 22 --size_y 16 --size_z 24 --num_modes 10 --exhaustiveness 8 --seed 1
Using random seed: 1

0%   10   20   30   40   50   60   70   80   90   100%
|----|----|----|----|----|----|----|----|----|----|
***************************************************

mode |  affinity  |  intramol  |    CNN     |   CNN
     | (kcal/mol) | (kcal/mol) | pose score | affinity
-----+------------+------------+------------+----------
    1       -6.79       -0.35       0.5972      5.250
    2       -5.94       -0.30       0.2647      4.536
    3       -6.70       -0.72       0.2608      4.574
    4       -6.22       -0.71       0.2492      4.654
    5       -5.81       -0.60       0.2269      4.321
    6       -6.70       -0.59       0.1865      4.195
    7       -6.44       -0.21       0.1646      4.359
    8       -6.27       -0.43       0.1634      4.105
    9       -6.56       -0.66       0.1314      3.719
   10       -7.10       -0.85       0.1272      3.671
