              _             
             (_)            
   __ _ _ __  _ _ __   __ _ 
  / _` | '_ \| | '_ \ / _` |
 | (_| | | | | | | | | (_| |
  \__, |_| |_|_|_| |_|\__,_|
   __/ |                    
  |___/                     

gnina v1.3.3 master:6fe1ce2   Built Jun 30 2026.
gnina is based on smina and AutoDock Vina.
Please cite appropriately.

Commandline: gnina -r results/DOCKING/7AAA.mol2 -l results/DOCKING/ligands_sdf/ligando_426.sdf -o results/DOCKING/results_mol2/docked_ligando_426.mol2 --center_x 8.59 --center_y 39.35 --center_z 9.53 --size_x 22 --size_y 16 --size_z 24 --num_modes 10 --exhaustiveness 8 --seed 1
Using random seed: 1

0%   10   20   30   40   50   60   70   80   90   100%
|----|----|----|----|----|----|----|----|----|----|
***************************************************

mode |  affinity  |  intramol  |    CNN     |   CNN
     | (kcal/mol) | (kcal/mol) | pose score | affinity
-----+------------+------------+------------+----------
    1       -9.24       -0.49       0.2700      6.182
    2       -8.69        0.88       0.2256      6.307
    3      -10.12        0.52       0.1915      4.797
    4       -8.92       -0.04       0.1883      5.823
    5       -8.50       -0.71       0.1639      5.914
    6       -9.96        0.79       0.1461      5.646
    7      -10.40        0.62       0.1281      4.634
    8       -8.33       -0.49       0.0944      5.188
    9       -9.36        0.30       0.0875      5.887
   10       -8.68       -0.03       0.0835      5.718
