              _             
             (_)            
   __ _ _ __  _ _ __   __ _ 
  / _` | '_ \| | '_ \ / _` |
 | (_| | | | | | | | | (_| |
  \__, |_| |_|_|_| |_|\__,_|
   __/ |                    
  |___/                     

gnina v1.3.3 master:6fe1ce2   Built Jun 30 2026.
gnina is based on smina and AutoDock Vina.
Please cite appropriately.

Commandline: gnina -r results/DOCKING/7AAA.mol2 -l results/DOCKING/ligands_sdf/ligando_005.sdf -o results/DOCKING/results_mol2/docked_ligando_005.mol2 --center_x 8.59 --center_y 39.35 --center_z 9.53 --size_x 22 --size_y 16 --size_z 24 --num_modes 10 --exhaustiveness 8 --seed 1
Using random seed: 1

0%   10   20   30   40   50   60   70   80   90   100%
|----|----|----|----|----|----|----|----|----|----|
***************************************************
MolPort-007-713-434 ChemDiv-E002-0303 MCULE-4203030002 PubChem-22509878 ZINC000006768035 | pose 0 | initial pose not within box
MolPort-007-713-434 ChemDiv-E002-0303 MCULE-4203030002 PubChem-22509878 ZINC000006768035 | pose 0 | ligand outside box

mode |  affinity  |  intramol  |    CNN     |   CNN
     | (kcal/mol) | (kcal/mol) | pose score | affinity
-----+------------+------------+------------+----------
    1       -5.38        2.39       0.3194      5.818
    2       -9.40       -0.26       0.2653      6.024
    3       -9.10       -0.23       0.1589      5.836
    4       -8.48        0.60       0.1479      5.523
    5       -8.18       -0.20       0.1264      5.436
    6       -3.57        0.16       0.1259      4.970
    7       -6.39        0.24       0.1199      5.628
    8        4.25        1.31       0.1019      5.147
    9       -7.65        0.63       0.0918      5.532
   10       -9.52        0.28       0.0777      5.367
