              _             
             (_)            
   __ _ _ __  _ _ __   __ _ 
  / _` | '_ \| | '_ \ / _` |
 | (_| | | | | | | | | (_| |
  \__, |_| |_|_|_| |_|\__,_|
   __/ |                    
  |___/                     

gnina v1.3.3 master:6fe1ce2   Built Jun 30 2026.
gnina is based on smina and AutoDock Vina.
Please cite appropriately.

Commandline: gnina -r results/DOCKING/7AAA.mol2 -l results/DOCKING/ligands_sdf/ligando_483.sdf -o results/DOCKING/results_mol2/docked_ligando_483.mol2 --center_x 8.59 --center_y 39.35 --center_z 9.53 --size_x 22 --size_y 16 --size_z 24 --num_modes 10 --exhaustiveness 8 --seed 1
Using random seed: 1

0%   10   20   30   40   50   60   70   80   90   100%
|----|----|----|----|----|----|----|----|----|----|
***************************************************

mode |  affinity  |  intramol  |    CNN     |   CNN
     | (kcal/mol) | (kcal/mol) | pose score | affinity
-----+------------+------------+------------+----------
    1       -8.91       -0.58       0.5754      6.187
    2       -8.83       -0.50       0.5680      6.319
    3       -8.83       -0.10       0.5476      6.381
    4       -8.76       -0.17       0.5205      6.439
    5       -8.07        0.03       0.4580      6.065
    6       -8.55       -0.30       0.4290      5.996
    7       -8.65       -0.57       0.2578      5.483
    8       -8.59       -0.46       0.2310      5.384
    9       -8.48       -0.41       0.2305      5.545
   10       -7.91       -0.08       0.2253      5.952
