              _             
             (_)            
   __ _ _ __  _ _ __   __ _ 
  / _` | '_ \| | '_ \ / _` |
 | (_| | | | | | | | | (_| |
  \__, |_| |_|_|_| |_|\__,_|
   __/ |                    
  |___/                     

gnina v1.3.3 master:6fe1ce2   Built Jun 30 2026.
gnina is based on smina and AutoDock Vina.
Please cite appropriately.

Commandline: gnina -r results/DOCKING/7AAA.mol2 -l results/DOCKING/ligands_sdf/ligando_381.sdf -o results/DOCKING/results_mol2/docked_ligando_381.mol2 --center_x 8.59 --center_y 39.35 --center_z 9.53 --size_x 22 --size_y 16 --size_z 24 --num_modes 10 --exhaustiveness 8 --seed 1
Using random seed: 1

0%   10   20   30   40   50   60   70   80   90   100%
|----|----|----|----|----|----|----|----|----|----|
***************************************************
MolPort-008-361-976 55060657 CSSS00160015778 MCULE-9327796142 PubChem-46984026 ZINC000055060657 ZINC55060657 | pose 0 | initial pose not within box

mode |  affinity  |  intramol  |    CNN     |   CNN
     | (kcal/mol) | (kcal/mol) | pose score | affinity
-----+------------+------------+------------+----------
    1       -7.84        0.29       0.5020      6.568
    2       -8.19       -0.12       0.2780      6.208
    3       -8.61        0.32       0.2192      5.591
    4       -8.44       -0.41       0.1618      5.559
    5       -7.74       -0.88       0.1603      4.876
    6       -7.59        0.39       0.1512      5.654
    7       -8.03       -0.04       0.1483      5.675
    8       -7.52       -0.58       0.1356      5.872
    9       -7.37        0.35       0.1303      5.149
   10       -7.91       -0.51       0.1227      5.992
