              _             
             (_)            
   __ _ _ __  _ _ __   __ _ 
  / _` | '_ \| | '_ \ / _` |
 | (_| | | | | | | | | (_| |
  \__, |_| |_|_|_| |_|\__,_|
   __/ |                    
  |___/                     

gnina v1.3.3 master:6fe1ce2   Built Jun 30 2026.
gnina is based on smina and AutoDock Vina.
Please cite appropriately.

Commandline: gnina -r results/DOCKING/7AAA.mol2 -l results/DOCKING/ligands_sdf/ligando_815.sdf -o results/DOCKING/results_mol2/docked_ligando_815.mol2 --center_x 8.59 --center_y 39.35 --center_z 9.53 --size_x 22 --size_y 16 --size_z 24 --num_modes 10 --exhaustiveness 8 --seed 1
Using random seed: 1

0%   10   20   30   40   50   60   70   80   90   100%
|----|----|----|----|----|----|----|----|----|----|
***************************************************

mode |  affinity  |  intramol  |    CNN     |   CNN
     | (kcal/mol) | (kcal/mol) | pose score | affinity
-----+------------+------------+------------+----------
    1       -7.15       -0.73       0.4964      5.966
    2       -8.37       -0.91       0.2622      5.321
    3       -8.05       -0.58       0.2443      5.488
    4       -7.77       -0.20       0.2426      5.358
    5       -7.35       -1.07       0.2389      5.065
    6       -7.33        0.05       0.2119      5.483
    7       -7.08       -0.96       0.1336      4.943
    8       -7.89       -0.29       0.1320      5.461
    9       -7.56       -0.84       0.1306      4.533
   10       -7.94        0.01       0.1267      5.251
