              _             
             (_)            
   __ _ _ __  _ _ __   __ _ 
  / _` | '_ \| | '_ \ / _` |
 | (_| | | | | | | | | (_| |
  \__, |_| |_|_|_| |_|\__,_|
   __/ |                    
  |___/                     

gnina v1.3.3 master:6fe1ce2   Built Jun 30 2026.
gnina is based on smina and AutoDock Vina.
Please cite appropriately.

Commandline: gnina -r results/DOCKING/7AAA.mol2 -l results/DOCKING/ligands_sdf/ligando_390.sdf -o results/DOCKING/results_mol2/docked_ligando_390.mol2 --center_x 8.59 --center_y 39.35 --center_z 9.53 --size_x 22 --size_y 16 --size_z 24 --num_modes 10 --exhaustiveness 8 --seed 1
Using random seed: 1

0%   10   20   30   40   50   60   70   80   90   100%
|----|----|----|----|----|----|----|----|----|----|
***************************************************

mode |  affinity  |  intramol  |    CNN     |   CNN
     | (kcal/mol) | (kcal/mol) | pose score | affinity
-----+------------+------------+------------+----------
    1      -10.72       -0.82       0.3316      6.510
    2        6.64        0.25       0.2940      5.215
    3       -0.29       -0.69       0.2275      5.651
    4      -10.15       -0.50       0.1509      5.911
    5       -1.48        0.67       0.1228      5.062
    6      -10.21        0.09       0.1187      6.113
    7      -10.32        0.47       0.1126      5.893
    8       -9.51       -0.37       0.1017      5.981
    9       -7.87       -0.70       0.0995      5.364
   10      -10.31        0.12       0.0906      6.170
