              _             
             (_)            
   __ _ _ __  _ _ __   __ _ 
  / _` | '_ \| | '_ \ / _` |
 | (_| | | | | | | | | (_| |
  \__, |_| |_|_|_| |_|\__,_|
   __/ |                    
  |___/                     

gnina v1.3.3 master:6fe1ce2   Built Jun 30 2026.
gnina is based on smina and AutoDock Vina.
Please cite appropriately.

Commandline: gnina -r results/DOCKING/7AAA.mol2 -l results/DOCKING/ligands_sdf/ligando_702.sdf -o results/DOCKING/results_mol2/docked_ligando_702.mol2 --center_x 8.59 --center_y 39.35 --center_z 9.53 --size_x 22 --size_y 16 --size_z 24 --num_modes 10 --exhaustiveness 8 --seed 1
Using random seed: 1

0%   10   20   30   40   50   60   70   80   90   100%
|----|----|----|----|----|----|----|----|----|----|
***************************************************

mode |  affinity  |  intramol  |    CNN     |   CNN
     | (kcal/mol) | (kcal/mol) | pose score | affinity
-----+------------+------------+------------+----------
    1       -7.92        2.34       0.1319      5.220
    2      -10.01        0.97       0.1038      5.068
    3       -9.64        0.32       0.0802      5.413
    4       -8.32       -0.74       0.0696      5.132
    5       -7.85       -0.23       0.0646      5.361
    6       -8.37        1.25       0.0624      5.928
    7       -7.61       -0.65       0.0571      4.730
    8       -7.71       -0.44       0.0524      4.996
    9       -8.40       -0.66       0.0468      4.585
   10       -7.91       -0.20       0.0437      4.856
