              _             
             (_)            
   __ _ _ __  _ _ __   __ _ 
  / _` | '_ \| | '_ \ / _` |
 | (_| | | | | | | | | (_| |
  \__, |_| |_|_|_| |_|\__,_|
   __/ |                    
  |___/                     

gnina v1.3.3 master:6fe1ce2   Built Jun 30 2026.
gnina is based on smina and AutoDock Vina.
Please cite appropriately.

Commandline: gnina -r results/DOCKING/7AAA.mol2 -l results/DOCKING/ligands_sdf/ligando_147.sdf -o results/DOCKING/results_mol2/docked_ligando_147.mol2 --center_x 8.59 --center_y 39.35 --center_z 9.53 --size_x 22 --size_y 16 --size_z 24 --num_modes 10 --exhaustiveness 8 --seed 1
Using random seed: 1

0%   10   20   30   40   50   60   70   80   90   100%
|----|----|----|----|----|----|----|----|----|----|
***************************************************

mode |  affinity  |  intramol  |    CNN     |   CNN
     | (kcal/mol) | (kcal/mol) | pose score | affinity
-----+------------+------------+------------+----------
    1      -10.73        0.48       0.5463      6.837
    2       -9.36        0.07       0.4265      6.793
    3      -10.92        0.05       0.2206      6.582
    4      -10.60        0.03       0.1845      6.618
    5      -10.33       -0.42       0.1526      6.288
    6      -10.01       -0.25       0.1517      6.497
    7       -9.87        0.45       0.1236      6.139
    8       -9.83        0.75       0.0928      6.332
    9      -10.69       -0.22       0.0923      5.949
   10      -11.64        3.25       0.0857      5.197
