              _             
             (_)            
   __ _ _ __  _ _ __   __ _ 
  / _` | '_ \| | '_ \ / _` |
 | (_| | | | | | | | | (_| |
  \__, |_| |_|_|_| |_|\__,_|
   __/ |                    
  |___/                     

gnina v1.3.3 master:6fe1ce2   Built Jun 30 2026.
gnina is based on smina and AutoDock Vina.
Please cite appropriately.

Commandline: gnina -r results/DOCKING/7AAA.mol2 -l results/DOCKING/ligands_sdf/ligando_291.sdf -o results/DOCKING/results_mol2/docked_ligando_291.mol2 --center_x 8.59 --center_y 39.35 --center_z 9.53 --size_x 22 --size_y 16 --size_z 24 --num_modes 10 --exhaustiveness 8 --seed 1
Using random seed: 1

0%   10   20   30   40   50   60   70   80   90   100%
|----|----|----|----|----|----|----|----|----|----|
***************************************************

mode |  affinity  |  intramol  |    CNN     |   CNN
     | (kcal/mol) | (kcal/mol) | pose score | affinity
-----+------------+------------+------------+----------
    1       -8.35        0.05       0.2076      5.562
    2       -9.90        0.05       0.1891      6.036
    3       -9.53        0.14       0.1728      5.989
    4       -9.33        0.03       0.1624      5.233
    5       -9.67       -0.08       0.1515      5.833
    6       -9.52       -0.27       0.1435      5.539
    7       -9.38       -0.11       0.1378      5.317
    8       -8.80       -0.34       0.1309      5.435
    9       -9.17       -0.07       0.1259      5.993
   10       -8.89        0.35       0.1191      5.897
