              _             
             (_)            
   __ _ _ __  _ _ __   __ _ 
  / _` | '_ \| | '_ \ / _` |
 | (_| | | | | | | | | (_| |
  \__, |_| |_|_|_| |_|\__,_|
   __/ |                    
  |___/                     

gnina v1.3.3 master:6fe1ce2   Built Jun 30 2026.
gnina is based on smina and AutoDock Vina.
Please cite appropriately.

Commandline: gnina -r results/DOCKING/7AAA.mol2 -l results/DOCKING/ligands_sdf/ligando_526.sdf -o results/DOCKING/results_mol2/docked_ligando_526.mol2 --center_x 8.59 --center_y 39.35 --center_z 9.53 --size_x 22 --size_y 16 --size_z 24 --num_modes 10 --exhaustiveness 8 --seed 1
Using random seed: 1

0%   10   20   30   40   50   60   70   80   90   100%
|----|----|----|----|----|----|----|----|----|----|
***************************************************
MolPort-029-896-536 96149094 CSSS00159654518 MCULE-9308766807 PubChem-72885521 ZINC000096149094 ZINC96149094 | pose 0 | initial pose not within box

mode |  affinity  |  intramol  |    CNN     |   CNN
     | (kcal/mol) | (kcal/mol) | pose score | affinity
-----+------------+------------+------------+----------
    1       -6.86        0.71       0.7052      6.640
    2       -7.32       -0.25       0.6514      6.462
    3       -7.50        0.23       0.3890      6.369
    4       -7.45        0.32       0.3117      6.247
    5       -7.53        0.21       0.2962      6.415
    6       -6.43       -0.36       0.1998      6.007
    7       -7.78       -0.61       0.1779      6.031
    8       -8.16        0.12       0.1605      5.710
    9       -7.53       -0.26       0.1406      5.533
   10       -7.79       -0.51       0.1303      5.100
