              _             
             (_)            
   __ _ _ __  _ _ __   __ _ 
  / _` | '_ \| | '_ \ / _` |
 | (_| | | | | | | | | (_| |
  \__, |_| |_|_|_| |_|\__,_|
   __/ |                    
  |___/                     

gnina v1.3.3 master:6fe1ce2   Built Jun 30 2026.
gnina is based on smina and AutoDock Vina.
Please cite appropriately.

Commandline: gnina -r results/DOCKING/7AAA.mol2 -l results/DOCKING/ligands_sdf/ligando_594.sdf -o results/DOCKING/results_mol2/docked_ligando_594.mol2 --center_x 8.59 --center_y 39.35 --center_z 9.53 --size_x 22 --size_y 16 --size_z 24 --num_modes 10 --exhaustiveness 8 --seed 1
Using random seed: 1

0%   10   20   30   40   50   60   70   80   90   100%
|----|----|----|----|----|----|----|----|----|----|
***************************************************
Molport-052-004-877 | pose 0 | ligand outside box
Molport-052-004-877 | pose 0 | ligand outside box

mode |  affinity  |  intramol  |    CNN     |   CNN
     | (kcal/mol) | (kcal/mol) | pose score | affinity
-----+------------+------------+------------+----------
    1       27.31       -0.56       0.2505      4.513
    2       -7.87        0.10       0.2246      5.527
    3       36.75       -0.16       0.1545      4.972
    4       -8.63       -0.25       0.1263      5.010
    5       -8.00        0.30       0.1171      5.598
    6       -8.23       -0.15       0.0949      5.285
    7       -7.99       -0.71       0.0895      4.953
    8       -0.45       -0.66       0.0803      4.876
    9       -8.52       -0.69       0.0764      4.506
   10       -8.79       -0.10       0.0737      4.913
