              _             
             (_)            
   __ _ _ __  _ _ __   __ _ 
  / _` | '_ \| | '_ \ / _` |
 | (_| | | | | | | | | (_| |
  \__, |_| |_|_|_| |_|\__,_|
   __/ |                    
  |___/                     

gnina v1.3.3 master:6fe1ce2   Built Jun 30 2026.
gnina is based on smina and AutoDock Vina.
Please cite appropriately.

Commandline: gnina -r results/DOCKING/7AAA.mol2 -l results/DOCKING/ligands_sdf/ligando_512.sdf -o results/DOCKING/results_mol2/docked_ligando_512.mol2 --center_x 8.59 --center_y 39.35 --center_z 9.53 --size_x 22 --size_y 16 --size_z 24 --num_modes 10 --exhaustiveness 8 --seed 1
Using random seed: 1

0%   10   20   30   40   50   60   70   80   90   100%
|----|----|----|----|----|----|----|----|----|----|
***************************************************

mode |  affinity  |  intramol  |    CNN     |   CNN
     | (kcal/mol) | (kcal/mol) | pose score | affinity
-----+------------+------------+------------+----------
    1       -9.81       -0.29       0.3254      5.759
    2      -10.25       -0.61       0.1838      5.980
    3       -7.94       -0.38       0.1664      5.779
    4       -7.89       -0.80       0.1023      5.824
    5       -9.17       -0.58       0.0980      6.011
    6       -9.39       -0.45       0.0668      5.291
    7       -8.82       -0.03       0.0649      5.430
    8       -9.03       -0.45       0.0597      5.130
    9       -9.65       -0.70       0.0535      5.168
   10       -8.62       -0.64       0.0464      4.844
