              _             
             (_)            
   __ _ _ __  _ _ __   __ _ 
  / _` | '_ \| | '_ \ / _` |
 | (_| | | | | | | | | (_| |
  \__, |_| |_|_|_| |_|\__,_|
   __/ |                    
  |___/                     

gnina v1.3.3 master:6fe1ce2   Built Jun 30 2026.
gnina is based on smina and AutoDock Vina.
Please cite appropriately.

Commandline: gnina -r results/DOCKING/7AAA.mol2 -l results/DOCKING/ligands_sdf/ligando_723.sdf -o results/DOCKING/results_mol2/docked_ligando_723.mol2 --center_x 8.59 --center_y 39.35 --center_z 9.53 --size_x 22 --size_y 16 --size_z 24 --num_modes 10 --exhaustiveness 8 --seed 1
Using random seed: 1

0%   10   20   30   40   50   60   70   80   90   100%
|----|----|----|----|----|----|----|----|----|----|
***************************************************
MolPort-010-852-391 41076402 ChemDiv-G952-3434 MCULE-9208365050 PubChem-52095934 ZINC000041076402 ZINC41076402 | pose 0 | initial pose not within box

mode |  affinity  |  intramol  |    CNN     |   CNN
     | (kcal/mol) | (kcal/mol) | pose score | affinity
-----+------------+------------+------------+----------
    1       -8.73        0.17       0.5254      6.016
    2       -8.59       -0.57       0.2142      5.016
    3       -8.09       -0.49       0.1461      5.233
    4       -8.72       -0.47       0.1008      4.798
    5       -7.35       -0.41       0.0900      5.454
    6       -7.74       -0.46       0.0778      5.307
    7       -8.18        0.00       0.0747      4.493
    8       -8.09       -0.50       0.0735      4.654
    9       -8.24       -0.26       0.0720      4.521
   10       -8.09       -0.50       0.0706      4.702
