              _             
             (_)            
   __ _ _ __  _ _ __   __ _ 
  / _` | '_ \| | '_ \ / _` |
 | (_| | | | | | | | | (_| |
  \__, |_| |_|_|_| |_|\__,_|
   __/ |                    
  |___/                     

gnina v1.3.3 master:6fe1ce2   Built Jun 30 2026.
gnina is based on smina and AutoDock Vina.
Please cite appropriately.

Commandline: gnina -r results/DOCKING/7AAA.mol2 -l results/DOCKING/ligands_sdf/ligando_674.sdf -o results/DOCKING/results_mol2/docked_ligando_674.mol2 --center_x 8.59 --center_y 39.35 --center_z 9.53 --size_x 22 --size_y 16 --size_z 24 --num_modes 10 --exhaustiveness 8 --seed 1
Using random seed: 1

0%   10   20   30   40   50   60   70   80   90   100%
|----|----|----|----|----|----|----|----|----|----|
***************************************************

mode |  affinity  |  intramol  |    CNN     |   CNN
     | (kcal/mol) | (kcal/mol) | pose score | affinity
-----+------------+------------+------------+----------
    1       20.49       -0.50       0.4033      5.655
    2        1.48        0.13       0.3417      4.849
    3       -4.76       -0.47       0.2206      4.900
    4        0.38       -0.33       0.1714      4.480
    5       -5.49       -0.20       0.1136      5.358
    6       -6.17        0.53       0.1075      4.926
    7       -6.97        0.62       0.0973      4.822
    8       -8.41        0.50       0.0943      4.856
    9       -6.02       -0.60       0.0886      4.553
   10        3.93       -0.59       0.0739      4.532
