              _             
             (_)            
   __ _ _ __  _ _ __   __ _ 
  / _` | '_ \| | '_ \ / _` |
 | (_| | | | | | | | | (_| |
  \__, |_| |_|_|_| |_|\__,_|
   __/ |                    
  |___/                     

gnina v1.3.3 master:6fe1ce2   Built Jun 30 2026.
gnina is based on smina and AutoDock Vina.
Please cite appropriately.

Commandline: gnina -r results/DOCKING/7AAA.mol2 -l results/DOCKING/ligands_sdf/ligando_008.sdf -o results/DOCKING/results_mol2/docked_ligando_008.mol2 --center_x 8.59 --center_y 39.35 --center_z 9.53 --size_x 22 --size_y 16 --size_z 24 --num_modes 10 --exhaustiveness 8 --seed 1
Using random seed: 1

0%   10   20   30   40   50   60   70   80   90   100%
|----|----|----|----|----|----|----|----|----|----|
***************************************************
MolPort-004-979-668 CSSS00160014156 MCULE-7658782327 PubChem-45159661 | pose 0 | initial pose not within box
MolPort-004-979-668 CSSS00160014156 MCULE-7658782327 PubChem-45159661 | pose 0 | ligand outside box
MolPort-004-979-668 CSSS00160014156 MCULE-7658782327 PubChem-45159661 | pose 0 | ligand outside box
MolPort-004-979-668 CSSS00160014156 MCULE-7658782327 PubChem-45159661 | pose 0 | ligand outside box

mode |  affinity  |  intramol  |    CNN     |   CNN
     | (kcal/mol) | (kcal/mol) | pose score | affinity
-----+------------+------------+------------+----------
    1       -6.80       -0.07       0.5001      6.666
    2       -7.79        1.64       0.3494      6.346
    3       -6.55        2.94       0.2183      6.672
    4       -8.75        0.65       0.1635      5.693
    5       -6.76       -1.55       0.1375      5.726
    6       -6.95       -0.59       0.1182      5.890
    7       -8.51        0.19       0.1069      6.273
    8       -8.95       -1.00       0.0927      5.350
    9       -9.04        0.06       0.0884      5.627
   10       -8.08       -0.19       0.0848      5.987
