              _             
             (_)            
   __ _ _ __  _ _ __   __ _ 
  / _` | '_ \| | '_ \ / _` |
 | (_| | | | | | | | | (_| |
  \__, |_| |_|_|_| |_|\__,_|
   __/ |                    
  |___/                     

gnina v1.3.3 master:6fe1ce2   Built Jun 30 2026.
gnina is based on smina and AutoDock Vina.
Please cite appropriately.

Commandline: gnina -r results/DOCKING/7AAA.mol2 -l results/DOCKING/ligands_sdf/ligando_042.sdf -o results/DOCKING/results_mol2/docked_ligando_042.mol2 --center_x 8.59 --center_y 39.35 --center_z 9.53 --size_x 22 --size_y 16 --size_z 24 --num_modes 10 --exhaustiveness 8 --seed 1
Using random seed: 1

0%   10   20   30   40   50   60   70   80   90   100%
|----|----|----|----|----|----|----|----|----|----|
***************************************************

mode |  affinity  |  intramol  |    CNN     |   CNN
     | (kcal/mol) | (kcal/mol) | pose score | affinity
-----+------------+------------+------------+----------
    1       -8.69       -0.34       0.4804      6.634
    2       -8.72       -0.43       0.4790      6.586
    3       -9.06       -0.61       0.3374      6.131
    4       -9.43       -0.40       0.3231      6.122
    5       -8.09       -0.63       0.3178      6.554
    6       -8.78       -0.19       0.2894      5.714
    7       -9.30       -0.55       0.2283      6.330
    8       -8.14        0.34       0.1558      6.002
    9       -8.85        0.67       0.1516      6.058
   10       -8.13        0.13       0.1207      5.618
