              _             
             (_)            
   __ _ _ __  _ _ __   __ _ 
  / _` | '_ \| | '_ \ / _` |
 | (_| | | | | | | | | (_| |
  \__, |_| |_|_|_| |_|\__,_|
   __/ |                    
  |___/                     

gnina v1.3.3 master:6fe1ce2   Built Jun 30 2026.
gnina is based on smina and AutoDock Vina.
Please cite appropriately.

Commandline: gnina -r results/DOCKING/7AAA.mol2 -l results/DOCKING/ligands_sdf/ligando_035.sdf -o results/DOCKING/results_mol2/docked_ligando_035.mol2 --center_x 8.59 --center_y 39.35 --center_z 9.53 --size_x 22 --size_y 16 --size_z 24 --num_modes 10 --exhaustiveness 8 --seed 1
Using random seed: 1

0%   10   20   30   40   50   60   70   80   90   100%
|----|----|----|----|----|----|----|----|----|----|
***************************************************
MolPort-019-787-623 628436 CSSS00121608801 LN01241672 MCULE-6214710365 PubChem-982687 ZINC000000628436 ZINC00628436 | pose 0 | ligand outside box
MolPort-019-787-623 628436 CSSS00121608801 LN01241672 MCULE-6214710365 PubChem-982687 ZINC000000628436 ZINC00628436 | pose 0 | ligand outside box
MolPort-019-787-623 628436 CSSS00121608801 LN01241672 MCULE-6214710365 PubChem-982687 ZINC000000628436 ZINC00628436 | pose 0 | ligand outside box
MolPort-019-787-623 628436 CSSS00121608801 LN01241672 MCULE-6214710365 PubChem-982687 ZINC000000628436 ZINC00628436 | pose 0 | ligand outside box
MolPort-019-787-623 628436 CSSS00121608801 LN01241672 MCULE-6214710365 PubChem-982687 ZINC000000628436 ZINC00628436 | pose 0 | ligand outside box
MolPort-019-787-623 628436 CSSS00121608801 LN01241672 MCULE-6214710365 PubChem-982687 ZINC000000628436 ZINC00628436 | pose 0 | initial pose not within box
MolPort-019-787-623 628436 CSSS00121608801 LN01241672 MCULE-6214710365 PubChem-982687 ZINC000000628436 ZINC00628436 | pose 0 | ligand outside box
MolPort-019-787-623 628436 CSSS00121608801 LN01241672 MCULE-6214710365 PubChem-982687 ZINC000000628436 ZINC00628436 | pose 0 | ligand outside box
MolPort-019-787-623 628436 CSSS00121608801 LN01241672 MCULE-6214710365 PubChem-982687 ZINC000000628436 ZINC00628436 | pose 0 | ligand outside box
MolPort-019-787-623 628436 CSSS00121608801 LN01241672 MCULE-6214710365 PubChem-982687 ZINC000000628436 ZINC00628436 | pose 0 | ligand outside box
MolPort-019-787-623 628436 CSSS00121608801 LN01241672 MCULE-6214710365 PubChem-982687 ZINC000000628436 ZINC00628436 | pose 0 | ligand outside box
MolPort-019-787-623 628436 CSSS00121608801 LN01241672 MCULE-6214710365 PubChem-982687 ZINC000000628436 ZINC00628436 | pose 0 | ligand outside box
MolPort-019-787-623 628436 CSSS00121608801 LN01241672 MCULE-6214710365 PubChem-982687 ZINC000000628436 ZINC00628436 | pose 0 | ligand outside box

mode |  affinity  |  intramol  |    CNN     |   CNN
     | (kcal/mol) | (kcal/mol) | pose score | affinity
-----+------------+------------+------------+----------
    1       -7.61       -0.70       0.3848      5.943
    2       32.44        0.13       0.2177      5.128
    3       -9.88        0.24       0.2030      5.686
    4       -0.38       -0.37       0.1598      4.099
    5       -5.11        0.59       0.1541      5.698
    6       -9.95       -0.19       0.1371      4.903
    7       -4.67       -0.71       0.1292      4.550
    8       -9.37        0.17       0.1174      5.714
    9       21.53        0.02       0.1122      5.412
   10       -4.51       -0.28       0.1108      4.379
