              _             
             (_)            
   __ _ _ __  _ _ __   __ _ 
  / _` | '_ \| | '_ \ / _` |
 | (_| | | | | | | | | (_| |
  \__, |_| |_|_|_| |_|\__,_|
   __/ |                    
  |___/                     

gnina v1.3.3 master:6fe1ce2   Built Jun 30 2026.
gnina is based on smina and AutoDock Vina.
Please cite appropriately.

Commandline: gnina -r results/DOCKING/7AAA.mol2 -l results/DOCKING/ligands_sdf/ligando_578.sdf -o results/DOCKING/results_mol2/docked_ligando_578.mol2 --center_x 8.59 --center_y 39.35 --center_z 9.53 --size_x 22 --size_y 16 --size_z 24 --num_modes 10 --exhaustiveness 8 --seed 1
Using random seed: 1

0%   10   20   30   40   50   60   70   80   90   100%
|----|----|----|----|----|----|----|----|----|----|
***************************************************
MolPort-008-317-398 36357030 CSSS00160790402 LN00864406 MCULE-2146435263 PubChem-45491985 ZINC000036357030 | pose 0 | ligand outside box
MolPort-008-317-398 36357030 CSSS00160790402 LN00864406 MCULE-2146435263 PubChem-45491985 ZINC000036357030 | pose 0 | ligand outside box
MolPort-008-317-398 36357030 CSSS00160790402 LN00864406 MCULE-2146435263 PubChem-45491985 ZINC000036357030 | pose 0 | ligand outside box
MolPort-008-317-398 36357030 CSSS00160790402 LN00864406 MCULE-2146435263 PubChem-45491985 ZINC000036357030 | pose 0 | ligand outside box

mode |  affinity  |  intramol  |    CNN     |   CNN
     | (kcal/mol) | (kcal/mol) | pose score | affinity
-----+------------+------------+------------+----------
    1       -8.93       -0.71       0.4720      6.673
    2       -9.56        0.11       0.1990      6.277
    3       -9.32       -0.81       0.1842      6.185
    4      -10.54       -0.20       0.1558      6.261
    5      -10.32       -0.19       0.1118      5.658
    6       -7.53       -0.21       0.0752      4.970
    7       -8.74       -0.39       0.0685      5.042
    8       -9.64       -0.02       0.0648      5.499
    9       -8.67       -0.77       0.0620      5.085
   10       -8.42       -0.52       0.0566      4.962
