              _             
             (_)            
   __ _ _ __  _ _ __   __ _ 
  / _` | '_ \| | '_ \ / _` |
 | (_| | | | | | | | | (_| |
  \__, |_| |_|_|_| |_|\__,_|
   __/ |                    
  |___/                     

gnina v1.3.3 master:6fe1ce2   Built Jun 30 2026.
gnina is based on smina and AutoDock Vina.
Please cite appropriately.

Commandline: gnina -r results/DOCKING/7AAA.mol2 -l results/DOCKING/ligands_sdf/ligando_455.sdf -o results/DOCKING/results_mol2/docked_ligando_455.mol2 --center_x 8.59 --center_y 39.35 --center_z 9.53 --size_x 22 --size_y 16 --size_z 24 --num_modes 10 --exhaustiveness 8 --seed 1
Using random seed: 1

0%   10   20   30   40   50   60   70   80   90   100%
|----|----|----|----|----|----|----|----|----|----|
***************************************************

mode |  affinity  |  intramol  |    CNN     |   CNN
     | (kcal/mol) | (kcal/mol) | pose score | affinity
-----+------------+------------+------------+----------
    1       -9.65        0.30       0.1579      6.257
    2       -8.77        0.38       0.1544      5.437
    3      -11.12        0.48       0.1332      5.757
    4       -8.49        1.38       0.1321      6.073
    5       -9.61        0.09       0.1255      6.111
    6       -8.80        0.42       0.1123      5.315
    7      -10.18        0.76       0.1051      5.371
    8       -9.48        0.55       0.1035      5.885
    9      -11.00        0.62       0.1021      5.423
   10       -9.58        0.46       0.0945      6.153
