              _             
             (_)            
   __ _ _ __  _ _ __   __ _ 
  / _` | '_ \| | '_ \ / _` |
 | (_| | | | | | | | | (_| |
  \__, |_| |_|_|_| |_|\__,_|
   __/ |                    
  |___/                     

gnina v1.3.3 master:6fe1ce2   Built Jun 30 2026.
gnina is based on smina and AutoDock Vina.
Please cite appropriately.

Commandline: gnina -r results/DOCKING/7AAA.mol2 -l results/DOCKING/ligands_sdf/ligando_730.sdf -o results/DOCKING/results_mol2/docked_ligando_730.mol2 --center_x 8.59 --center_y 39.35 --center_z 9.53 --size_x 22 --size_y 16 --size_z 24 --num_modes 10 --exhaustiveness 8 --seed 1
Using random seed: 1

0%   10   20   30   40   50   60   70   80   90   100%
|----|----|----|----|----|----|----|----|----|----|
***************************************************

mode |  affinity  |  intramol  |    CNN     |   CNN
     | (kcal/mol) | (kcal/mol) | pose score | affinity
-----+------------+------------+------------+----------
    1       -9.24        0.37       0.3679      6.332
    2       -9.11       -0.03       0.2744      6.158
    3       -7.00       -0.47       0.2327      5.344
    4       -9.35       -0.43       0.0771      5.669
    5       -2.58       -0.64       0.0694      4.283
    6       -8.20       -0.39       0.0347      3.967
    7       -7.82       -0.21       0.0276      5.015
    8       -7.51       -0.56       0.0221      4.477
    9       -9.84       -0.12       0.0210      4.002
   10       -8.15       -0.67       0.0194      4.758
