              _             
             (_)            
   __ _ _ __  _ _ __   __ _ 
  / _` | '_ \| | '_ \ / _` |
 | (_| | | | | | | | | (_| |
  \__, |_| |_|_|_| |_|\__,_|
   __/ |                    
  |___/                     

gnina v1.3.3 master:6fe1ce2   Built Jun 30 2026.
gnina is based on smina and AutoDock Vina.
Please cite appropriately.

Commandline: gnina -r results/DOCKING/7AAA.mol2 -l results/DOCKING/ligands_sdf/ligando_434.sdf -o results/DOCKING/results_mol2/docked_ligando_434.mol2 --center_x 8.59 --center_y 39.35 --center_z 9.53 --size_x 22 --size_y 16 --size_z 24 --num_modes 10 --exhaustiveness 8 --seed 1
Using random seed: 1

0%   10   20   30   40   50   60   70   80   90   100%
|----|----|----|----|----|----|----|----|----|----|
***************************************************
MolPort-046-673-186 MCULE-6479049078 PubChem-146048598 | pose 0 | initial pose not within box

mode |  affinity  |  intramol  |    CNN     |   CNN
     | (kcal/mol) | (kcal/mol) | pose score | affinity
-----+------------+------------+------------+----------
    1      -10.81       -0.25       0.2001      5.694
    2       -9.96        0.18       0.1647      5.771
    3      -11.93       -0.45       0.1538      4.969
    4      -12.21       -0.26       0.1448      4.925
    5       -9.58        0.16       0.1194      5.380
    6       -9.56       -0.36       0.1146      5.034
    7       -9.52        0.92       0.1107      5.715
    8      -11.31       -0.07       0.0914      4.905
    9       -9.41        0.01       0.0901      5.133
   10      -10.54       -0.84       0.0875      5.021
