              _             
             (_)            
   __ _ _ __  _ _ __   __ _ 
  / _` | '_ \| | '_ \ / _` |
 | (_| | | | | | | | | (_| |
  \__, |_| |_|_|_| |_|\__,_|
   __/ |                    
  |___/                     

gnina v1.3.3 master:6fe1ce2   Built Jun 30 2026.
gnina is based on smina and AutoDock Vina.
Please cite appropriately.

Commandline: gnina -r results/DOCKING/7AAA.mol2 -l results/DOCKING/ligands_sdf/ligando_248.sdf -o results/DOCKING/results_mol2/docked_ligando_248.mol2 --center_x 8.59 --center_y 39.35 --center_z 9.53 --size_x 22 --size_y 16 --size_z 24 --num_modes 10 --exhaustiveness 8 --seed 1
Using random seed: 1

0%   10   20   30   40   50   60   70   80   90   100%
|----|----|----|----|----|----|----|----|----|----|
***************************************************

mode |  affinity  |  intramol  |    CNN     |   CNN
     | (kcal/mol) | (kcal/mol) | pose score | affinity
-----+------------+------------+------------+----------
    1       -8.55        2.65       0.3790      6.297
    2       -8.61       -0.58       0.3682      6.192
    3       -8.67       -0.68       0.1430      5.145
    4       -8.66       -0.71       0.1124      4.823
    5       -8.98       -0.26       0.1119      4.443
    6       -9.17       -0.58       0.0898      4.603
    7       -7.84       -0.89       0.0883      4.488
    8       -8.27       -0.27       0.0867      4.621
    9       -7.83       -0.45       0.0859      4.868
   10       -7.54       -0.84       0.0773      4.610
