              _             
             (_)            
   __ _ _ __  _ _ __   __ _ 
  / _` | '_ \| | '_ \ / _` |
 | (_| | | | | | | | | (_| |
  \__, |_| |_|_|_| |_|\__,_|
   __/ |                    
  |___/                     

gnina v1.3.3 master:6fe1ce2   Built Jun 30 2026.
gnina is based on smina and AutoDock Vina.
Please cite appropriately.

Commandline: gnina -r results/DOCKING/7AAA.mol2 -l results/DOCKING/ligands_sdf/ligando_232.sdf -o results/DOCKING/results_mol2/docked_ligando_232.mol2 --center_x 8.59 --center_y 39.35 --center_z 9.53 --size_x 22 --size_y 16 --size_z 24 --num_modes 10 --exhaustiveness 8 --seed 1
Using random seed: 1

0%   10   20   30   40   50   60   70   80   90   100%
|----|----|----|----|----|----|----|----|----|----|
***************************************************
MolPort-000-825-472 CSSS00132827631 | pose 0 | initial pose not within box

mode |  affinity  |  intramol  |    CNN     |   CNN
     | (kcal/mol) | (kcal/mol) | pose score | affinity
-----+------------+------------+------------+----------
    1       -4.99        1.95       0.2260      6.083
    2       -4.70        0.20       0.2009      6.028
    3       -7.07        0.15       0.1895      6.275
    4       -6.62        1.68       0.1317      5.860
    5       -7.10        1.90       0.1283      6.329
    6       -7.91        1.73       0.0937      5.783
    7       -5.24        0.06       0.0930      5.729
    8       -6.35        1.29       0.0929      6.330
    9       -3.53        1.64       0.0899      5.756
   10      -10.67        0.64       0.0893      6.012
