              _             
             (_)            
   __ _ _ __  _ _ __   __ _ 
  / _` | '_ \| | '_ \ / _` |
 | (_| | | | | | | | | (_| |
  \__, |_| |_|_|_| |_|\__,_|
   __/ |                    
  |___/                     

gnina v1.3.3 master:6fe1ce2   Built Jun 30 2026.
gnina is based on smina and AutoDock Vina.
Please cite appropriately.

Commandline: gnina -r results/DOCKING/7AAA.mol2 -l results/DOCKING/ligands_sdf/ligando_069.sdf -o results/DOCKING/results_mol2/docked_ligando_069.mol2 --center_x 8.59 --center_y 39.35 --center_z 9.53 --size_x 22 --size_y 16 --size_z 24 --num_modes 10 --exhaustiveness 8 --seed 1
Using random seed: 1

0%   10   20   30   40   50   60   70   80   90   100%
|----|----|----|----|----|----|----|----|----|----|
***************************************************

mode |  affinity  |  intramol  |    CNN     |   CNN
     | (kcal/mol) | (kcal/mol) | pose score | affinity
-----+------------+------------+------------+----------
    1       -9.08       -0.19       0.7252      6.209
    2       -8.62       -0.33       0.5567      6.115
    3       -9.06       -0.46       0.5511      6.384
    4       -8.43       -0.30       0.4148      5.790
    5       -8.39        1.25       0.2236      4.998
    6       -9.68       -0.82       0.1509      5.639
    7       -9.02       -0.24       0.1442      5.297
    8       -9.97       -0.68       0.1378      5.141
    9       -8.15        0.02       0.1130      5.768
   10       -7.87       -0.53       0.1024      4.428
