              _             
             (_)            
   __ _ _ __  _ _ __   __ _ 
  / _` | '_ \| | '_ \ / _` |
 | (_| | | | | | | | | (_| |
  \__, |_| |_|_|_| |_|\__,_|
   __/ |                    
  |___/                     

gnina v1.3.3 master:6fe1ce2   Built Jun 30 2026.
gnina is based on smina and AutoDock Vina.
Please cite appropriately.

Commandline: gnina -r results/DOCKING/7AAA.mol2 -l results/DOCKING/ligands_sdf/ligando_764.sdf -o results/DOCKING/results_mol2/docked_ligando_764.mol2 --center_x 8.59 --center_y 39.35 --center_z 9.53 --size_x 22 --size_y 16 --size_z 24 --num_modes 10 --exhaustiveness 8 --seed 1
Using random seed: 1

0%   10   20   30   40   50   60   70   80   90   100%
|----|----|----|----|----|----|----|----|----|----|
***************************************************

mode |  affinity  |  intramol  |    CNN     |   CNN
     | (kcal/mol) | (kcal/mol) | pose score | affinity
-----+------------+------------+------------+----------
    1       -8.77        0.58       0.4123      5.817
    2       -8.14        1.92       0.3576      5.636
    3       -8.23       -0.15       0.3228      5.408
    4       -8.83       -0.08       0.2565      5.234
    5       -8.61       -0.00       0.2514      5.527
    6       -8.75        1.71       0.2158      5.087
    7       -6.61       -0.12       0.1955      5.619
    8       -8.73        1.14       0.1425      4.946
    9       -7.47        0.54       0.1348      5.126
   10       -7.27        0.23       0.1227      5.191
