              _             
             (_)            
   __ _ _ __  _ _ __   __ _ 
  / _` | '_ \| | '_ \ / _` |
 | (_| | | | | | | | | (_| |
  \__, |_| |_|_|_| |_|\__,_|
   __/ |                    
  |___/                     

gnina v1.3.3 master:6fe1ce2   Built Jun 30 2026.
gnina is based on smina and AutoDock Vina.
Please cite appropriately.

Commandline: gnina -r results/DOCKING/7AAA.mol2 -l results/DOCKING/ligands_sdf/ligando_516.sdf -o results/DOCKING/results_mol2/docked_ligando_516.mol2 --center_x 8.59 --center_y 39.35 --center_z 9.53 --size_x 22 --size_y 16 --size_z 24 --num_modes 10 --exhaustiveness 8 --seed 1
Using random seed: 1

0%   10   20   30   40   50   60   70   80   90   100%
|----|----|----|----|----|----|----|----|----|----|
***************************************************

mode |  affinity  |  intramol  |    CNN     |   CNN
     | (kcal/mol) | (kcal/mol) | pose score | affinity
-----+------------+------------+------------+----------
    1       -7.25       -1.12       0.1632      5.345
    2       -9.81        0.62       0.1593      6.369
    3       -8.24        1.16       0.1058      6.137
    4       -7.39       -0.44       0.0995      5.192
    5       -9.92        0.02       0.0888      5.921
    6       -8.04       -0.36       0.0882      5.154
    7       -7.46       -0.44       0.0761      5.088
    8       -8.73       -0.10       0.0726      5.109
    9       -9.94       -0.33       0.0649      5.467
   10       -8.71        0.36       0.0586      5.792
