              _             
             (_)            
   __ _ _ __  _ _ __   __ _ 
  / _` | '_ \| | '_ \ / _` |
 | (_| | | | | | | | | (_| |
  \__, |_| |_|_|_| |_|\__,_|
   __/ |                    
  |___/                     

gnina v1.3.3 master:6fe1ce2   Built Jun 30 2026.
gnina is based on smina and AutoDock Vina.
Please cite appropriately.

Commandline: gnina -r results/DOCKING/7AAA.mol2 -l results/DOCKING/ligands_sdf/ligando_546.sdf -o results/DOCKING/results_mol2/docked_ligando_546.mol2 --center_x 8.59 --center_y 39.35 --center_z 9.53 --size_x 22 --size_y 16 --size_z 24 --num_modes 10 --exhaustiveness 8 --seed 1
Using random seed: 1

0%   10   20   30   40   50   60   70   80   90   100%
|----|----|----|----|----|----|----|----|----|----|
***************************************************

mode |  affinity  |  intramol  |    CNN     |   CNN
     | (kcal/mol) | (kcal/mol) | pose score | affinity
-----+------------+------------+------------+----------
    1      -10.51       -0.14       0.4972      6.353
    2       -9.23        1.62       0.3215      6.511
    3       -9.04        0.11       0.2428      6.225
    4       -8.39       -0.40       0.2290      5.876
    5       -9.15        0.57       0.2244      6.164
    6       -8.32        3.86       0.2198      6.277
    7       -8.89       -0.37       0.2097      5.660
    8       -8.99        0.05       0.1851      5.759
    9       -9.08       -0.27       0.1811      5.747
   10       -8.23        0.31       0.1658      5.564
