              _             
             (_)            
   __ _ _ __  _ _ __   __ _ 
  / _` | '_ \| | '_ \ / _` |
 | (_| | | | | | | | | (_| |
  \__, |_| |_|_|_| |_|\__,_|
   __/ |                    
  |___/                     

gnina v1.3.3 master:6fe1ce2   Built Jun 30 2026.
gnina is based on smina and AutoDock Vina.
Please cite appropriately.

Commandline: gnina -r results/DOCKING/7AAA.mol2 -l results/DOCKING/ligands_sdf/ligando_045.sdf -o results/DOCKING/results_mol2/docked_ligando_045.mol2 --center_x 8.59 --center_y 39.35 --center_z 9.53 --size_x 22 --size_y 16 --size_z 24 --num_modes 10 --exhaustiveness 8 --seed 1
Using random seed: 1

0%   10   20   30   40   50   60   70   80   90   100%
|----|----|----|----|----|----|----|----|----|----|
***************************************************

mode |  affinity  |  intramol  |    CNN     |   CNN
     | (kcal/mol) | (kcal/mol) | pose score | affinity
-----+------------+------------+------------+----------
    1       -8.90        1.77       0.4414      6.838
    2       -9.13        0.63       0.3949      6.798
    3      -10.34        0.61       0.3048      6.443
    4       -9.99        0.10       0.2729      6.359
    5      -10.67        1.67       0.1912      6.104
    6      -10.77        0.97       0.1252      5.449
    7      -10.82        1.57       0.1222      5.763
    8      -10.55        0.92       0.1014      5.802
    9      -10.59        1.00       0.0992      4.939
   10       -8.14        1.18       0.0800      4.889
