              _             
             (_)            
   __ _ _ __  _ _ __   __ _ 
  / _` | '_ \| | '_ \ / _` |
 | (_| | | | | | | | | (_| |
  \__, |_| |_|_|_| |_|\__,_|
   __/ |                    
  |___/                     

gnina v1.3.3 master:6fe1ce2   Built Jun 30 2026.
gnina is based on smina and AutoDock Vina.
Please cite appropriately.

Commandline: gnina -r results/DOCKING/7AAA.mol2 -l results/DOCKING/ligands_sdf/ligando_441.sdf -o results/DOCKING/results_mol2/docked_ligando_441.mol2 --center_x 8.59 --center_y 39.35 --center_z 9.53 --size_x 22 --size_y 16 --size_z 24 --num_modes 10 --exhaustiveness 8 --seed 1
Using random seed: 1

0%   10   20   30   40   50   60   70   80   90   100%
|----|----|----|----|----|----|----|----|----|----|
***************************************************

mode |  affinity  |  intramol  |    CNN     |   CNN
     | (kcal/mol) | (kcal/mol) | pose score | affinity
-----+------------+------------+------------+----------
    1       -8.18       -0.27       0.5696      6.734
    2       -8.11        0.37       0.4633      6.540
    3       -8.92       -0.46       0.3645      6.438
    4       -8.90       -0.85       0.3417      6.296
    5       -8.74        0.84       0.3291      6.485
    6       -8.08        0.15       0.2820      6.351
    7       -9.11       -0.16       0.2059      5.695
    8       -9.61       -0.60       0.2055      5.724
    9       -8.73       -0.64       0.1807      5.972
   10       -7.36       -0.43       0.1521      5.910
