              _             
             (_)            
   __ _ _ __  _ _ __   __ _ 
  / _` | '_ \| | '_ \ / _` |
 | (_| | | | | | | | | (_| |
  \__, |_| |_|_|_| |_|\__,_|
   __/ |                    
  |___/                     

gnina v1.3.3 master:6fe1ce2   Built Jun 30 2026.
gnina is based on smina and AutoDock Vina.
Please cite appropriately.

Commandline: gnina -r results/DOCKING/7AAA.mol2 -l results/DOCKING/ligands_sdf/ligando_688.sdf -o results/DOCKING/results_mol2/docked_ligando_688.mol2 --center_x 8.59 --center_y 39.35 --center_z 9.53 --size_x 22 --size_y 16 --size_z 24 --num_modes 10 --exhaustiveness 8 --seed 1
Using random seed: 1

0%   10   20   30   40   50   60   70   80   90   100%
|----|----|----|----|----|----|----|----|----|----|
***************************************************
MolPort-051-561-905 CHEMBL5994056 CSSS06454646771 MCULE-8069612432 PubChem-135378781 | pose 0 | initial pose not within box

mode |  affinity  |  intramol  |    CNN     |   CNN
     | (kcal/mol) | (kcal/mol) | pose score | affinity
-----+------------+------------+------------+----------
    1      -10.87        0.77       0.6344      7.365
    2      -10.57        0.12       0.4913      7.147
    3      -10.50       -1.75       0.4770      7.350
    4       -9.49       -0.73       0.1780      6.845
    5       -9.74       -0.50       0.1489      6.743
    6       -7.90       -0.51       0.1468      6.771
    7      -10.14       -1.49       0.1352      6.409
    8       -9.14       -0.01       0.1008      6.582
    9       -9.43       -0.47       0.0831      5.735
   10       -9.90       -0.01       0.0749      6.460
