              _             
             (_)            
   __ _ _ __  _ _ __   __ _ 
  / _` | '_ \| | '_ \ / _` |
 | (_| | | | | | | | | (_| |
  \__, |_| |_|_|_| |_|\__,_|
   __/ |                    
  |___/                     

gnina v1.3.3 master:6fe1ce2   Built Jun 30 2026.
gnina is based on smina and AutoDock Vina.
Please cite appropriately.

Commandline: gnina -r results/DOCKING/7AAA.mol2 -l results/DOCKING/ligands_sdf/ligando_204.sdf -o results/DOCKING/results_mol2/docked_ligando_204.mol2 --center_x 8.59 --center_y 39.35 --center_z 9.53 --size_x 22 --size_y 16 --size_z 24 --num_modes 10 --exhaustiveness 8 --seed 1
Using random seed: 1

0%   10   20   30   40   50   60   70   80   90   100%
|----|----|----|----|----|----|----|----|----|----|
***************************************************

mode |  affinity  |  intramol  |    CNN     |   CNN
     | (kcal/mol) | (kcal/mol) | pose score | affinity
-----+------------+------------+------------+----------
    1       -8.83       -0.48       0.2881      6.115
    2       -9.72        0.50       0.2695      6.119
    3       -8.07       -0.31       0.2511      6.061
    4       -9.78        0.50       0.1896      5.725
    5       -8.12        0.61       0.1840      6.144
    6       -8.83       -0.08       0.1783      5.720
    7       -9.33       -0.25       0.1723      5.679
    8       -9.55        0.69       0.1624      5.932
    9       -7.50        0.16       0.1593      5.724
   10       -9.36       -0.33       0.1378      5.652
