              _             
             (_)            
   __ _ _ __  _ _ __   __ _ 
  / _` | '_ \| | '_ \ / _` |
 | (_| | | | | | | | | (_| |
  \__, |_| |_|_|_| |_|\__,_|
   __/ |                    
  |___/                     

gnina v1.3.3 master:6fe1ce2   Built Jun 30 2026.
gnina is based on smina and AutoDock Vina.
Please cite appropriately.

Commandline: gnina -r results/DOCKING/7AAA.mol2 -l results/DOCKING/ligands_sdf/ligando_540.sdf -o results/DOCKING/results_mol2/docked_ligando_540.mol2 --center_x 8.59 --center_y 39.35 --center_z 9.53 --size_x 22 --size_y 16 --size_z 24 --num_modes 10 --exhaustiveness 8 --seed 1
Using random seed: 1

0%   10   20   30   40   50   60   70   80   90   100%
|----|----|----|----|----|----|----|----|----|----|
***************************************************

mode |  affinity  |  intramol  |    CNN     |   CNN
     | (kcal/mol) | (kcal/mol) | pose score | affinity
-----+------------+------------+------------+----------
    1      -10.41        1.16       0.5508      6.797
    2      -11.07        2.16       0.2420      6.140
    3      -10.46        1.30       0.1663      5.993
    4       -9.37       -0.59       0.1504      5.326
    5      -10.95       -0.35       0.1419      5.620
    6       -9.69       -0.07       0.1340      5.454
    7      -10.92        1.04       0.1302      5.266
    8      -10.98        6.56       0.0927      5.834
    9       -9.56        0.14       0.0819      4.831
   10      -10.39        0.18       0.0797      5.467
