              _             
             (_)            
   __ _ _ __  _ _ __   __ _ 
  / _` | '_ \| | '_ \ / _` |
 | (_| | | | | | | | | (_| |
  \__, |_| |_|_|_| |_|\__,_|
   __/ |                    
  |___/                     

gnina v1.3.3 master:6fe1ce2   Built Jun 30 2026.
gnina is based on smina and AutoDock Vina.
Please cite appropriately.

Commandline: gnina -r results/DOCKING/7AAA.mol2 -l results/DOCKING/ligands_sdf/ligando_484.sdf -o results/DOCKING/results_mol2/docked_ligando_484.mol2 --center_x 8.59 --center_y 39.35 --center_z 9.53 --size_x 22 --size_y 16 --size_z 24 --num_modes 10 --exhaustiveness 8 --seed 1
Using random seed: 1

0%   10   20   30   40   50   60   70   80   90   100%
|----|----|----|----|----|----|----|----|----|----|
***************************************************

mode |  affinity  |  intramol  |    CNN     |   CNN
     | (kcal/mol) | (kcal/mol) | pose score | affinity
-----+------------+------------+------------+----------
    1       -6.89        0.05       0.5596      5.899
    2       -7.55       -0.05       0.5397      5.118
    3       -6.75       -0.40       0.4494      4.623
    4       -6.87        0.16       0.3454      5.193
    5       -6.43       -0.28       0.3438      4.848
    6       -7.08        0.20       0.3263      4.759
    7       -7.15        0.10       0.2915      4.777
    8       -7.28        0.26       0.2811      4.773
    9       -6.65       -0.41       0.2570      4.754
   10       -8.21       -0.44       0.2324      4.783
