              _             
             (_)            
   __ _ _ __  _ _ __   __ _ 
  / _` | '_ \| | '_ \ / _` |
 | (_| | | | | | | | | (_| |
  \__, |_| |_|_|_| |_|\__,_|
   __/ |                    
  |___/                     

gnina v1.3.3 master:6fe1ce2   Built Jun 30 2026.
gnina is based on smina and AutoDock Vina.
Please cite appropriately.

Commandline: gnina -r results/DOCKING/7AAA.mol2 -l results/DOCKING/ligands_sdf/ligando_301.sdf -o results/DOCKING/results_mol2/docked_ligando_301.mol2 --center_x 8.59 --center_y 39.35 --center_z 9.53 --size_x 22 --size_y 16 --size_z 24 --num_modes 10 --exhaustiveness 8 --seed 1
Using random seed: 1

0%   10   20   30   40   50   60   70   80   90   100%
|----|----|----|----|----|----|----|----|----|----|
***************************************************

mode |  affinity  |  intramol  |    CNN     |   CNN
     | (kcal/mol) | (kcal/mol) | pose score | affinity
-----+------------+------------+------------+----------
    1       -9.41        0.37       0.2089      6.363
    2       -8.29        0.87       0.1261      6.268
    3      -10.02        0.24       0.1128      6.188
    4       -9.05       -0.41       0.0934      5.328
    5      -10.56        0.47       0.0775      5.380
    6       -8.37        0.32       0.0760      5.195
    7       -8.74       -0.75       0.0742      5.551
    8       -7.70        0.08       0.0584      5.377
    9       -9.54        0.15       0.0577      5.934
   10      -10.70        0.88       0.0558      4.554
