              _             
             (_)            
   __ _ _ __  _ _ __   __ _ 
  / _` | '_ \| | '_ \ / _` |
 | (_| | | | | | | | | (_| |
  \__, |_| |_|_|_| |_|\__,_|
   __/ |                    
  |___/                     

gnina v1.3.3 master:6fe1ce2   Built Jun 30 2026.
gnina is based on smina and AutoDock Vina.
Please cite appropriately.

Commandline: gnina -r results/DOCKING/7AAA.mol2 -l results/DOCKING/ligands_sdf/ligando_685.sdf -o results/DOCKING/results_mol2/docked_ligando_685.mol2 --center_x 8.59 --center_y 39.35 --center_z 9.53 --size_x 22 --size_y 16 --size_z 24 --num_modes 10 --exhaustiveness 8 --seed 1
Using random seed: 1

0%   10   20   30   40   50   60   70   80   90   100%
|----|----|----|----|----|----|----|----|----|----|
***************************************************
MolPort-009-692-523 9203998 CSSS00106609010 MCULE-8697503382 PubChem-16953668 UXYJRMSYGVHNHR-UHFFFAOYSA-N ZINC000009203998 ZINC09203998 | pose 0 | initial pose not within box

mode |  affinity  |  intramol  |    CNN     |   CNN
     | (kcal/mol) | (kcal/mol) | pose score | affinity
-----+------------+------------+------------+----------
    1       69.65        1.83       0.3862      4.944
    2       -6.27        0.29       0.1390      6.096
    3       -8.28       -1.02       0.1373      6.145
    4       -4.02        0.20       0.0922      4.611
    5       -7.60        0.35       0.0648      4.884
    6       -3.55       -0.72       0.0572      3.906
    7      -10.94        0.29       0.0565      5.338
    8       -5.50        0.98       0.0555      5.348
    9      -10.01        1.11       0.0546      4.979
   10      -11.01        0.48       0.0522      5.265
