              _             
             (_)            
   __ _ _ __  _ _ __   __ _ 
  / _` | '_ \| | '_ \ / _` |
 | (_| | | | | | | | | (_| |
  \__, |_| |_|_|_| |_|\__,_|
   __/ |                    
  |___/                     

gnina v1.3.3 master:6fe1ce2   Built Jun 30 2026.
gnina is based on smina and AutoDock Vina.
Please cite appropriately.

Commandline: gnina -r results/DOCKING/7AAA.mol2 -l results/DOCKING/ligands_sdf/ligando_250.sdf -o results/DOCKING/results_mol2/docked_ligando_250.mol2 --center_x 8.59 --center_y 39.35 --center_z 9.53 --size_x 22 --size_y 16 --size_z 24 --num_modes 10 --exhaustiveness 8 --seed 1
Using random seed: 1

0%   10   20   30   40   50   60   70   80   90   100%
|----|----|----|----|----|----|----|----|----|----|
***************************************************

mode |  affinity  |  intramol  |    CNN     |   CNN
     | (kcal/mol) | (kcal/mol) | pose score | affinity
-----+------------+------------+------------+----------
    1       -9.39        2.52       0.4516      7.077
    2       -8.97        2.24       0.1741      6.637
    3       -9.27        0.23       0.1528      6.562
    4      -10.00        0.20       0.1465      6.413
    5       -8.73        0.95       0.1305      6.751
    6      -10.29        3.20       0.1295      6.981
    7      -10.38        1.42       0.1288      6.454
    8       -9.06       -0.06       0.1215      5.186
    9       -9.20        1.11       0.1163      6.147
   10       -8.86        1.37       0.1147      6.515
