              _             
             (_)            
   __ _ _ __  _ _ __   __ _ 
  / _` | '_ \| | '_ \ / _` |
 | (_| | | | | | | | | (_| |
  \__, |_| |_|_|_| |_|\__,_|
   __/ |                    
  |___/                     

gnina v1.3.3 master:6fe1ce2   Built Jun 30 2026.
gnina is based on smina and AutoDock Vina.
Please cite appropriately.

Commandline: gnina -r results/DOCKING/7AAA.mol2 -l results/DOCKING/ligands_sdf/ligando_696.sdf -o results/DOCKING/results_mol2/docked_ligando_696.mol2 --center_x 8.59 --center_y 39.35 --center_z 9.53 --size_x 22 --size_y 16 --size_z 24 --num_modes 10 --exhaustiveness 8 --seed 1
Using random seed: 1

0%   10   20   30   40   50   60   70   80   90   100%
|----|----|----|----|----|----|----|----|----|----|
***************************************************

mode |  affinity  |  intramol  |    CNN     |   CNN
     | (kcal/mol) | (kcal/mol) | pose score | affinity
-----+------------+------------+------------+----------
    1       -7.90        0.76       0.8763      5.877
    2       -7.62        0.19       0.5195      5.313
    3       -6.82       -0.37       0.4808      5.202
    4       -7.35       -0.37       0.4058      5.405
    5       -8.00       -0.28       0.3238      4.555
    6       -6.59       -0.20       0.3113      5.049
    7       -6.14       -0.21       0.2503      4.778
    8       -8.30       -0.34       0.2123      5.056
    9       -6.75        0.26       0.2043      4.911
   10       -7.53       -0.34       0.2001      4.889
