              _             
             (_)            
   __ _ _ __  _ _ __   __ _ 
  / _` | '_ \| | '_ \ / _` |
 | (_| | | | | | | | | (_| |
  \__, |_| |_|_|_| |_|\__,_|
   __/ |                    
  |___/                     

gnina v1.3.3 master:6fe1ce2   Built Jun 30 2026.
gnina is based on smina and AutoDock Vina.
Please cite appropriately.

Commandline: gnina -r results/DOCKING/7AAA.mol2 -l results/DOCKING/ligands_sdf/ligando_114.sdf -o results/DOCKING/results_mol2/docked_ligando_114.mol2 --center_x 8.59 --center_y 39.35 --center_z 9.53 --size_x 22 --size_y 16 --size_z 24 --num_modes 10 --exhaustiveness 8 --seed 1
Using random seed: 1

0%   10   20   30   40   50   60   70   80   90   100%
|----|----|----|----|----|----|----|----|----|----|
***************************************************

mode |  affinity  |  intramol  |    CNN     |   CNN
     | (kcal/mol) | (kcal/mol) | pose score | affinity
-----+------------+------------+------------+----------
    1       -8.81        1.18       0.5823      6.755
    2       -8.18        1.22       0.4923      6.558
    3       -9.42       -0.59       0.3725      6.201
    4       -9.67       -0.65       0.3429      6.374
    5       -9.65       -0.48       0.2299      6.020
    6       -9.18       -0.69       0.1612      6.200
    7       -9.68        0.28       0.1602      6.017
    8       -9.09       -0.18       0.1046      5.909
    9       -9.80       -0.22       0.0982      5.656
   10       -8.74        0.65       0.0980      5.970
