              _             
             (_)            
   __ _ _ __  _ _ __   __ _ 
  / _` | '_ \| | '_ \ / _` |
 | (_| | | | | | | | | (_| |
  \__, |_| |_|_|_| |_|\__,_|
   __/ |                    
  |___/                     

gnina v1.3.3 master:6fe1ce2   Built Jun 30 2026.
gnina is based on smina and AutoDock Vina.
Please cite appropriately.

Commandline: gnina -r results/DOCKING/7AAA.mol2 -l results/DOCKING/ligands_sdf/ligando_064.sdf -o results/DOCKING/results_mol2/docked_ligando_064.mol2 --center_x 8.59 --center_y 39.35 --center_z 9.53 --size_x 22 --size_y 16 --size_z 24 --num_modes 10 --exhaustiveness 8 --seed 1
Using random seed: 1

0%   10   20   30   40   50   60   70   80   90   100%
|----|----|----|----|----|----|----|----|----|----|
***************************************************

mode |  affinity  |  intramol  |    CNN     |   CNN
     | (kcal/mol) | (kcal/mol) | pose score | affinity
-----+------------+------------+------------+----------
    1       -9.52        0.48       0.1321      5.004
    2       -8.71       -0.80       0.0786      4.280
    3       -8.06       -0.59       0.0758      5.098
    4       -7.49        0.60       0.0717      4.992
    5       -8.94        0.66       0.0655      5.088
    6       -8.40        1.30       0.0654      4.543
    7       -8.31        0.11       0.0586      5.084
    8       -7.72       -0.17       0.0484      4.466
    9       -8.48       -0.70       0.0473      4.195
   10       -7.89        2.15       0.0464      4.868
