              _             
             (_)            
   __ _ _ __  _ _ __   __ _ 
  / _` | '_ \| | '_ \ / _` |
 | (_| | | | | | | | | (_| |
  \__, |_| |_|_|_| |_|\__,_|
   __/ |                    
  |___/                     

gnina v1.3.3 master:6fe1ce2   Built Jun 30 2026.
gnina is based on smina and AutoDock Vina.
Please cite appropriately.

Commandline: gnina -r results/DOCKING/7AAA.mol2 -l results/DOCKING/ligands_sdf/ligando_852.sdf -o results/DOCKING/results_mol2/docked_ligando_852.mol2 --center_x 8.59 --center_y 39.35 --center_z 9.53 --size_x 22 --size_y 16 --size_z 24 --num_modes 10 --exhaustiveness 8 --seed 1
Using random seed: 1

0%   10   20   30   40   50   60   70   80   90   100%
|----|----|----|----|----|----|----|----|----|----|
***************************************************
MolPort-020-269-161 19749405 MCULE-9600677370 PubChem-92634656 ZINC000019749405 ZINC19749405 | pose 0 | initial pose not within box

mode |  affinity  |  intramol  |    CNN     |   CNN
     | (kcal/mol) | (kcal/mol) | pose score | affinity
-----+------------+------------+------------+----------
    1       -8.56        0.04       0.2502      6.723
    2      -10.45        0.13       0.1699      6.073
    3       -8.89        1.40       0.1606      6.521
    4      -10.30        0.01       0.1246      4.737
    5       -8.93        0.52       0.1209      5.641
    6       -9.45        0.84       0.0970      6.189
    7       -8.40        0.11       0.0910      5.542
    8       -9.75        2.12       0.0859      5.419
    9       -9.53        0.12       0.0714      5.953
   10       -8.62       -0.70       0.0677      5.248
