              _             
             (_)            
   __ _ _ __  _ _ __   __ _ 
  / _` | '_ \| | '_ \ / _` |
 | (_| | | | | | | | | (_| |
  \__, |_| |_|_|_| |_|\__,_|
   __/ |                    
  |___/                     

gnina v1.3.3 master:6fe1ce2   Built Jun 30 2026.
gnina is based on smina and AutoDock Vina.
Please cite appropriately.

Commandline: gnina -r results/DOCKING/7AAA.mol2 -l results/DOCKING/ligands_sdf/ligando_530.sdf -o results/DOCKING/results_mol2/docked_ligando_530.mol2 --center_x 8.59 --center_y 39.35 --center_z 9.53 --size_x 22 --size_y 16 --size_z 24 --num_modes 10 --exhaustiveness 8 --seed 1
Using random seed: 1

0%   10   20   30   40   50   60   70   80   90   100%
|----|----|----|----|----|----|----|----|----|----|
***************************************************
MolPort-010-903-901 ChemDiv-M535-1321 MCULE-7098690132 PubChem-53146014 ZINC000065166013 | pose 0 | initial pose not within box

mode |  affinity  |  intramol  |    CNN     |   CNN
     | (kcal/mol) | (kcal/mol) | pose score | affinity
-----+------------+------------+------------+----------
    1        9.48        0.38       0.2562      6.441
    2       -7.99       -0.31       0.2485      6.358
    3       14.95       -0.08       0.2422      6.420
    4       -5.81        0.56       0.2047      6.200
    5       -9.20        0.25       0.1756      6.840
    6      -11.47        2.92       0.1675      6.761
    7      -10.20        0.47       0.1639      6.792
    8       -7.85        0.56       0.1436      5.936
    9       -7.54        1.31       0.1266      5.808
   10       -6.15        0.42       0.1256      6.477
