              _             
             (_)            
   __ _ _ __  _ _ __   __ _ 
  / _` | '_ \| | '_ \ / _` |
 | (_| | | | | | | | | (_| |
  \__, |_| |_|_|_| |_|\__,_|
   __/ |                    
  |___/                     

gnina v1.3.3 master:6fe1ce2   Built Jun 30 2026.
gnina is based on smina and AutoDock Vina.
Please cite appropriately.

Commandline: gnina -r results/DOCKING/7AAA.mol2 -l results/DOCKING/ligands_sdf/ligando_436.sdf -o results/DOCKING/results_mol2/docked_ligando_436.mol2 --center_x 8.59 --center_y 39.35 --center_z 9.53 --size_x 22 --size_y 16 --size_z 24 --num_modes 10 --exhaustiveness 8 --seed 1
Using random seed: 1

0%   10   20   30   40   50   60   70   80   90   100%
|----|----|----|----|----|----|----|----|----|----|
***************************************************
MolPort-028-743-856 CSSS00160083590 MCULE-8390611716 PubChem-72939668 | pose 0 | initial pose not within box

mode |  affinity  |  intramol  |    CNN     |   CNN
     | (kcal/mol) | (kcal/mol) | pose score | affinity
-----+------------+------------+------------+----------
    1       -8.55       -0.99       0.2269      5.958
    2       -9.87       -0.69       0.1882      5.576
    3       -8.55        0.10       0.1477      5.496
    4       -9.69        0.18       0.1107      5.013
    5       -8.91       -0.70       0.1082      5.322
    6       -9.57       -0.27       0.1050      5.421
    7       -8.13        0.23       0.0941      5.434
    8       -8.06        0.29       0.0886      5.001
    9       -8.80       -0.56       0.0757      4.789
   10      -10.39       -0.67       0.0696      5.349
