              _             
             (_)            
   __ _ _ __  _ _ __   __ _ 
  / _` | '_ \| | '_ \ / _` |
 | (_| | | | | | | | | (_| |
  \__, |_| |_|_|_| |_|\__,_|
   __/ |                    
  |___/                     

gnina v1.3.3 master:6fe1ce2   Built Jun 30 2026.
gnina is based on smina and AutoDock Vina.
Please cite appropriately.

Commandline: gnina -r results/DOCKING/7AAA.mol2 -l results/DOCKING/ligands_sdf/ligando_312.sdf -o results/DOCKING/results_mol2/docked_ligando_312.mol2 --center_x 8.59 --center_y 39.35 --center_z 9.53 --size_x 22 --size_y 16 --size_z 24 --num_modes 10 --exhaustiveness 8 --seed 1
Using random seed: 1

0%   10   20   30   40   50   60   70   80   90   100%
|----|----|----|----|----|----|----|----|----|----|
***************************************************

mode |  affinity  |  intramol  |    CNN     |   CNN
     | (kcal/mol) | (kcal/mol) | pose score | affinity
-----+------------+------------+------------+----------
    1       -8.54        0.33       0.3095      6.642
    2       -9.43        0.25       0.2476      6.337
    3       -9.09        1.36       0.1727      5.570
    4       -9.99       -0.65       0.1507      5.745
    5       -9.38       -0.52       0.1174      5.279
    6       -7.66        0.94       0.0847      5.519
    7       -9.68       -0.51       0.0833      4.880
    8       -8.67       -0.86       0.0749      5.340
    9       -9.21        0.23       0.0723      4.905
   10       -8.45       -0.59       0.0664      5.342
