              _             
             (_)            
   __ _ _ __  _ _ __   __ _ 
  / _` | '_ \| | '_ \ / _` |
 | (_| | | | | | | | | (_| |
  \__, |_| |_|_|_| |_|\__,_|
   __/ |                    
  |___/                     

gnina v1.3.3 master:6fe1ce2   Built Jun 30 2026.
gnina is based on smina and AutoDock Vina.
Please cite appropriately.

Commandline: gnina -r results/DOCKING/7AAA.mol2 -l results/DOCKING/ligands_sdf/ligando_398.sdf -o results/DOCKING/results_mol2/docked_ligando_398.mol2 --center_x 8.59 --center_y 39.35 --center_z 9.53 --size_x 22 --size_y 16 --size_z 24 --num_modes 10 --exhaustiveness 8 --seed 1
Using random seed: 1

0%   10   20   30   40   50   60   70   80   90   100%
|----|----|----|----|----|----|----|----|----|----|
***************************************************

mode |  affinity  |  intramol  |    CNN     |   CNN
     | (kcal/mol) | (kcal/mol) | pose score | affinity
-----+------------+------------+------------+----------
    1       -3.28       -0.08       0.5094      5.792
    2       -8.77       -0.12       0.2552      5.115
    3       -9.10       -0.17       0.2489      5.321
    4       -8.62       -0.03       0.2278      4.878
    5       -8.72       -0.51       0.2169      4.805
    6       -8.23        0.46       0.2119      5.064
    7       -8.36       -0.26       0.1789      4.950
    8       -6.99        0.18       0.1701      5.120
    9       -5.68       -0.61       0.1566      5.340
   10       -8.44        0.38       0.1514      4.410
