              _             
             (_)            
   __ _ _ __  _ _ __   __ _ 
  / _` | '_ \| | '_ \ / _` |
 | (_| | | | | | | | | (_| |
  \__, |_| |_|_|_| |_|\__,_|
   __/ |                    
  |___/                     

gnina v1.3.3 master:6fe1ce2   Built Jun 30 2026.
gnina is based on smina and AutoDock Vina.
Please cite appropriately.

Commandline: gnina -r results/DOCKING/7AAA.mol2 -l results/DOCKING/ligands_sdf/ligando_452.sdf -o results/DOCKING/results_mol2/docked_ligando_452.mol2 --center_x 8.59 --center_y 39.35 --center_z 9.53 --size_x 22 --size_y 16 --size_z 24 --num_modes 10 --exhaustiveness 8 --seed 1
Using random seed: 1

0%   10   20   30   40   50   60   70   80   90   100%
|----|----|----|----|----|----|----|----|----|----|
***************************************************

mode |  affinity  |  intramol  |    CNN     |   CNN
     | (kcal/mol) | (kcal/mol) | pose score | affinity
-----+------------+------------+------------+----------
    1       -8.10        0.32       0.8341      7.185
    2       -8.64        0.25       0.7278      6.728
    3       -9.44        0.09       0.6692      6.456
    4       -8.76        0.53       0.5497      6.487
    5       -8.94       -0.29       0.4538      6.489
    6       -9.38        0.61       0.3564      6.409
    7       -9.12        0.76       0.2057      6.214
    8       -9.10        0.33       0.1749      6.516
    9       -8.63        1.16       0.1720      6.017
   10       -9.11        0.36       0.1173      6.109
