              _             
             (_)            
   __ _ _ __  _ _ __   __ _ 
  / _` | '_ \| | '_ \ / _` |
 | (_| | | | | | | | | (_| |
  \__, |_| |_|_|_| |_|\__,_|
   __/ |                    
  |___/                     

gnina v1.3.3 master:6fe1ce2   Built Jun 30 2026.
gnina is based on smina and AutoDock Vina.
Please cite appropriately.

Commandline: gnina -r results/DOCKING/7AAA.mol2 -l results/DOCKING/ligands_sdf/ligando_153.sdf -o results/DOCKING/results_mol2/docked_ligando_153.mol2 --center_x 8.59 --center_y 39.35 --center_z 9.53 --size_x 22 --size_y 16 --size_z 24 --num_modes 10 --exhaustiveness 8 --seed 1
Using random seed: 1

0%   10   20   30   40   50   60   70   80   90   100%
|----|----|----|----|----|----|----|----|----|----|
***************************************************

mode |  affinity  |  intramol  |    CNN     |   CNN
     | (kcal/mol) | (kcal/mol) | pose score | affinity
-----+------------+------------+------------+----------
    1       -8.28        0.13       0.3979      5.474
    2       -7.35       -0.67       0.2993      5.047
    3       -7.86       -0.39       0.2965      5.003
    4       -8.34        0.30       0.2341      5.470
    5       -6.73       -0.51       0.2192      4.899
    6       -7.69       -0.70       0.2071      5.036
    7       -7.42       -0.56       0.2035      5.127
    8       -7.63       -0.24       0.1933      4.582
    9       -7.07       -0.79       0.1625      5.337
   10       -8.17       -0.23       0.1590      5.391
