              _             
             (_)            
   __ _ _ __  _ _ __   __ _ 
  / _` | '_ \| | '_ \ / _` |
 | (_| | | | | | | | | (_| |
  \__, |_| |_|_|_| |_|\__,_|
   __/ |                    
  |___/                     

gnina v1.3.3 master:6fe1ce2   Built Jun 30 2026.
gnina is based on smina and AutoDock Vina.
Please cite appropriately.

Commandline: gnina -r results/DOCKING/7AAA.mol2 -l results/DOCKING/ligands_sdf/ligando_342.sdf -o results/DOCKING/results_mol2/docked_ligando_342.mol2 --center_x 8.59 --center_y 39.35 --center_z 9.53 --size_x 22 --size_y 16 --size_z 24 --num_modes 10 --exhaustiveness 8 --seed 1
Using random seed: 1

0%   10   20   30   40   50   60   70   80   90   100%
|----|----|----|----|----|----|----|----|----|----|
***************************************************

mode |  affinity  |  intramol  |    CNN     |   CNN
     | (kcal/mol) | (kcal/mol) | pose score | affinity
-----+------------+------------+------------+----------
    1      -10.27       -0.17       0.1828      5.807
    2      -10.38       -0.49       0.1453      6.185
    3      -10.25       -0.00       0.1409      6.363
    4       -9.95        1.43       0.1385      6.668
    5      -10.00        1.04       0.1260      6.109
    6      -10.27        0.43       0.1177      6.232
    7       -9.37       -0.53       0.0758      6.061
    8      -10.64       -0.24       0.0740      5.659
    9      -10.18        0.15       0.0703      5.895
   10      -10.10        0.28       0.0645      5.708
