              _             
             (_)            
   __ _ _ __  _ _ __   __ _ 
  / _` | '_ \| | '_ \ / _` |
 | (_| | | | | | | | | (_| |
  \__, |_| |_|_|_| |_|\__,_|
   __/ |                    
  |___/                     

gnina v1.3.3 master:6fe1ce2   Built Jun 30 2026.
gnina is based on smina and AutoDock Vina.
Please cite appropriately.

Commandline: gnina -r results/DOCKING/7AAA.mol2 -l results/DOCKING/ligands_sdf/ligando_741.sdf -o results/DOCKING/results_mol2/docked_ligando_741.mol2 --center_x 8.59 --center_y 39.35 --center_z 9.53 --size_x 22 --size_y 16 --size_z 24 --num_modes 10 --exhaustiveness 8 --seed 1
Using random seed: 1

0%   10   20   30   40   50   60   70   80   90   100%
|----|----|----|----|----|----|----|----|----|----|
***************************************************
MolPort-002-455-729 CHEMBL1475516 CSC026739902 CSSS00026739902 MCULE-9128102949 PubChem-2134008 Z57477982 ZINC02685901 | pose 0 | initial pose not within box

mode |  affinity  |  intramol  |    CNN     |   CNN
     | (kcal/mol) | (kcal/mol) | pose score | affinity
-----+------------+------------+------------+----------
    1       -9.86       -0.13       0.3245      6.354
    2       -9.80       -0.22       0.1794      5.819
    3       -7.81        1.02       0.1739      5.877
    4       -8.65       -0.09       0.1598      5.650
    5       -8.26        4.22       0.1591      5.989
    6       -7.57        1.45       0.0742      5.354
    7       -9.04       -0.98       0.0615      5.202
    8       -8.73        0.43       0.0596      4.788
    9       -7.28        0.70       0.0540      4.899
   10       -9.15        0.37       0.0480      5.252
