              _             
             (_)            
   __ _ _ __  _ _ __   __ _ 
  / _` | '_ \| | '_ \ / _` |
 | (_| | | | | | | | | (_| |
  \__, |_| |_|_|_| |_|\__,_|
   __/ |                    
  |___/                     

gnina v1.3.3 master:6fe1ce2   Built Jun 30 2026.
gnina is based on smina and AutoDock Vina.
Please cite appropriately.

Commandline: gnina -r results/DOCKING/7AAA.mol2 -l results/DOCKING/ligands_sdf/ligando_622.sdf -o results/DOCKING/results_mol2/docked_ligando_622.mol2 --center_x 8.59 --center_y 39.35 --center_z 9.53 --size_x 22 --size_y 16 --size_z 24 --num_modes 10 --exhaustiveness 8 --seed 1
Using random seed: 1

0%   10   20   30   40   50   60   70   80   90   100%
|----|----|----|----|----|----|----|----|----|----|
***************************************************
Molport-051-825-208 MCULE-6404919247 MCULE-9761543365 | pose 0 | initial pose not within box

mode |  affinity  |  intramol  |    CNN     |   CNN
     | (kcal/mol) | (kcal/mol) | pose score | affinity
-----+------------+------------+------------+----------
    1       -4.00        3.50       0.2261      5.133
    2       -2.91        0.23       0.1451      5.810
    3        6.57        0.73       0.1341      5.224
    4       -8.70        1.00       0.1095      5.347
    5       -8.38       -0.99       0.0743      5.160
    6       -9.66       -0.81       0.0740      4.947
    7       -9.19       -0.35       0.0709      4.725
    8       -8.43        0.28       0.0655      5.115
    9       -9.27        0.33       0.0641      5.238
   10       -8.48        1.06       0.0622      4.789
