              _             
             (_)            
   __ _ _ __  _ _ __   __ _ 
  / _` | '_ \| | '_ \ / _` |
 | (_| | | | | | | | | (_| |
  \__, |_| |_|_|_| |_|\__,_|
   __/ |                    
  |___/                     

gnina v1.3.3 master:6fe1ce2   Built Jun 30 2026.
gnina is based on smina and AutoDock Vina.
Please cite appropriately.

Commandline: gnina -r results/DOCKING/7AAA.mol2 -l results/DOCKING/ligands_sdf/ligando_051.sdf -o results/DOCKING/results_mol2/docked_ligando_051.mol2 --center_x 8.59 --center_y 39.35 --center_z 9.53 --size_x 22 --size_y 16 --size_z 24 --num_modes 10 --exhaustiveness 8 --seed 1
Using random seed: 1

0%   10   20   30   40   50   60   70   80   90   100%
|----|----|----|----|----|----|----|----|----|----|
***************************************************

mode |  affinity  |  intramol  |    CNN     |   CNN
     | (kcal/mol) | (kcal/mol) | pose score | affinity
-----+------------+------------+------------+----------
    1       -8.89        0.77       0.2112      6.424
    2       -9.37        1.10       0.1816      6.119
    3       -8.64        0.69       0.1789      5.384
    4      -10.34        0.40       0.1629      6.190
    5       -8.36        0.18       0.1439      6.063
    6       -9.67        2.21       0.1343      6.024
    7       -8.63        0.05       0.1305      5.219
    8       -8.52       -0.26       0.1207      6.107
    9       -9.41        0.84       0.1189      5.704
   10       -9.71        5.60       0.1162      6.263
