              _             
             (_)            
   __ _ _ __  _ _ __   __ _ 
  / _` | '_ \| | '_ \ / _` |
 | (_| | | | | | | | | (_| |
  \__, |_| |_|_|_| |_|\__,_|
   __/ |                    
  |___/                     

gnina v1.3.3 master:6fe1ce2   Built Jun 30 2026.
gnina is based on smina and AutoDock Vina.
Please cite appropriately.

Commandline: gnina -r results/DOCKING/7AAA.mol2 -l results/DOCKING/ligands_sdf/ligando_383.sdf -o results/DOCKING/results_mol2/docked_ligando_383.mol2 --center_x 8.59 --center_y 39.35 --center_z 9.53 --size_x 22 --size_y 16 --size_z 24 --num_modes 10 --exhaustiveness 8 --seed 1
Using random seed: 1

0%   10   20   30   40   50   60   70   80   90   100%
|----|----|----|----|----|----|----|----|----|----|
***************************************************
MolPort-021-778-627 72441451 CSSS00160367955 ChemDiv-Y300-3740 MCULE-7894684116 PubChem-56921941 ZINC000072441451 ZINC72441451 | pose 0 | initial pose not within box

mode |  affinity  |  intramol  |    CNN     |   CNN
     | (kcal/mol) | (kcal/mol) | pose score | affinity
-----+------------+------------+------------+----------
    1       -7.63       -0.39       0.5794      5.228
    2       -6.55       -0.54       0.3893      4.947
    3       -6.15       -0.50       0.3404      4.386
    4       -2.91       -0.26       0.2921      5.137
    5       -6.14       -0.34       0.2394      4.009
    6       -9.17       -0.24       0.2346      5.069
    7       -8.62       -0.42       0.2066      4.998
    8       -5.08       -0.30       0.1602      3.936
    9       -8.42        0.46       0.1399      4.545
   10       -8.92        0.26       0.1031      4.611
