              _             
             (_)            
   __ _ _ __  _ _ __   __ _ 
  / _` | '_ \| | '_ \ / _` |
 | (_| | | | | | | | | (_| |
  \__, |_| |_|_|_| |_|\__,_|
   __/ |                    
  |___/                     

gnina v1.3.3 master:6fe1ce2   Built Jun 30 2026.
gnina is based on smina and AutoDock Vina.
Please cite appropriately.

Commandline: gnina -r results/DOCKING/7AAA.mol2 -l results/DOCKING/ligands_sdf/ligando_284.sdf -o results/DOCKING/results_mol2/docked_ligando_284.mol2 --center_x 8.59 --center_y 39.35 --center_z 9.53 --size_x 22 --size_y 16 --size_z 24 --num_modes 10 --exhaustiveness 8 --seed 1
Using random seed: 1

0%   10   20   30   40   50   60   70   80   90   100%
|----|----|----|----|----|----|----|----|----|----|
***************************************************

mode |  affinity  |  intramol  |    CNN     |   CNN
     | (kcal/mol) | (kcal/mol) | pose score | affinity
-----+------------+------------+------------+----------
    1      -11.05        2.06       0.3432      6.351
    2       -8.99        0.31       0.1571      4.504
    3      -10.91        1.05       0.1559      5.828
    4       -8.72        2.31       0.1523      6.240
    5       -9.85        0.26       0.1217      5.565
    6      -10.16        1.28       0.1102      5.683
    7      -10.07        0.03       0.0997      5.163
    8      -10.79        0.77       0.0970      5.521
    9       -9.62       -0.24       0.0886      5.384
   10       -9.79       -0.68       0.0836      4.491
