              _             
             (_)            
   __ _ _ __  _ _ __   __ _ 
  / _` | '_ \| | '_ \ / _` |
 | (_| | | | | | | | | (_| |
  \__, |_| |_|_|_| |_|\__,_|
   __/ |                    
  |___/                     

gnina v1.3.3 master:6fe1ce2   Built Jun 30 2026.
gnina is based on smina and AutoDock Vina.
Please cite appropriately.

Commandline: gnina -r results/DOCKING/7AAA.mol2 -l results/DOCKING/ligands_sdf/ligando_199.sdf -o results/DOCKING/results_mol2/docked_ligando_199.mol2 --center_x 8.59 --center_y 39.35 --center_z 9.53 --size_x 22 --size_y 16 --size_z 24 --num_modes 10 --exhaustiveness 8 --seed 1
Using random seed: 1

0%   10   20   30   40   50   60   70   80   90   100%
|----|----|----|----|----|----|----|----|----|----|
***************************************************

mode |  affinity  |  intramol  |    CNN     |   CNN
     | (kcal/mol) | (kcal/mol) | pose score | affinity
-----+------------+------------+------------+----------
    1       -9.72        0.13       0.6092      6.553
    2       -9.92       -0.14       0.3907      6.144
    3       -8.79       -0.38       0.3573      5.730
    4       -9.35       -0.02       0.3297      6.096
    5       -9.50       -0.40       0.2830      6.149
    6       -8.77        0.12       0.2313      5.240
    7       -9.00       -0.52       0.1920      4.944
    8       -9.89       -0.42       0.1898      5.808
    9       -9.25       -0.03       0.1765      5.608
   10       -8.25       -0.59       0.1535      5.643
