              _             
             (_)            
   __ _ _ __  _ _ __   __ _ 
  / _` | '_ \| | '_ \ / _` |
 | (_| | | | | | | | | (_| |
  \__, |_| |_|_|_| |_|\__,_|
   __/ |                    
  |___/                     

gnina v1.3.3 master:6fe1ce2   Built Jun 30 2026.
gnina is based on smina and AutoDock Vina.
Please cite appropriately.

Commandline: gnina -r results/DOCKING/7AAA.mol2 -l results/DOCKING/ligands_sdf/ligando_751.sdf -o results/DOCKING/results_mol2/docked_ligando_751.mol2 --center_x 8.59 --center_y 39.35 --center_z 9.53 --size_x 22 --size_y 16 --size_z 24 --num_modes 10 --exhaustiveness 8 --seed 1
Using random seed: 1

0%   10   20   30   40   50   60   70   80   90   100%
|----|----|----|----|----|----|----|----|----|----|
***************************************************
MolPort-005-289-825 5952430 CSSS03437130174 MCULE-4036785831 PubChem-17028188 ZINC000005952430 | pose 0 | initial pose not within box

mode |  affinity  |  intramol  |    CNN     |   CNN
     | (kcal/mol) | (kcal/mol) | pose score | affinity
-----+------------+------------+------------+----------
    1       -8.12       -0.51       0.2818      5.992
    2       -9.27        1.37       0.1270      5.617
    3       -8.97        0.24       0.1045      5.465
    4       -5.83        1.04       0.0820      5.402
    5       -5.93        0.22       0.0727      5.084
    6       -8.75        0.00       0.0693      5.267
    7       -8.39       -0.24       0.0693      5.435
    8       -8.02        0.06       0.0605      5.446
    9       -8.42        0.12       0.0591      5.271
   10       -8.54        1.23       0.0579      5.679
