              _             
             (_)            
   __ _ _ __  _ _ __   __ _ 
  / _` | '_ \| | '_ \ / _` |
 | (_| | | | | | | | | (_| |
  \__, |_| |_|_|_| |_|\__,_|
   __/ |                    
  |___/                     

gnina v1.3.3 master:6fe1ce2   Built Jun 30 2026.
gnina is based on smina and AutoDock Vina.
Please cite appropriately.

Commandline: gnina -r results/DOCKING/7AAA.mol2 -l results/DOCKING/ligands_sdf/ligando_768.sdf -o results/DOCKING/results_mol2/docked_ligando_768.mol2 --center_x 8.59 --center_y 39.35 --center_z 9.53 --size_x 22 --size_y 16 --size_z 24 --num_modes 10 --exhaustiveness 8 --seed 1
Using random seed: 1

0%   10   20   30   40   50   60   70   80   90   100%
|----|----|----|----|----|----|----|----|----|----|
***************************************************

mode |  affinity  |  intramol  |    CNN     |   CNN
     | (kcal/mol) | (kcal/mol) | pose score | affinity
-----+------------+------------+------------+----------
    1       -8.44        0.20       0.1104      5.760
    2       -7.68        0.53       0.0755      5.582
    3       -8.07       -0.33       0.0753      4.792
    4       -9.08       -0.42       0.0686      5.040
    5       -8.17       -0.26       0.0672      4.975
    6       -7.40       -1.08       0.0653      5.153
    7       -6.95        0.39       0.0652      5.036
    8       -9.48       -0.26       0.0641      5.535
    9       -8.37       -0.42       0.0589      4.900
   10       -8.66       -0.41       0.0569      5.140
