              _             
             (_)            
   __ _ _ __  _ _ __   __ _ 
  / _` | '_ \| | '_ \ / _` |
 | (_| | | | | | | | | (_| |
  \__, |_| |_|_|_| |_|\__,_|
   __/ |                    
  |___/                     

gnina v1.3.3 master:6fe1ce2   Built Jun 30 2026.
gnina is based on smina and AutoDock Vina.
Please cite appropriately.

Commandline: gnina -r results/DOCKING/7AAA.mol2 -l results/DOCKING/ligands_sdf/ligando_444.sdf -o results/DOCKING/results_mol2/docked_ligando_444.mol2 --center_x 8.59 --center_y 39.35 --center_z 9.53 --size_x 22 --size_y 16 --size_z 24 --num_modes 10 --exhaustiveness 8 --seed 1
Using random seed: 1

0%   10   20   30   40   50   60   70   80   90   100%
|----|----|----|----|----|----|----|----|----|----|
***************************************************

mode |  affinity  |  intramol  |    CNN     |   CNN
     | (kcal/mol) | (kcal/mol) | pose score | affinity
-----+------------+------------+------------+----------
    1       -9.53        1.07       0.5687      6.649
    2       -7.69       -1.17       0.2307      4.919
    3       -9.07        0.30       0.1784      5.835
    4       -8.87        1.72       0.1672      5.701
    5       -8.63       -0.53       0.1598      5.923
    6       -7.25        1.12       0.1495      5.412
    7       -8.11       -1.08       0.1474      4.912
    8       -9.02       -0.64       0.1176      5.429
    9       -7.65        1.07       0.0950      5.508
   10       -7.31       -1.08       0.0907      4.703
