              _             
             (_)            
   __ _ _ __  _ _ __   __ _ 
  / _` | '_ \| | '_ \ / _` |
 | (_| | | | | | | | | (_| |
  \__, |_| |_|_|_| |_|\__,_|
   __/ |                    
  |___/                     

gnina v1.3.3 master:6fe1ce2   Built Jun 30 2026.
gnina is based on smina and AutoDock Vina.
Please cite appropriately.

Commandline: gnina -r results/DOCKING/7AAA.mol2 -l results/DOCKING/ligands_sdf/ligando_476.sdf -o results/DOCKING/results_mol2/docked_ligando_476.mol2 --center_x 8.59 --center_y 39.35 --center_z 9.53 --size_x 22 --size_y 16 --size_z 24 --num_modes 10 --exhaustiveness 8 --seed 1
Using random seed: 1

0%   10   20   30   40   50   60   70   80   90   100%
|----|----|----|----|----|----|----|----|----|----|
***************************************************

mode |  affinity  |  intramol  |    CNN     |   CNN
     | (kcal/mol) | (kcal/mol) | pose score | affinity
-----+------------+------------+------------+----------
    1       -7.78       -0.59       0.7483      6.050
    2       -7.91       -0.08       0.7027      5.851
    3       -7.72        1.02       0.6234      5.929
    4       -7.43        1.68       0.5884      6.167
    5       -7.94       -0.48       0.5770      5.691
    6       -7.06        0.37       0.4376      5.507
    7       -7.79        1.80       0.4245      5.749
    8       -7.40       -0.50       0.2714      5.681
    9       -7.39       -0.12       0.2092      5.105
   10       -7.61       -0.57       0.2002      5.094
