              _             
             (_)            
   __ _ _ __  _ _ __   __ _ 
  / _` | '_ \| | '_ \ / _` |
 | (_| | | | | | | | | (_| |
  \__, |_| |_|_|_| |_|\__,_|
   __/ |                    
  |___/                     

gnina v1.3.3 master:6fe1ce2   Built Jun 30 2026.
gnina is based on smina and AutoDock Vina.
Please cite appropriately.

Commandline: gnina -r results/DOCKING/7AAA.mol2 -l results/DOCKING/ligands_sdf/ligando_759.sdf -o results/DOCKING/results_mol2/docked_ligando_759.mol2 --center_x 8.59 --center_y 39.35 --center_z 9.53 --size_x 22 --size_y 16 --size_z 24 --num_modes 10 --exhaustiveness 8 --seed 1
Using random seed: 1

0%   10   20   30   40   50   60   70   80   90   100%
|----|----|----|----|----|----|----|----|----|----|
***************************************************
MolPort-007-723-438 6818289 ChemDiv-E157-5455 MCULE-8623262614 PubChem-22518003 ZINC000006818289 ZINC06818289 | pose 0 | initial pose not within box
MolPort-007-723-438 6818289 ChemDiv-E157-5455 MCULE-8623262614 PubChem-22518003 ZINC000006818289 ZINC06818289 | pose 0 | ligand outside box

mode |  affinity  |  intramol  |    CNN     |   CNN
     | (kcal/mol) | (kcal/mol) | pose score | affinity
-----+------------+------------+------------+----------
    1       12.99       -0.39       0.4655      4.986
    2       -8.43       -0.50       0.2103      5.696
    3      -10.40       -0.46       0.1563      5.786
    4       -9.89        0.28       0.1404      5.652
    5      -10.51        0.26       0.1225      5.521
    6       -7.29       -0.31       0.1088      4.743
    7       -8.79       -0.45       0.0965      5.540
    8       -9.82        0.22       0.0702      5.443
    9       -7.25       -0.08       0.0601      4.889
   10       -7.41       -0.62       0.0596      5.033
