              _             
             (_)            
   __ _ _ __  _ _ __   __ _ 
  / _` | '_ \| | '_ \ / _` |
 | (_| | | | | | | | | (_| |
  \__, |_| |_|_|_| |_|\__,_|
   __/ |                    
  |___/                     

gnina v1.3.3 master:6fe1ce2   Built Jun 30 2026.
gnina is based on smina and AutoDock Vina.
Please cite appropriately.

Commandline: gnina -r results/DOCKING/7AAA.mol2 -l results/DOCKING/ligands_sdf/ligando_824.sdf -o results/DOCKING/results_mol2/docked_ligando_824.mol2 --center_x 8.59 --center_y 39.35 --center_z 9.53 --size_x 22 --size_y 16 --size_z 24 --num_modes 10 --exhaustiveness 8 --seed 1
Using random seed: 1

0%   10   20   30   40   50   60   70   80   90   100%
|----|----|----|----|----|----|----|----|----|----|
***************************************************
MolPort-004-984-431 CSSS00160433007 MCULE-7777915856 PubChem-45161700 | pose 0 | initial pose not within box

mode |  affinity  |  intramol  |    CNN     |   CNN
     | (kcal/mol) | (kcal/mol) | pose score | affinity
-----+------------+------------+------------+----------
    1       10.37        2.28       0.2189      6.155
    2       -3.57        0.57       0.2087      6.741
    3       -8.68        0.05       0.1610      6.623
    4       -9.05       -0.48       0.1315      6.169
    5       -8.59       -0.38       0.1233      6.353
    6       -7.62       -0.76       0.1120      6.478
    7       -8.06       -0.75       0.1087      5.756
    8       -8.25       -1.41       0.0953      5.926
    9       -9.03        0.36       0.0930      6.357
   10       -9.11       -0.73       0.0908      6.174
