              _             
             (_)            
   __ _ _ __  _ _ __   __ _ 
  / _` | '_ \| | '_ \ / _` |
 | (_| | | | | | | | | (_| |
  \__, |_| |_|_|_| |_|\__,_|
   __/ |                    
  |___/                     

gnina v1.3.3 master:6fe1ce2   Built Jun 30 2026.
gnina is based on smina and AutoDock Vina.
Please cite appropriately.

Commandline: gnina -r results/DOCKING/7AAA.mol2 -l results/DOCKING/ligands_sdf/ligando_616.sdf -o results/DOCKING/results_mol2/docked_ligando_616.mol2 --center_x 8.59 --center_y 39.35 --center_z 9.53 --size_x 22 --size_y 16 --size_z 24 --num_modes 10 --exhaustiveness 8 --seed 1
Using random seed: 1

0%   10   20   30   40   50   60   70   80   90   100%
|----|----|----|----|----|----|----|----|----|----|
***************************************************

mode |  affinity  |  intramol  |    CNN     |   CNN
     | (kcal/mol) | (kcal/mol) | pose score | affinity
-----+------------+------------+------------+----------
    1       -8.65       -0.29       0.2088      5.410
    2       -7.15       -0.78       0.1939      5.387
    3       -7.09       -0.51       0.1790      5.743
    4       -8.09       -0.68       0.1485      5.413
    5       -8.34        0.14       0.1263      5.555
    6       -8.59        0.63       0.1262      5.488
    7       -8.87       -0.53       0.1255      4.724
    8       -8.29       -0.53       0.1254      5.127
    9       -9.40        1.31       0.1227      5.535
   10       -9.19        0.33       0.1126      5.596
