              _             
             (_)            
   __ _ _ __  _ _ __   __ _ 
  / _` | '_ \| | '_ \ / _` |
 | (_| | | | | | | | | (_| |
  \__, |_| |_|_|_| |_|\__,_|
   __/ |                    
  |___/                     

gnina v1.3.3 master:6fe1ce2   Built Jun 30 2026.
gnina is based on smina and AutoDock Vina.
Please cite appropriately.

Commandline: gnina -r results/DOCKING/7AAA.mol2 -l results/DOCKING/ligands_sdf/ligando_709.sdf -o results/DOCKING/results_mol2/docked_ligando_709.mol2 --center_x 8.59 --center_y 39.35 --center_z 9.53 --size_x 22 --size_y 16 --size_z 24 --num_modes 10 --exhaustiveness 8 --seed 1
Using random seed: 1

0%   10   20   30   40   50   60   70   80   90   100%
|----|----|----|----|----|----|----|----|----|----|
***************************************************
MolPort-005-042-860 12430712 CHEMBL1307508 CSSS00159470275 MCULE-3771434084 PubChem-24791307 PubChem-44251546 ZINC000012430712 | pose 0 | ligand outside box
MolPort-005-042-860 12430712 CHEMBL1307508 CSSS00159470275 MCULE-3771434084 PubChem-24791307 PubChem-44251546 ZINC000012430712 | pose 0 | ligand outside box
MolPort-005-042-860 12430712 CHEMBL1307508 CSSS00159470275 MCULE-3771434084 PubChem-24791307 PubChem-44251546 ZINC000012430712 | pose 0 | ligand outside box
MolPort-005-042-860 12430712 CHEMBL1307508 CSSS00159470275 MCULE-3771434084 PubChem-24791307 PubChem-44251546 ZINC000012430712 | pose 0 | ligand outside box
MolPort-005-042-860 12430712 CHEMBL1307508 CSSS00159470275 MCULE-3771434084 PubChem-24791307 PubChem-44251546 ZINC000012430712 | pose 0 | ligand outside box
MolPort-005-042-860 12430712 CHEMBL1307508 CSSS00159470275 MCULE-3771434084 PubChem-24791307 PubChem-44251546 ZINC000012430712 | pose 0 | initial pose not within box

mode |  affinity  |  intramol  |    CNN     |   CNN
     | (kcal/mol) | (kcal/mol) | pose score | affinity
-----+------------+------------+------------+----------
    1       -9.88       -1.13       0.1146      6.149
    2      -10.03       -0.24       0.1010      6.048
    3      -10.09       -0.66       0.0950      6.078
    4      -10.30       -0.22       0.0827      5.595
    5      -10.22       -1.02       0.0817      6.104
    6       -8.03       -1.09       0.0795      5.366
    7       -9.36       -0.96       0.0787      5.836
    8       -9.85       -1.12       0.0759      5.430
    9      -10.15       -0.60       0.0756      5.734
   10       -8.56       -0.04       0.0742      5.054
