              _             
             (_)            
   __ _ _ __  _ _ __   __ _ 
  / _` | '_ \| | '_ \ / _` |
 | (_| | | | | | | | | (_| |
  \__, |_| |_|_|_| |_|\__,_|
   __/ |                    
  |___/                     

gnina v1.3.3 master:6fe1ce2   Built Jun 30 2026.
gnina is based on smina and AutoDock Vina.
Please cite appropriately.

Commandline: gnina -r results/DOCKING/7AAA.mol2 -l results/DOCKING/ligands_sdf/ligando_500.sdf -o results/DOCKING/results_mol2/docked_ligando_500.mol2 --center_x 8.59 --center_y 39.35 --center_z 9.53 --size_x 22 --size_y 16 --size_z 24 --num_modes 10 --exhaustiveness 8 --seed 1
Using random seed: 1

0%   10   20   30   40   50   60   70   80   90   100%
|----|----|----|----|----|----|----|----|----|----|
***************************************************

mode |  affinity  |  intramol  |    CNN     |   CNN
     | (kcal/mol) | (kcal/mol) | pose score | affinity
-----+------------+------------+------------+----------
    1       -7.25       -0.35       0.3716      5.232
    2       -7.69        0.02       0.3382      5.280
    3       -7.62       -0.11       0.3292      5.195
    4       -7.60        0.23       0.2597      5.287
    5       -7.44        0.75       0.2173      4.549
    6       -8.21       -0.15       0.2054      5.001
    7       -7.41       -0.33       0.1500      5.013
    8       -7.42       -0.61       0.1419      4.207
    9       -8.08        0.18       0.1415      4.493
   10       -7.31       -0.50       0.1330      4.266
