              _             
             (_)            
   __ _ _ __  _ _ __   __ _ 
  / _` | '_ \| | '_ \ / _` |
 | (_| | | | | | | | | (_| |
  \__, |_| |_|_|_| |_|\__,_|
   __/ |                    
  |___/                     

gnina v1.3.3 master:6fe1ce2   Built Jun 30 2026.
gnina is based on smina and AutoDock Vina.
Please cite appropriately.

Commandline: gnina -r results/DOCKING/7AAA.mol2 -l results/DOCKING/ligands_sdf/ligando_221.sdf -o results/DOCKING/results_mol2/docked_ligando_221.mol2 --center_x 8.59 --center_y 39.35 --center_z 9.53 --size_x 22 --size_y 16 --size_z 24 --num_modes 10 --exhaustiveness 8 --seed 1
Using random seed: 1

0%   10   20   30   40   50   60   70   80   90   100%
|----|----|----|----|----|----|----|----|----|----|
***************************************************
MolPort-047-177-047 306144065 LN01336858 MCULE-1155020106 MCULE-6648016997 PubChem-124247674 PubChem-155828265 ZINC000306144065 | pose 0 | initial pose not within box
MolPort-047-177-047 306144065 LN01336858 MCULE-1155020106 MCULE-6648016997 PubChem-124247674 PubChem-155828265 ZINC000306144065 | pose 0 | ligand outside box
MolPort-047-177-047 306144065 LN01336858 MCULE-1155020106 MCULE-6648016997 PubChem-124247674 PubChem-155828265 ZINC000306144065 | pose 0 | ligand outside box
MolPort-047-177-047 306144065 LN01336858 MCULE-1155020106 MCULE-6648016997 PubChem-124247674 PubChem-155828265 ZINC000306144065 | pose 0 | ligand outside box
MolPort-047-177-047 306144065 LN01336858 MCULE-1155020106 MCULE-6648016997 PubChem-124247674 PubChem-155828265 ZINC000306144065 | pose 0 | ligand outside box
MolPort-047-177-047 306144065 LN01336858 MCULE-1155020106 MCULE-6648016997 PubChem-124247674 PubChem-155828265 ZINC000306144065 | pose 0 | ligand outside box
MolPort-047-177-047 306144065 LN01336858 MCULE-1155020106 MCULE-6648016997 PubChem-124247674 PubChem-155828265 ZINC000306144065 | pose 0 | initial pose not within box
MolPort-047-177-047 306144065 LN01336858 MCULE-1155020106 MCULE-6648016997 PubChem-124247674 PubChem-155828265 ZINC000306144065 | pose 0 | ligand outside box
MolPort-047-177-047 306144065 LN01336858 MCULE-1155020106 MCULE-6648016997 PubChem-124247674 PubChem-155828265 ZINC000306144065 | pose 0 | ligand outside box
MolPort-047-177-047 306144065 LN01336858 MCULE-1155020106 MCULE-6648016997 PubChem-124247674 PubChem-155828265 ZINC000306144065 | pose 0 | ligand outside box
MolPort-047-177-047 306144065 LN01336858 MCULE-1155020106 MCULE-6648016997 PubChem-124247674 PubChem-155828265 ZINC000306144065 | pose 0 | ligand outside box

mode |  affinity  |  intramol  |    CNN     |   CNN
     | (kcal/mol) | (kcal/mol) | pose score | affinity
-----+------------+------------+------------+----------
    1       -3.08       -0.26       0.4010      5.806
    2       -6.61        0.23       0.1924      5.610
    3       -5.06        0.00       0.1401      6.108
    4        2.43        0.08       0.1284      5.156
    5       -7.78        0.38       0.0911      5.740
    6       -6.80        3.16       0.0839      6.184
    7       -8.44        0.66       0.0825      6.164
    8       -5.56        2.10       0.0707      5.549
    9       -8.37        0.08       0.0697      5.300
   10       -9.42        0.19       0.0621      5.835
