              _             
             (_)            
   __ _ _ __  _ _ __   __ _ 
  / _` | '_ \| | '_ \ / _` |
 | (_| | | | | | | | | (_| |
  \__, |_| |_|_|_| |_|\__,_|
   __/ |                    
  |___/                     

gnina v1.3.3 master:6fe1ce2   Built Jun 30 2026.
gnina is based on smina and AutoDock Vina.
Please cite appropriately.

Commandline: gnina -r results/DOCKING/7AAA.mol2 -l results/DOCKING/ligands_sdf/ligando_360.sdf -o results/DOCKING/results_mol2/docked_ligando_360.mol2 --center_x 8.59 --center_y 39.35 --center_z 9.53 --size_x 22 --size_y 16 --size_z 24 --num_modes 10 --exhaustiveness 8 --seed 1
Using random seed: 1

0%   10   20   30   40   50   60   70   80   90   100%
|----|----|----|----|----|----|----|----|----|----|
***************************************************

mode |  affinity  |  intramol  |    CNN     |   CNN
     | (kcal/mol) | (kcal/mol) | pose score | affinity
-----+------------+------------+------------+----------
    1       -7.20        2.98       0.2521      6.806
    2       -9.48       -0.06       0.1848      6.644
    3      -10.21       -0.83       0.1711      6.651
    4       -9.37       -0.48       0.1703      6.482
    5      -10.29        1.19       0.1470      6.576
    6       -9.37       -0.96       0.1407      6.304
    7       -8.58        1.34       0.1344      6.090
    8       -7.58        0.64       0.1220      6.110
    9       -7.87        0.75       0.1078      6.287
   10       -9.78        0.47       0.1058      5.196
