              _             
             (_)            
   __ _ _ __  _ _ __   __ _ 
  / _` | '_ \| | '_ \ / _` |
 | (_| | | | | | | | | (_| |
  \__, |_| |_|_|_| |_|\__,_|
   __/ |                    
  |___/                     

gnina v1.3.3 master:6fe1ce2   Built Jun 30 2026.
gnina is based on smina and AutoDock Vina.
Please cite appropriately.

Commandline: gnina -r results/DOCKING/7AAA.mol2 -l results/DOCKING/ligands_sdf/ligando_772.sdf -o results/DOCKING/results_mol2/docked_ligando_772.mol2 --center_x 8.59 --center_y 39.35 --center_z 9.53 --size_x 22 --size_y 16 --size_z 24 --num_modes 10 --exhaustiveness 8 --seed 1
Using random seed: 1

0%   10   20   30   40   50   60   70   80   90   100%
|----|----|----|----|----|----|----|----|----|----|
***************************************************

mode |  affinity  |  intramol  |    CNN     |   CNN
     | (kcal/mol) | (kcal/mol) | pose score | affinity
-----+------------+------------+------------+----------
    1       -7.75        0.19       0.1708      4.864
    2       -7.91        0.07       0.1598      4.744
    3       -7.24       -0.22       0.1574      4.705
    4       -7.52       -0.23       0.1489      4.404
    5       -7.16       -0.35       0.1166      4.562
    6       -7.19       -0.02       0.1135      4.822
    7       -7.37        0.06       0.0902      4.664
    8       -7.00       -0.06       0.0864      4.236
    9       -7.78        0.44       0.0811      4.426
   10       -7.39       -0.35       0.0802      4.534
