              _             
             (_)            
   __ _ _ __  _ _ __   __ _ 
  / _` | '_ \| | '_ \ / _` |
 | (_| | | | | | | | | (_| |
  \__, |_| |_|_|_| |_|\__,_|
   __/ |                    
  |___/                     

gnina v1.3.3 master:6fe1ce2   Built Jun 30 2026.
gnina is based on smina and AutoDock Vina.
Please cite appropriately.

Commandline: gnina -r results/DOCKING/7AAA.mol2 -l results/DOCKING/ligands_sdf/ligando_209.sdf -o results/DOCKING/results_mol2/docked_ligando_209.mol2 --center_x 8.59 --center_y 39.35 --center_z 9.53 --size_x 22 --size_y 16 --size_z 24 --num_modes 10 --exhaustiveness 8 --seed 1
Using random seed: 1

0%   10   20   30   40   50   60   70   80   90   100%
|----|----|----|----|----|----|----|----|----|----|
***************************************************

mode |  affinity  |  intramol  |    CNN     |   CNN
     | (kcal/mol) | (kcal/mol) | pose score | affinity
-----+------------+------------+------------+----------
    1      -10.47       -0.05       0.0906      6.179
    2      -10.94       -0.24       0.0896      6.156
    3      -11.06        0.36       0.0678      5.405
    4       -4.04       -0.39       0.0494      6.076
    5       -7.24       -0.37       0.0447      6.351
    6       -9.24       -0.21       0.0442      5.900
    7      -10.42       -0.21       0.0386      5.879
    8       -8.57       -0.72       0.0337      5.464
    9      -10.68        0.02       0.0336      5.909
   10       -9.30       -0.29       0.0322      5.806
