              _             
             (_)            
   __ _ _ __  _ _ __   __ _ 
  / _` | '_ \| | '_ \ / _` |
 | (_| | | | | | | | | (_| |
  \__, |_| |_|_|_| |_|\__,_|
   __/ |                    
  |___/                     

gnina v1.3.3 master:6fe1ce2   Built Jun 30 2026.
gnina is based on smina and AutoDock Vina.
Please cite appropriately.

Commandline: gnina -r results/DOCKING/7AAA.mol2 -l results/DOCKING/ligands_sdf/ligando_290.sdf -o results/DOCKING/results_mol2/docked_ligando_290.mol2 --center_x 8.59 --center_y 39.35 --center_z 9.53 --size_x 22 --size_y 16 --size_z 24 --num_modes 10 --exhaustiveness 8 --seed 1
Using random seed: 1

0%   10   20   30   40   50   60   70   80   90   100%
|----|----|----|----|----|----|----|----|----|----|
***************************************************
MolPort-047-790-232 1875248683 CSSS03496531032 GIQNNAXNAMEZCU-UHFFFAOYSA-N MCULE-4207706156 PubChem-155910437 | pose 0 | initial pose not within box

mode |  affinity  |  intramol  |    CNN     |   CNN
     | (kcal/mol) | (kcal/mol) | pose score | affinity
-----+------------+------------+------------+----------
    1       -8.89       -0.73       0.5715      6.655
    2       -8.70        0.43       0.3039      5.988
    3       -8.94       -0.71       0.2981      6.019
    4       -8.14        0.14       0.2032      5.443
    5       -8.42       -0.65       0.2002      5.689
    6       -9.31       -0.21       0.1908      5.564
    7       -8.98       -0.16       0.1656      5.621
    8       -9.43       -0.49       0.1522      5.319
    9       -9.39       -0.72       0.1509      5.423
   10       -8.23        1.71       0.1294      5.655
