              _             
             (_)            
   __ _ _ __  _ _ __   __ _ 
  / _` | '_ \| | '_ \ / _` |
 | (_| | | | | | | | | (_| |
  \__, |_| |_|_|_| |_|\__,_|
   __/ |                    
  |___/                     

gnina v1.3.3 master:6fe1ce2   Built Jun 30 2026.
gnina is based on smina and AutoDock Vina.
Please cite appropriately.

Commandline: gnina -r results/DOCKING/7AAA.mol2 -l results/DOCKING/ligands_sdf/ligando_063.sdf -o results/DOCKING/results_mol2/docked_ligando_063.mol2 --center_x 8.59 --center_y 39.35 --center_z 9.53 --size_x 22 --size_y 16 --size_z 24 --num_modes 10 --exhaustiveness 8 --seed 1
Using random seed: 1

0%   10   20   30   40   50   60   70   80   90   100%
|----|----|----|----|----|----|----|----|----|----|
***************************************************

mode |  affinity  |  intramol  |    CNN     |   CNN
     | (kcal/mol) | (kcal/mol) | pose score | affinity
-----+------------+------------+------------+----------
    1       -7.11       -0.89       0.5552      5.288
    2       -6.69       -0.72       0.3639      4.860
    3       -5.98       -0.78       0.3189      5.160
    4       -6.15       -0.35       0.2422      4.465
    5       -6.99       -0.79       0.1989      4.691
    6       -6.12       -0.93       0.1629      4.614
    7       -6.37       -0.90       0.1263      3.920
    8       -6.36       -0.83       0.1034      4.430
    9       -6.93       -0.66       0.1014      4.120
   10       -5.87       -0.48       0.0930      4.091
