              _             
             (_)            
   __ _ _ __  _ _ __   __ _ 
  / _` | '_ \| | '_ \ / _` |
 | (_| | | | | | | | | (_| |
  \__, |_| |_|_|_| |_|\__,_|
   __/ |                    
  |___/                     

gnina v1.3.3 master:6fe1ce2   Built Jun 30 2026.
gnina is based on smina and AutoDock Vina.
Please cite appropriately.

Commandline: gnina -r results/DOCKING/7AAA.mol2 -l results/DOCKING/ligands_sdf/ligando_776.sdf -o results/DOCKING/results_mol2/docked_ligando_776.mol2 --center_x 8.59 --center_y 39.35 --center_z 9.53 --size_x 22 --size_y 16 --size_z 24 --num_modes 10 --exhaustiveness 8 --seed 1
Using random seed: 1

0%   10   20   30   40   50   60   70   80   90   100%
|----|----|----|----|----|----|----|----|----|----|
***************************************************

mode |  affinity  |  intramol  |    CNN     |   CNN
     | (kcal/mol) | (kcal/mol) | pose score | affinity
-----+------------+------------+------------+----------
    1       -5.75       -0.38       0.4686      5.369
    2       -5.45       -0.37       0.4056      5.155
    3       -5.54        0.27       0.2627      4.769
    4       -5.35       -0.01       0.2426      4.318
    5       -5.63       -0.27       0.1497      4.586
    6       -5.78       -0.26       0.1410      4.459
    7       -5.43        0.14       0.1295      4.219
    8       -5.61       -0.05       0.1223      4.081
    9       -5.75       -0.34       0.1186      4.389
   10       -5.87       -0.43       0.1127      4.441
