              _             
             (_)            
   __ _ _ __  _ _ __   __ _ 
  / _` | '_ \| | '_ \ / _` |
 | (_| | | | | | | | | (_| |
  \__, |_| |_|_|_| |_|\__,_|
   __/ |                    
  |___/                     

gnina v1.3.3 master:6fe1ce2   Built Jun 30 2026.
gnina is based on smina and AutoDock Vina.
Please cite appropriately.

Commandline: gnina -r results/DOCKING/7AAA.mol2 -l results/DOCKING/ligands_sdf/ligando_095.sdf -o results/DOCKING/results_mol2/docked_ligando_095.mol2 --center_x 8.59 --center_y 39.35 --center_z 9.53 --size_x 22 --size_y 16 --size_z 24 --num_modes 10 --exhaustiveness 8 --seed 1
Using random seed: 1

0%   10   20   30   40   50   60   70   80   90   100%
|----|----|----|----|----|----|----|----|----|----|
***************************************************
MolPort-002-604-220 2379556 CSSS00132751994 LN00663321 MCULE-5847717623 PubChem-1987692 ZINC000002379556 ZINC02379556 | pose 0 | initial pose not within box

mode |  affinity  |  intramol  |    CNN     |   CNN
     | (kcal/mol) | (kcal/mol) | pose score | affinity
-----+------------+------------+------------+----------
    1       -8.75       -0.07       0.4646      5.746
    2       -7.57       -0.07       0.4060      5.646
    3       -8.32        1.22       0.3321      5.917
    4       -7.65       -0.61       0.3171      5.327
    5       -8.69       -0.30       0.2582      5.505
    6       -8.77       -0.00       0.2464      5.322
    7       -7.31       -0.30       0.2354      5.227
    8       -8.51       -0.54       0.2350      5.411
    9       -8.08       -0.42       0.2305      5.394
   10       -8.49       -0.51       0.2230      5.626
