              _             
             (_)            
   __ _ _ __  _ _ __   __ _ 
  / _` | '_ \| | '_ \ / _` |
 | (_| | | | | | | | | (_| |
  \__, |_| |_|_|_| |_|\__,_|
   __/ |                    
  |___/                     

gnina v1.3.3 master:6fe1ce2   Built Jun 30 2026.
gnina is based on smina and AutoDock Vina.
Please cite appropriately.

Commandline: gnina -r results/DOCKING/7AAA.mol2 -l results/DOCKING/ligands_sdf/ligando_758.sdf -o results/DOCKING/results_mol2/docked_ligando_758.mol2 --center_x 8.59 --center_y 39.35 --center_z 9.53 --size_x 22 --size_y 16 --size_z 24 --num_modes 10 --exhaustiveness 8 --seed 1
Using random seed: 1

0%   10   20   30   40   50   60   70   80   90   100%
|----|----|----|----|----|----|----|----|----|----|
***************************************************

mode |  affinity  |  intramol  |    CNN     |   CNN
     | (kcal/mol) | (kcal/mol) | pose score | affinity
-----+------------+------------+------------+----------
    1       -8.70        0.04       0.3883      6.368
    2       -8.20       -0.22       0.3581      5.901
    3       -9.17       -1.08       0.2604      5.897
    4       -9.00       -1.02       0.2110      5.260
    5      -10.03        0.59       0.1829      4.937
    6       -8.79       -0.13       0.1762      5.321
    7       -8.71       -1.19       0.1669      5.497
    8       -8.99       -0.68       0.1657      5.945
    9       -9.50        0.35       0.1498      5.021
   10       -8.78       -1.08       0.1282      5.580
