              _             
             (_)            
   __ _ _ __  _ _ __   __ _ 
  / _` | '_ \| | '_ \ / _` |
 | (_| | | | | | | | | (_| |
  \__, |_| |_|_|_| |_|\__,_|
   __/ |                    
  |___/                     

gnina v1.3.3 master:6fe1ce2   Built Jun 30 2026.
gnina is based on smina and AutoDock Vina.
Please cite appropriately.

Commandline: gnina -r results/DOCKING/7AAA.mol2 -l results/DOCKING/ligands_sdf/ligando_233.sdf -o results/DOCKING/results_mol2/docked_ligando_233.mol2 --center_x 8.59 --center_y 39.35 --center_z 9.53 --size_x 22 --size_y 16 --size_z 24 --num_modes 10 --exhaustiveness 8 --seed 1
Using random seed: 1

0%   10   20   30   40   50   60   70   80   90   100%
|----|----|----|----|----|----|----|----|----|----|
***************************************************

mode |  affinity  |  intramol  |    CNN     |   CNN
     | (kcal/mol) | (kcal/mol) | pose score | affinity
-----+------------+------------+------------+----------
    1       -9.21       -0.65       0.1740      6.144
    2       -9.45        1.37       0.1287      5.271
    3       -9.51        0.95       0.1111      6.298
    4       -9.77       -0.86       0.1063      6.256
    5       -8.76        0.64       0.0860      5.987
    6       -9.87       -0.21       0.0848      5.979
    7       -9.35       -0.72       0.0796      6.120
    8      -10.23        1.28       0.0743      5.152
    9       -8.54        1.04       0.0719      5.466
   10      -10.03       -0.06       0.0712      5.006
