              _             
             (_)            
   __ _ _ __  _ _ __   __ _ 
  / _` | '_ \| | '_ \ / _` |
 | (_| | | | | | | | | (_| |
  \__, |_| |_|_|_| |_|\__,_|
   __/ |                    
  |___/                     

gnina v1.3.3 master:6fe1ce2   Built Jun 30 2026.
gnina is based on smina and AutoDock Vina.
Please cite appropriately.

Commandline: gnina -r results/DOCKING/7AAA.mol2 -l results/DOCKING/ligands_sdf/ligando_202.sdf -o results/DOCKING/results_mol2/docked_ligando_202.mol2 --center_x 8.59 --center_y 39.35 --center_z 9.53 --size_x 22 --size_y 16 --size_z 24 --num_modes 10 --exhaustiveness 8 --seed 1
Using random seed: 1

0%   10   20   30   40   50   60   70   80   90   100%
|----|----|----|----|----|----|----|----|----|----|
***************************************************

mode |  affinity  |  intramol  |    CNN     |   CNN
     | (kcal/mol) | (kcal/mol) | pose score | affinity
-----+------------+------------+------------+----------
    1       -9.75        0.13       0.5503      6.445
    2       -9.57       -0.16       0.5282      6.453
    3       -9.78        0.33       0.4758      6.531
    4       -8.68        0.65       0.4267      6.525
    5       -9.38       -0.60       0.3508      6.061
    6       -7.69        0.72       0.2606      6.160
    7       -9.19        0.72       0.2472      6.175
    8       -7.73       -0.40       0.2278      5.969
    9       -7.63       -0.16       0.2056      6.028
   10       -9.17        0.01       0.1972      5.859
