              _             
             (_)            
   __ _ _ __  _ _ __   __ _ 
  / _` | '_ \| | '_ \ / _` |
 | (_| | | | | | | | | (_| |
  \__, |_| |_|_|_| |_|\__,_|
   __/ |                    
  |___/                     

gnina v1.3.3 master:6fe1ce2   Built Jun 30 2026.
gnina is based on smina and AutoDock Vina.
Please cite appropriately.

Commandline: gnina -r results/DOCKING/7AAA.mol2 -l results/DOCKING/ligands_sdf/ligando_040.sdf -o results/DOCKING/results_mol2/docked_ligando_040.mol2 --center_x 8.59 --center_y 39.35 --center_z 9.53 --size_x 22 --size_y 16 --size_z 24 --num_modes 10 --exhaustiveness 8 --seed 1
Using random seed: 1

0%   10   20   30   40   50   60   70   80   90   100%
|----|----|----|----|----|----|----|----|----|----|
***************************************************
MolPort-002-605-953 2394610 CSSS00160675838 LN00665856 MCULE-9368356693 PubChem-1993559 ZINC000002394610 ZINC02394610 | pose 0 | initial pose not within box

mode |  affinity  |  intramol  |    CNN     |   CNN
     | (kcal/mol) | (kcal/mol) | pose score | affinity
-----+------------+------------+------------+----------
    1       -8.53       -0.58       0.4545      6.278
    2       -7.87       -0.56       0.4384      5.992
    3       -9.62       -0.24       0.4180      6.235
    4       -9.36        0.24       0.2692      6.100
    5       -8.25       -0.53       0.2355      6.002
    6       -8.90       -0.36       0.2014      5.975
    7       -7.67       -0.10       0.1969      5.908
    8       -9.14       -0.58       0.1774      5.716
    9       -1.35       -0.25       0.1738      5.551
   10       -8.19       -0.66       0.1387      5.620
