              _             
             (_)            
   __ _ _ __  _ _ __   __ _ 
  / _` | '_ \| | '_ \ / _` |
 | (_| | | | | | | | | (_| |
  \__, |_| |_|_|_| |_|\__,_|
   __/ |                    
  |___/                     

gnina v1.3.3 master:6fe1ce2   Built Jun 30 2026.
gnina is based on smina and AutoDock Vina.
Please cite appropriately.

Commandline: gnina -r results/DOCKING/7AAA.mol2 -l results/DOCKING/ligands_sdf/ligando_667.sdf -o results/DOCKING/results_mol2/docked_ligando_667.mol2 --center_x 8.59 --center_y 39.35 --center_z 9.53 --size_x 22 --size_y 16 --size_z 24 --num_modes 10 --exhaustiveness 8 --seed 1
Using random seed: 1

0%   10   20   30   40   50   60   70   80   90   100%
|----|----|----|----|----|----|----|----|----|----|
***************************************************

mode |  affinity  |  intramol  |    CNN     |   CNN
     | (kcal/mol) | (kcal/mol) | pose score | affinity
-----+------------+------------+------------+----------
    1       -8.43       -0.25       0.4495      5.946
    2       -7.98       -0.21       0.2575      6.151
    3       -8.59       -0.52       0.2073      5.732
    4       -8.02       -0.31       0.1391      5.474
    5       -7.14       -0.28       0.1348      5.509
    6       -6.64       -0.53       0.1299      5.136
    7       -7.66       -0.47       0.1073      5.280
    8       -7.61       -0.75       0.0880      4.454
    9       -6.87       -0.70       0.0838      5.652
   10       -8.03       -0.40       0.0777      5.276
