              _             
             (_)            
   __ _ _ __  _ _ __   __ _ 
  / _` | '_ \| | '_ \ / _` |
 | (_| | | | | | | | | (_| |
  \__, |_| |_|_|_| |_|\__,_|
   __/ |                    
  |___/                     

gnina v1.3.3 master:6fe1ce2   Built Jun 30 2026.
gnina is based on smina and AutoDock Vina.
Please cite appropriately.

Commandline: gnina -r results/DOCKING/7AAA.mol2 -l results/DOCKING/ligands_sdf/ligando_168.sdf -o results/DOCKING/results_mol2/docked_ligando_168.mol2 --center_x 8.59 --center_y 39.35 --center_z 9.53 --size_x 22 --size_y 16 --size_z 24 --num_modes 10 --exhaustiveness 8 --seed 1
Using random seed: 1

0%   10   20   30   40   50   60   70   80   90   100%
|----|----|----|----|----|----|----|----|----|----|
***************************************************
Molport-047-652-275 MCULE-3526152141 PubChem-165888020 | pose 0 | initial pose not within box

mode |  affinity  |  intramol  |    CNN     |   CNN
     | (kcal/mol) | (kcal/mol) | pose score | affinity
-----+------------+------------+------------+----------
    1       -7.31       -0.21       0.4431      5.357
    2       -8.31       -0.49       0.2640      5.137
    3      -10.22        0.52       0.1067      4.764
    4       -8.33       -0.44       0.0905      4.720
    5       -8.15       -0.18       0.0787      4.799
    6       -7.50        0.01       0.0651      4.670
    7       -7.92       -0.30       0.0647      4.350
    8       -9.76       -0.54       0.0586      4.169
    9       -7.84       -0.61       0.0528      4.947
   10      -10.09        0.54       0.0524      4.468
