              _             
             (_)            
   __ _ _ __  _ _ __   __ _ 
  / _` | '_ \| | '_ \ / _` |
 | (_| | | | | | | | | (_| |
  \__, |_| |_|_|_| |_|\__,_|
   __/ |                    
  |___/                     

gnina v1.3.3 master:6fe1ce2   Built Jun 30 2026.
gnina is based on smina and AutoDock Vina.
Please cite appropriately.

Commandline: gnina -r results/DOCKING/7AAA.mol2 -l results/DOCKING/ligands_sdf/ligando_596.sdf -o results/DOCKING/results_mol2/docked_ligando_596.mol2 --center_x 8.59 --center_y 39.35 --center_z 9.53 --size_x 22 --size_y 16 --size_z 24 --num_modes 10 --exhaustiveness 8 --seed 1
Using random seed: 1

0%   10   20   30   40   50   60   70   80   90   100%
|----|----|----|----|----|----|----|----|----|----|
***************************************************
MolPort-035-706-982 CSSS03437789237 MCULE-1941433661 PubChem-91938307 | pose 0 | initial pose not within box
MolPort-035-706-982 CSSS03437789237 MCULE-1941433661 PubChem-91938307 | pose 0 | ligand outside box
MolPort-035-706-982 CSSS03437789237 MCULE-1941433661 PubChem-91938307 | pose 0 | ligand outside box
MolPort-035-706-982 CSSS03437789237 MCULE-1941433661 PubChem-91938307 | pose 0 | ligand outside box
MolPort-035-706-982 CSSS03437789237 MCULE-1941433661 PubChem-91938307 | pose 0 | ligand outside box
MolPort-035-706-982 CSSS03437789237 MCULE-1941433661 PubChem-91938307 | pose 0 | ligand outside box

mode |  affinity  |  intramol  |    CNN     |   CNN
     | (kcal/mol) | (kcal/mol) | pose score | affinity
-----+------------+------------+------------+----------
    1       54.25        0.13       0.4619      6.179
    2       51.13       -0.20       0.3292      6.027
    3       -9.88       -0.38       0.2404      6.159
    4      -10.22       -0.26       0.2272      5.550
    5       -9.73        0.08       0.1300      5.275
    6       -9.84        0.08       0.1259      5.011
    7       -8.76        0.45       0.1127      4.835
    8      -10.06       -0.41       0.1090      5.838
    9       -9.12       -0.60       0.1004      4.916
   10       -9.14       -0.25       0.0933      4.827
