              _             
             (_)            
   __ _ _ __  _ _ __   __ _ 
  / _` | '_ \| | '_ \ / _` |
 | (_| | | | | | | | | (_| |
  \__, |_| |_|_|_| |_|\__,_|
   __/ |                    
  |___/                     

gnina v1.3.3 master:6fe1ce2   Built Jun 30 2026.
gnina is based on smina and AutoDock Vina.
Please cite appropriately.

Commandline: gnina -r results/DOCKING/7AAA.mol2 -l results/DOCKING/ligands_sdf/ligando_727.sdf -o results/DOCKING/results_mol2/docked_ligando_727.mol2 --center_x 8.59 --center_y 39.35 --center_z 9.53 --size_x 22 --size_y 16 --size_z 24 --num_modes 10 --exhaustiveness 8 --seed 1
Using random seed: 1

0%   10   20   30   40   50   60   70   80   90   100%
|----|----|----|----|----|----|----|----|----|----|
***************************************************
MolPort-001-980-658 872057 MCULE-5666138328 PubChem-1131592 ZINC000000872057 ZINC00872057 | pose 0 | ligand outside box
MolPort-001-980-658 872057 MCULE-5666138328 PubChem-1131592 ZINC000000872057 ZINC00872057 | pose 0 | ligand outside box

mode |  affinity  |  intramol  |    CNN     |   CNN
     | (kcal/mol) | (kcal/mol) | pose score | affinity
-----+------------+------------+------------+----------
    1       -6.44       -0.62       0.3161      6.978
    2       -2.33        0.41       0.2266      5.275
    3        5.42        1.78       0.2079      5.747
    4       -1.43        1.10       0.1968      6.216
    5        5.60        0.12       0.1790      4.812
    6       -3.26        0.73       0.1164      5.831
    7       26.09        0.19       0.1058      5.504
    8       -8.80       -0.10       0.1054      6.110
    9        7.93       -0.13       0.0897      5.433
   10       -8.48        3.04       0.0888      5.653
