              _             
             (_)            
   __ _ _ __  _ _ __   __ _ 
  / _` | '_ \| | '_ \ / _` |
 | (_| | | | | | | | | (_| |
  \__, |_| |_|_|_| |_|\__,_|
   __/ |                    
  |___/                     

gnina v1.3.3 master:6fe1ce2   Built Jun 30 2026.
gnina is based on smina and AutoDock Vina.
Please cite appropriately.

Commandline: gnina -r results/DOCKING/7AAA.mol2 -l results/DOCKING/ligands_sdf/ligando_827.sdf -o results/DOCKING/results_mol2/docked_ligando_827.mol2 --center_x 8.59 --center_y 39.35 --center_z 9.53 --size_x 22 --size_y 16 --size_z 24 --num_modes 10 --exhaustiveness 8 --seed 1
Using random seed: 1

0%   10   20   30   40   50   60   70   80   90   100%
|----|----|----|----|----|----|----|----|----|----|
***************************************************
MolPort-002-604-707 16974898 CSSS00160675836 MCULE-5119078341 PubChem-1989596 ZINC000016974898 ZINC16974898 | pose 0 | initial pose not within box
MolPort-002-604-707 16974898 CSSS00160675836 MCULE-5119078341 PubChem-1989596 ZINC000016974898 ZINC16974898 | pose 0 | ligand outside box
MolPort-002-604-707 16974898 CSSS00160675836 MCULE-5119078341 PubChem-1989596 ZINC000016974898 ZINC16974898 | pose 0 | ligand outside box
MolPort-002-604-707 16974898 CSSS00160675836 MCULE-5119078341 PubChem-1989596 ZINC000016974898 ZINC16974898 | pose 0 | ligand outside box
MolPort-002-604-707 16974898 CSSS00160675836 MCULE-5119078341 PubChem-1989596 ZINC000016974898 ZINC16974898 | pose 0 | ligand outside box
MolPort-002-604-707 16974898 CSSS00160675836 MCULE-5119078341 PubChem-1989596 ZINC000016974898 ZINC16974898 | pose 0 | ligand outside box
MolPort-002-604-707 16974898 CSSS00160675836 MCULE-5119078341 PubChem-1989596 ZINC000016974898 ZINC16974898 | pose 0 | initial pose not within box
MolPort-002-604-707 16974898 CSSS00160675836 MCULE-5119078341 PubChem-1989596 ZINC000016974898 ZINC16974898 | pose 0 | ligand outside box
MolPort-002-604-707 16974898 CSSS00160675836 MCULE-5119078341 PubChem-1989596 ZINC000016974898 ZINC16974898 | pose 0 | ligand outside box
MolPort-002-604-707 16974898 CSSS00160675836 MCULE-5119078341 PubChem-1989596 ZINC000016974898 ZINC16974898 | pose 0 | ligand outside box
MolPort-002-604-707 16974898 CSSS00160675836 MCULE-5119078341 PubChem-1989596 ZINC000016974898 ZINC16974898 | pose 0 | ligand outside box
MolPort-002-604-707 16974898 CSSS00160675836 MCULE-5119078341 PubChem-1989596 ZINC000016974898 ZINC16974898 | pose 0 | ligand outside box
MolPort-002-604-707 16974898 CSSS00160675836 MCULE-5119078341 PubChem-1989596 ZINC000016974898 ZINC16974898 | pose 0 | initial pose not within box
MolPort-002-604-707 16974898 CSSS00160675836 MCULE-5119078341 PubChem-1989596 ZINC000016974898 ZINC16974898 | pose 0 | ligand outside box
MolPort-002-604-707 16974898 CSSS00160675836 MCULE-5119078341 PubChem-1989596 ZINC000016974898 ZINC16974898 | pose 0 | ligand outside box
MolPort-002-604-707 16974898 CSSS00160675836 MCULE-5119078341 PubChem-1989596 ZINC000016974898 ZINC16974898 | pose 0 | ligand outside box
MolPort-002-604-707 16974898 CSSS00160675836 MCULE-5119078341 PubChem-1989596 ZINC000016974898 ZINC16974898 | pose 0 | ligand outside box
MolPort-002-604-707 16974898 CSSS00160675836 MCULE-5119078341 PubChem-1989596 ZINC000016974898 ZINC16974898 | pose 0 | ligand outside box
MolPort-002-604-707 16974898 CSSS00160675836 MCULE-5119078341 PubChem-1989596 ZINC000016974898 ZINC16974898 | pose 0 | initial pose not within box
MolPort-002-604-707 16974898 CSSS00160675836 MCULE-5119078341 PubChem-1989596 ZINC000016974898 ZINC16974898 | pose 0 | ligand outside box
MolPort-002-604-707 16974898 CSSS00160675836 MCULE-5119078341 PubChem-1989596 ZINC000016974898 ZINC16974898 | pose 0 | ligand outside box
MolPort-002-604-707 16974898 CSSS00160675836 MCULE-5119078341 PubChem-1989596 ZINC000016974898 ZINC16974898 | pose 0 | ligand outside box
MolPort-002-604-707 16974898 CSSS00160675836 MCULE-5119078341 PubChem-1989596 ZINC000016974898 ZINC16974898 | pose 0 | ligand outside box
MolPort-002-604-707 16974898 CSSS00160675836 MCULE-5119078341 PubChem-1989596 ZINC000016974898 ZINC16974898 | pose 0 | ligand outside box
MolPort-002-604-707 16974898 CSSS00160675836 MCULE-5119078341 PubChem-1989596 ZINC000016974898 ZINC16974898 | pose 0 | ligand outside box
MolPort-002-604-707 16974898 CSSS00160675836 MCULE-5119078341 PubChem-1989596 ZINC000016974898 ZINC16974898 | pose 0 | ligand outside box

mode |  affinity  |  intramol  |    CNN     |   CNN
     | (kcal/mol) | (kcal/mol) | pose score | affinity
-----+------------+------------+------------+----------
    1       38.31       -0.25       0.5165      4.948
    2        9.49        0.07       0.5065      5.401
    3        0.97        0.79       0.3507      5.404
    4       -9.01       -0.34       0.2898      6.465
    5       -3.22       -0.45       0.1783      4.475
    6        6.85       -0.02       0.1626      4.276
    7       -7.00        0.45       0.1508      5.483
    8        5.61       -0.49       0.1299      4.687
    9       -8.39       -0.91       0.1190      6.002
   10       -8.88       -0.45       0.1127      5.604
