              _             
             (_)            
   __ _ _ __  _ _ __   __ _ 
  / _` | '_ \| | '_ \ / _` |
 | (_| | | | | | | | | (_| |
  \__, |_| |_|_|_| |_|\__,_|
   __/ |                    
  |___/                     

gnina v1.3.3 master:6fe1ce2   Built Jun 30 2026.
gnina is based on smina and AutoDock Vina.
Please cite appropriately.

Commandline: gnina -r results/DOCKING/7AAA.mol2 -l results/DOCKING/ligands_sdf/ligando_481.sdf -o results/DOCKING/results_mol2/docked_ligando_481.mol2 --center_x 8.59 --center_y 39.35 --center_z 9.53 --size_x 22 --size_y 16 --size_z 24 --num_modes 10 --exhaustiveness 8 --seed 1
Using random seed: 1

0%   10   20   30   40   50   60   70   80   90   100%
|----|----|----|----|----|----|----|----|----|----|
***************************************************

mode |  affinity  |  intramol  |    CNN     |   CNN
     | (kcal/mol) | (kcal/mol) | pose score | affinity
-----+------------+------------+------------+----------
    1       -9.24        0.41       0.2911      6.319
    2       -8.58        0.07       0.2877      6.626
    3      -11.15       -0.02       0.2578      6.624
    4      -10.54       -0.02       0.1882      6.314
    5       -9.63       -0.51       0.1843      6.237
    6       -8.56       -0.26       0.1713      5.861
    7       -9.70       -0.35       0.1652      6.440
    8      -11.20       -0.32       0.1538      5.812
    9      -10.84       -0.56       0.1405      6.257
   10      -10.82        0.09       0.1165      6.247
