              _             
             (_)            
   __ _ _ __  _ _ __   __ _ 
  / _` | '_ \| | '_ \ / _` |
 | (_| | | | | | | | | (_| |
  \__, |_| |_|_|_| |_|\__,_|
   __/ |                    
  |___/                     

gnina v1.3.3 master:6fe1ce2   Built Jun 30 2026.
gnina is based on smina and AutoDock Vina.
Please cite appropriately.

Commandline: gnina -r results/DOCKING/7AAA.mol2 -l results/DOCKING/ligands_sdf/ligando_613.sdf -o results/DOCKING/results_mol2/docked_ligando_613.mol2 --center_x 8.59 --center_y 39.35 --center_z 9.53 --size_x 22 --size_y 16 --size_z 24 --num_modes 10 --exhaustiveness 8 --seed 1
Using random seed: 1

0%   10   20   30   40   50   60   70   80   90   100%
|----|----|----|----|----|----|----|----|----|----|
***************************************************

mode |  affinity  |  intramol  |    CNN     |   CNN
     | (kcal/mol) | (kcal/mol) | pose score | affinity
-----+------------+------------+------------+----------
    1       -8.47       -0.26       0.2319      5.899
    2       -8.01       -0.23       0.1880      5.552
    3       -8.04       -0.58       0.1372      5.406
    4       -6.95       -0.85       0.1091      4.912
    5       -8.63        2.53       0.1066      5.470
    6       -7.13       -0.76       0.1006      4.879
    7       -8.54       -0.29       0.1004      5.074
    8       -8.11       -0.53       0.0990      4.950
    9       -7.96        0.09       0.0949      5.016
   10       -7.61       -0.27       0.0910      5.390
