              _             
             (_)            
   __ _ _ __  _ _ __   __ _ 
  / _` | '_ \| | '_ \ / _` |
 | (_| | | | | | | | | (_| |
  \__, |_| |_|_|_| |_|\__,_|
   __/ |                    
  |___/                     

gnina v1.3.3 master:6fe1ce2   Built Jun 30 2026.
gnina is based on smina and AutoDock Vina.
Please cite appropriately.

Commandline: gnina -r results/DOCKING/7AAA.mol2 -l results/DOCKING/ligands_sdf/ligando_654.sdf -o results/DOCKING/results_mol2/docked_ligando_654.mol2 --center_x 8.59 --center_y 39.35 --center_z 9.53 --size_x 22 --size_y 16 --size_z 24 --num_modes 10 --exhaustiveness 8 --seed 1
Using random seed: 1

0%   10   20   30   40   50   60   70   80   90   100%
|----|----|----|----|----|----|----|----|----|----|
***************************************************

mode |  affinity  |  intramol  |    CNN     |   CNN
     | (kcal/mol) | (kcal/mol) | pose score | affinity
-----+------------+------------+------------+----------
    1       -9.29        0.24       0.2650      5.366
    2       -8.98       -0.06       0.1853      5.265
    3       -8.62       -0.22       0.1653      5.325
    4       -8.44       -0.59       0.1632      5.401
    5       -8.95       -0.33       0.1592      5.389
    6       -8.48       -0.05       0.1171      5.552
    7       -8.47       -0.24       0.0997      5.090
    8       -8.26       -0.37       0.0883      4.858
    9       -8.78       -0.20       0.0777      5.116
   10       -9.02        0.34       0.0747      4.802
