              _             
             (_)            
   __ _ _ __  _ _ __   __ _ 
  / _` | '_ \| | '_ \ / _` |
 | (_| | | | | | | | | (_| |
  \__, |_| |_|_|_| |_|\__,_|
   __/ |                    
  |___/                     

gnina v1.3.3 master:6fe1ce2   Built Jun 30 2026.
gnina is based on smina and AutoDock Vina.
Please cite appropriately.

Commandline: gnina -r results/DOCKING/7AAA.mol2 -l results/DOCKING/ligands_sdf/ligando_059.sdf -o results/DOCKING/results_mol2/docked_ligando_059.mol2 --center_x 8.59 --center_y 39.35 --center_z 9.53 --size_x 22 --size_y 16 --size_z 24 --num_modes 10 --exhaustiveness 8 --seed 1
Using random seed: 1

0%   10   20   30   40   50   60   70   80   90   100%
|----|----|----|----|----|----|----|----|----|----|
***************************************************

mode |  affinity  |  intramol  |    CNN     |   CNN
     | (kcal/mol) | (kcal/mol) | pose score | affinity
-----+------------+------------+------------+----------
    1      -10.67       -0.16       0.3396      6.623
    2      -10.09       -0.63       0.1906      6.454
    3      -10.08        0.09       0.1791      6.425
    4      -11.08        0.08       0.1630      6.363
    5      -10.68       -0.22       0.1451      6.064
    6      -10.59       -0.44       0.1064      5.644
    7      -10.27       -0.21       0.0631      5.963
    8       -9.82       -0.29       0.0360      5.782
    9       -6.98       -0.16       0.0359      4.720
   10      -10.08       -0.03       0.0340      5.807
