              _             
             (_)            
   __ _ _ __  _ _ __   __ _ 
  / _` | '_ \| | '_ \ / _` |
 | (_| | | | | | | | | (_| |
  \__, |_| |_|_|_| |_|\__,_|
   __/ |                    
  |___/                     

gnina v1.3.3 master:6fe1ce2   Built Jun 30 2026.
gnina is based on smina and AutoDock Vina.
Please cite appropriately.

Commandline: gnina -r results/DOCKING/7AAA.mol2 -l results/DOCKING/ligands_sdf/ligando_854.sdf -o results/DOCKING/results_mol2/docked_ligando_854.mol2 --center_x 8.59 --center_y 39.35 --center_z 9.53 --size_x 22 --size_y 16 --size_z 24 --num_modes 10 --exhaustiveness 8 --seed 1
Using random seed: 1

0%   10   20   30   40   50   60   70   80   90   100%
|----|----|----|----|----|----|----|----|----|----|
***************************************************
MolPort-002-787-956 36617993 CSSS00133001352 MCULE-7283028708 PubChem-44824205 ZINC000036617993 | pose 0 | initial pose not within box

mode |  affinity  |  intramol  |    CNN     |   CNN
     | (kcal/mol) | (kcal/mol) | pose score | affinity
-----+------------+------------+------------+----------
    1       -5.96        1.51       0.1768      6.543
    2       -6.95       -1.03       0.1669      6.585
    3       -9.17       -1.08       0.1397      6.537
    4       -9.68       -0.52       0.1282      6.423
    5       -7.46       -0.83       0.1082      6.591
    6       -6.87       -0.60       0.0885      6.272
    7       -9.54       -0.50       0.0786      5.943
    8       -5.72       -0.99       0.0757      5.899
    9       -6.59       -0.34       0.0668      6.228
   10       -7.98        1.38       0.0658      5.991
