              _             
             (_)            
   __ _ _ __  _ _ __   __ _ 
  / _` | '_ \| | '_ \ / _` |
 | (_| | | | | | | | | (_| |
  \__, |_| |_|_|_| |_|\__,_|
   __/ |                    
  |___/                     

gnina v1.3.3 master:6fe1ce2   Built Jun 30 2026.
gnina is based on smina and AutoDock Vina.
Please cite appropriately.

Commandline: gnina -r results/DOCKING/7AAA.mol2 -l results/DOCKING/ligands_sdf/ligando_473.sdf -o results/DOCKING/results_mol2/docked_ligando_473.mol2 --center_x 8.59 --center_y 39.35 --center_z 9.53 --size_x 22 --size_y 16 --size_z 24 --num_modes 10 --exhaustiveness 8 --seed 1
Using random seed: 1

0%   10   20   30   40   50   60   70   80   90   100%
|----|----|----|----|----|----|----|----|----|----|
***************************************************
Molport-051-662-103 MCULE-9837835430 | pose 0 | initial pose not within box

mode |  affinity  |  intramol  |    CNN     |   CNN
     | (kcal/mol) | (kcal/mol) | pose score | affinity
-----+------------+------------+------------+----------
    1       -7.40       -0.23       0.2099      6.012
    2       -9.25        0.08       0.1649      6.241
    3       -9.06        1.03       0.1067      6.051
    4       -8.35       -0.17       0.0891      6.018
    5       -8.25       -0.84       0.0803      5.894
    6       -9.26        0.81       0.0758      5.693
    7       -6.61        0.72       0.0753      5.777
    8       -9.72        0.68       0.0672      5.023
    9       -8.43        0.19       0.0662      5.653
   10       -7.77        1.99       0.0450      5.553
