              _             
             (_)            
   __ _ _ __  _ _ __   __ _ 
  / _` | '_ \| | '_ \ / _` |
 | (_| | | | | | | | | (_| |
  \__, |_| |_|_|_| |_|\__,_|
   __/ |                    
  |___/                     

gnina v1.3.3 master:6fe1ce2   Built Jun 30 2026.
gnina is based on smina and AutoDock Vina.
Please cite appropriately.

Commandline: gnina -r results/DOCKING/7AAA.mol2 -l results/DOCKING/ligands_sdf/ligando_037.sdf -o results/DOCKING/results_mol2/docked_ligando_037.mol2 --center_x 8.59 --center_y 39.35 --center_z 9.53 --size_x 22 --size_y 16 --size_z 24 --num_modes 10 --exhaustiveness 8 --seed 1
Using random seed: 1

0%   10   20   30   40   50   60   70   80   90   100%
|----|----|----|----|----|----|----|----|----|----|
***************************************************
MolPort-002-626-017 2595778 LN00639015 PubChem-2047979 ZINC000002595778 ZINC02595778 | pose 0 | initial pose not within box
MolPort-002-626-017 2595778 LN00639015 PubChem-2047979 ZINC000002595778 ZINC02595778 | pose 0 | ligand outside box
MolPort-002-626-017 2595778 LN00639015 PubChem-2047979 ZINC000002595778 ZINC02595778 | pose 0 | ligand outside box

mode |  affinity  |  intramol  |    CNN     |   CNN
     | (kcal/mol) | (kcal/mol) | pose score | affinity
-----+------------+------------+------------+----------
    1       -8.64       -0.19       0.4991      6.081
    2       -0.60        0.40       0.4950      4.975
    3       -9.40        0.01       0.2711      5.659
    4       -0.73        1.06       0.2540      4.770
    5       -8.67        0.10       0.2237      5.729
    6       -7.69       -0.47       0.2216      5.276
    7       -7.05       -0.26       0.2079      5.787
    8       -9.43        0.01       0.1926      5.584
    9       -7.54       -0.36       0.1463      4.852
   10       -6.75       -0.37       0.1214      5.437
