              _             
             (_)            
   __ _ _ __  _ _ __   __ _ 
  / _` | '_ \| | '_ \ / _` |
 | (_| | | | | | | | | (_| |
  \__, |_| |_|_|_| |_|\__,_|
   __/ |                    
  |___/                     

gnina v1.3.3 master:6fe1ce2   Built Jun 30 2026.
gnina is based on smina and AutoDock Vina.
Please cite appropriately.

Commandline: gnina -r results/DOCKING/7AAA.mol2 -l results/DOCKING/ligands_sdf/ligando_787.sdf -o results/DOCKING/results_mol2/docked_ligando_787.mol2 --center_x 8.59 --center_y 39.35 --center_z 9.53 --size_x 22 --size_y 16 --size_z 24 --num_modes 10 --exhaustiveness 8 --seed 1
Using random seed: 1

0%   10   20   30   40   50   60   70   80   90   100%
|----|----|----|----|----|----|----|----|----|----|
***************************************************
MolPort-002-865-759 5681527 CHEMBL1549343 CSSS00138423839 MCULE-5667514739 PubChem-4303516 ZINC000005681527 ZINC05681527 | pose 0 | ligand outside box

mode |  affinity  |  intramol  |    CNN     |   CNN
     | (kcal/mol) | (kcal/mol) | pose score | affinity
-----+------------+------------+------------+----------
    1      -11.27       -0.07       0.2514      5.868
    2       -9.39       -0.45       0.1988      5.472
    3       -7.85        0.10       0.1385      4.488
    4       -6.72        0.16       0.1263      5.085
    5       -6.71        0.26       0.1250      5.206
    6      -11.23       -0.00       0.1232      5.840
    7        2.56        0.30       0.1189      4.753
    8      -11.47        0.18       0.1130      5.354
    9      -10.49       -0.37       0.1004      5.473
   10        2.63        0.39       0.0781      4.542
