              _             
             (_)            
   __ _ _ __  _ _ __   __ _ 
  / _` | '_ \| | '_ \ / _` |
 | (_| | | | | | | | | (_| |
  \__, |_| |_|_|_| |_|\__,_|
   __/ |                    
  |___/                     

gnina v1.3.3 master:6fe1ce2   Built Jun 30 2026.
gnina is based on smina and AutoDock Vina.
Please cite appropriately.

Commandline: gnina -r results/DOCKING/7AAA.mol2 -l results/DOCKING/ligands_sdf/ligando_076.sdf -o results/DOCKING/results_mol2/docked_ligando_076.mol2 --center_x 8.59 --center_y 39.35 --center_z 9.53 --size_x 22 --size_y 16 --size_z 24 --num_modes 10 --exhaustiveness 8 --seed 1
Using random seed: 1

0%   10   20   30   40   50   60   70   80   90   100%
|----|----|----|----|----|----|----|----|----|----|
***************************************************

mode |  affinity  |  intramol  |    CNN     |   CNN
     | (kcal/mol) | (kcal/mol) | pose score | affinity
-----+------------+------------+------------+----------
    1       -9.77       -0.94       0.1503      6.057
    2       -9.43       -0.47       0.1469      5.763
    3       -9.04       -0.76       0.1462      6.298
    4       -8.91        0.51       0.1433      5.644
    5       -8.62       -1.75       0.1417      6.143
    6       -9.38       -1.06       0.1293      5.589
    7       -9.59        0.14       0.1216      5.199
    8       -9.76       -1.06       0.1197      5.502
    9       -8.74        1.61       0.1173      5.402
   10       -7.77       -0.90       0.1133      5.880
