              _             
             (_)            
   __ _ _ __  _ _ __   __ _ 
  / _` | '_ \| | '_ \ / _` |
 | (_| | | | | | | | | (_| |
  \__, |_| |_|_|_| |_|\__,_|
   __/ |                    
  |___/                     

gnina v1.3.3 master:6fe1ce2   Built Jun 30 2026.
gnina is based on smina and AutoDock Vina.
Please cite appropriately.

Commandline: gnina -r results/DOCKING/7AAA.mol2 -l results/DOCKING/ligands_sdf/ligando_565.sdf -o results/DOCKING/results_mol2/docked_ligando_565.mol2 --center_x 8.59 --center_y 39.35 --center_z 9.53 --size_x 22 --size_y 16 --size_z 24 --num_modes 10 --exhaustiveness 8 --seed 1
Using random seed: 1

0%   10   20   30   40   50   60   70   80   90   100%
|----|----|----|----|----|----|----|----|----|----|
***************************************************

mode |  affinity  |  intramol  |    CNN     |   CNN
     | (kcal/mol) | (kcal/mol) | pose score | affinity
-----+------------+------------+------------+----------
    1       -7.14        0.27       0.6006      4.681
    2       -7.37        0.14       0.5504      5.170
    3       -7.43       -0.17       0.5493      4.694
    4       -7.07        0.28       0.4763      4.716
    5       -6.61        0.02       0.4715      4.741
    6       -7.18        0.64       0.4677      4.733
    7       -7.98       -0.57       0.4429      4.667
    8       -7.87       -0.02       0.4048      4.213
    9       -7.13        0.10       0.3974      4.849
   10       -6.73        0.09       0.3525      4.633
