              _             
             (_)            
   __ _ _ __  _ _ __   __ _ 
  / _` | '_ \| | '_ \ / _` |
 | (_| | | | | | | | | (_| |
  \__, |_| |_|_|_| |_|\__,_|
   __/ |                    
  |___/                     

gnina v1.3.3 master:6fe1ce2   Built Jun 30 2026.
gnina is based on smina and AutoDock Vina.
Please cite appropriately.

Commandline: gnina -r results/DOCKING/7AAA.mol2 -l results/DOCKING/ligands_sdf/ligando_550.sdf -o results/DOCKING/results_mol2/docked_ligando_550.mol2 --center_x 8.59 --center_y 39.35 --center_z 9.53 --size_x 22 --size_y 16 --size_z 24 --num_modes 10 --exhaustiveness 8 --seed 1
Using random seed: 1

0%   10   20   30   40   50   60   70   80   90   100%
|----|----|----|----|----|----|----|----|----|----|
***************************************************

mode |  affinity  |  intramol  |    CNN     |   CNN
     | (kcal/mol) | (kcal/mol) | pose score | affinity
-----+------------+------------+------------+----------
    1       -9.78        0.01       0.2867      5.966
    2       -9.22        1.09       0.2817      5.577
    3       -8.71       -0.01       0.2282      5.504
    4       -8.71        0.66       0.2229      5.191
    5       -8.98       -0.30       0.2050      6.021
    6       -9.62        0.34       0.1622      4.781
    7       -9.16       -0.08       0.1390      5.500
    8       -8.61        0.74       0.1309      5.637
    9       -8.92        0.43       0.1304      5.390
   10       -9.36        0.30       0.1294      5.529
