              _             
             (_)            
   __ _ _ __  _ _ __   __ _ 
  / _` | '_ \| | '_ \ / _` |
 | (_| | | | | | | | | (_| |
  \__, |_| |_|_|_| |_|\__,_|
   __/ |                    
  |___/                     

gnina v1.3.3 master:6fe1ce2   Built Jun 30 2026.
gnina is based on smina and AutoDock Vina.
Please cite appropriately.

Commandline: gnina -r results/DOCKING/7AAA.mol2 -l results/DOCKING/ligands_sdf/ligando_006.sdf -o results/DOCKING/results_mol2/docked_ligando_006.mol2 --center_x 8.59 --center_y 39.35 --center_z 9.53 --size_x 22 --size_y 16 --size_z 24 --num_modes 10 --exhaustiveness 8 --seed 1
Using random seed: 1

0%   10   20   30   40   50   60   70   80   90   100%
|----|----|----|----|----|----|----|----|----|----|
***************************************************
MolPort-007-723-734 9405089 ChemDiv-E157-8413 MCULE-2668155408 PubChem-22518212 ZINC000009405089 ZINC09405089 | pose 0 | ligand outside box
MolPort-007-723-734 9405089 ChemDiv-E157-8413 MCULE-2668155408 PubChem-22518212 ZINC000009405089 ZINC09405089 | pose 0 | ligand outside box
MolPort-007-723-734 9405089 ChemDiv-E157-8413 MCULE-2668155408 PubChem-22518212 ZINC000009405089 ZINC09405089 | pose 0 | ligand outside box
MolPort-007-723-734 9405089 ChemDiv-E157-8413 MCULE-2668155408 PubChem-22518212 ZINC000009405089 ZINC09405089 | pose 0 | ligand outside box
MolPort-007-723-734 9405089 ChemDiv-E157-8413 MCULE-2668155408 PubChem-22518212 ZINC000009405089 ZINC09405089 | pose 0 | ligand outside box
MolPort-007-723-734 9405089 ChemDiv-E157-8413 MCULE-2668155408 PubChem-22518212 ZINC000009405089 ZINC09405089 | pose 0 | initial pose not within box

mode |  affinity  |  intramol  |    CNN     |   CNN
     | (kcal/mol) | (kcal/mol) | pose score | affinity
-----+------------+------------+------------+----------
    1       -8.81        0.84       0.1726      5.572
    2       -6.60       -0.07       0.1491      4.939
    3       -8.39       -0.02       0.1046      5.605
    4       -7.68       -0.60       0.1021      5.179
    5       -7.72       -0.36       0.0708      5.308
    6       -8.80       -0.16       0.0704      5.361
    7       -7.93        0.08       0.0667      5.379
    8       -8.92        0.78       0.0594      5.472
    9       -9.78        1.22       0.0567      5.140
   10       -7.68       -0.07       0.0538      4.860
