              _             
             (_)            
   __ _ _ __  _ _ __   __ _ 
  / _` | '_ \| | '_ \ / _` |
 | (_| | | | | | | | | (_| |
  \__, |_| |_|_|_| |_|\__,_|
   __/ |                    
  |___/                     

gnina v1.3.3 master:6fe1ce2   Built Jun 30 2026.
gnina is based on smina and AutoDock Vina.
Please cite appropriately.

Commandline: gnina -r results/DOCKING/7AAA.mol2 -l results/DOCKING/ligands_sdf/ligando_605.sdf -o results/DOCKING/results_mol2/docked_ligando_605.mol2 --center_x 8.59 --center_y 39.35 --center_z 9.53 --size_x 22 --size_y 16 --size_z 24 --num_modes 10 --exhaustiveness 8 --seed 1
Using random seed: 1

0%   10   20   30   40   50   60   70   80   90   100%
|----|----|----|----|----|----|----|----|----|----|
***************************************************

mode |  affinity  |  intramol  |    CNN     |   CNN
     | (kcal/mol) | (kcal/mol) | pose score | affinity
-----+------------+------------+------------+----------
    1       -8.57       -0.02       0.1786      4.911
    2       -7.84       -0.48       0.1364      5.444
    3       -7.64        0.25       0.1247      4.552
    4       -9.02       -0.18       0.1078      4.109
    5       -9.07       -0.45       0.1053      4.531
    6       -7.83       -0.38       0.0933      4.723
    7       -8.17       -0.47       0.0902      4.905
    8       -7.98       -0.36       0.0893      4.962
    9       -8.11       -0.52       0.0874      5.201
   10       -8.10       -0.71       0.0739      4.852
