              _             
             (_)            
   __ _ _ __  _ _ __   __ _ 
  / _` | '_ \| | '_ \ / _` |
 | (_| | | | | | | | | (_| |
  \__, |_| |_|_|_| |_|\__,_|
   __/ |                    
  |___/                     

gnina v1.3.3 master:6fe1ce2   Built Jun 30 2026.
gnina is based on smina and AutoDock Vina.
Please cite appropriately.

Commandline: gnina -r results/DOCKING/7AAA.mol2 -l results/DOCKING/ligands_sdf/ligando_124.sdf -o results/DOCKING/results_mol2/docked_ligando_124.mol2 --center_x 8.59 --center_y 39.35 --center_z 9.53 --size_x 22 --size_y 16 --size_z 24 --num_modes 10 --exhaustiveness 8 --seed 1
Using random seed: 1

0%   10   20   30   40   50   60   70   80   90   100%
|----|----|----|----|----|----|----|----|----|----|
***************************************************
MolPort-029-891-160 96136481 CSC046102906 CSSS00046102906 MCULE-3429289033 PubChem-72855602 ZINC000096136481 ZINC96136481 | pose 0 | initial pose not within box
MolPort-029-891-160 96136481 CSC046102906 CSSS00046102906 MCULE-3429289033 PubChem-72855602 ZINC000096136481 ZINC96136481 | pose 0 | ligand outside box
MolPort-029-891-160 96136481 CSC046102906 CSSS00046102906 MCULE-3429289033 PubChem-72855602 ZINC000096136481 ZINC96136481 | pose 0 | ligand outside box
MolPort-029-891-160 96136481 CSC046102906 CSSS00046102906 MCULE-3429289033 PubChem-72855602 ZINC000096136481 ZINC96136481 | pose 0 | ligand outside box

mode |  affinity  |  intramol  |    CNN     |   CNN
     | (kcal/mol) | (kcal/mol) | pose score | affinity
-----+------------+------------+------------+----------
    1        2.06        0.59       0.5478      5.640
    2       -9.86        0.89       0.4682      6.821
    3        2.69        0.03       0.3200      5.606
    4       -4.85        0.04       0.3115      5.083
    5       -9.51       -0.31       0.2520      6.049
    6       -2.89       -0.32       0.1684      5.733
    7       -8.70       -0.52       0.1375      5.402
    8        5.80        1.41       0.1077      4.655
    9       -9.54       -0.32       0.1067      5.002
   10       -7.42       -0.09       0.1005      5.016
