              _             
             (_)            
   __ _ _ __  _ _ __   __ _ 
  / _` | '_ \| | '_ \ / _` |
 | (_| | | | | | | | | (_| |
  \__, |_| |_|_|_| |_|\__,_|
   __/ |                    
  |___/                     

gnina v1.3.3 master:6fe1ce2   Built Jun 30 2026.
gnina is based on smina and AutoDock Vina.
Please cite appropriately.

Commandline: gnina -r results/DOCKING/7AAA.mol2 -l results/DOCKING/ligands_sdf/ligando_740.sdf -o results/DOCKING/results_mol2/docked_ligando_740.mol2 --center_x 8.59 --center_y 39.35 --center_z 9.53 --size_x 22 --size_y 16 --size_z 24 --num_modes 10 --exhaustiveness 8 --seed 1
Using random seed: 1

0%   10   20   30   40   50   60   70   80   90   100%
|----|----|----|----|----|----|----|----|----|----|
***************************************************
MolPort-005-114-135 CSSS00159524509 MCULE-1382020917 PubChem-31105705 | pose 0 | initial pose not within box
MolPort-005-114-135 CSSS00159524509 MCULE-1382020917 PubChem-31105705 | pose 0 | ligand outside box
MolPort-005-114-135 CSSS00159524509 MCULE-1382020917 PubChem-31105705 | pose 0 | ligand outside box
MolPort-005-114-135 CSSS00159524509 MCULE-1382020917 PubChem-31105705 | pose 0 | ligand outside box

mode |  affinity  |  intramol  |    CNN     |   CNN
     | (kcal/mol) | (kcal/mol) | pose score | affinity
-----+------------+------------+------------+----------
    1       48.96       -0.24       0.5978      5.904
    2       -8.60        0.68       0.3244      6.567
    3      133.58        0.33       0.2836      5.039
    4       31.55        0.20       0.2802      5.547
    5       -4.70        0.13       0.2528      5.604
    6       -8.16        0.72       0.1766      5.737
    7        4.95        2.16       0.1760      5.320
    8       31.13       -0.08       0.1130      4.974
    9       28.30       -0.30       0.1047      5.186
   10       -8.95       -0.31       0.1015      5.552
