              _             
             (_)            
   __ _ _ __  _ _ __   __ _ 
  / _` | '_ \| | '_ \ / _` |
 | (_| | | | | | | | | (_| |
  \__, |_| |_|_|_| |_|\__,_|
   __/ |                    
  |___/                     

gnina v1.3.3 master:6fe1ce2   Built Jun 30 2026.
gnina is based on smina and AutoDock Vina.
Please cite appropriately.

Commandline: gnina -r results/DOCKING/7AAA.mol2 -l results/DOCKING/ligands_sdf/ligando_571.sdf -o results/DOCKING/results_mol2/docked_ligando_571.mol2 --center_x 8.59 --center_y 39.35 --center_z 9.53 --size_x 22 --size_y 16 --size_z 24 --num_modes 10 --exhaustiveness 8 --seed 1
Using random seed: 1

0%   10   20   30   40   50   60   70   80   90   100%
|----|----|----|----|----|----|----|----|----|----|
***************************************************
MolPort-008-272-732 35316707 MCULE-3221739527 PubChem-46951627 ZINC000035316707 | pose 0 | initial pose not within box

mode |  affinity  |  intramol  |    CNN     |   CNN
     | (kcal/mol) | (kcal/mol) | pose score | affinity
-----+------------+------------+------------+----------
    1      -10.03        0.10       0.2876      6.252
    2       -9.76       -0.26       0.2763      6.384
    3       -9.89       -0.51       0.1816      6.507
    4       -9.41        0.46       0.1761      5.983
    5       -9.94        0.07       0.1437      6.015
    6       -9.75        0.62       0.1234      4.891
    7       -9.40        0.22       0.1198      5.561
    8       -8.62        0.58       0.0938      5.448
    9       -9.93       -0.45       0.0921      5.662
   10       -9.69       -0.56       0.0819      5.044
