              _             
             (_)            
   __ _ _ __  _ _ __   __ _ 
  / _` | '_ \| | '_ \ / _` |
 | (_| | | | | | | | | (_| |
  \__, |_| |_|_|_| |_|\__,_|
   __/ |                    
  |___/                     

gnina v1.3.3 master:6fe1ce2   Built Jun 30 2026.
gnina is based on smina and AutoDock Vina.
Please cite appropriately.

Commandline: gnina -r results/DOCKING/7AAA.mol2 -l results/DOCKING/ligands_sdf/ligando_853.sdf -o results/DOCKING/results_mol2/docked_ligando_853.mol2 --center_x 8.59 --center_y 39.35 --center_z 9.53 --size_x 22 --size_y 16 --size_z 24 --num_modes 10 --exhaustiveness 8 --seed 1
Using random seed: 1

0%   10   20   30   40   50   60   70   80   90   100%
|----|----|----|----|----|----|----|----|----|----|
***************************************************

mode |  affinity  |  intramol  |    CNN     |   CNN
     | (kcal/mol) | (kcal/mol) | pose score | affinity
-----+------------+------------+------------+----------
    1       -9.55       -0.39       0.1841      6.075
    2       -8.53        1.85       0.1752      6.173
    3       -8.65        1.36       0.1694      6.056
    4       -9.43        0.38       0.1556      6.287
    5      -10.76        0.13       0.1218      5.705
    6      -10.56        1.11       0.1166      5.672
    7      -10.45        2.14       0.1033      4.620
    8       -9.96        2.49       0.1021      5.579
    9       -9.43        2.89       0.0966      5.273
   10       -9.75        1.05       0.0883      5.370
