              _             
             (_)            
   __ _ _ __  _ _ __   __ _ 
  / _` | '_ \| | '_ \ / _` |
 | (_| | | | | | | | | (_| |
  \__, |_| |_|_|_| |_|\__,_|
   __/ |                    
  |___/                     

gnina v1.3.3 master:6fe1ce2   Built Jun 30 2026.
gnina is based on smina and AutoDock Vina.
Please cite appropriately.

Commandline: gnina -r results/DOCKING/7AAA.mol2 -l results/DOCKING/ligands_sdf/ligando_712.sdf -o results/DOCKING/results_mol2/docked_ligando_712.mol2 --center_x 8.59 --center_y 39.35 --center_z 9.53 --size_x 22 --size_y 16 --size_z 24 --num_modes 10 --exhaustiveness 8 --seed 1
Using random seed: 1

0%   10   20   30   40   50   60   70   80   90   100%
|----|----|----|----|----|----|----|----|----|----|
***************************************************
MolPort-007-713-550 ChemDiv-E002-0461 MCULE-7672710718 PubChem-22509992 ZINC000006768189 | pose 0 | initial pose not within box
MolPort-007-713-550 ChemDiv-E002-0461 MCULE-7672710718 PubChem-22509992 ZINC000006768189 | pose 0 | ligand outside box
MolPort-007-713-550 ChemDiv-E002-0461 MCULE-7672710718 PubChem-22509992 ZINC000006768189 | pose 0 | ligand outside box
MolPort-007-713-550 ChemDiv-E002-0461 MCULE-7672710718 PubChem-22509992 ZINC000006768189 | pose 0 | ligand outside box
MolPort-007-713-550 ChemDiv-E002-0461 MCULE-7672710718 PubChem-22509992 ZINC000006768189 | pose 0 | ligand outside box
MolPort-007-713-550 ChemDiv-E002-0461 MCULE-7672710718 PubChem-22509992 ZINC000006768189 | pose 0 | ligand outside box
MolPort-007-713-550 ChemDiv-E002-0461 MCULE-7672710718 PubChem-22509992 ZINC000006768189 | pose 0 | initial pose not within box

mode |  affinity  |  intramol  |    CNN     |   CNN
     | (kcal/mol) | (kcal/mol) | pose score | affinity
-----+------------+------------+------------+----------
    1       -8.76        1.76       0.0961      5.292
    2       -8.89        1.37       0.0738      5.701
    3       -9.52       -0.04       0.0708      5.380
    4       -8.43       -0.24       0.0566      5.222
    5       -8.79        0.24       0.0552      5.341
    6       -6.84        0.35       0.0547      5.299
    7       -8.75       -0.21       0.0517      5.375
    8       -9.67        0.03       0.0486      5.244
    9       -8.02       -0.08       0.0464      5.271
   10       -8.63        1.11       0.0444      5.142
