              _             
             (_)            
   __ _ _ __  _ _ __   __ _ 
  / _` | '_ \| | '_ \ / _` |
 | (_| | | | | | | | | (_| |
  \__, |_| |_|_|_| |_|\__,_|
   __/ |                    
  |___/                     

gnina v1.3.3 master:6fe1ce2   Built Jun 30 2026.
gnina is based on smina and AutoDock Vina.
Please cite appropriately.

Commandline: gnina -r results/DOCKING/7AAA.mol2 -l results/DOCKING/ligands_sdf/ligando_541.sdf -o results/DOCKING/results_mol2/docked_ligando_541.mol2 --center_x 8.59 --center_y 39.35 --center_z 9.53 --size_x 22 --size_y 16 --size_z 24 --num_modes 10 --exhaustiveness 8 --seed 1
Using random seed: 1

0%   10   20   30   40   50   60   70   80   90   100%
|----|----|----|----|----|----|----|----|----|----|
***************************************************

mode |  affinity  |  intramol  |    CNN     |   CNN
     | (kcal/mol) | (kcal/mol) | pose score | affinity
-----+------------+------------+------------+----------
    1       -8.66        2.18       0.4238      6.873
    2       -8.35        1.89       0.4187      6.783
    3       -9.17        2.24       0.3936      6.225
    4       -6.75        1.01       0.3357      6.609
    5       -7.07        1.12       0.3302      6.754
    6       -9.09       -0.75       0.2538      6.350
    7       -7.53       -0.70       0.2309      6.379
    8       -8.01        0.15       0.2237      6.521
    9       -6.17        0.37       0.2145      6.535
   10       -8.80       -0.63       0.1917      6.439
