              _             
             (_)            
   __ _ _ __  _ _ __   __ _ 
  / _` | '_ \| | '_ \ / _` |
 | (_| | | | | | | | | (_| |
  \__, |_| |_|_|_| |_|\__,_|
   __/ |                    
  |___/                     

gnina v1.3.3 master:6fe1ce2   Built Jun 30 2026.
gnina is based on smina and AutoDock Vina.
Please cite appropriately.

Commandline: gnina -r results/DOCKING/7AAA.mol2 -l results/DOCKING/ligands_sdf/ligando_041.sdf -o results/DOCKING/results_mol2/docked_ligando_041.mol2 --center_x 8.59 --center_y 39.35 --center_z 9.53 --size_x 22 --size_y 16 --size_z 24 --num_modes 10 --exhaustiveness 8 --seed 1
Using random seed: 1

0%   10   20   30   40   50   60   70   80   90   100%
|----|----|----|----|----|----|----|----|----|----|
***************************************************
MolPort-003-025-636 2716621 CSSS03437093488 ChemDiv-G837-0052 LN01396098 MCULE-9982983503 PubChem-2152296 ZINC000002716621 | pose 0 | ligand outside box
MolPort-003-025-636 2716621 CSSS03437093488 ChemDiv-G837-0052 LN01396098 MCULE-9982983503 PubChem-2152296 ZINC000002716621 | pose 0 | ligand outside box
MolPort-003-025-636 2716621 CSSS03437093488 ChemDiv-G837-0052 LN01396098 MCULE-9982983503 PubChem-2152296 ZINC000002716621 | pose 0 | ligand outside box

mode |  affinity  |  intramol  |    CNN     |   CNN
     | (kcal/mol) | (kcal/mol) | pose score | affinity
-----+------------+------------+------------+----------
    1        8.98       -0.44       0.3286      4.611
    2        0.69        3.87       0.2317      5.158
    3       -7.33        0.97       0.1787      5.869
    4       -4.45       -0.35       0.1414      5.084
    5       -3.78       -0.26       0.1281      4.473
    6       -6.69        0.85       0.1234      5.256
    7       -9.58        0.37       0.1203      5.457
    8       -7.71        0.98       0.1123      5.587
    9       -6.45       -0.48       0.1071      5.317
   10       -4.74       -0.34       0.1039      4.373
