              _             
             (_)            
   __ _ _ __  _ _ __   __ _ 
  / _` | '_ \| | '_ \ / _` |
 | (_| | | | | | | | | (_| |
  \__, |_| |_|_|_| |_|\__,_|
   __/ |                    
  |___/                     

gnina v1.3.3 master:6fe1ce2   Built Jun 30 2026.
gnina is based on smina and AutoDock Vina.
Please cite appropriately.

Commandline: gnina -r results/DOCKING/7AAA.mol2 -l results/DOCKING/ligands_sdf/ligando_720.sdf -o results/DOCKING/results_mol2/docked_ligando_720.mol2 --center_x 8.59 --center_y 39.35 --center_z 9.53 --size_x 22 --size_y 16 --size_z 24 --num_modes 10 --exhaustiveness 8 --seed 1
Using random seed: 1

0%   10   20   30   40   50   60   70   80   90   100%
|----|----|----|----|----|----|----|----|----|----|
***************************************************
MolPort-001-980-280 871420 MCULE-4930312388 PubChem-1131017 ZINC000000871420 ZINC00871420 | pose 0 | ligand outside box

mode |  affinity  |  intramol  |    CNN     |   CNN
     | (kcal/mol) | (kcal/mol) | pose score | affinity
-----+------------+------------+------------+----------
    1        2.65       -0.13       0.2006      6.103
    2       -8.50        0.58       0.1731      6.383
    3       -5.07       -0.32       0.1589      5.648
    4       16.12        0.39       0.1567      5.164
    5       54.94        0.37       0.1498      4.743
    6       -8.19       -0.58       0.1421      6.009
    7       -8.05       -0.19       0.1259      5.613
    8        2.75        0.22       0.1252      5.577
    9       -7.77        0.20       0.1200      5.241
   10      142.16       -0.86       0.1087      4.149
