              _             
             (_)            
   __ _ _ __  _ _ __   __ _ 
  / _` | '_ \| | '_ \ / _` |
 | (_| | | | | | | | | (_| |
  \__, |_| |_|_|_| |_|\__,_|
   __/ |                    
  |___/                     

gnina v1.3.3 master:6fe1ce2   Built Jun 30 2026.
gnina is based on smina and AutoDock Vina.
Please cite appropriately.

Commandline: gnina -r results/DOCKING/7AAA.mol2 -l results/DOCKING/ligands_sdf/ligando_319.sdf -o results/DOCKING/results_mol2/docked_ligando_319.mol2 --center_x 8.59 --center_y 39.35 --center_z 9.53 --size_x 22 --size_y 16 --size_z 24 --num_modes 10 --exhaustiveness 8 --seed 1
Using random seed: 1

0%   10   20   30   40   50   60   70   80   90   100%
|----|----|----|----|----|----|----|----|----|----|
***************************************************

mode |  affinity  |  intramol  |    CNN     |   CNN
     | (kcal/mol) | (kcal/mol) | pose score | affinity
-----+------------+------------+------------+----------
    1       -9.32       -0.28       0.9607      7.084
    2       -9.34       -0.20       0.3648      6.007
    3       -8.62       -0.50       0.2637      6.093
    4       -8.82       -0.05       0.2121      5.805
    5       -8.25        0.11       0.1923      6.025
    6       -8.84       -0.03       0.1883      5.918
    7       -9.48       -0.87       0.1497      5.718
    8       -9.31       -0.33       0.1352      5.694
    9       -9.11        0.12       0.1317      5.678
   10       -9.25       -0.51       0.1310      5.428
