              _             
             (_)            
   __ _ _ __  _ _ __   __ _ 
  / _` | '_ \| | '_ \ / _` |
 | (_| | | | | | | | | (_| |
  \__, |_| |_|_|_| |_|\__,_|
   __/ |                    
  |___/                     

gnina v1.3.3 master:6fe1ce2   Built Jun 30 2026.
gnina is based on smina and AutoDock Vina.
Please cite appropriately.

Commandline: gnina -r results/DOCKING/7AAA.mol2 -l results/DOCKING/ligands_sdf/ligando_399.sdf -o results/DOCKING/results_mol2/docked_ligando_399.mol2 --center_x 8.59 --center_y 39.35 --center_z 9.53 --size_x 22 --size_y 16 --size_z 24 --num_modes 10 --exhaustiveness 8 --seed 1
Using random seed: 1

0%   10   20   30   40   50   60   70   80   90   100%
|----|----|----|----|----|----|----|----|----|----|
***************************************************
MolPort-047-071-969 PubChem-132767160 | pose 0 | ligand outside box
MolPort-047-071-969 PubChem-132767160 | pose 0 | ligand outside box
MolPort-047-071-969 PubChem-132767160 | pose 0 | ligand outside box
MolPort-047-071-969 PubChem-132767160 | pose 0 | ligand outside box
MolPort-047-071-969 PubChem-132767160 | pose 0 | ligand outside box
MolPort-047-071-969 PubChem-132767160 | pose 0 | initial pose not within box

mode |  affinity  |  intramol  |    CNN     |   CNN
     | (kcal/mol) | (kcal/mol) | pose score | affinity
-----+------------+------------+------------+----------
    1      -11.00       -0.09       0.2958      7.592
    2      -11.79        0.02       0.2837      7.559
    3      -11.02       -0.18       0.2640      6.903
    4        1.67       -0.89       0.2614      6.100
    5       -5.24       -0.67       0.2444      7.161
    6      -11.90       -0.54       0.2230      7.410
    7       -7.58       -0.68       0.1380      5.882
    8       -8.44       -0.80       0.1173      5.762
    9      -11.46       -0.34       0.1137      6.583
   10       -5.34       -0.38       0.1135      6.115
