              _             
             (_)            
   __ _ _ __  _ _ __   __ _ 
  / _` | '_ \| | '_ \ / _` |
 | (_| | | | | | | | | (_| |
  \__, |_| |_|_|_| |_|\__,_|
   __/ |                    
  |___/                     

gnina v1.3.3 master:6fe1ce2   Built Jun 30 2026.
gnina is based on smina and AutoDock Vina.
Please cite appropriately.

Commandline: gnina -r results/DOCKING/7AAA.mol2 -l results/DOCKING/ligands_sdf/ligando_160.sdf -o results/DOCKING/results_mol2/docked_ligando_160.mol2 --center_x 8.59 --center_y 39.35 --center_z 9.53 --size_x 22 --size_y 16 --size_z 24 --num_modes 10 --exhaustiveness 8 --seed 1
Using random seed: 1

0%   10   20   30   40   50   60   70   80   90   100%
|----|----|----|----|----|----|----|----|----|----|
***************************************************
MolPort-003-025-648 2716636 CSSS03437097008 LN01396109 MCULE-3410807198 PubChem-2152310 ZINC000002716636 | pose 0 | initial pose not within box

mode |  affinity  |  intramol  |    CNN     |   CNN
     | (kcal/mol) | (kcal/mol) | pose score | affinity
-----+------------+------------+------------+----------
    1        6.30        0.54       0.2856      5.834
    2       -7.02       -0.07       0.2408      5.906
    3       -6.66       -0.47       0.2013      5.291
    4        8.75        1.55       0.1891      5.315
    5       -4.85       -0.66       0.1787      5.401
    6       31.20       -0.41       0.1337      5.271
    7       -5.01        0.90       0.1253      5.615
    8       -1.40       -0.57       0.1094      4.593
    9       -5.50       -0.01       0.1012      5.507
   10       28.15       -0.27       0.0985      4.930
