              _             
             (_)            
   __ _ _ __  _ _ __   __ _ 
  / _` | '_ \| | '_ \ / _` |
 | (_| | | | | | | | | (_| |
  \__, |_| |_|_|_| |_|\__,_|
   __/ |                    
  |___/                     

gnina v1.3.3 master:6fe1ce2   Built Jun 30 2026.
gnina is based on smina and AutoDock Vina.
Please cite appropriately.

Commandline: gnina -r results/DOCKING/7AAA.mol2 -l results/DOCKING/ligands_sdf/ligando_288.sdf -o results/DOCKING/results_mol2/docked_ligando_288.mol2 --center_x 8.59 --center_y 39.35 --center_z 9.53 --size_x 22 --size_y 16 --size_z 24 --num_modes 10 --exhaustiveness 8 --seed 1
Using random seed: 1

0%   10   20   30   40   50   60   70   80   90   100%
|----|----|----|----|----|----|----|----|----|----|
***************************************************
MolPort-007-897-027 32646904 ChemDiv-J016-0497 MCULE-8714937757 PubChem-39890410 ZINC000032646904 ZINC32646904 | pose 0 | initial pose not within box

mode |  affinity  |  intramol  |    CNN     |   CNN
     | (kcal/mol) | (kcal/mol) | pose score | affinity
-----+------------+------------+------------+----------
    1       -9.44       -0.39       0.6761      5.967
    2       -9.47        0.20       0.5105      5.751
    3       -9.55       -0.08       0.4124      5.930
    4       -8.38       -0.17       0.3650      5.675
    5       -9.47       -0.09       0.3275      5.803
    6       -9.47        3.37       0.1343      5.582
    7       -8.24       -0.68       0.1095      4.801
    8       -8.39       -0.41       0.1023      5.013
    9       -8.80       -0.55       0.1019      4.637
   10       -8.31       -0.11       0.1018      5.132
