              _             
             (_)            
   __ _ _ __  _ _ __   __ _ 
  / _` | '_ \| | '_ \ / _` |
 | (_| | | | | | | | | (_| |
  \__, |_| |_|_|_| |_|\__,_|
   __/ |                    
  |___/                     

gnina v1.3.3 master:6fe1ce2   Built Jun 30 2026.
gnina is based on smina and AutoDock Vina.
Please cite appropriately.

Commandline: gnina -r results/DOCKING/7AAA.mol2 -l results/DOCKING/ligands_sdf/ligando_841.sdf -o results/DOCKING/results_mol2/docked_ligando_841.mol2 --center_x 8.59 --center_y 39.35 --center_z 9.53 --size_x 22 --size_y 16 --size_z 24 --num_modes 10 --exhaustiveness 8 --seed 1
Using random seed: 1

0%   10   20   30   40   50   60   70   80   90   100%
|----|----|----|----|----|----|----|----|----|----|
***************************************************
MolPort-002-599-853 2448110 CSSS00121610367 LN00628686 MCULE-5995874023 PubChem-2043544 ZINC000002448110 ZINC02448110 | pose 0 | initial pose not within box

mode |  affinity  |  intramol  |    CNN     |   CNN
     | (kcal/mol) | (kcal/mol) | pose score | affinity
-----+------------+------------+------------+----------
    1       -9.21        1.15       0.6921      6.516
    2       -8.74       -0.20       0.6739      6.303
    3       -8.86       -0.65       0.3863      5.994
    4       -9.08       -0.71       0.2881      5.802
    5       -8.91       -0.56       0.2309      5.848
    6       -7.76        1.80       0.2022      5.702
    7       -9.14        1.20       0.1851      5.705
    8       -8.94       -0.57       0.1848      5.793
    9       -8.14        0.23       0.1551      5.623
   10       -8.42       -0.26       0.1526      5.406
