              _             
             (_)            
   __ _ _ __  _ _ __   __ _ 
  / _` | '_ \| | '_ \ / _` |
 | (_| | | | | | | | | (_| |
  \__, |_| |_|_|_| |_|\__,_|
   __/ |                    
  |___/                     

gnina v1.3.3 master:6fe1ce2   Built Jun 30 2026.
gnina is based on smina and AutoDock Vina.
Please cite appropriately.

Commandline: gnina -r results/DOCKING/7AAA.mol2 -l results/DOCKING/ligands_sdf/ligando_087.sdf -o results/DOCKING/results_mol2/docked_ligando_087.mol2 --center_x 8.59 --center_y 39.35 --center_z 9.53 --size_x 22 --size_y 16 --size_z 24 --num_modes 10 --exhaustiveness 8 --seed 1
Using random seed: 1

0%   10   20   30   40   50   60   70   80   90   100%
|----|----|----|----|----|----|----|----|----|----|
***************************************************
MolPort-002-622-394 9328043 PubChem-2027619 ZINC000009328043 ZINC09328043 | pose 0 | initial pose not within box

mode |  affinity  |  intramol  |    CNN     |   CNN
     | (kcal/mol) | (kcal/mol) | pose score | affinity
-----+------------+------------+------------+----------
    1       -8.48       -0.25       0.7181      6.364
    2       -8.87       -0.13       0.5765      6.133
    3       -8.71       -0.52       0.5352      6.310
    4       -2.58        0.19       0.2763      4.628
    5       -8.17       -0.27       0.2293      5.762
    6       -8.61       -0.59       0.2267      5.709
    7       -8.64       -0.26       0.1726      5.603
    8        7.94       -0.41       0.1707      4.239
    9       -9.31       -0.04       0.1550      5.526
   10       -8.42       -0.61       0.1522      5.535
