              _             
             (_)            
   __ _ _ __  _ _ __   __ _ 
  / _` | '_ \| | '_ \ / _` |
 | (_| | | | | | | | | (_| |
  \__, |_| |_|_|_| |_|\__,_|
   __/ |                    
  |___/                     

gnina v1.3.3 master:6fe1ce2   Built Jun 30 2026.
gnina is based on smina and AutoDock Vina.
Please cite appropriately.

Commandline: gnina -r results/DOCKING/7AAA.mol2 -l results/DOCKING/ligands_sdf/ligando_523.sdf -o results/DOCKING/results_mol2/docked_ligando_523.mol2 --center_x 8.59 --center_y 39.35 --center_z 9.53 --size_x 22 --size_y 16 --size_z 24 --num_modes 10 --exhaustiveness 8 --seed 1
Using random seed: 1

0%   10   20   30   40   50   60   70   80   90   100%
|----|----|----|----|----|----|----|----|----|----|
***************************************************

mode |  affinity  |  intramol  |    CNN     |   CNN
     | (kcal/mol) | (kcal/mol) | pose score | affinity
-----+------------+------------+------------+----------
    1       -9.31       -0.63       0.4604      6.424
    2       -9.83        0.23       0.2910      6.038
    3       -7.43        1.08       0.2858      5.666
    4       -9.62        0.84       0.2847      5.853
    5       -8.63       -0.09       0.2803      6.091
    6       -7.59        0.30       0.2684      5.700
    7       -9.29       -0.61       0.2267      5.949
    8       -8.46        0.34       0.1793      5.784
    9       -9.05       -0.16       0.1548      5.555
   10       -9.19       -0.45       0.1435      5.716
