              _             
             (_)            
   __ _ _ __  _ _ __   __ _ 
  / _` | '_ \| | '_ \ / _` |
 | (_| | | | | | | | | (_| |
  \__, |_| |_|_|_| |_|\__,_|
   __/ |                    
  |___/                     

gnina v1.3.3 master:6fe1ce2   Built Jun 30 2026.
gnina is based on smina and AutoDock Vina.
Please cite appropriately.

Commandline: gnina -r results/DOCKING/7AAA.mol2 -l results/DOCKING/ligands_sdf/ligando_761.sdf -o results/DOCKING/results_mol2/docked_ligando_761.mol2 --center_x 8.59 --center_y 39.35 --center_z 9.53 --size_x 22 --size_y 16 --size_z 24 --num_modes 10 --exhaustiveness 8 --seed 1
Using random seed: 1

0%   10   20   30   40   50   60   70   80   90   100%
|----|----|----|----|----|----|----|----|----|----|
***************************************************
MolPort-002-607-856 2401556 PubChem-1635589 ZINC000002401556 ZINC02401556 | pose 0 | initial pose not within box
MolPort-002-607-856 2401556 PubChem-1635589 ZINC000002401556 ZINC02401556 | pose 0 | ligand outside box

mode |  affinity  |  intramol  |    CNN     |   CNN
     | (kcal/mol) | (kcal/mol) | pose score | affinity
-----+------------+------------+------------+----------
    1        4.93        0.03       0.2932      4.930
    2       -8.09       -0.62       0.2864      5.817
    3      -10.05       -0.62       0.1913      5.604
    4       -9.95       -0.51       0.1911      5.730
    5       -9.36       -0.51       0.1486      5.617
    6       -9.13        0.08       0.1353      5.926
    7       -7.66       -0.09       0.1202      5.585
    8       -1.80       -0.62       0.0702      5.484
    9       -8.29       -0.71       0.0658      4.975
   10       -9.69       -0.61       0.0635      5.082
