              _             
             (_)            
   __ _ _ __  _ _ __   __ _ 
  / _` | '_ \| | '_ \ / _` |
 | (_| | | | | | | | | (_| |
  \__, |_| |_|_|_| |_|\__,_|
   __/ |                    
  |___/                     

gnina v1.3.3 master:6fe1ce2   Built Jun 30 2026.
gnina is based on smina and AutoDock Vina.
Please cite appropriately.

Commandline: gnina -r results/DOCKING/7AAA.mol2 -l results/DOCKING/ligands_sdf/ligando_575.sdf -o results/DOCKING/results_mol2/docked_ligando_575.mol2 --center_x 8.59 --center_y 39.35 --center_z 9.53 --size_x 22 --size_y 16 --size_z 24 --num_modes 10 --exhaustiveness 8 --seed 1
Using random seed: 1

0%   10   20   30   40   50   60   70   80   90   100%
|----|----|----|----|----|----|----|----|----|----|
***************************************************

mode |  affinity  |  intramol  |    CNN     |   CNN
     | (kcal/mol) | (kcal/mol) | pose score | affinity
-----+------------+------------+------------+----------
    1       -9.95       -0.40       0.1749      5.928
    2       -9.57       -0.38       0.1479      5.235
    3       -9.75        0.26       0.1213      5.026
    4       -9.18       -0.53       0.0985      4.848
    5      -10.38        0.64       0.0873      5.466
    6       -9.08       -0.08       0.0824      5.054
    7       -9.48       -0.30       0.0725      4.862
    8       -8.45       -0.55       0.0690      5.259
    9       -9.30       -0.41       0.0679      4.656
   10       -8.85       -0.65       0.0640      4.856
