              _             
             (_)            
   __ _ _ __  _ _ __   __ _ 
  / _` | '_ \| | '_ \ / _` |
 | (_| | | | | | | | | (_| |
  \__, |_| |_|_|_| |_|\__,_|
   __/ |                    
  |___/                     

gnina v1.3.3 master:6fe1ce2   Built Jun 30 2026.
gnina is based on smina and AutoDock Vina.
Please cite appropriately.

Commandline: gnina -r results/DOCKING/7AAA.mol2 -l results/DOCKING/ligands_sdf/ligando_380.sdf -o results/DOCKING/results_mol2/docked_ligando_380.mol2 --center_x 8.59 --center_y 39.35 --center_z 9.53 --size_x 22 --size_y 16 --size_z 24 --num_modes 10 --exhaustiveness 8 --seed 1
Using random seed: 1

0%   10   20   30   40   50   60   70   80   90   100%
|----|----|----|----|----|----|----|----|----|----|
***************************************************

mode |  affinity  |  intramol  |    CNN     |   CNN
     | (kcal/mol) | (kcal/mol) | pose score | affinity
-----+------------+------------+------------+----------
    1       -8.66       -0.32       0.3984      6.681
    2       -8.56       -0.62       0.1963      4.776
    3       -8.19       -0.72       0.1792      4.910
    4       -8.88       -0.70       0.1692      5.737
    5       -8.56       -0.19       0.1577      5.390
    6       -9.41       -0.36       0.1450      5.834
    7       -8.61       -0.64       0.1416      5.670
    8       -7.68       -0.32       0.1369      5.155
    9       -9.25       -0.23       0.1333      4.706
   10       -8.10       -0.83       0.1268      5.767
