              _             
             (_)            
   __ _ _ __  _ _ __   __ _ 
  / _` | '_ \| | '_ \ / _` |
 | (_| | | | | | | | | (_| |
  \__, |_| |_|_|_| |_|\__,_|
   __/ |                    
  |___/                     

gnina v1.3.3 master:6fe1ce2   Built Jun 30 2026.
gnina is based on smina and AutoDock Vina.
Please cite appropriately.

Commandline: gnina -r results/DOCKING/7AAA.mol2 -l results/DOCKING/ligands_sdf/ligando_649.sdf -o results/DOCKING/results_mol2/docked_ligando_649.mol2 --center_x 8.59 --center_y 39.35 --center_z 9.53 --size_x 22 --size_y 16 --size_z 24 --num_modes 10 --exhaustiveness 8 --seed 1
Using random seed: 1

0%   10   20   30   40   50   60   70   80   90   100%
|----|----|----|----|----|----|----|----|----|----|
***************************************************
MolPort-010-852-089 41108806 ChemDiv-G952-0652 MCULE-7816905175 PubChem-52103581 ZINC000041108806 | pose 0 | ligand outside box
MolPort-010-852-089 41108806 ChemDiv-G952-0652 MCULE-7816905175 PubChem-52103581 ZINC000041108806 | pose 0 | ligand outside box

mode |  affinity  |  intramol  |    CNN     |   CNN
     | (kcal/mol) | (kcal/mol) | pose score | affinity
-----+------------+------------+------------+----------
    1       77.05       -0.51       0.1806      5.022
    2       -4.37       -0.53       0.1120      4.795
    3      -10.27       -0.37       0.0768      5.864
    4       -9.99       -0.42       0.0761      5.741
    5       -4.76        0.20       0.0757      5.561
    6       25.09        0.28       0.0615      4.682
    7       -4.61       -0.28       0.0573      5.432
    8       -8.92        0.20       0.0545      5.671
    9       -3.47        0.03       0.0432      5.261
   10       -9.76       -0.16       0.0399      5.596
