              _             
             (_)            
   __ _ _ __  _ _ __   __ _ 
  / _` | '_ \| | '_ \ / _` |
 | (_| | | | | | | | | (_| |
  \__, |_| |_|_|_| |_|\__,_|
   __/ |                    
  |___/                     

gnina v1.3.3 master:6fe1ce2   Built Jun 30 2026.
gnina is based on smina and AutoDock Vina.
Please cite appropriately.

Commandline: gnina -r results/DOCKING/7AAA.mol2 -l results/DOCKING/ligands_sdf/ligando_075.sdf -o results/DOCKING/results_mol2/docked_ligando_075.mol2 --center_x 8.59 --center_y 39.35 --center_z 9.53 --size_x 22 --size_y 16 --size_z 24 --num_modes 10 --exhaustiveness 8 --seed 1
Using random seed: 1

0%   10   20   30   40   50   60   70   80   90   100%
|----|----|----|----|----|----|----|----|----|----|
***************************************************

mode |  affinity  |  intramol  |    CNN     |   CNN
     | (kcal/mol) | (kcal/mol) | pose score | affinity
-----+------------+------------+------------+----------
    1      -10.13        0.69       0.2008      5.731
    2      -10.64        0.33       0.1991      5.774
    3      -10.64        0.10       0.1923      5.616
    4      -10.92        0.80       0.1916      5.652
    5       -7.79       -0.71       0.0977      5.050
    6       -9.49        0.26       0.0878      5.141
    7       -9.68        0.77       0.0847      5.157
    8       -7.57       -0.70       0.0701      4.875
    9       -9.62       -0.30       0.0677      4.485
   10       -9.83        0.11       0.0650      5.123
