              _             
             (_)            
   __ _ _ __  _ _ __   __ _ 
  / _` | '_ \| | '_ \ / _` |
 | (_| | | | | | | | | (_| |
  \__, |_| |_|_|_| |_|\__,_|
   __/ |                    
  |___/                     

gnina v1.3.3 master:6fe1ce2   Built Jun 30 2026.
gnina is based on smina and AutoDock Vina.
Please cite appropriately.

Commandline: gnina -r results/DOCKING/7AAA.mol2 -l results/DOCKING/ligands_sdf/ligando_687.sdf -o results/DOCKING/results_mol2/docked_ligando_687.mol2 --center_x 8.59 --center_y 39.35 --center_z 9.53 --size_x 22 --size_y 16 --size_z 24 --num_modes 10 --exhaustiveness 8 --seed 1
Using random seed: 1

0%   10   20   30   40   50   60   70   80   90   100%
|----|----|----|----|----|----|----|----|----|----|
***************************************************
MolPort-003-172-299 10253880 CSSS03437139166 MCULE-1331929296 PubChem-18587237 SRKPZIIQFUHGMN-UHFFFAOYSA-N ZINC000010253880 ZINC10253880 | pose 0 | initial pose not within box

mode |  affinity  |  intramol  |    CNN     |   CNN
     | (kcal/mol) | (kcal/mol) | pose score | affinity
-----+------------+------------+------------+----------
    1      -10.06        2.36       0.1760      6.019
    2       -3.73       -0.81       0.1645      5.153
    3       -8.86       -1.21       0.1105      5.738
    4       -5.36       -0.08       0.1096      4.190
    5       -7.16        0.63       0.0801      4.671
    6       -4.63        0.06       0.0558      5.230
    7       -9.88        1.98       0.0548      4.693
    8       -9.59        0.91       0.0501      5.314
    9       -9.02       -0.29       0.0474      4.700
   10      -10.41        0.25       0.0417      4.831
