              _             
             (_)            
   __ _ _ __  _ _ __   __ _ 
  / _` | '_ \| | '_ \ / _` |
 | (_| | | | | | | | | (_| |
  \__, |_| |_|_|_| |_|\__,_|
   __/ |                    
  |___/                     

gnina v1.3.3 master:6fe1ce2   Built Jun 30 2026.
gnina is based on smina and AutoDock Vina.
Please cite appropriately.

Commandline: gnina -r results/DOCKING/7AAA.mol2 -l results/DOCKING/ligands_sdf/ligando_442.sdf -o results/DOCKING/results_mol2/docked_ligando_442.mol2 --center_x 8.59 --center_y 39.35 --center_z 9.53 --size_x 22 --size_y 16 --size_z 24 --num_modes 10 --exhaustiveness 8 --seed 1
Using random seed: 1

0%   10   20   30   40   50   60   70   80   90   100%
|----|----|----|----|----|----|----|----|----|----|
***************************************************
MolPort-039-225-444 299801012 CSSS00159918082 MCULE-9136281289 PubChem-118789576 ZINC000299801012 | pose 0 | initial pose not within box
MolPort-039-225-444 299801012 CSSS00159918082 MCULE-9136281289 PubChem-118789576 ZINC000299801012 | pose 0 | ligand outside box

mode |  affinity  |  intramol  |    CNN     |   CNN
     | (kcal/mol) | (kcal/mol) | pose score | affinity
-----+------------+------------+------------+----------
    1        1.92       -0.04       0.3800      5.288
    2       -5.97       -0.57       0.1955      5.118
    3       -6.39       -0.29       0.1869      4.494
    4       -7.69       -0.28       0.1701      5.255
    5       -7.43       -0.58       0.1364      5.691
    6       -7.91        0.07       0.1359      4.885
    7       34.53       -0.35       0.1100      5.532
    8       -6.79       -0.14       0.0907      4.660
    9       -6.71       -0.15       0.0898      4.728
   10       -9.11        0.01       0.0855      4.325
