              _             
             (_)            
   __ _ _ __  _ _ __   __ _ 
  / _` | '_ \| | '_ \ / _` |
 | (_| | | | | | | | | (_| |
  \__, |_| |_|_|_| |_|\__,_|
   __/ |                    
  |___/                     

gnina v1.3.3 master:6fe1ce2   Built Jun 30 2026.
gnina is based on smina and AutoDock Vina.
Please cite appropriately.

Commandline: gnina -r results/DOCKING/7AAA.mol2 -l results/DOCKING/ligands_sdf/ligando_292.sdf -o results/DOCKING/results_mol2/docked_ligando_292.mol2 --center_x 8.59 --center_y 39.35 --center_z 9.53 --size_x 22 --size_y 16 --size_z 24 --num_modes 10 --exhaustiveness 8 --seed 1
Using random seed: 1

0%   10   20   30   40   50   60   70   80   90   100%
|----|----|----|----|----|----|----|----|----|----|
***************************************************

mode |  affinity  |  intramol  |    CNN     |   CNN
     | (kcal/mol) | (kcal/mol) | pose score | affinity
-----+------------+------------+------------+----------
    1       -9.83        0.93       0.1604      6.042
    2       -8.75        0.92       0.1171      6.095
    3       -9.17       -0.41       0.1105      6.160
    4       -9.76        1.66       0.1089      5.812
    5       -9.77        0.66       0.1048      5.489
    6       -9.34       -0.10       0.1028      5.755
    7      -10.39       -0.33       0.0862      5.761
    8      -10.02        1.28       0.0780      5.728
    9      -10.02        1.29       0.0761      5.767
   10       -9.33       -0.63       0.0756      5.469
