              _             
             (_)            
   __ _ _ __  _ _ __   __ _ 
  / _` | '_ \| | '_ \ / _` |
 | (_| | | | | | | | | (_| |
  \__, |_| |_|_|_| |_|\__,_|
   __/ |                    
  |___/                     

gnina v1.3.3 master:6fe1ce2   Built Jun 30 2026.
gnina is based on smina and AutoDock Vina.
Please cite appropriately.

Commandline: gnina -r results/DOCKING/7AAA.mol2 -l results/DOCKING/ligands_sdf/ligando_414.sdf -o results/DOCKING/results_mol2/docked_ligando_414.mol2 --center_x 8.59 --center_y 39.35 --center_z 9.53 --size_x 22 --size_y 16 --size_z 24 --num_modes 10 --exhaustiveness 8 --seed 1
Using random seed: 1

0%   10   20   30   40   50   60   70   80   90   100%
|----|----|----|----|----|----|----|----|----|----|
***************************************************

mode |  affinity  |  intramol  |    CNN     |   CNN
     | (kcal/mol) | (kcal/mol) | pose score | affinity
-----+------------+------------+------------+----------
    1       -9.40       -0.63       0.3252      6.313
    2       -8.39       -0.57       0.2396      6.240
    3       -9.44       -0.19       0.1629      5.984
    4       -9.83       -0.66       0.1592      5.915
    5       -7.90       -0.51       0.1519      5.915
    6       -9.36       -0.67       0.1288      5.492
    7       -9.59       -0.76       0.1165      5.488
    8       -9.00       -0.70       0.1101      5.784
    9       -7.64       -0.66       0.1060      5.522
   10       -7.72       -0.78       0.0834      5.650
