              _             
             (_)            
   __ _ _ __  _ _ __   __ _ 
  / _` | '_ \| | '_ \ / _` |
 | (_| | | | | | | | | (_| |
  \__, |_| |_|_|_| |_|\__,_|
   __/ |                    
  |___/                     

gnina v1.3.3 master:6fe1ce2   Built Jun 30 2026.
gnina is based on smina and AutoDock Vina.
Please cite appropriately.

Commandline: gnina -r results/DOCKING/7AAA.mol2 -l results/DOCKING/ligands_sdf/ligando_438.sdf -o results/DOCKING/results_mol2/docked_ligando_438.mol2 --center_x 8.59 --center_y 39.35 --center_z 9.53 --size_x 22 --size_y 16 --size_z 24 --num_modes 10 --exhaustiveness 8 --seed 1
Using random seed: 1

0%   10   20   30   40   50   60   70   80   90   100%
|----|----|----|----|----|----|----|----|----|----|
***************************************************

mode |  affinity  |  intramol  |    CNN     |   CNN
     | (kcal/mol) | (kcal/mol) | pose score | affinity
-----+------------+------------+------------+----------
    1       -9.45        0.21       0.4336      6.150
    2       -9.17       -0.22       0.3053      6.125
    3       -9.47        1.00       0.2914      5.981
    4       -8.57        0.15       0.2764      5.681
    5       -8.25        1.52       0.2500      5.454
    6       -9.20        0.96       0.2090      5.887
    7      -10.16        1.24       0.1185      5.081
    8       -9.11        0.54       0.1161      5.555
    9       -9.37        0.06       0.0784      4.631
   10       -9.77        0.01       0.0719      4.252
