              _             
             (_)            
   __ _ _ __  _ _ __   __ _ 
  / _` | '_ \| | '_ \ / _` |
 | (_| | | | | | | | | (_| |
  \__, |_| |_|_|_| |_|\__,_|
   __/ |                    
  |___/                     

gnina v1.3.3 master:6fe1ce2   Built Jun 30 2026.
gnina is based on smina and AutoDock Vina.
Please cite appropriately.

Commandline: gnina -r results/DOCKING/7AAA.mol2 -l results/DOCKING/ligands_sdf/ligando_586.sdf -o results/DOCKING/results_mol2/docked_ligando_586.mol2 --center_x 8.59 --center_y 39.35 --center_z 9.53 --size_x 22 --size_y 16 --size_z 24 --num_modes 10 --exhaustiveness 8 --seed 1
Using random seed: 1

0%   10   20   30   40   50   60   70   80   90   100%
|----|----|----|----|----|----|----|----|----|----|
***************************************************
MolPort-021-753-313 72410854 CSSS00159812936 MCULE-3609066862 PubChem-70723644 ZINC000072410854 | pose 0 | ligand outside box
MolPort-021-753-313 72410854 CSSS00159812936 MCULE-3609066862 PubChem-70723644 ZINC000072410854 | pose 0 | ligand outside box
MolPort-021-753-313 72410854 CSSS00159812936 MCULE-3609066862 PubChem-70723644 ZINC000072410854 | pose 0 | ligand outside box
MolPort-021-753-313 72410854 CSSS00159812936 MCULE-3609066862 PubChem-70723644 ZINC000072410854 | pose 0 | ligand outside box
MolPort-021-753-313 72410854 CSSS00159812936 MCULE-3609066862 PubChem-70723644 ZINC000072410854 | pose 0 | ligand outside box
MolPort-021-753-313 72410854 CSSS00159812936 MCULE-3609066862 PubChem-70723644 ZINC000072410854 | pose 0 | initial pose not within box

mode |  affinity  |  intramol  |    CNN     |   CNN
     | (kcal/mol) | (kcal/mol) | pose score | affinity
-----+------------+------------+------------+----------
    1       -9.81        0.70       0.2423      6.301
    2      -10.16        0.82       0.1827      6.033
    3       -7.47        0.54       0.1503      5.455
    4       -9.49       -0.16       0.0830      5.533
    5       -8.34        1.24       0.0787      5.078
    6       -9.69        0.28       0.0766      5.158
    7       -9.12        0.09       0.0760      5.512
    8       -9.25        0.94       0.0734      5.197
    9       -8.24       -0.81       0.0733      5.239
   10       -8.93        0.93       0.0640      5.742
