              _             
             (_)            
   __ _ _ __  _ _ __   __ _ 
  / _` | '_ \| | '_ \ / _` |
 | (_| | | | | | | | | (_| |
  \__, |_| |_|_|_| |_|\__,_|
   __/ |                    
  |___/                     

gnina v1.3.3 master:6fe1ce2   Built Jun 30 2026.
gnina is based on smina and AutoDock Vina.
Please cite appropriately.

Commandline: gnina -r results/DOCKING/7AAA.mol2 -l results/DOCKING/ligands_sdf/ligando_435.sdf -o results/DOCKING/results_mol2/docked_ligando_435.mol2 --center_x 8.59 --center_y 39.35 --center_z 9.53 --size_x 22 --size_y 16 --size_z 24 --num_modes 10 --exhaustiveness 8 --seed 1
Using random seed: 1

0%   10   20   30   40   50   60   70   80   90   100%
|----|----|----|----|----|----|----|----|----|----|
***************************************************

mode |  affinity  |  intramol  |    CNN     |   CNN
     | (kcal/mol) | (kcal/mol) | pose score | affinity
-----+------------+------------+------------+----------
    1       -8.87        0.04       0.5263      7.503
    2       -9.23        0.79       0.1445      7.089
    3      -12.51        3.40       0.1409      5.757
    4       -8.78       -0.62       0.1263      6.269
    5      -11.87        0.08       0.0980      6.361
    6      -10.53       -1.36       0.0971      6.241
    7      -11.67        2.53       0.0761      5.561
    8      -11.72        0.64       0.0623      6.408
    9      -11.44        3.06       0.0603      5.004
   10      -11.71        2.90       0.0582      5.066
