              _             
             (_)            
   __ _ _ __  _ _ __   __ _ 
  / _` | '_ \| | '_ \ / _` |
 | (_| | | | | | | | | (_| |
  \__, |_| |_|_|_| |_|\__,_|
   __/ |                    
  |___/                     

gnina v1.3.3 master:6fe1ce2   Built Jun 30 2026.
gnina is based on smina and AutoDock Vina.
Please cite appropriately.

Commandline: gnina -r results/DOCKING/7AAA.mol2 -l results/DOCKING/ligands_sdf/ligando_588.sdf -o results/DOCKING/results_mol2/docked_ligando_588.mol2 --center_x 8.59 --center_y 39.35 --center_z 9.53 --size_x 22 --size_y 16 --size_z 24 --num_modes 10 --exhaustiveness 8 --seed 1
Using random seed: 1

0%   10   20   30   40   50   60   70   80   90   100%
|----|----|----|----|----|----|----|----|----|----|
***************************************************
MolPort-035-706-965 CSSS03437789219 MCULE-5786311522 PubChem-91938290 | pose 0 | initial pose not within box

mode |  affinity  |  intramol  |    CNN     |   CNN
     | (kcal/mol) | (kcal/mol) | pose score | affinity
-----+------------+------------+------------+----------
    1       -8.15        1.73       0.2196      5.839
    2       -9.74        1.98       0.2069      5.903
    3       -9.29        0.21       0.1560      5.825
    4       -7.23       -0.16       0.1511      5.400
    5       -8.69       -0.30       0.1243      5.041
    6       -8.80       -0.68       0.1049      5.306
    7       -9.19       -0.45       0.0936      4.454
    8       -9.34       -0.58       0.0885      5.113
    9       -7.65        1.19       0.0846      5.004
   10       -8.14       -0.59       0.0811      5.273
