              _             
             (_)            
   __ _ _ __  _ _ __   __ _ 
  / _` | '_ \| | '_ \ / _` |
 | (_| | | | | | | | | (_| |
  \__, |_| |_|_|_| |_|\__,_|
   __/ |                    
  |___/                     

gnina v1.3.3 master:6fe1ce2   Built Jun 30 2026.
gnina is based on smina and AutoDock Vina.
Please cite appropriately.

Commandline: gnina -r results/DOCKING/7AAA.mol2 -l results/DOCKING/ligands_sdf/ligando_433.sdf -o results/DOCKING/results_mol2/docked_ligando_433.mol2 --center_x 8.59 --center_y 39.35 --center_z 9.53 --size_x 22 --size_y 16 --size_z 24 --num_modes 10 --exhaustiveness 8 --seed 1
Using random seed: 1

0%   10   20   30   40   50   60   70   80   90   100%
|----|----|----|----|----|----|----|----|----|----|
***************************************************

mode |  affinity  |  intramol  |    CNN     |   CNN
     | (kcal/mol) | (kcal/mol) | pose score | affinity
-----+------------+------------+------------+----------
    1       -8.17        0.39       0.3853      6.480
    2       -9.87       -0.01       0.3735      6.549
    3       -8.19        0.70       0.2312      6.260
    4       -7.55       -0.70       0.1514      5.411
    5       -8.22        0.13       0.1146      5.313
    6      -10.42        0.00       0.1079      4.870
    7       -8.59       -0.15       0.1015      5.889
    8       -9.53        0.28       0.0931      5.420
    9      -10.00       -0.11       0.0926      4.843
   10      -10.38       -0.69       0.0883      4.879
