              _             
             (_)            
   __ _ _ __  _ _ __   __ _ 
  / _` | '_ \| | '_ \ / _` |
 | (_| | | | | | | | | (_| |
  \__, |_| |_|_|_| |_|\__,_|
   __/ |                    
  |___/                     

gnina v1.3.3 master:6fe1ce2   Built Jun 30 2026.
gnina is based on smina and AutoDock Vina.
Please cite appropriately.

Commandline: gnina -r results/DOCKING/7AAA.mol2 -l results/DOCKING/ligands_sdf/ligando_274.sdf -o results/DOCKING/results_mol2/docked_ligando_274.mol2 --center_x 8.59 --center_y 39.35 --center_z 9.53 --size_x 22 --size_y 16 --size_z 24 --num_modes 10 --exhaustiveness 8 --seed 1
Using random seed: 1

0%   10   20   30   40   50   60   70   80   90   100%
|----|----|----|----|----|----|----|----|----|----|
***************************************************
Molport-047-071-720 PubChem-132766982 | pose 0 | ligand outside box
Molport-047-071-720 PubChem-132766982 | pose 0 | ligand outside box
Molport-047-071-720 PubChem-132766982 | pose 0 | ligand outside box
Molport-047-071-720 PubChem-132766982 | pose 0 | ligand outside box
Molport-047-071-720 PubChem-132766982 | pose 0 | ligand outside box
Molport-047-071-720 PubChem-132766982 | pose 0 | initial pose not within box
Molport-047-071-720 PubChem-132766982 | pose 0 | ligand outside box
Molport-047-071-720 PubChem-132766982 | pose 0 | ligand outside box
Molport-047-071-720 PubChem-132766982 | pose 0 | ligand outside box
Molport-047-071-720 PubChem-132766982 | pose 0 | ligand outside box
Molport-047-071-720 PubChem-132766982 | pose 0 | ligand outside box
Molport-047-071-720 PubChem-132766982 | pose 0 | initial pose not within box

mode |  affinity  |  intramol  |    CNN     |   CNN
     | (kcal/mol) | (kcal/mol) | pose score | affinity
-----+------------+------------+------------+----------
    1      -10.11        0.17       0.1010      6.202
    2       -4.07       -0.68       0.0956      6.261
    3       -9.93       -0.26       0.0938      6.806
    4       -5.15       -0.22       0.0936      6.037
    5       -1.32       -0.63       0.0773      5.048
    6       -8.34       -0.47       0.0755      5.967
    7       -8.68       -0.02       0.0706      6.432
    8       -4.29       -0.44       0.0684      6.144
    9       -5.42       -0.54       0.0652      5.626
   10       -6.18       -0.54       0.0504      5.696
