              _             
             (_)            
   __ _ _ __  _ _ __   __ _ 
  / _` | '_ \| | '_ \ / _` |
 | (_| | | | | | | | | (_| |
  \__, |_| |_|_|_| |_|\__,_|
   __/ |                    
  |___/                     

gnina v1.3.3 master:6fe1ce2   Built Jun 30 2026.
gnina is based on smina and AutoDock Vina.
Please cite appropriately.

Commandline: gnina -r results/DOCKING/7AAA.mol2 -l results/DOCKING/ligands_sdf/ligando_238.sdf -o results/DOCKING/results_mol2/docked_ligando_238.mol2 --center_x 8.59 --center_y 39.35 --center_z 9.53 --size_x 22 --size_y 16 --size_z 24 --num_modes 10 --exhaustiveness 8 --seed 1
Using random seed: 1

0%   10   20   30   40   50   60   70   80   90   100%
|----|----|----|----|----|----|----|----|----|----|
***************************************************
MolPort-016-717-605 19717026 MCULE-1433638228 PubChem-46974456 ZINC000019717026 | pose 0 | ligand outside box

mode |  affinity  |  intramol  |    CNN     |   CNN
     | (kcal/mol) | (kcal/mol) | pose score | affinity
-----+------------+------------+------------+----------
    1        4.04        0.21       0.3600      5.120
    2       -5.84       -0.54       0.3419      5.228
    3        4.02       -0.35       0.2921      5.232
    4      -10.02        0.51       0.2771      5.919
    5        5.91       -0.21       0.1675      4.978
    6       -5.03        1.17       0.1550      5.465
    7       -9.74       -0.42       0.1014      5.473
    8       -0.57       -0.35       0.1002      5.103
    9       -4.40        0.35       0.0988      4.798
   10        5.19        0.82       0.0892      5.080
