              _             
             (_)            
   __ _ _ __  _ _ __   __ _ 
  / _` | '_ \| | '_ \ / _` |
 | (_| | | | | | | | | (_| |
  \__, |_| |_|_|_| |_|\__,_|
   __/ |                    
  |___/                     

gnina v1.3.3 master:6fe1ce2   Built Jun 30 2026.
gnina is based on smina and AutoDock Vina.
Please cite appropriately.

Commandline: gnina -r results/DOCKING/7AAA.mol2 -l results/DOCKING/ligands_sdf/ligando_739.sdf -o results/DOCKING/results_mol2/docked_ligando_739.mol2 --center_x 8.59 --center_y 39.35 --center_z 9.53 --size_x 22 --size_y 16 --size_z 24 --num_modes 10 --exhaustiveness 8 --seed 1
Using random seed: 1

0%   10   20   30   40   50   60   70   80   90   100%
|----|----|----|----|----|----|----|----|----|----|
***************************************************

mode |  affinity  |  intramol  |    CNN     |   CNN
     | (kcal/mol) | (kcal/mol) | pose score | affinity
-----+------------+------------+------------+----------
    1       -8.75       -0.87       0.0983      5.954
    2       -8.45        0.08       0.0965      5.752
    3       -9.20        0.46       0.0905      6.063
    4       -8.81        1.16       0.0844      6.048
    5       -7.67        0.00       0.0762      5.545
    6      -11.10        0.09       0.0758      5.176
    7       -9.71       -0.30       0.0717      5.562
    8      -10.92       -0.44       0.0708      4.974
    9      -10.68        0.57       0.0691      5.700
   10       -8.21       -0.16       0.0567      5.312
