              _             
             (_)            
   __ _ _ __  _ _ __   __ _ 
  / _` | '_ \| | '_ \ / _` |
 | (_| | | | | | | | | (_| |
  \__, |_| |_|_|_| |_|\__,_|
   __/ |                    
  |___/                     

gnina v1.3.3 master:6fe1ce2   Built Jun 30 2026.
gnina is based on smina and AutoDock Vina.
Please cite appropriately.

Commandline: gnina -r results/DOCKING/7AAA.mol2 -l results/DOCKING/ligands_sdf/ligando_598.sdf -o results/DOCKING/results_mol2/docked_ligando_598.mol2 --center_x 8.59 --center_y 39.35 --center_z 9.53 --size_x 22 --size_y 16 --size_z 24 --num_modes 10 --exhaustiveness 8 --seed 1
Using random seed: 1

0%   10   20   30   40   50   60   70   80   90   100%
|----|----|----|----|----|----|----|----|----|----|
***************************************************

mode |  affinity  |  intramol  |    CNN     |   CNN
     | (kcal/mol) | (kcal/mol) | pose score | affinity
-----+------------+------------+------------+----------
    1       -7.70       10.91       0.5129      7.418
    2      -10.25        5.77       0.2167      6.982
    3       -9.72        0.09       0.1057      6.689
    4       -8.07        6.32       0.0984      6.517
    5      -10.34       -0.07       0.0822      5.510
    6       -7.04        1.82       0.0792      6.018
    7       -8.91        1.06       0.0709      6.214
    8       -9.51        0.71       0.0632      5.618
    9       -8.69        0.56       0.0609      6.439
   10       -3.85        1.11       0.0546      5.153
