              _             
             (_)            
   __ _ _ __  _ _ __   __ _ 
  / _` | '_ \| | '_ \ / _` |
 | (_| | | | | | | | | (_| |
  \__, |_| |_|_|_| |_|\__,_|
   __/ |                    
  |___/                     

gnina v1.3.3 master:6fe1ce2   Built Jun 30 2026.
gnina is based on smina and AutoDock Vina.
Please cite appropriately.

Commandline: gnina -r results/DOCKING/7AAA.mol2 -l results/DOCKING/ligands_sdf/ligando_744.sdf -o results/DOCKING/results_mol2/docked_ligando_744.mol2 --center_x 8.59 --center_y 39.35 --center_z 9.53 --size_x 22 --size_y 16 --size_z 24 --num_modes 10 --exhaustiveness 8 --seed 1
Using random seed: 1

0%   10   20   30   40   50   60   70   80   90   100%
|----|----|----|----|----|----|----|----|----|----|
***************************************************
MolPort-002-278-583 CSC026731956 CSSS00026731956 MCULE-9217409368 PubChem-959501 Z57089957 ZINC00568481 | pose 0 | initial pose not within box
MolPort-002-278-583 CSC026731956 CSSS00026731956 MCULE-9217409368 PubChem-959501 Z57089957 ZINC00568481 | pose 0 | ligand outside box

mode |  affinity  |  intramol  |    CNN     |   CNN
     | (kcal/mol) | (kcal/mol) | pose score | affinity
-----+------------+------------+------------+----------
    1       -9.50       -0.52       0.2975      5.940
    2       -9.54       -0.53       0.2866      5.803
    3       -7.49       -0.91       0.1588      5.307
    4       -8.16       -0.42       0.1429      5.589
    5       -8.03       -0.09       0.1416      5.545
    6       -7.42        0.41       0.1109      4.835
    7       -5.74        0.40       0.1055      4.973
    8       -8.64       -0.20       0.0978      5.332
    9       -7.43       -0.32       0.0957      4.804
   10       -9.38       -0.34       0.0718      4.856
