              _             
             (_)            
   __ _ _ __  _ _ __   __ _ 
  / _` | '_ \| | '_ \ / _` |
 | (_| | | | | | | | | (_| |
  \__, |_| |_|_|_| |_|\__,_|
   __/ |                    
  |___/                     

gnina v1.3.3 master:6fe1ce2   Built Jun 30 2026.
gnina is based on smina and AutoDock Vina.
Please cite appropriately.

Commandline: gnina -r results/DOCKING/7AAA.mol2 -l results/DOCKING/ligands_sdf/ligando_466.sdf -o results/DOCKING/results_mol2/docked_ligando_466.mol2 --center_x 8.59 --center_y 39.35 --center_z 9.53 --size_x 22 --size_y 16 --size_z 24 --num_modes 10 --exhaustiveness 8 --seed 1
Using random seed: 1

0%   10   20   30   40   50   60   70   80   90   100%
|----|----|----|----|----|----|----|----|----|----|
***************************************************
MolPort-006-579-742 ChemDiv-V020-2678 MCULE-3735395336 PubChem-46040706 ZINC000037543492 ZINC37543492 | pose 0 | initial pose not within box

mode |  affinity  |  intramol  |    CNN     |   CNN
     | (kcal/mol) | (kcal/mol) | pose score | affinity
-----+------------+------------+------------+----------
    1       -9.02        0.36       0.3194      6.636
    2      -10.63        1.97       0.3029      6.531
    3       -9.10        0.85       0.2660      6.536
    4      -10.02        0.64       0.1980      6.335
    5      -10.18        1.30       0.1376      6.319
    6       -9.19        0.37       0.1352      6.022
    7       -8.95        1.14       0.1337      6.513
    8       -8.33        1.70       0.1254      6.451
    9       -8.48       -0.56       0.1202      5.190
   10      -10.26        0.21       0.1186      6.093
