              _             
             (_)            
   __ _ _ __  _ _ __   __ _ 
  / _` | '_ \| | '_ \ / _` |
 | (_| | | | | | | | | (_| |
  \__, |_| |_|_|_| |_|\__,_|
   __/ |                    
  |___/                     

gnina v1.3.3 master:6fe1ce2   Built Jun 30 2026.
gnina is based on smina and AutoDock Vina.
Please cite appropriately.

Commandline: gnina -r results/DOCKING/7AAA.mol2 -l results/DOCKING/ligands_sdf/ligando_078.sdf -o results/DOCKING/results_mol2/docked_ligando_078.mol2 --center_x 8.59 --center_y 39.35 --center_z 9.53 --size_x 22 --size_y 16 --size_z 24 --num_modes 10 --exhaustiveness 8 --seed 1
Using random seed: 1

0%   10   20   30   40   50   60   70   80   90   100%
|----|----|----|----|----|----|----|----|----|----|
***************************************************

mode |  affinity  |  intramol  |    CNN     |   CNN
     | (kcal/mol) | (kcal/mol) | pose score | affinity
-----+------------+------------+------------+----------
    1       -9.13        0.26       0.1990      5.951
    2      -10.04       -0.51       0.1968      6.061
    3       -9.80        0.65       0.1627      5.875
    4       -9.62       -0.28       0.1379      5.814
    5       -8.09       -0.50       0.0890      5.565
    6       -9.87        0.41       0.0876      5.235
    7       -7.94        0.48       0.0798      5.301
    8       -8.12       -0.93       0.0742      5.371
    9       -7.69       -0.38       0.0518      5.012
   10       -8.47        1.25       0.0482      5.364
