              _             
             (_)            
   __ _ _ __  _ _ __   __ _ 
  / _` | '_ \| | '_ \ / _` |
 | (_| | | | | | | | | (_| |
  \__, |_| |_|_|_| |_|\__,_|
   __/ |                    
  |___/                     

gnina v1.3.3 master:6fe1ce2   Built Jun 30 2026.
gnina is based on smina and AutoDock Vina.
Please cite appropriately.

Commandline: gnina -r results/DOCKING/7AAA.mol2 -l results/DOCKING/ligands_sdf/ligando_396.sdf -o results/DOCKING/results_mol2/docked_ligando_396.mol2 --center_x 8.59 --center_y 39.35 --center_z 9.53 --size_x 22 --size_y 16 --size_z 24 --num_modes 10 --exhaustiveness 8 --seed 1
Using random seed: 1

0%   10   20   30   40   50   60   70   80   90   100%
|----|----|----|----|----|----|----|----|----|----|
***************************************************

mode |  affinity  |  intramol  |    CNN     |   CNN
     | (kcal/mol) | (kcal/mol) | pose score | affinity
-----+------------+------------+------------+----------
    1       -7.94        0.87       0.4120      5.372
    2       -7.68        0.24       0.2501      4.803
    3       -7.97        0.18       0.2334      5.157
    4       -7.48        0.22       0.1901      4.510
    5       -8.19       -0.31       0.1735      4.390
    6       -7.74       -0.09       0.1730      4.314
    7       -7.43       -0.77       0.1529      4.214
    8       -7.90       -0.58       0.1465      4.284
    9       -8.27       -0.74       0.1455      3.847
   10       -7.47       -0.63       0.1454      4.808
