              _             
             (_)            
   __ _ _ __  _ _ __   __ _ 
  / _` | '_ \| | '_ \ / _` |
 | (_| | | | | | | | | (_| |
  \__, |_| |_|_|_| |_|\__,_|
   __/ |                    
  |___/                     

gnina v1.3.3 master:6fe1ce2   Built Jun 30 2026.
gnina is based on smina and AutoDock Vina.
Please cite appropriately.

Commandline: gnina -r results/DOCKING/7AAA.mol2 -l results/DOCKING/ligands_sdf/ligando_802.sdf -o results/DOCKING/results_mol2/docked_ligando_802.mol2 --center_x 8.59 --center_y 39.35 --center_z 9.53 --size_x 22 --size_y 16 --size_z 24 --num_modes 10 --exhaustiveness 8 --seed 1
Using random seed: 1

0%   10   20   30   40   50   60   70   80   90   100%
|----|----|----|----|----|----|----|----|----|----|
***************************************************

mode |  affinity  |  intramol  |    CNN     |   CNN
     | (kcal/mol) | (kcal/mol) | pose score | affinity
-----+------------+------------+------------+----------
    1       -8.16        0.29       0.1675      5.215
    2       -7.56       -0.33       0.1617      5.090
    3       -8.78       -0.19       0.1393      4.976
    4       -8.66       -0.15       0.1355      5.430
    5       -7.16       -0.46       0.1227      5.224
    6       -7.60       -0.08       0.1203      4.664
    7       -7.47       -0.35       0.1193      4.243
    8       -7.01        1.06       0.1031      4.666
    9       -7.78       -0.78       0.0764      4.156
   10       -8.45        0.03       0.0761      4.389
