              _             
             (_)            
   __ _ _ __  _ _ __   __ _ 
  / _` | '_ \| | '_ \ / _` |
 | (_| | | | | | | | | (_| |
  \__, |_| |_|_|_| |_|\__,_|
   __/ |                    
  |___/                     

gnina v1.3.3 master:6fe1ce2   Built Jun 30 2026.
gnina is based on smina and AutoDock Vina.
Please cite appropriately.

Commandline: gnina -r results/DOCKING/7AAA.mol2 -l results/DOCKING/ligands_sdf/ligando_206.sdf -o results/DOCKING/results_mol2/docked_ligando_206.mol2 --center_x 8.59 --center_y 39.35 --center_z 9.53 --size_x 22 --size_y 16 --size_z 24 --num_modes 10 --exhaustiveness 8 --seed 1
Using random seed: 1

0%   10   20   30   40   50   60   70   80   90   100%
|----|----|----|----|----|----|----|----|----|----|
***************************************************

mode |  affinity  |  intramol  |    CNN     |   CNN
     | (kcal/mol) | (kcal/mol) | pose score | affinity
-----+------------+------------+------------+----------
    1       -9.74        0.52       0.4123      6.440
    2       -9.72       -1.17       0.1603      5.231
    3       -8.92       -0.60       0.1600      5.245
    4       -8.45        0.74       0.1566      5.416
    5       -9.53        1.07       0.1533      4.659
    6       -9.36       -0.42       0.1215      4.596
    7       -9.26        1.54       0.1192      4.874
    8       -8.98       -0.07       0.1129      4.604
    9       -9.31       -0.48       0.1060      5.947
   10       -8.83        0.18       0.1024      5.658
