              _             
             (_)            
   __ _ _ __  _ _ __   __ _ 
  / _` | '_ \| | '_ \ / _` |
 | (_| | | | | | | | | (_| |
  \__, |_| |_|_|_| |_|\__,_|
   __/ |                    
  |___/                     

gnina v1.3.3 master:6fe1ce2   Built Jun 30 2026.
gnina is based on smina and AutoDock Vina.
Please cite appropriately.

Commandline: gnina -r results/DOCKING/7AAA.mol2 -l results/DOCKING/ligands_sdf/ligando_105.sdf -o results/DOCKING/results_mol2/docked_ligando_105.mol2 --center_x 8.59 --center_y 39.35 --center_z 9.53 --size_x 22 --size_y 16 --size_z 24 --num_modes 10 --exhaustiveness 8 --seed 1
Using random seed: 1

0%   10   20   30   40   50   60   70   80   90   100%
|----|----|----|----|----|----|----|----|----|----|
***************************************************

mode |  affinity  |  intramol  |    CNN     |   CNN
     | (kcal/mol) | (kcal/mol) | pose score | affinity
-----+------------+------------+------------+----------
    1       -9.27        0.27       0.3236      6.468
    2       -9.07       -0.21       0.2148      6.132
    3       -9.62       -0.04       0.1880      6.402
    4       -9.86       -0.14       0.1374      5.798
    5       -9.58        0.01       0.1155      5.866
    6       -8.78       -0.08       0.1138      5.341
    7      -10.39       -0.30       0.1088      5.783
    8       -9.15       -0.08       0.1037      5.848
    9       -8.95       -0.17       0.0837      5.020
   10       -9.61       -0.23       0.0823      4.697
