              _             
             (_)            
   __ _ _ __  _ _ __   __ _ 
  / _` | '_ \| | '_ \ / _` |
 | (_| | | | | | | | | (_| |
  \__, |_| |_|_|_| |_|\__,_|
   __/ |                    
  |___/                     

gnina v1.3.3 master:6fe1ce2   Built Jun 30 2026.
gnina is based on smina and AutoDock Vina.
Please cite appropriately.

Commandline: gnina -r results/DOCKING/7AAA.mol2 -l results/DOCKING/ligands_sdf/ligando_460.sdf -o results/DOCKING/results_mol2/docked_ligando_460.mol2 --center_x 8.59 --center_y 39.35 --center_z 9.53 --size_x 22 --size_y 16 --size_z 24 --num_modes 10 --exhaustiveness 8 --seed 1
Using random seed: 1

0%   10   20   30   40   50   60   70   80   90   100%
|----|----|----|----|----|----|----|----|----|----|
***************************************************

mode |  affinity  |  intramol  |    CNN     |   CNN
     | (kcal/mol) | (kcal/mol) | pose score | affinity
-----+------------+------------+------------+----------
    1       -8.14        0.01       0.8530      6.497
    2       -7.99       -0.33       0.7274      6.383
    3       -8.00       -0.52       0.5012      5.838
    4       -8.27       -0.11       0.4933      6.276
    5       -8.43       -0.41       0.4663      5.740
    6       -8.17       -0.50       0.4589      5.599
    7       -7.29       -0.26       0.3972      5.688
    8       -7.75       -0.14       0.3880      5.743
    9       -7.28       -0.43       0.2210      5.450
   10       -7.22       -0.35       0.1944      5.551
