              _             
             (_)            
   __ _ _ __  _ _ __   __ _ 
  / _` | '_ \| | '_ \ / _` |
 | (_| | | | | | | | | (_| |
  \__, |_| |_|_|_| |_|\__,_|
   __/ |                    
  |___/                     

gnina v1.3.3 master:6fe1ce2   Built Jun 30 2026.
gnina is based on smina and AutoDock Vina.
Please cite appropriately.

Commandline: gnina -r results/DOCKING/7AAA.mol2 -l results/DOCKING/ligands_sdf/ligando_247.sdf -o results/DOCKING/results_mol2/docked_ligando_247.mol2 --center_x 8.59 --center_y 39.35 --center_z 9.53 --size_x 22 --size_y 16 --size_z 24 --num_modes 10 --exhaustiveness 8 --seed 1
Using random seed: 1

0%   10   20   30   40   50   60   70   80   90   100%
|----|----|----|----|----|----|----|----|----|----|
***************************************************

mode |  affinity  |  intramol  |    CNN     |   CNN
     | (kcal/mol) | (kcal/mol) | pose score | affinity
-----+------------+------------+------------+----------
    1      -10.15       -0.21       0.4402      6.499
    2      -10.16       -0.78       0.3122      6.521
    3       -9.61       -0.79       0.2763      6.134
    4       -7.77       -0.22       0.1836      6.240
    5      -10.09       -0.88       0.1455      5.888
    6       -8.45       -1.07       0.1350      6.236
    7       -9.33       -0.78       0.1131      5.905
    8       -9.35       -0.86       0.0897      6.089
    9       -8.83       -0.40       0.0819      5.735
   10       -9.93       -0.68       0.0732      5.540
