              _             
             (_)            
   __ _ _ __  _ _ __   __ _ 
  / _` | '_ \| | '_ \ / _` |
 | (_| | | | | | | | | (_| |
  \__, |_| |_|_|_| |_|\__,_|
   __/ |                    
  |___/                     

gnina v1.3.3 master:6fe1ce2   Built Jun 30 2026.
gnina is based on smina and AutoDock Vina.
Please cite appropriately.

Commandline: gnina -r results/DOCKING/7AAA.mol2 -l results/DOCKING/ligands_sdf/ligando_703.sdf -o results/DOCKING/results_mol2/docked_ligando_703.mol2 --center_x 8.59 --center_y 39.35 --center_z 9.53 --size_x 22 --size_y 16 --size_z 24 --num_modes 10 --exhaustiveness 8 --seed 1
Using random seed: 1

0%   10   20   30   40   50   60   70   80   90   100%
|----|----|----|----|----|----|----|----|----|----|
***************************************************

mode |  affinity  |  intramol  |    CNN     |   CNN
     | (kcal/mol) | (kcal/mol) | pose score | affinity
-----+------------+------------+------------+----------
    1       -7.79        0.19       0.3002      6.109
    2       -8.11        1.54       0.2524      6.109
    3       -8.26        1.16       0.1485      5.419
    4       -8.66       -0.12       0.0641      5.311
    5       -8.05       -0.38       0.0538      5.481
    6       -8.27        1.51       0.0536      5.684
    7       -7.48        0.11       0.0492      5.186
    8       -8.77        1.10       0.0470      5.077
    9       -8.87       -0.06       0.0468      4.948
   10       -8.83        1.41       0.0451      4.776
