              _             
             (_)            
   __ _ _ __  _ _ __   __ _ 
  / _` | '_ \| | '_ \ / _` |
 | (_| | | | | | | | | (_| |
  \__, |_| |_|_|_| |_|\__,_|
   __/ |                    
  |___/                     

gnina v1.3.3 master:6fe1ce2   Built Jun 30 2026.
gnina is based on smina and AutoDock Vina.
Please cite appropriately.

Commandline: gnina -r results/DOCKING/7AAA.mol2 -l results/DOCKING/ligands_sdf/ligando_419.sdf -o results/DOCKING/results_mol2/docked_ligando_419.mol2 --center_x 8.59 --center_y 39.35 --center_z 9.53 --size_x 22 --size_y 16 --size_z 24 --num_modes 10 --exhaustiveness 8 --seed 1
Using random seed: 1

0%   10   20   30   40   50   60   70   80   90   100%
|----|----|----|----|----|----|----|----|----|----|
***************************************************

mode |  affinity  |  intramol  |    CNN     |   CNN
     | (kcal/mol) | (kcal/mol) | pose score | affinity
-----+------------+------------+------------+----------
    1      -10.39       -0.72       0.2023      5.946
    2       -9.87       -0.36       0.1946      5.942
    3       -7.98       -0.39       0.1847      5.928
    4       -9.65       -0.72       0.1369      5.343
    5       -9.31       -0.78       0.1071      5.364
    6       -9.21       -0.43       0.1061      5.748
    7       -9.67       -0.73       0.0881      5.448
    8       -8.59       -0.47       0.0822      5.699
    9       -9.24       -0.50       0.0787      5.978
   10       -9.70       -0.34       0.0779      5.495
