              _             
             (_)            
   __ _ _ __  _ _ __   __ _ 
  / _` | '_ \| | '_ \ / _` |
 | (_| | | | | | | | | (_| |
  \__, |_| |_|_|_| |_|\__,_|
   __/ |                    
  |___/                     

gnina v1.3.3 master:6fe1ce2   Built Jun 30 2026.
gnina is based on smina and AutoDock Vina.
Please cite appropriately.

Commandline: gnina -r results/DOCKING/7AAA.mol2 -l results/DOCKING/ligands_sdf/ligando_404.sdf -o results/DOCKING/results_mol2/docked_ligando_404.mol2 --center_x 8.59 --center_y 39.35 --center_z 9.53 --size_x 22 --size_y 16 --size_z 24 --num_modes 10 --exhaustiveness 8 --seed 1
Using random seed: 1

0%   10   20   30   40   50   60   70   80   90   100%
|----|----|----|----|----|----|----|----|----|----|
***************************************************
MolPort-029-901-089 96161248 CSSS02125485854 MCULE-8330030179 PubChem-72910357 ZINC000096161248 | pose 0 | initial pose not within box

mode |  affinity  |  intramol  |    CNN     |   CNN
     | (kcal/mol) | (kcal/mol) | pose score | affinity
-----+------------+------------+------------+----------
    1       -8.17        0.13       0.3251      5.974
    2       -7.96       -0.24       0.2981      5.314
    3       -8.57        0.22       0.2288      5.738
    4       -7.65        0.77       0.2138      5.186
    5       -9.59        0.88       0.2070      5.581
    6       -8.14       -0.53       0.1563      4.942
    7       -8.34        1.88       0.1279      5.258
    8       -8.05        0.37       0.1270      5.669
    9       -8.18        0.29       0.1218      5.256
   10       -9.39        0.64       0.1151      5.010
