              _             
             (_)            
   __ _ _ __  _ _ __   __ _ 
  / _` | '_ \| | '_ \ / _` |
 | (_| | | | | | | | | (_| |
  \__, |_| |_|_|_| |_|\__,_|
   __/ |                    
  |___/                     

gnina v1.3.3 master:6fe1ce2   Built Jun 30 2026.
gnina is based on smina and AutoDock Vina.
Please cite appropriately.

Commandline: gnina -r results/DOCKING/7AAA.mol2 -l results/DOCKING/ligands_sdf/ligando_518.sdf -o results/DOCKING/results_mol2/docked_ligando_518.mol2 --center_x 8.59 --center_y 39.35 --center_z 9.53 --size_x 22 --size_y 16 --size_z 24 --num_modes 10 --exhaustiveness 8 --seed 1
Using random seed: 1

0%   10   20   30   40   50   60   70   80   90   100%
|----|----|----|----|----|----|----|----|----|----|
***************************************************
MolPort-008-387-160 16648348 CSSS00132982486 MCULE-2852355867 PubChem-17224440 ZINC000016648348 ZINC16648348 | pose 0 | initial pose not within box

mode |  affinity  |  intramol  |    CNN     |   CNN
     | (kcal/mol) | (kcal/mol) | pose score | affinity
-----+------------+------------+------------+----------
    1       -1.06        0.03       0.6120      6.106
    2       -0.43        0.54       0.3900      6.111
    3       -7.74        0.91       0.3831      6.595
    4        0.74        0.77       0.3764      5.454
    5        0.81        0.24       0.3658      5.622
    6       -4.56        0.57       0.3154      6.307
    7       -8.06        1.03       0.2945      6.283
    8       -7.64        0.45       0.2887      6.390
    9       -8.29        0.84       0.2836      6.724
   10       -9.50        1.96       0.2391      6.167
