              _             
             (_)            
   __ _ _ __  _ _ __   __ _ 
  / _` | '_ \| | '_ \ / _` |
 | (_| | | | | | | | | (_| |
  \__, |_| |_|_|_| |_|\__,_|
   __/ |                    
  |___/                     

gnina v1.3.3 master:6fe1ce2   Built Jun 30 2026.
gnina is based on smina and AutoDock Vina.
Please cite appropriately.

Commandline: gnina -r results/DOCKING/7AAA.mol2 -l results/DOCKING/ligands_sdf/ligando_812.sdf -o results/DOCKING/results_mol2/docked_ligando_812.mol2 --center_x 8.59 --center_y 39.35 --center_z 9.53 --size_x 22 --size_y 16 --size_z 24 --num_modes 10 --exhaustiveness 8 --seed 1
Using random seed: 1

0%   10   20   30   40   50   60   70   80   90   100%
|----|----|----|----|----|----|----|----|----|----|
***************************************************
MolPort-005-148-118 CSSS00159568032 MCULE-3943007993 PubChem-31192806 | pose 0 | initial pose not within box

mode |  affinity  |  intramol  |    CNN     |   CNN
     | (kcal/mol) | (kcal/mol) | pose score | affinity
-----+------------+------------+------------+----------
    1       -7.57       -0.85       0.8685      6.469
    2       -7.95       -0.57       0.8562      6.556
    3       -8.29       -0.45       0.7291      6.214
    4       -7.26        0.50       0.5192      5.770
    5       -8.16       -0.71       0.4434      5.839
    6       -8.28       -0.52       0.4298      5.745
    7       -7.93        1.00       0.4202      5.707
    8       -7.01       -0.42       0.4149      5.889
    9       -6.97       -0.62       0.4007      5.764
   10       -7.12       -0.37       0.3720      5.618
