              _             
             (_)            
   __ _ _ __  _ _ __   __ _ 
  / _` | '_ \| | '_ \ / _` |
 | (_| | | | | | | | | (_| |
  \__, |_| |_|_|_| |_|\__,_|
   __/ |                    
  |___/                     

gnina v1.3.3 master:6fe1ce2   Built Jun 30 2026.
gnina is based on smina and AutoDock Vina.
Please cite appropriately.

Commandline: gnina -r results/DOCKING/7AAA.mol2 -l results/DOCKING/ligands_sdf/ligando_646.sdf -o results/DOCKING/results_mol2/docked_ligando_646.mol2 --center_x 8.59 --center_y 39.35 --center_z 9.53 --size_x 22 --size_y 16 --size_z 24 --num_modes 10 --exhaustiveness 8 --seed 1
Using random seed: 1

0%   10   20   30   40   50   60   70   80   90   100%
|----|----|----|----|----|----|----|----|----|----|
***************************************************
MolPort-001-659-628 2730708 CSSS00132994376 MCULE-4414717107 PubChem-19585148 ZINC000002730708 ZINC02730708 | pose 0 | initial pose not within box

mode |  affinity  |  intramol  |    CNN     |   CNN
     | (kcal/mol) | (kcal/mol) | pose score | affinity
-----+------------+------------+------------+----------
    1       -8.58       -0.52       0.7881      6.961
    2       -8.67        1.00       0.5936      6.307
    3       -9.23       -0.56       0.4035      6.119
    4       -8.62       -0.51       0.3834      6.145
    5      -10.23        0.71       0.3237      5.617
    6       -7.80       -0.76       0.2963      6.127
    7       -7.68        2.35       0.1972      5.605
    8       -7.64       -0.73       0.1849      5.377
    9       -8.49       -0.51       0.1769      5.278
   10       -9.67       -0.48       0.1574      5.450
