              _             
             (_)            
   __ _ _ __  _ _ __   __ _ 
  / _` | '_ \| | '_ \ / _` |
 | (_| | | | | | | | | (_| |
  \__, |_| |_|_|_| |_|\__,_|
   __/ |                    
  |___/                     

gnina v1.3.3 master:6fe1ce2   Built Jun 30 2026.
gnina is based on smina and AutoDock Vina.
Please cite appropriately.

Commandline: gnina -r results/DOCKING/7AAA.mol2 -l results/DOCKING/ligands_sdf/ligando_293.sdf -o results/DOCKING/results_mol2/docked_ligando_293.mol2 --center_x 8.59 --center_y 39.35 --center_z 9.53 --size_x 22 --size_y 16 --size_z 24 --num_modes 10 --exhaustiveness 8 --seed 1
Using random seed: 1

0%   10   20   30   40   50   60   70   80   90   100%
|----|----|----|----|----|----|----|----|----|----|
***************************************************
MolPort-002-774-483 36613625 CSSS00133001883 MCULE-7966135832 PubChem-44821680 ZINC000036613625 ZINC36613625 | pose 0 | initial pose not within box

mode |  affinity  |  intramol  |    CNN     |   CNN
     | (kcal/mol) | (kcal/mol) | pose score | affinity
-----+------------+------------+------------+----------
    1        7.43        0.73       0.2234      6.414
    2       -3.62       -0.26       0.2047      5.848
    3       -8.85       -0.41       0.1723      5.974
    4       -5.63        0.71       0.1634      6.039
    5      -10.55        0.13       0.1292      5.524
    6       -5.85        0.95       0.1147      5.499
    7       -1.11        0.17       0.1079      5.452
    8       -8.36       -0.70       0.0877      5.996
    9      -10.31       -0.53       0.0848      5.235
   10       -7.40       -0.28       0.0785      6.136
