              _             
             (_)            
   __ _ _ __  _ _ __   __ _ 
  / _` | '_ \| | '_ \ / _` |
 | (_| | | | | | | | | (_| |
  \__, |_| |_|_|_| |_|\__,_|
   __/ |                    
  |___/                     

gnina v1.3.3 master:6fe1ce2   Built Jun 30 2026.
gnina is based on smina and AutoDock Vina.
Please cite appropriately.

Commandline: gnina -r results/DOCKING/7AAA.mol2 -l results/DOCKING/ligands_sdf/ligando_279.sdf -o results/DOCKING/results_mol2/docked_ligando_279.mol2 --center_x 8.59 --center_y 39.35 --center_z 9.53 --size_x 22 --size_y 16 --size_z 24 --num_modes 10 --exhaustiveness 8 --seed 1
Using random seed: 1

0%   10   20   30   40   50   60   70   80   90   100%
|----|----|----|----|----|----|----|----|----|----|
***************************************************

mode |  affinity  |  intramol  |    CNN     |   CNN
     | (kcal/mol) | (kcal/mol) | pose score | affinity
-----+------------+------------+------------+----------
    1       -8.22        0.28       0.5028      6.201
    2       -8.14        0.06       0.1886      5.108
    3       -9.99        1.52       0.1528      5.395
    4       -9.57        0.06       0.1450      5.306
    5       -9.78       -0.25       0.1432      4.398
    6      -10.13        0.23       0.1388      5.334
    7       -9.44        0.64       0.1357      5.680
    8       -8.12        0.27       0.1329      5.061
    9       -9.47       -0.20       0.1293      5.398
   10       -8.38       -0.27       0.1146      5.241
