              _             
             (_)            
   __ _ _ __  _ _ __   __ _ 
  / _` | '_ \| | '_ \ / _` |
 | (_| | | | | | | | | (_| |
  \__, |_| |_|_|_| |_|\__,_|
   __/ |                    
  |___/                     

gnina v1.3.3 master:6fe1ce2   Built Jun 30 2026.
gnina is based on smina and AutoDock Vina.
Please cite appropriately.

Commandline: gnina -r results/DOCKING/7AAA.mol2 -l results/DOCKING/ligands_sdf/ligando_282.sdf -o results/DOCKING/results_mol2/docked_ligando_282.mol2 --center_x 8.59 --center_y 39.35 --center_z 9.53 --size_x 22 --size_y 16 --size_z 24 --num_modes 10 --exhaustiveness 8 --seed 1
Using random seed: 1

0%   10   20   30   40   50   60   70   80   90   100%
|----|----|----|----|----|----|----|----|----|----|
***************************************************

mode |  affinity  |  intramol  |    CNN     |   CNN
     | (kcal/mol) | (kcal/mol) | pose score | affinity
-----+------------+------------+------------+----------
    1       -8.05       -0.07       0.8505      5.470
    2       -7.40        0.01       0.4884      5.032
    3       -7.17       -0.03       0.2841      4.363
    4       -6.86       -0.33       0.2560      4.330
    5       -7.53        0.03       0.2425      4.380
    6       -6.55       -0.53       0.1563      4.580
    7       -6.94       -0.23       0.1415      4.159
    8       -6.56       -0.10       0.1369      3.800
    9       -7.13       -0.48       0.1351      4.277
   10       -7.79        0.20       0.1347      4.212
