              _             
             (_)            
   __ _ _ __  _ _ __   __ _ 
  / _` | '_ \| | '_ \ / _` |
 | (_| | | | | | | | | (_| |
  \__, |_| |_|_|_| |_|\__,_|
   __/ |                    
  |___/                     

gnina v1.3.3 master:6fe1ce2   Built Jun 30 2026.
gnina is based on smina and AutoDock Vina.
Please cite appropriately.

Commandline: gnina -r results/DOCKING/7AAA.mol2 -l results/DOCKING/ligands_sdf/ligando_010.sdf -o results/DOCKING/results_mol2/docked_ligando_010.mol2 --center_x 8.59 --center_y 39.35 --center_z 9.53 --size_x 22 --size_y 16 --size_z 24 --num_modes 10 --exhaustiveness 8 --seed 1
Using random seed: 1

0%   10   20   30   40   50   60   70   80   90   100%
|----|----|----|----|----|----|----|----|----|----|
***************************************************
MolPort-002-612-738 2416901 PubChem-1623914 ZINC000002416901 ZINC02416901 | pose 0 | initial pose not within box
MolPort-002-612-738 2416901 PubChem-1623914 ZINC000002416901 ZINC02416901 | pose 0 | ligand outside box
MolPort-002-612-738 2416901 PubChem-1623914 ZINC000002416901 ZINC02416901 | pose 0 | ligand outside box
MolPort-002-612-738 2416901 PubChem-1623914 ZINC000002416901 ZINC02416901 | pose 0 | ligand outside box
MolPort-002-612-738 2416901 PubChem-1623914 ZINC000002416901 ZINC02416901 | pose 0 | ligand outside box
MolPort-002-612-738 2416901 PubChem-1623914 ZINC000002416901 ZINC02416901 | pose 0 | ligand outside box
MolPort-002-612-738 2416901 PubChem-1623914 ZINC000002416901 ZINC02416901 | pose 0 | initial pose not within box
MolPort-002-612-738 2416901 PubChem-1623914 ZINC000002416901 ZINC02416901 | pose 0 | ligand outside box
MolPort-002-612-738 2416901 PubChem-1623914 ZINC000002416901 ZINC02416901 | pose 0 | ligand outside box
MolPort-002-612-738 2416901 PubChem-1623914 ZINC000002416901 ZINC02416901 | pose 0 | ligand outside box

mode |  affinity  |  intramol  |    CNN     |   CNN
     | (kcal/mol) | (kcal/mol) | pose score | affinity
-----+------------+------------+------------+----------
    1        7.11        0.72       0.1957      5.857
    2      -10.41        0.82       0.1745      6.356
    3      -10.29        1.67       0.1356      6.296
    4       -8.93        0.99       0.0708      5.687
    5       -2.14        0.65       0.0655      4.830
    6       -9.15       -0.15       0.0641      5.773
    7       -6.69        0.33       0.0505      5.750
    8       -9.75       -1.10       0.0504      5.859
    9        6.00        1.46       0.0454      4.893
   10       -9.43       -0.04       0.0427      5.243
