              _             
             (_)            
   __ _ _ __  _ _ __   __ _ 
  / _` | '_ \| | '_ \ / _` |
 | (_| | | | | | | | | (_| |
  \__, |_| |_|_|_| |_|\__,_|
   __/ |                    
  |___/                     

gnina v1.3.3 master:6fe1ce2   Built Jun 30 2026.
gnina is based on smina and AutoDock Vina.
Please cite appropriately.

Commandline: gnina -r results/DOCKING/7AAA.mol2 -l results/DOCKING/ligands_sdf/ligando_043.sdf -o results/DOCKING/results_mol2/docked_ligando_043.mol2 --center_x 8.59 --center_y 39.35 --center_z 9.53 --size_x 22 --size_y 16 --size_z 24 --num_modes 10 --exhaustiveness 8 --seed 1
Using random seed: 1

0%   10   20   30   40   50   60   70   80   90   100%
|----|----|----|----|----|----|----|----|----|----|
***************************************************
MolPort-002-864-401 1385280 CHEMBL1326881 CSSS00025732746 MCULE-5033354806 PubChem-1473622 ZINC000001385280 ZINC01385280 | pose 0 | ligand outside box

mode |  affinity  |  intramol  |    CNN     |   CNN
     | (kcal/mol) | (kcal/mol) | pose score | affinity
-----+------------+------------+------------+----------
    1      -10.13        1.10       0.5129      5.991
    2       -4.56        2.04       0.3515      5.135
    3       -9.63       -0.93       0.2610      5.583
    4       -1.89       -0.52       0.2419      5.424
    5       -9.82        1.30       0.2155      6.177
    6       -3.93       -0.83       0.1989      5.347
    7       -9.60        1.86       0.1751      6.034
    8       -9.42        0.02       0.1630      4.984
    9       -2.36        0.57       0.1582      5.115
   10       -9.14       -0.92       0.1562      5.276
