              _             
             (_)            
   __ _ _ __  _ _ __   __ _ 
  / _` | '_ \| | '_ \ / _` |
 | (_| | | | | | | | | (_| |
  \__, |_| |_|_|_| |_|\__,_|
   __/ |                    
  |___/                     

gnina v1.3.3 master:6fe1ce2   Built Jun 30 2026.
gnina is based on smina and AutoDock Vina.
Please cite appropriately.

Commandline: gnina -r results/DOCKING/7AAA.mol2 -l results/DOCKING/ligands_sdf/ligando_017.sdf -o results/DOCKING/results_mol2/docked_ligando_017.mol2 --center_x 8.59 --center_y 39.35 --center_z 9.53 --size_x 22 --size_y 16 --size_z 24 --num_modes 10 --exhaustiveness 8 --seed 1
Using random seed: 1

0%   10   20   30   40   50   60   70   80   90   100%
|----|----|----|----|----|----|----|----|----|----|
***************************************************

mode |  affinity  |  intramol  |    CNN     |   CNN
     | (kcal/mol) | (kcal/mol) | pose score | affinity
-----+------------+------------+------------+----------
    1      -10.71        0.78       0.4346      6.168
    2       -7.56       -0.80       0.4156      6.524
    3       -9.89       -0.02       0.1674      5.067
    4       -8.23        0.34       0.1658      5.007
    5      -10.55        1.16       0.1471      5.518
    6       -9.09        0.75       0.1438      5.485
    7       -9.23        1.01       0.1382      5.747
    8       -8.92        0.65       0.1208      5.741
    9       -8.03        1.42       0.1127      5.284
   10       -7.98        1.26       0.1125      5.934
