              _             
             (_)            
   __ _ _ __  _ _ __   __ _ 
  / _` | '_ \| | '_ \ / _` |
 | (_| | | | | | | | | (_| |
  \__, |_| |_|_|_| |_|\__,_|
   __/ |                    
  |___/                     

gnina v1.3.3 master:6fe1ce2   Built Jun 30 2026.
gnina is based on smina and AutoDock Vina.
Please cite appropriately.

Commandline: gnina -r results/DOCKING/7AAA.mol2 -l results/DOCKING/ligands_sdf/ligando_838.sdf -o results/DOCKING/results_mol2/docked_ligando_838.mol2 --center_x 8.59 --center_y 39.35 --center_z 9.53 --size_x 22 --size_y 16 --size_z 24 --num_modes 10 --exhaustiveness 8 --seed 1
Using random seed: 1

0%   10   20   30   40   50   60   70   80   90   100%
|----|----|----|----|----|----|----|----|----|----|
***************************************************
MolPort-003-001-172 6890889 CSSS00121593491 MCULE-1736763965 PubChem-3406918 ZINC000006890889 ZINC06890889 | pose 0 | initial pose not within box

mode |  affinity  |  intramol  |    CNN     |   CNN
     | (kcal/mol) | (kcal/mol) | pose score | affinity
-----+------------+------------+------------+----------
    1       -8.75        0.05       0.6221      5.860
    2       -6.99       -0.18       0.3231      5.028
    3       -7.33       -0.44       0.1699      4.875
    4       -7.85       -0.36       0.1530      5.193
    5       -8.38        0.60       0.1461      5.121
    6       -6.94       -0.41       0.0997      4.836
    7       -6.62       -0.31       0.0920      4.315
    8       -7.41       -0.44       0.0888      4.450
    9       -7.07       -0.41       0.0830      4.870
   10       -7.90       -0.32       0.0744      4.296
