              _             
             (_)            
   __ _ _ __  _ _ __   __ _ 
  / _` | '_ \| | '_ \ / _` |
 | (_| | | | | | | | | (_| |
  \__, |_| |_|_|_| |_|\__,_|
   __/ |                    
  |___/                     

gnina v1.3.3 master:6fe1ce2   Built Jun 30 2026.
gnina is based on smina and AutoDock Vina.
Please cite appropriately.

Commandline: gnina -r results/DOCKING/7AAA.mol2 -l results/DOCKING/ligands_sdf/ligando_417.sdf -o results/DOCKING/results_mol2/docked_ligando_417.mol2 --center_x 8.59 --center_y 39.35 --center_z 9.53 --size_x 22 --size_y 16 --size_z 24 --num_modes 10 --exhaustiveness 8 --seed 1
Using random seed: 1

0%   10   20   30   40   50   60   70   80   90   100%
|----|----|----|----|----|----|----|----|----|----|
***************************************************

mode |  affinity  |  intramol  |    CNN     |   CNN
     | (kcal/mol) | (kcal/mol) | pose score | affinity
-----+------------+------------+------------+----------
    1       -8.87       -0.46       0.1258      6.339
    2      -12.10       -0.01       0.1179      6.050
    3       -8.61       -0.71       0.1179      6.127
    4      -12.12        0.03       0.1153      6.043
    5      -11.48        0.25       0.0780      6.251
    6      -11.49        0.33       0.0754      6.253
    7       -7.11       -0.26       0.0581      6.111
    8       -9.34       -0.24       0.0478      6.234
    9      -11.71       -0.54       0.0465      5.570
   10      -11.75       -0.47       0.0440      5.503
