              _             
             (_)            
   __ _ _ __  _ _ __   __ _ 
  / _` | '_ \| | '_ \ / _` |
 | (_| | | | | | | | | (_| |
  \__, |_| |_|_|_| |_|\__,_|
   __/ |                    
  |___/                     

gnina v1.3.3 master:6fe1ce2   Built Jun 30 2026.
gnina is based on smina and AutoDock Vina.
Please cite appropriately.

Commandline: gnina -r results/DOCKING/7AAA.mol2 -l results/DOCKING/ligands_sdf/ligando_225.sdf -o results/DOCKING/results_mol2/docked_ligando_225.mol2 --center_x 8.59 --center_y 39.35 --center_z 9.53 --size_x 22 --size_y 16 --size_z 24 --num_modes 10 --exhaustiveness 8 --seed 1
Using random seed: 1

0%   10   20   30   40   50   60   70   80   90   100%
|----|----|----|----|----|----|----|----|----|----|
***************************************************
MolPort-003-020-514 16991800 CSSS03437211695 LN01391658 PubChem-16813897 ZINC000016991800 | pose 0 | initial pose not within box

mode |  affinity  |  intramol  |    CNN     |   CNN
     | (kcal/mol) | (kcal/mol) | pose score | affinity
-----+------------+------------+------------+----------
    1      -10.93        0.10       0.6702      6.919
    2      -10.40        0.42       0.2686      6.217
    3       -9.62        0.35       0.2623      6.201
    4       -8.86        0.56       0.2492      6.478
    5      -10.33        0.55       0.1479      6.040
    6       -7.72        4.71       0.1219      6.048
    7       -9.97       -0.18       0.1033      5.564
    8       -7.61       -0.29       0.0975      5.658
    9       -8.98        0.28       0.0953      5.987
   10       -8.45       -0.98       0.0764      5.592
