              _             
             (_)            
   __ _ _ __  _ _ __   __ _ 
  / _` | '_ \| | '_ \ / _` |
 | (_| | | | | | | | | (_| |
  \__, |_| |_|_|_| |_|\__,_|
   __/ |                    
  |___/                     

gnina v1.3.3 master:6fe1ce2   Built Jun 30 2026.
gnina is based on smina and AutoDock Vina.
Please cite appropriately.

Commandline: gnina -r results/DOCKING/7AAA.mol2 -l results/DOCKING/ligands_sdf/ligando_263.sdf -o results/DOCKING/results_mol2/docked_ligando_263.mol2 --center_x 8.59 --center_y 39.35 --center_z 9.53 --size_x 22 --size_y 16 --size_z 24 --num_modes 10 --exhaustiveness 8 --seed 1
Using random seed: 1

0%   10   20   30   40   50   60   70   80   90   100%
|----|----|----|----|----|----|----|----|----|----|
***************************************************

mode |  affinity  |  intramol  |    CNN     |   CNN
     | (kcal/mol) | (kcal/mol) | pose score | affinity
-----+------------+------------+------------+----------
    1       -8.10       -0.45       0.5348      7.229
    2       -8.92       -0.52       0.4391      7.093
    3       -8.85       -0.04       0.3627      6.894
    4       -8.42       -0.70       0.2648      6.387
    5       -9.28        0.00       0.2342      6.934
    6      -10.09       -0.80       0.2094      6.757
    7       -8.90       -0.57       0.1467      6.457
    8       -9.24       -0.71       0.1463      6.439
    9       -9.91       -0.74       0.1312      6.200
   10       -9.02       -0.40       0.0856      6.037
