              _             
             (_)            
   __ _ _ __  _ _ __   __ _ 
  / _` | '_ \| | '_ \ / _` |
 | (_| | | | | | | | | (_| |
  \__, |_| |_|_|_| |_|\__,_|
   __/ |                    
  |___/                     

gnina v1.3.3 master:6fe1ce2   Built Jun 30 2026.
gnina is based on smina and AutoDock Vina.
Please cite appropriately.

Commandline: gnina -r results/DOCKING/7AAA.mol2 -l results/DOCKING/ligands_sdf/ligando_846.sdf -o results/DOCKING/results_mol2/docked_ligando_846.mol2 --center_x 8.59 --center_y 39.35 --center_z 9.53 --size_x 22 --size_y 16 --size_z 24 --num_modes 10 --exhaustiveness 8 --seed 1
Using random seed: 1

0%   10   20   30   40   50   60   70   80   90   100%
|----|----|----|----|----|----|----|----|----|----|
***************************************************

mode |  affinity  |  intramol  |    CNN     |   CNN
     | (kcal/mol) | (kcal/mol) | pose score | affinity
-----+------------+------------+------------+----------
    1       -6.81       -0.25       0.5563      5.557
    2       -7.35       -0.49       0.3525      4.810
    3       -7.90       -0.39       0.3523      5.356
    4       -7.70       -0.50       0.2878      5.508
    5       -6.80       -0.07       0.2840      5.109
    6       -7.31       -0.58       0.2303      4.426
    7       -7.88       -0.46       0.2072      5.045
    8       -7.92       -0.02       0.1913      4.568
    9       -6.93       -0.38       0.1696      4.870
   10       -7.23       -0.25       0.1670      4.767
