              _             
             (_)            
   __ _ _ __  _ _ __   __ _ 
  / _` | '_ \| | '_ \ / _` |
 | (_| | | | | | | | | (_| |
  \__, |_| |_|_|_| |_|\__,_|
   __/ |                    
  |___/                     

gnina v1.3.3 master:6fe1ce2   Built Jun 30 2026.
gnina is based on smina and AutoDock Vina.
Please cite appropriately.

Commandline: gnina -r results/DOCKING/7AAA.mol2 -l results/DOCKING/ligands_sdf/ligando_775.sdf -o results/DOCKING/results_mol2/docked_ligando_775.mol2 --center_x 8.59 --center_y 39.35 --center_z 9.53 --size_x 22 --size_y 16 --size_z 24 --num_modes 10 --exhaustiveness 8 --seed 1
Using random seed: 1

0%   10   20   30   40   50   60   70   80   90   100%
|----|----|----|----|----|----|----|----|----|----|
***************************************************

mode |  affinity  |  intramol  |    CNN     |   CNN
     | (kcal/mol) | (kcal/mol) | pose score | affinity
-----+------------+------------+------------+----------
    1      -10.32        0.98       0.2477      6.738
    2       -9.73        0.95       0.2116      6.673
    3      -10.09        0.37       0.1947      6.283
    4      -10.33        2.59       0.1583      6.438
    5       -9.45       -0.77       0.1044      6.141
    6       -9.43        1.29       0.0660      5.896
    7       -6.96        0.75       0.0499      5.231
    8       -8.53        0.82       0.0496      5.428
    9       -7.49       -0.65       0.0469      5.676
   10       -8.92        0.73       0.0364      5.553
