              _             
             (_)            
   __ _ _ __  _ _ __   __ _ 
  / _` | '_ \| | '_ \ / _` |
 | (_| | | | | | | | | (_| |
  \__, |_| |_|_|_| |_|\__,_|
   __/ |                    
  |___/                     

gnina v1.3.3 master:6fe1ce2   Built Jun 30 2026.
gnina is based on smina and AutoDock Vina.
Please cite appropriately.

Commandline: gnina -r results/DOCKING/7AAA.mol2 -l results/DOCKING/ligands_sdf/ligando_111.sdf -o results/DOCKING/results_mol2/docked_ligando_111.mol2 --center_x 8.59 --center_y 39.35 --center_z 9.53 --size_x 22 --size_y 16 --size_z 24 --num_modes 10 --exhaustiveness 8 --seed 1
Using random seed: 1

0%   10   20   30   40   50   60   70   80   90   100%
|----|----|----|----|----|----|----|----|----|----|
***************************************************

mode |  affinity  |  intramol  |    CNN     |   CNN
     | (kcal/mol) | (kcal/mol) | pose score | affinity
-----+------------+------------+------------+----------
    1      -10.06        0.13       0.3335      5.875
    2       -8.24       -0.29       0.3055      5.709
    3       -7.61       -0.50       0.1723      5.098
    4       -8.31       -0.06       0.1409      5.025
    5       -8.13       -0.57       0.1384      5.388
    6       -9.81        0.15       0.1053      4.817
    7       -7.95       -0.64       0.1045      5.045
    8       -8.37       -0.06       0.0987      5.651
    9       -9.11        0.24       0.0822      5.118
   10       -9.49        0.27       0.0807      5.054
