              _             
             (_)            
   __ _ _ __  _ _ __   __ _ 
  / _` | '_ \| | '_ \ / _` |
 | (_| | | | | | | | | (_| |
  \__, |_| |_|_|_| |_|\__,_|
   __/ |                    
  |___/                     

gnina v1.3.3 master:6fe1ce2   Built Jun 30 2026.
gnina is based on smina and AutoDock Vina.
Please cite appropriately.

Commandline: gnina -r results/DOCKING/7AAA.mol2 -l results/DOCKING/ligands_sdf/ligando_844.sdf -o results/DOCKING/results_mol2/docked_ligando_844.mol2 --center_x 8.59 --center_y 39.35 --center_z 9.53 --size_x 22 --size_y 16 --size_z 24 --num_modes 10 --exhaustiveness 8 --seed 1
Using random seed: 1

0%   10   20   30   40   50   60   70   80   90   100%
|----|----|----|----|----|----|----|----|----|----|
***************************************************
MolPort-002-609-612 2406069 LN00636618 PubChem-1617097 ZINC000002406069 ZINC02406069 | pose 0 | initial pose not within box
MolPort-002-609-612 2406069 LN00636618 PubChem-1617097 ZINC000002406069 ZINC02406069 | pose 0 | ligand outside box

mode |  affinity  |  intramol  |    CNN     |   CNN
     | (kcal/mol) | (kcal/mol) | pose score | affinity
-----+------------+------------+------------+----------
    1       31.82        2.02       0.3366      5.958
    2       -4.49       -0.08       0.2452      5.718
    3       -0.57        0.25       0.2002      5.036
    4       -4.35        0.21       0.1630      5.961
    5       -9.87       -0.71       0.1482      5.826
    6        3.21        0.76       0.1383      5.388
    7      -10.04       -0.79       0.1289      5.741
    8       27.89        0.19       0.1225      5.453
    9      -10.92       -0.39       0.1184      5.281
   10       -9.61       -0.38       0.1161      5.791
