              _             
             (_)            
   __ _ _ __  _ _ __   __ _ 
  / _` | '_ \| | '_ \ / _` |
 | (_| | | | | | | | | (_| |
  \__, |_| |_|_|_| |_|\__,_|
   __/ |                    
  |___/                     

gnina v1.3.3 master:6fe1ce2   Built Jun 30 2026.
gnina is based on smina and AutoDock Vina.
Please cite appropriately.

Commandline: gnina -r results/DOCKING/7AAA.mol2 -l results/DOCKING/ligands_sdf/ligando_091.sdf -o results/DOCKING/results_mol2/docked_ligando_091.mol2 --center_x 8.59 --center_y 39.35 --center_z 9.53 --size_x 22 --size_y 16 --size_z 24 --num_modes 10 --exhaustiveness 8 --seed 1
Using random seed: 1

0%   10   20   30   40   50   60   70   80   90   100%
|----|----|----|----|----|----|----|----|----|----|
***************************************************
MolPort-004-989-144 CSSS09880947379 MCULE-5344949372 PubChem-45163881 | pose 0 | initial pose not within box
MolPort-004-989-144 CSSS09880947379 MCULE-5344949372 PubChem-45163881 | pose 0 | ligand outside box

mode |  affinity  |  intramol  |    CNN     |   CNN
     | (kcal/mol) | (kcal/mol) | pose score | affinity
-----+------------+------------+------------+----------
    1       -4.25        0.64       0.2631      5.788
    2       -7.08       -1.11       0.2412      6.546
    3       -7.92        0.24       0.1946      7.398
    4       -5.58        0.99       0.1866      7.328
    5       -3.52        0.06       0.1634      6.164
    6       11.03        0.26       0.1554      4.550
    7       -2.91        0.68       0.1488      6.327
    8       -7.99       -0.59       0.1368      6.646
    9       -7.43        0.26       0.1307      7.060
   10       -5.89       -0.67       0.1242      7.192
