              _             
             (_)            
   __ _ _ __  _ _ __   __ _ 
  / _` | '_ \| | '_ \ / _` |
 | (_| | | | | | | | | (_| |
  \__, |_| |_|_|_| |_|\__,_|
   __/ |                    
  |___/                     

gnina v1.3.3 master:6fe1ce2   Built Jun 30 2026.
gnina is based on smina and AutoDock Vina.
Please cite appropriately.

Commandline: gnina -r results/DOCKING/7AAA.mol2 -l results/DOCKING/ligands_sdf/ligando_129.sdf -o results/DOCKING/results_mol2/docked_ligando_129.mol2 --center_x 8.59 --center_y 39.35 --center_z 9.53 --size_x 22 --size_y 16 --size_z 24 --num_modes 10 --exhaustiveness 8 --seed 1
Using random seed: 1

0%   10   20   30   40   50   60   70   80   90   100%
|----|----|----|----|----|----|----|----|----|----|
***************************************************

mode |  affinity  |  intramol  |    CNN     |   CNN
     | (kcal/mol) | (kcal/mol) | pose score | affinity
-----+------------+------------+------------+----------
    1       -9.94       -0.51       0.4337      6.867
    2       -8.05       -0.57       0.2557      6.300
    3       -9.74       -0.25       0.1215      6.327
    4       -7.98        0.05       0.0759      5.791
    5       -9.33       -0.33       0.0753      5.549
    6       -8.70        0.01       0.0539      5.123
    7      -10.02       -0.92       0.0474      5.734
    8       -9.48       -0.33       0.0463      5.937
    9      -10.31       -0.67       0.0427      5.215
   10       -8.61        0.38       0.0346      5.615
