              _             
             (_)            
   __ _ _ __  _ _ __   __ _ 
  / _` | '_ \| | '_ \ / _` |
 | (_| | | | | | | | | (_| |
  \__, |_| |_|_|_| |_|\__,_|
   __/ |                    
  |___/                     

gnina v1.3.3 master:6fe1ce2   Built Jun 30 2026.
gnina is based on smina and AutoDock Vina.
Please cite appropriately.

Commandline: gnina -r results/DOCKING/7AAA.mol2 -l results/DOCKING/ligands_sdf/ligando_130.sdf -o results/DOCKING/results_mol2/docked_ligando_130.mol2 --center_x 8.59 --center_y 39.35 --center_z 9.53 --size_x 22 --size_y 16 --size_z 24 --num_modes 10 --exhaustiveness 8 --seed 1
Using random seed: 1

0%   10   20   30   40   50   60   70   80   90   100%
|----|----|----|----|----|----|----|----|----|----|
***************************************************
MolPort-047-073-941 MCULE-8308762370 PubChem-132767230 | pose 0 | initial pose not within box

mode |  affinity  |  intramol  |    CNN     |   CNN
     | (kcal/mol) | (kcal/mol) | pose score | affinity
-----+------------+------------+------------+----------
    1       -8.58       -0.39       0.2288      6.788
    2       -8.05       -0.83       0.1440      6.269
    3       -9.71       -0.86       0.1353      6.678
    4       -8.55       -1.04       0.1351      6.766
    5       -9.92       -0.43       0.1247      6.598
    6       -9.34       -0.80       0.1038      6.676
    7      -10.11        0.42       0.0985      6.755
    8      -10.14       -0.43       0.0796      6.315
    9       -8.51       -1.14       0.0789      6.054
   10       -9.42       -1.15       0.0781      6.542
