              _             
             (_)            
   __ _ _ __  _ _ __   __ _ 
  / _` | '_ \| | '_ \ / _` |
 | (_| | | | | | | | | (_| |
  \__, |_| |_|_|_| |_|\__,_|
   __/ |                    
  |___/                     

gnina v1.3.3 master:6fe1ce2   Built Jun 30 2026.
gnina is based on smina and AutoDock Vina.
Please cite appropriately.

Commandline: gnina -r results/DOCKING/7AAA.mol2 -l results/DOCKING/ligands_sdf/ligando_281.sdf -o results/DOCKING/results_mol2/docked_ligando_281.mol2 --center_x 8.59 --center_y 39.35 --center_z 9.53 --size_x 22 --size_y 16 --size_z 24 --num_modes 10 --exhaustiveness 8 --seed 1
Using random seed: 1

0%   10   20   30   40   50   60   70   80   90   100%
|----|----|----|----|----|----|----|----|----|----|
***************************************************

mode |  affinity  |  intramol  |    CNN     |   CNN
     | (kcal/mol) | (kcal/mol) | pose score | affinity
-----+------------+------------+------------+----------
    1       -9.08        0.98       0.3553      6.582
    2      -10.62       -0.61       0.2847      6.428
    3       -7.77        1.11       0.1967      5.779
    4      -10.25        0.28       0.1688      6.307
    5       -9.59       -0.70       0.1559      6.283
    6       -8.43       -0.39       0.1551      6.125
    7       -8.12       -0.81       0.1212      4.672
    8       -7.46        0.76       0.1200      6.182
    9       -9.58       -0.01       0.0930      5.615
   10       -8.80       -0.02       0.0890      4.798
