              _             
             (_)            
   __ _ _ __  _ _ __   __ _ 
  / _` | '_ \| | '_ \ / _` |
 | (_| | | | | | | | | (_| |
  \__, |_| |_|_|_| |_|\__,_|
   __/ |                    
  |___/                     

gnina v1.3.3 master:6fe1ce2   Built Jun 30 2026.
gnina is based on smina and AutoDock Vina.
Please cite appropriately.

Commandline: gnina -r results/DOCKING/7AAA.mol2 -l results/DOCKING/ligands_sdf/ligando_033.sdf -o results/DOCKING/results_mol2/docked_ligando_033.mol2 --center_x 8.59 --center_y 39.35 --center_z 9.53 --size_x 22 --size_y 16 --size_z 24 --num_modes 10 --exhaustiveness 8 --seed 1
Using random seed: 1

0%   10   20   30   40   50   60   70   80   90   100%
|----|----|----|----|----|----|----|----|----|----|
***************************************************
MolPort-002-631-803 2596191 PubChem-2006365 ZINC000002596191 ZINC02596191 | pose 0 | initial pose not within box

mode |  affinity  |  intramol  |    CNN     |   CNN
     | (kcal/mol) | (kcal/mol) | pose score | affinity
-----+------------+------------+------------+----------
    1       -9.49       -0.24       0.7037      6.856
    2       -9.19        0.22       0.3040      6.480
    3        6.75        1.01       0.2825      5.265
    4       -8.98       -0.15       0.2217      6.277
    5       -8.33        0.12       0.2083      6.291
    6       -9.68       -0.62       0.1506      5.927
    7       -7.02       -0.69       0.1234      5.976
    8       -8.17       -0.77       0.1208      5.860
    9       -9.43        0.03       0.1103      5.744
   10       -8.36       -0.06       0.1014      5.611
