              _             
             (_)            
   __ _ _ __  _ _ __   __ _ 
  / _` | '_ \| | '_ \ / _` |
 | (_| | | | | | | | | (_| |
  \__, |_| |_|_|_| |_|\__,_|
   __/ |                    
  |___/                     

gnina v1.3.3 master:6fe1ce2   Built Jun 30 2026.
gnina is based on smina and AutoDock Vina.
Please cite appropriately.

Commandline: gnina -r results/DOCKING/7AAA.mol2 -l results/DOCKING/ligands_sdf/ligando_027.sdf -o results/DOCKING/results_mol2/docked_ligando_027.mol2 --center_x 8.59 --center_y 39.35 --center_z 9.53 --size_x 22 --size_y 16 --size_z 24 --num_modes 10 --exhaustiveness 8 --seed 1
Using random seed: 1

0%   10   20   30   40   50   60   70   80   90   100%
|----|----|----|----|----|----|----|----|----|----|
***************************************************
MolPort-007-713-435 ChemDiv-E002-0304 MCULE-6186887416 PubChem-22509879 ZINC000006768036 | pose 0 | initial pose not within box

mode |  affinity  |  intramol  |    CNN     |   CNN
     | (kcal/mol) | (kcal/mol) | pose score | affinity
-----+------------+------------+------------+----------
    1       -8.79        0.43       0.2520      5.664
    2       -8.92        0.37       0.1572      5.368
    3       -9.03        0.15       0.1546      5.893
    4       -8.48       -0.13       0.1277      5.603
    5       -9.02        0.29       0.1157      5.746
    6       -9.22        0.75       0.1129      5.451
    7       -9.09        0.33       0.0780      5.005
    8       -8.77        0.21       0.0693      5.557
    9       -9.20       -0.30       0.0681      5.335
   10       -9.35        0.04       0.0675      5.205
