              _             
             (_)            
   __ _ _ __  _ _ __   __ _ 
  / _` | '_ \| | '_ \ / _` |
 | (_| | | | | | | | | (_| |
  \__, |_| |_|_|_| |_|\__,_|
   __/ |                    
  |___/                     

gnina v1.3.3 master:6fe1ce2   Built Jun 30 2026.
gnina is based on smina and AutoDock Vina.
Please cite appropriately.

Commandline: gnina -r results/DOCKING/7AAA.mol2 -l results/DOCKING/ligands_sdf/ligando_049.sdf -o results/DOCKING/results_mol2/docked_ligando_049.mol2 --center_x 8.59 --center_y 39.35 --center_z 9.53 --size_x 22 --size_y 16 --size_z 24 --num_modes 10 --exhaustiveness 8 --seed 1
Using random seed: 1

0%   10   20   30   40   50   60   70   80   90   100%
|----|----|----|----|----|----|----|----|----|----|
***************************************************
MolPort-046-971-670 MCULE-7261905187 PubChem-110111614 | pose 0 | ligand outside box
MolPort-046-971-670 MCULE-7261905187 PubChem-110111614 | pose 0 | ligand outside box
MolPort-046-971-670 MCULE-7261905187 PubChem-110111614 | pose 0 | ligand outside box
MolPort-046-971-670 MCULE-7261905187 PubChem-110111614 | pose 0 | ligand outside box
MolPort-046-971-670 MCULE-7261905187 PubChem-110111614 | pose 0 | ligand outside box
MolPort-046-971-670 MCULE-7261905187 PubChem-110111614 | pose 0 | initial pose not within box

mode |  affinity  |  intramol  |    CNN     |   CNN
     | (kcal/mol) | (kcal/mol) | pose score | affinity
-----+------------+------------+------------+----------
    1       -8.22        0.05       0.2199      6.279
    2      -11.07       -0.58       0.1079      5.748
    3      -10.98       -0.21       0.0995      6.124
    4       -8.88        0.02       0.0740      5.993
    5       -9.25       -0.51       0.0594      5.079
    6      -10.21        0.07       0.0549      5.575
    7      -10.31       -0.02       0.0506      5.526
    8       -9.71        0.06       0.0504      5.220
    9       -9.68       -0.34       0.0453      5.012
   10       -7.07       -0.77       0.0452      5.356
