              _             
             (_)            
   __ _ _ __  _ _ __   __ _ 
  / _` | '_ \| | '_ \ / _` |
 | (_| | | | | | | | | (_| |
  \__, |_| |_|_|_| |_|\__,_|
   __/ |                    
  |___/                     

gnina v1.3.3 master:6fe1ce2   Built Jun 30 2026.
gnina is based on smina and AutoDock Vina.
Please cite appropriately.

Commandline: gnina -r results/DOCKING/7AAA.mol2 -l results/DOCKING/ligands_sdf/ligando_139.sdf -o results/DOCKING/results_mol2/docked_ligando_139.mol2 --center_x 8.59 --center_y 39.35 --center_z 9.53 --size_x 22 --size_y 16 --size_z 24 --num_modes 10 --exhaustiveness 8 --seed 1
Using random seed: 1

0%   10   20   30   40   50   60   70   80   90   100%
|----|----|----|----|----|----|----|----|----|----|
***************************************************

mode |  affinity  |  intramol  |    CNN     |   CNN
     | (kcal/mol) | (kcal/mol) | pose score | affinity
-----+------------+------------+------------+----------
    1       -9.87       -0.75       0.5376      7.557
    2      -10.01        5.65       0.4162      7.481
    3       -8.69       -0.76       0.2973      6.679
    4      -10.03       -0.57       0.1854      6.683
    5      -10.10       -0.76       0.1412      6.139
    6       -7.82       -0.73       0.1376      6.720
    7      -10.25        0.35       0.1212      6.486
    8       -8.38       -1.09       0.1018      6.329
    9       -8.14       -1.07       0.0894      5.512
   10       -8.47        6.88       0.0854      6.774
