              _             
             (_)            
   __ _ _ __  _ _ __   __ _ 
  / _` | '_ \| | '_ \ / _` |
 | (_| | | | | | | | | (_| |
  \__, |_| |_|_|_| |_|\__,_|
   __/ |                    
  |___/                     

gnina v1.3.3 master:6fe1ce2   Built Jun 30 2026.
gnina is based on smina and AutoDock Vina.
Please cite appropriately.

Commandline: gnina -r results/DOCKING/7AAA.mol2 -l results/DOCKING/ligands_sdf/ligando_026.sdf -o results/DOCKING/results_mol2/docked_ligando_026.mol2 --center_x 8.59 --center_y 39.35 --center_z 9.53 --size_x 22 --size_y 16 --size_z 24 --num_modes 10 --exhaustiveness 8 --seed 1
Using random seed: 1

0%   10   20   30   40   50   60   70   80   90   100%
|----|----|----|----|----|----|----|----|----|----|
***************************************************
MolPort-007-671-450 ChemDiv-C795-0043 MCULE-6412679810 PubChem-20885894 ZINC000005135296 ZINC05135296 | pose 0 | initial pose not within box

mode |  affinity  |  intramol  |    CNN     |   CNN
     | (kcal/mol) | (kcal/mol) | pose score | affinity
-----+------------+------------+------------+----------
    1       -5.54        1.14       0.2517      6.210
    2       -9.15        2.60       0.2337      6.127
    3       -4.95       -0.05       0.1724      5.144
    4       -8.92        3.09       0.1666      6.106
    5       -8.00        2.29       0.1359      6.124
    6       -5.23        0.81       0.1292      4.901
    7       -4.85        0.71       0.1176      4.949
    8       -2.21       -0.64       0.1097      4.871
    9       -8.77       -0.10       0.0975      5.704
   10       -6.05       -0.53       0.0890      4.490
