              _             
             (_)            
   __ _ _ __  _ _ __   __ _ 
  / _` | '_ \| | '_ \ / _` |
 | (_| | | | | | | | | (_| |
  \__, |_| |_|_|_| |_|\__,_|
   __/ |                    
  |___/                     

gnina v1.3.3 master:6fe1ce2   Built Jun 30 2026.
gnina is based on smina and AutoDock Vina.
Please cite appropriately.

Commandline: gnina -r results/DOCKING/7AAA.mol2 -l results/DOCKING/ligands_sdf/ligando_178.sdf -o results/DOCKING/results_mol2/docked_ligando_178.mol2 --center_x 8.59 --center_y 39.35 --center_z 9.53 --size_x 22 --size_y 16 --size_z 24 --num_modes 10 --exhaustiveness 8 --seed 1
Using random seed: 1

0%   10   20   30   40   50   60   70   80   90   100%
|----|----|----|----|----|----|----|----|----|----|
***************************************************
MolPort-016-720-965 19662125 MCULE-8541281991 PubChem-46977982 ZINC000019662125 | pose 0 | ligand outside box
MolPort-016-720-965 19662125 MCULE-8541281991 PubChem-46977982 ZINC000019662125 | pose 0 | ligand outside box
MolPort-016-720-965 19662125 MCULE-8541281991 PubChem-46977982 ZINC000019662125 | pose 0 | ligand outside box

mode |  affinity  |  intramol  |    CNN     |   CNN
     | (kcal/mol) | (kcal/mol) | pose score | affinity
-----+------------+------------+------------+----------
    1       27.61        0.39       0.5007      5.133
    2        4.03       -0.50       0.4454      5.276
    3       93.51        0.17       0.2816      4.703
    4       -2.32       -0.50       0.2713      4.441
    5       -8.54        0.42       0.2663      6.045
    6       -9.64        0.30       0.2382      5.653
    7        7.17       -0.27       0.2340      5.117
    8       11.65       -0.07       0.2107      4.921
    9       -5.03       -0.07       0.1941      4.970
   10       28.14        0.00       0.1732      5.444
