              _             
             (_)            
   __ _ _ __  _ _ __   __ _ 
  / _` | '_ \| | '_ \ / _` |
 | (_| | | | | | | | | (_| |
  \__, |_| |_|_|_| |_|\__,_|
   __/ |                    
  |___/                     

gnina v1.3.3 master:6fe1ce2   Built Jun 30 2026.
gnina is based on smina and AutoDock Vina.
Please cite appropriately.

Commandline: gnina -r results/DOCKING/7AAA.mol2 -l results/DOCKING/ligands_sdf/ligando_332.sdf -o results/DOCKING/results_mol2/docked_ligando_332.mol2 --center_x 8.59 --center_y 39.35 --center_z 9.53 --size_x 22 --size_y 16 --size_z 24 --num_modes 10 --exhaustiveness 8 --seed 1
Using random seed: 1

0%   10   20   30   40   50   60   70   80   90   100%
|----|----|----|----|----|----|----|----|----|----|
***************************************************

mode |  affinity  |  intramol  |    CNN     |   CNN
     | (kcal/mol) | (kcal/mol) | pose score | affinity
-----+------------+------------+------------+----------
    1       -8.21       -0.26       0.6419      6.083
    2       -7.46       -0.25       0.3909      6.127
    3       -8.23       -0.49       0.3657      5.872
    4       -7.75       -0.38       0.3444      5.719
    5       -8.04       -0.41       0.3089      5.670
    6       -7.81       -0.37       0.2720      5.791
    7       -7.40       -0.32       0.2266      5.736
    8       -7.50       -0.43       0.1768      5.070
    9       -7.58       -0.48       0.1520      4.673
   10       -7.11       -0.26       0.1375      5.198
