              _             
             (_)            
   __ _ _ __  _ _ __   __ _ 
  / _` | '_ \| | '_ \ / _` |
 | (_| | | | | | | | | (_| |
  \__, |_| |_|_|_| |_|\__,_|
   __/ |                    
  |___/                     

gnina v1.3.3 master:6fe1ce2   Built Jun 30 2026.
gnina is based on smina and AutoDock Vina.
Please cite appropriately.

Commandline: gnina -r results/DOCKING/7AAA.mol2 -l results/DOCKING/ligands_sdf/ligando_579.sdf -o results/DOCKING/results_mol2/docked_ligando_579.mol2 --center_x 8.59 --center_y 39.35 --center_z 9.53 --size_x 22 --size_y 16 --size_z 24 --num_modes 10 --exhaustiveness 8 --seed 1
Using random seed: 1

0%   10   20   30   40   50   60   70   80   90   100%
|----|----|----|----|----|----|----|----|----|----|
***************************************************
MolPort-035-706-962 CSSS03437789216 MCULE-3816685128 PubChem-91938287 | pose 0 | ligand outside box

mode |  affinity  |  intramol  |    CNN     |   CNN
     | (kcal/mol) | (kcal/mol) | pose score | affinity
-----+------------+------------+------------+----------
    1       -2.14       -0.05       0.4251      6.492
    2       13.73        0.06       0.3165      4.896
    3       -3.74       -0.35       0.2970      5.119
    4       -6.58       -0.44       0.1550      5.911
    5       -3.29       -0.07       0.1278      5.055
    6       -8.44       -0.40       0.1267      5.401
    7       -9.14       -0.46       0.1164      4.973
    8       -7.31       -0.06       0.1001      5.928
    9       -8.83       -0.56       0.0985      4.785
   10       -5.27       -0.70       0.0956      5.524
