              _             
             (_)            
   __ _ _ __  _ _ __   __ _ 
  / _` | '_ \| | '_ \ / _` |
 | (_| | | | | | | | | (_| |
  \__, |_| |_|_|_| |_|\__,_|
   __/ |                    
  |___/                     

gnina v1.3.3 master:6fe1ce2   Built Jun 30 2026.
gnina is based on smina and AutoDock Vina.
Please cite appropriately.

Commandline: gnina -r results/DOCKING/7AAA.mol2 -l results/DOCKING/ligands_sdf/ligando_192.sdf -o results/DOCKING/results_mol2/docked_ligando_192.mol2 --center_x 8.59 --center_y 39.35 --center_z 9.53 --size_x 22 --size_y 16 --size_z 24 --num_modes 10 --exhaustiveness 8 --seed 1
Using random seed: 1

0%   10   20   30   40   50   60   70   80   90   100%
|----|----|----|----|----|----|----|----|----|----|
***************************************************

mode |  affinity  |  intramol  |    CNN     |   CNN
     | (kcal/mol) | (kcal/mol) | pose score | affinity
-----+------------+------------+------------+----------
    1      -10.14        0.43       0.3815      6.363
    2       -8.37        1.08       0.3713      5.456
    3       -9.06        3.97       0.3273      6.354
    4       -9.58        0.55       0.2332      5.537
    5       -8.63        0.61       0.2136      4.922
    6       -9.06        1.45       0.1874      5.295
    7       -9.40        2.45       0.1683      5.735
    8      -10.29        2.31       0.1613      5.397
    9      -10.22        0.23       0.1356      5.556
   10       -9.09       -0.64       0.1060      5.054
