              _             
             (_)            
   __ _ _ __  _ _ __   __ _ 
  / _` | '_ \| | '_ \ / _` |
 | (_| | | | | | | | | (_| |
  \__, |_| |_|_|_| |_|\__,_|
   __/ |                    
  |___/                     

gnina v1.3.3 master:6fe1ce2   Built Jun 30 2026.
gnina is based on smina and AutoDock Vina.
Please cite appropriately.

Commandline: gnina -r results/DOCKING/7AAA.mol2 -l results/DOCKING/ligands_sdf/ligando_608.sdf -o results/DOCKING/results_mol2/docked_ligando_608.mol2 --center_x 8.59 --center_y 39.35 --center_z 9.53 --size_x 22 --size_y 16 --size_z 24 --num_modes 10 --exhaustiveness 8 --seed 1
Using random seed: 1

0%   10   20   30   40   50   60   70   80   90   100%
|----|----|----|----|----|----|----|----|----|----|
***************************************************
MolPort-001-807-984 CSSS03437709741 MCULE-8779169149 PubChem-2812781 ZINC000001033253 ZINC01033253 | pose 0 | initial pose not within box

mode |  affinity  |  intramol  |    CNN     |   CNN
     | (kcal/mol) | (kcal/mol) | pose score | affinity
-----+------------+------------+------------+----------
    1       -9.41        0.25       0.2428      5.926
    2       -8.84       -0.54       0.2049      6.062
    3       -9.26        0.44       0.1957      5.635
    4       -9.68       -0.58       0.1809      5.783
    5      -10.71        0.36       0.1099      5.412
    6       -9.99        0.72       0.1087      5.104
    7      -10.53        0.25       0.0919      5.310
    8      -10.28       -0.36       0.0891      5.091
    9       -6.73        0.40       0.0692      5.396
   10      -10.15       -0.56       0.0652      5.077
