              _             
             (_)            
   __ _ _ __  _ _ __   __ _ 
  / _` | '_ \| | '_ \ / _` |
 | (_| | | | | | | | | (_| |
  \__, |_| |_|_|_| |_|\__,_|
   __/ |                    
  |___/                     

gnina v1.3.3 master:6fe1ce2   Built Jun 30 2026.
gnina is based on smina and AutoDock Vina.
Please cite appropriately.

Commandline: gnina -r results/DOCKING/7AAA.mol2 -l results/DOCKING/ligands_sdf/ligando_317.sdf -o results/DOCKING/results_mol2/docked_ligando_317.mol2 --center_x 8.59 --center_y 39.35 --center_z 9.53 --size_x 22 --size_y 16 --size_z 24 --num_modes 10 --exhaustiveness 8 --seed 1
Using random seed: 1

0%   10   20   30   40   50   60   70   80   90   100%
|----|----|----|----|----|----|----|----|----|----|
***************************************************

mode |  affinity  |  intramol  |    CNN     |   CNN
     | (kcal/mol) | (kcal/mol) | pose score | affinity
-----+------------+------------+------------+----------
    1       -8.47       -0.46       0.6050      6.860
    2       -9.72       -0.04       0.4591      6.708
    3       -9.30        0.57       0.4015      6.627
    4      -10.56       -0.30       0.3686      6.444
    5       -8.36        0.29       0.3239      6.325
    6       -9.24        0.78       0.2332      6.464
    7       -9.61       -0.01       0.1795      6.177
    8       -9.84        2.08       0.1778      6.302
    9      -10.12       -0.09       0.1520      5.966
   10      -10.64       -0.42       0.1418      5.791
