              _             
             (_)            
   __ _ _ __  _ _ __   __ _ 
  / _` | '_ \| | '_ \ / _` |
 | (_| | | | | | | | | (_| |
  \__, |_| |_|_|_| |_|\__,_|
   __/ |                    
  |___/                     

gnina v1.3.3 master:6fe1ce2   Built Jun 30 2026.
gnina is based on smina and AutoDock Vina.
Please cite appropriately.

Commandline: gnina -r results/DOCKING/7AAA.mol2 -l results/DOCKING/ligands_sdf/ligando_724.sdf -o results/DOCKING/results_mol2/docked_ligando_724.mol2 --center_x 8.59 --center_y 39.35 --center_z 9.53 --size_x 22 --size_y 16 --size_z 24 --num_modes 10 --exhaustiveness 8 --seed 1
Using random seed: 1

0%   10   20   30   40   50   60   70   80   90   100%
|----|----|----|----|----|----|----|----|----|----|
***************************************************
Molport-016-721-723 19664757 MCULE-1483969681 PubChem-46978769 ZINC000019664757 | pose 0 | initial pose not within box

mode |  affinity  |  intramol  |    CNN     |   CNN
     | (kcal/mol) | (kcal/mol) | pose score | affinity
-----+------------+------------+------------+----------
    1       -8.57       -0.38       0.2750      6.047
    2       -9.17        1.43       0.1022      6.786
    3       -8.76        0.67       0.0826      6.109
    4      -10.05        1.60       0.0714      6.136
    5       -8.95       -0.32       0.0651      5.907
    6       -9.36       -0.59       0.0561      5.846
    7       -8.89        0.57       0.0502      5.628
    8       -9.73       -0.11       0.0480      5.373
    9       -9.19        0.43       0.0475      5.686
   10       -9.41        0.53       0.0449      5.888
