              _             
             (_)            
   __ _ _ __  _ _ __   __ _ 
  / _` | '_ \| | '_ \ / _` |
 | (_| | | | | | | | | (_| |
  \__, |_| |_|_|_| |_|\__,_|
   __/ |                    
  |___/                     

gnina v1.3.3 master:6fe1ce2   Built Jun 30 2026.
gnina is based on smina and AutoDock Vina.
Please cite appropriately.

Commandline: gnina -r results/DOCKING/7AAA.mol2 -l results/DOCKING/ligands_sdf/ligando_375.sdf -o results/DOCKING/results_mol2/docked_ligando_375.mol2 --center_x 8.59 --center_y 39.35 --center_z 9.53 --size_x 22 --size_y 16 --size_z 24 --num_modes 10 --exhaustiveness 8 --seed 1
Using random seed: 1

0%   10   20   30   40   50   60   70   80   90   100%
|----|----|----|----|----|----|----|----|----|----|
***************************************************

mode |  affinity  |  intramol  |    CNN     |   CNN
     | (kcal/mol) | (kcal/mol) | pose score | affinity
-----+------------+------------+------------+----------
    1       -7.78       -0.48       0.1798      6.086
    2      -10.34        0.35       0.1631      6.557
    3       -8.97       -0.57       0.1598      6.026
    4       -7.22       -0.37       0.1578      6.242
    5       -9.63       -0.15       0.1266      5.965
    6       -9.93       -0.08       0.0978      5.812
    7       -7.41       -0.62       0.0863      5.499
    8       -3.12       -0.57       0.0654      4.631
    9       -6.95       -0.32       0.0645      5.776
   10       -2.84       -0.37       0.0645      4.774
