              _             
             (_)            
   __ _ _ __  _ _ __   __ _ 
  / _` | '_ \| | '_ \ / _` |
 | (_| | | | | | | | | (_| |
  \__, |_| |_|_|_| |_|\__,_|
   __/ |                    
  |___/                     

gnina v1.3.3 master:6fe1ce2   Built Jun 30 2026.
gnina is based on smina and AutoDock Vina.
Please cite appropriately.

Commandline: gnina -r results/DOCKING/7AAA.mol2 -l results/DOCKING/ligands_sdf/ligando_144.sdf -o results/DOCKING/results_mol2/docked_ligando_144.mol2 --center_x 8.59 --center_y 39.35 --center_z 9.53 --size_x 22 --size_y 16 --size_z 24 --num_modes 10 --exhaustiveness 8 --seed 1
Using random seed: 1

0%   10   20   30   40   50   60   70   80   90   100%
|----|----|----|----|----|----|----|----|----|----|
***************************************************
MolPort-047-073-940 MCULE-3027997471 PubChem-132766335 | pose 0 | initial pose not within box

mode |  affinity  |  intramol  |    CNN     |   CNN
     | (kcal/mol) | (kcal/mol) | pose score | affinity
-----+------------+------------+------------+----------
    1       -8.71       -0.35       0.1646      6.819
    2       -8.00       -0.74       0.1636      6.061
    3       -8.75       -0.07       0.1527      6.454
    4       -9.56       -0.64       0.1434      6.477
    5      -10.07        3.63       0.1305      6.344
    6       -8.14       -0.57       0.1155      6.345
    7       -9.24       -0.33       0.1110      6.194
    8       -9.82       -0.88       0.0957      5.809
    9       -9.59       -0.83       0.0921      6.314
   10       -9.23       -0.10       0.0920      5.490
