              _             
             (_)            
   __ _ _ __  _ _ __   __ _ 
  / _` | '_ \| | '_ \ / _` |
 | (_| | | | | | | | | (_| |
  \__, |_| |_|_|_| |_|\__,_|
   __/ |                    
  |___/                     

gnina v1.3.3 master:6fe1ce2   Built Jun 30 2026.
gnina is based on smina and AutoDock Vina.
Please cite appropriately.

Commandline: gnina -r results/DOCKING/7AAA.mol2 -l results/DOCKING/ligands_sdf/ligando_324.sdf -o results/DOCKING/results_mol2/docked_ligando_324.mol2 --center_x 8.59 --center_y 39.35 --center_z 9.53 --size_x 22 --size_y 16 --size_z 24 --num_modes 10 --exhaustiveness 8 --seed 1
Using random seed: 1

0%   10   20   30   40   50   60   70   80   90   100%
|----|----|----|----|----|----|----|----|----|----|
***************************************************

mode |  affinity  |  intramol  |    CNN     |   CNN
     | (kcal/mol) | (kcal/mol) | pose score | affinity
-----+------------+------------+------------+----------
    1       -7.58       -0.12       0.5232      5.972
    2       -8.32        1.43       0.4911      6.101
    3       -8.25        1.60       0.3664      6.167
    4       -7.80       -0.54       0.3396      5.733
    5       -7.42        1.91       0.3024      5.707
    6       -8.43       -0.55       0.2990      5.594
    7       -8.23       -0.49       0.2641      5.775
    8       -7.70       -0.72       0.1882      5.595
    9       -8.46        1.28       0.1570      5.297
   10       -7.61       -0.74       0.1329      5.426
