              _             
             (_)            
   __ _ _ __  _ _ __   __ _ 
  / _` | '_ \| | '_ \ / _` |
 | (_| | | | | | | | | (_| |
  \__, |_| |_|_|_| |_|\__,_|
   __/ |                    
  |___/                     

gnina v1.3.3 master:6fe1ce2   Built Jun 30 2026.
gnina is based on smina and AutoDock Vina.
Please cite appropriately.

Commandline: gnina -r results/DOCKING/7AAA.mol2 -l results/DOCKING/ligands_sdf/ligando_666.sdf -o results/DOCKING/results_mol2/docked_ligando_666.mol2 --center_x 8.59 --center_y 39.35 --center_z 9.53 --size_x 22 --size_y 16 --size_z 24 --num_modes 10 --exhaustiveness 8 --seed 1
Using random seed: 1

0%   10   20   30   40   50   60   70   80   90   100%
|----|----|----|----|----|----|----|----|----|----|
***************************************************

mode |  affinity  |  intramol  |    CNN     |   CNN
     | (kcal/mol) | (kcal/mol) | pose score | affinity
-----+------------+------------+------------+----------
    1       -6.50        0.41       0.2298      4.463
    2       -0.12        0.25       0.2128      4.611
    3       -5.85        0.61       0.1884      4.755
    4       -9.54       -0.43       0.1877      5.500
    5       -9.89        0.36       0.1668      5.426
    6       -8.72        0.11       0.1044      5.034
    7       -4.73       -0.34       0.1032      4.952
    8       -9.91        0.20       0.0828      4.351
    9       -7.84        0.05       0.0802      4.803
   10       -7.42        0.27       0.0787      4.627
