              _             
             (_)            
   __ _ _ __  _ _ __   __ _ 
  / _` | '_ \| | '_ \ / _` |
 | (_| | | | | | | | | (_| |
  \__, |_| |_|_|_| |_|\__,_|
   __/ |                    
  |___/                     

gnina v1.3.3 master:6fe1ce2   Built Jun 30 2026.
gnina is based on smina and AutoDock Vina.
Please cite appropriately.

Commandline: gnina -r results/DOCKING/7AAA.mol2 -l results/DOCKING/ligands_sdf/ligando_713.sdf -o results/DOCKING/results_mol2/docked_ligando_713.mol2 --center_x 8.59 --center_y 39.35 --center_z 9.53 --size_x 22 --size_y 16 --size_z 24 --num_modes 10 --exhaustiveness 8 --seed 1
Using random seed: 1

0%   10   20   30   40   50   60   70   80   90   100%
|----|----|----|----|----|----|----|----|----|----|
***************************************************
MolPort-007-714-547 ChemDiv-E002-1882 MCULE-4277690371 PubChem-22510851 ZINC000006780255 ZINC06780255 | pose 0 | initial pose not within box
MolPort-007-714-547 ChemDiv-E002-1882 MCULE-4277690371 PubChem-22510851 ZINC000006780255 ZINC06780255 | pose 0 | ligand outside box
MolPort-007-714-547 ChemDiv-E002-1882 MCULE-4277690371 PubChem-22510851 ZINC000006780255 ZINC06780255 | pose 0 | ligand outside box
MolPort-007-714-547 ChemDiv-E002-1882 MCULE-4277690371 PubChem-22510851 ZINC000006780255 ZINC06780255 | pose 0 | ligand outside box
MolPort-007-714-547 ChemDiv-E002-1882 MCULE-4277690371 PubChem-22510851 ZINC000006780255 ZINC06780255 | pose 0 | ligand outside box
MolPort-007-714-547 ChemDiv-E002-1882 MCULE-4277690371 PubChem-22510851 ZINC000006780255 ZINC06780255 | pose 0 | ligand outside box
MolPort-007-714-547 ChemDiv-E002-1882 MCULE-4277690371 PubChem-22510851 ZINC000006780255 ZINC06780255 | pose 0 | initial pose not within box

mode |  affinity  |  intramol  |    CNN     |   CNN
     | (kcal/mol) | (kcal/mol) | pose score | affinity
-----+------------+------------+------------+----------
    1       -7.28       -0.10       0.3968      6.059
    2       -9.17        0.51       0.3165      6.344
    3       -3.81       -0.36       0.3060      5.557
    4       -9.31        0.90       0.2660      6.223
    5       -8.40        2.37       0.1767      6.065
    6       -6.32        0.97       0.1548      5.692
    7       -5.63        1.82       0.1527      6.103
    8       -8.23       -0.01       0.1517      5.890
    9       -7.50       -0.19       0.1459      5.827
   10       -6.65        0.25       0.1086      5.502
