              _             
             (_)            
   __ _ _ __  _ _ __   __ _ 
  / _` | '_ \| | '_ \ / _` |
 | (_| | | | | | | | | (_| |
  \__, |_| |_|_|_| |_|\__,_|
   __/ |                    
  |___/                     

gnina v1.3.3 master:6fe1ce2   Built Jun 30 2026.
gnina is based on smina and AutoDock Vina.
Please cite appropriately.

Commandline: gnina -r results/DOCKING/7AAA.mol2 -l results/DOCKING/ligands_sdf/ligando_733.sdf -o results/DOCKING/results_mol2/docked_ligando_733.mol2 --center_x 8.59 --center_y 39.35 --center_z 9.53 --size_x 22 --size_y 16 --size_z 24 --num_modes 10 --exhaustiveness 8 --seed 1
Using random seed: 1

0%   10   20   30   40   50   60   70   80   90   100%
|----|----|----|----|----|----|----|----|----|----|
***************************************************
MolPort-007-686-750 ChemDiv-D039-3217 MCULE-4519348974 PubChem-23605095 ZINC000006804283 ZINC06804283 | pose 0 | initial pose not within box
MolPort-007-686-750 ChemDiv-D039-3217 MCULE-4519348974 PubChem-23605095 ZINC000006804283 ZINC06804283 | pose 0 | ligand outside box
MolPort-007-686-750 ChemDiv-D039-3217 MCULE-4519348974 PubChem-23605095 ZINC000006804283 ZINC06804283 | pose 0 | ligand outside box
MolPort-007-686-750 ChemDiv-D039-3217 MCULE-4519348974 PubChem-23605095 ZINC000006804283 ZINC06804283 | pose 0 | ligand outside box
MolPort-007-686-750 ChemDiv-D039-3217 MCULE-4519348974 PubChem-23605095 ZINC000006804283 ZINC06804283 | pose 0 | ligand outside box
MolPort-007-686-750 ChemDiv-D039-3217 MCULE-4519348974 PubChem-23605095 ZINC000006804283 ZINC06804283 | pose 0 | ligand outside box
MolPort-007-686-750 ChemDiv-D039-3217 MCULE-4519348974 PubChem-23605095 ZINC000006804283 ZINC06804283 | pose 0 | initial pose not within box
MolPort-007-686-750 ChemDiv-D039-3217 MCULE-4519348974 PubChem-23605095 ZINC000006804283 ZINC06804283 | pose 0 | ligand outside box
MolPort-007-686-750 ChemDiv-D039-3217 MCULE-4519348974 PubChem-23605095 ZINC000006804283 ZINC06804283 | pose 0 | ligand outside box

mode |  affinity  |  intramol  |    CNN     |   CNN
     | (kcal/mol) | (kcal/mol) | pose score | affinity
-----+------------+------------+------------+----------
    1        0.05       -0.26       0.3303      4.717
    2       -4.81       -1.12       0.3004      5.201
    3       -8.28       -0.29       0.1934      5.868
    4        7.43       -0.44       0.1675      5.100
    5       73.38        6.92       0.1658      4.697
    6       -6.10       -0.97       0.1550      5.472
    7       -6.86       -0.75       0.1133      5.467
    8        0.45       -0.97       0.1106      4.467
    9       41.22       -0.78       0.1094      4.933
   10       -8.10        0.20       0.1080      5.658
