              _             
             (_)            
   __ _ _ __  _ _ __   __ _ 
  / _` | '_ \| | '_ \ / _` |
 | (_| | | | | | | | | (_| |
  \__, |_| |_|_|_| |_|\__,_|
   __/ |                    
  |___/                     

gnina v1.3.3 master:6fe1ce2   Built Jun 30 2026.
gnina is based on smina and AutoDock Vina.
Please cite appropriately.

Commandline: gnina -r results/DOCKING/7AAA.mol2 -l results/DOCKING/ligands_sdf/ligando_637.sdf -o results/DOCKING/results_mol2/docked_ligando_637.mol2 --center_x 8.59 --center_y 39.35 --center_z 9.53 --size_x 22 --size_y 16 --size_z 24 --num_modes 10 --exhaustiveness 8 --seed 1
Using random seed: 1

0%   10   20   30   40   50   60   70   80   90   100%
|----|----|----|----|----|----|----|----|----|----|
***************************************************
MolPort-039-210-488 CSSS03437013823 MCULE-4377879429 PubChem-121017036 | pose 0 | initial pose not within box

mode |  affinity  |  intramol  |    CNN     |   CNN
     | (kcal/mol) | (kcal/mol) | pose score | affinity
-----+------------+------------+------------+----------
    1       -8.95        1.26       0.2392      5.065
    2       -9.24        1.49       0.1987      5.066
    3       -9.23        0.20       0.1632      5.278
    4       -8.54       -0.06       0.1541      4.653
    5       -8.39       -0.80       0.1344      4.329
    6       -9.17        0.68       0.1281      4.647
    7       -8.83        0.33       0.1260      4.479
    8       -8.66       -0.60       0.1110      4.400
    9       -8.29       -0.58       0.0891      5.386
   10       -8.21        0.51       0.0730      4.499
