              _             
             (_)            
   __ _ _ __  _ _ __   __ _ 
  / _` | '_ \| | '_ \ / _` |
 | (_| | | | | | | | | (_| |
  \__, |_| |_|_|_| |_|\__,_|
   __/ |                    
  |___/                     

gnina v1.3.3 master:6fe1ce2   Built Jun 30 2026.
gnina is based on smina and AutoDock Vina.
Please cite appropriately.

Commandline: gnina -r results/DOCKING/7AAA.mol2 -l results/DOCKING/ligands_sdf/ligando_630.sdf -o results/DOCKING/results_mol2/docked_ligando_630.mol2 --center_x 8.59 --center_y 39.35 --center_z 9.53 --size_x 22 --size_y 16 --size_z 24 --num_modes 10 --exhaustiveness 8 --seed 1
Using random seed: 1

0%   10   20   30   40   50   60   70   80   90   100%
|----|----|----|----|----|----|----|----|----|----|
***************************************************
MolPort-039-210-489 CSSS03436966926 MCULE-6897107569 PubChem-119099798 | pose 0 | initial pose not within box

mode |  affinity  |  intramol  |    CNN     |   CNN
     | (kcal/mol) | (kcal/mol) | pose score | affinity
-----+------------+------------+------------+----------
    1       -8.35        0.08       0.3496      6.004
    2       -8.61       -0.27       0.2987      5.839
    3       -8.60       -1.15       0.2549      5.605
    4       -9.12        0.54       0.2334      5.284
    5       -8.19       -0.55       0.1825      5.223
    6       -8.99       -1.34       0.1647      5.471
    7       -8.29        0.96       0.1326      5.468
    8       -8.70       -0.43       0.1221      5.103
    9       -7.86       -0.31       0.0943      4.442
   10       -9.67        0.46       0.0832      5.200
