              _             
             (_)            
   __ _ _ __  _ _ __   __ _ 
  / _` | '_ \| | '_ \ / _` |
 | (_| | | | | | | | | (_| |
  \__, |_| |_|_|_| |_|\__,_|
   __/ |                    
  |___/                     

gnina v1.3.3 master:6fe1ce2   Built Jun 30 2026.
gnina is based on smina and AutoDock Vina.
Please cite appropriately.

Commandline: gnina -r results/DOCKING/7AAA.mol2 -l results/DOCKING/ligands_sdf/ligando_243.sdf -o results/DOCKING/results_mol2/docked_ligando_243.mol2 --center_x 8.59 --center_y 39.35 --center_z 9.53 --size_x 22 --size_y 16 --size_z 24 --num_modes 10 --exhaustiveness 8 --seed 1
Using random seed: 1

0%   10   20   30   40   50   60   70   80   90   100%
|----|----|----|----|----|----|----|----|----|----|
***************************************************
MolPort-000-841-011 CSSS00132831161 | pose 0 | initial pose not within box

mode |  affinity  |  intramol  |    CNN     |   CNN
     | (kcal/mol) | (kcal/mol) | pose score | affinity
-----+------------+------------+------------+----------
    1       -8.30        1.08       0.3225      7.154
    2       -8.37        3.73       0.1686      6.481
    3       -7.73        0.16       0.1650      6.523
    4       -8.75        1.51       0.1394      6.335
    5       -8.22        1.74       0.1039      6.089
    6      -10.05        1.70       0.0903      6.105
    7       -8.61        1.70       0.0901      5.944
    8       -7.43        0.55       0.0878      6.283
    9       -8.23        1.71       0.0856      6.135
   10       -8.65        1.25       0.0843      5.636
