              _             
             (_)            
   __ _ _ __  _ _ __   __ _ 
  / _` | '_ \| | '_ \ / _` |
 | (_| | | | | | | | | (_| |
  \__, |_| |_|_|_| |_|\__,_|
   __/ |                    
  |___/                     

gnina v1.3.3 master:6fe1ce2   Built Jun 30 2026.
gnina is based on smina and AutoDock Vina.
Please cite appropriately.

Commandline: gnina -r results/DOCKING/7AAA.mol2 -l results/DOCKING/ligands_sdf/ligando_757.sdf -o results/DOCKING/results_mol2/docked_ligando_757.mol2 --center_x 8.59 --center_y 39.35 --center_z 9.53 --size_x 22 --size_y 16 --size_z 24 --num_modes 10 --exhaustiveness 8 --seed 1
Using random seed: 1

0%   10   20   30   40   50   60   70   80   90   100%
|----|----|----|----|----|----|----|----|----|----|
***************************************************
MolPort-007-723-368 ChemDiv-E157-4858 MCULE-2177005398 PubChem-22517954 | pose 0 | initial pose not within box

mode |  affinity  |  intramol  |    CNN     |   CNN
     | (kcal/mol) | (kcal/mol) | pose score | affinity
-----+------------+------------+------------+----------
    1       -7.63       -0.45       0.5544      6.196
    2       -7.63       -0.33       0.2365      5.570
    3       -9.01       -0.63       0.1506      4.765
    4       -9.24       -0.46       0.1446      5.108
    5       -7.18        0.32       0.1348      5.353
    6       -8.73       -0.71       0.0933      4.973
    7       -8.13       -0.45       0.0926      5.286
    8       -7.24       -0.24       0.0921      5.091
    9       -7.93       -0.76       0.0622      5.129
   10       -8.75        0.31       0.0620      4.632
