              _             
             (_)            
   __ _ _ __  _ _ __   __ _ 
  / _` | '_ \| | '_ \ / _` |
 | (_| | | | | | | | | (_| |
  \__, |_| |_|_|_| |_|\__,_|
   __/ |                    
  |___/                     

gnina v1.3.3 master:6fe1ce2   Built Jun 30 2026.
gnina is based on smina and AutoDock Vina.
Please cite appropriately.

Commandline: gnina -r results/DOCKING/7AAA.mol2 -l results/DOCKING/ligands_sdf/ligando_012.sdf -o results/DOCKING/results_mol2/docked_ligando_012.mol2 --center_x 8.59 --center_y 39.35 --center_z 9.53 --size_x 22 --size_y 16 --size_z 24 --num_modes 10 --exhaustiveness 8 --seed 1
Using random seed: 1

0%   10   20   30   40   50   60   70   80   90   100%
|----|----|----|----|----|----|----|----|----|----|
***************************************************
MolPort-016-948-775 ChemDiv-V004-5146 MCULE-2022708689 PubChem-46124577 ZINC000040372377 ZINC40372377 | pose 0 | initial pose not within box
MolPort-016-948-775 ChemDiv-V004-5146 MCULE-2022708689 PubChem-46124577 ZINC000040372377 ZINC40372377 | pose 0 | ligand outside box
MolPort-016-948-775 ChemDiv-V004-5146 MCULE-2022708689 PubChem-46124577 ZINC000040372377 ZINC40372377 | pose 0 | ligand outside box
MolPort-016-948-775 ChemDiv-V004-5146 MCULE-2022708689 PubChem-46124577 ZINC000040372377 ZINC40372377 | pose 0 | ligand outside box
MolPort-016-948-775 ChemDiv-V004-5146 MCULE-2022708689 PubChem-46124577 ZINC000040372377 ZINC40372377 | pose 0 | ligand outside box
MolPort-016-948-775 ChemDiv-V004-5146 MCULE-2022708689 PubChem-46124577 ZINC000040372377 ZINC40372377 | pose 0 | ligand outside box
MolPort-016-948-775 ChemDiv-V004-5146 MCULE-2022708689 PubChem-46124577 ZINC000040372377 ZINC40372377 | pose 0 | ligand outside box
MolPort-016-948-775 ChemDiv-V004-5146 MCULE-2022708689 PubChem-46124577 ZINC000040372377 ZINC40372377 | pose 0 | initial pose not within box
MolPort-016-948-775 ChemDiv-V004-5146 MCULE-2022708689 PubChem-46124577 ZINC000040372377 ZINC40372377 | pose 0 | ligand outside box
MolPort-016-948-775 ChemDiv-V004-5146 MCULE-2022708689 PubChem-46124577 ZINC000040372377 ZINC40372377 | pose 0 | ligand outside box
MolPort-016-948-775 ChemDiv-V004-5146 MCULE-2022708689 PubChem-46124577 ZINC000040372377 ZINC40372377 | pose 0 | ligand outside box
MolPort-016-948-775 ChemDiv-V004-5146 MCULE-2022708689 PubChem-46124577 ZINC000040372377 ZINC40372377 | pose 0 | ligand outside box
MolPort-016-948-775 ChemDiv-V004-5146 MCULE-2022708689 PubChem-46124577 ZINC000040372377 ZINC40372377 | pose 0 | ligand outside box
MolPort-016-948-775 ChemDiv-V004-5146 MCULE-2022708689 PubChem-46124577 ZINC000040372377 ZINC40372377 | pose 0 | initial pose not within box
MolPort-016-948-775 ChemDiv-V004-5146 MCULE-2022708689 PubChem-46124577 ZINC000040372377 ZINC40372377 | pose 0 | ligand outside box
MolPort-016-948-775 ChemDiv-V004-5146 MCULE-2022708689 PubChem-46124577 ZINC000040372377 ZINC40372377 | pose 0 | ligand outside box
MolPort-016-948-775 ChemDiv-V004-5146 MCULE-2022708689 PubChem-46124577 ZINC000040372377 ZINC40372377 | pose 0 | ligand outside box
MolPort-016-948-775 ChemDiv-V004-5146 MCULE-2022708689 PubChem-46124577 ZINC000040372377 ZINC40372377 | pose 0 | ligand outside box
MolPort-016-948-775 ChemDiv-V004-5146 MCULE-2022708689 PubChem-46124577 ZINC000040372377 ZINC40372377 | pose 0 | ligand outside box

mode |  affinity  |  intramol  |    CNN     |   CNN
     | (kcal/mol) | (kcal/mol) | pose score | affinity
-----+------------+------------+------------+----------
    1       -9.19        0.78       0.4900      6.587
    2      -10.43        1.17       0.4445      6.901
    3      -10.49        2.72       0.3475      6.639
    4       -3.32       -1.13       0.2994      5.497
    5       -9.90       -0.80       0.2788      5.897
    6        4.92       -0.76       0.2697      5.060
    7       33.49        0.63       0.2009      5.388
    8      -10.41        2.11       0.1988      6.444
    9       -8.04       -0.78       0.1490      4.969
   10       28.61       -0.24       0.1474      5.593
