              _             
             (_)            
   __ _ _ __  _ _ __   __ _ 
  / _` | '_ \| | '_ \ / _` |
 | (_| | | | | | | | | (_| |
  \__, |_| |_|_|_| |_|\__,_|
   __/ |                    
  |___/                     

gnina v1.3.3 master:6fe1ce2   Built Jun 30 2026.
gnina is based on smina and AutoDock Vina.
Please cite appropriately.

Commandline: gnina -r results/DOCKING/7AAA.mol2 -l results/DOCKING/ligands_sdf/ligando_159.sdf -o results/DOCKING/results_mol2/docked_ligando_159.mol2 --center_x 8.59 --center_y 39.35 --center_z 9.53 --size_x 22 --size_y 16 --size_z 24 --num_modes 10 --exhaustiveness 8 --seed 1
Using random seed: 1

0%   10   20   30   40   50   60   70   80   90   100%
|----|----|----|----|----|----|----|----|----|----|
***************************************************

mode |  affinity  |  intramol  |    CNN     |   CNN
     | (kcal/mol) | (kcal/mol) | pose score | affinity
-----+------------+------------+------------+----------
    1       -8.11       -0.33       0.3697      6.025
    2       -7.86        0.10       0.3285      5.551
    3       -7.87       -0.09       0.2957      5.933
    4       -7.87       -0.34       0.2574      5.273
    5       -7.79        0.29       0.2565      5.377
    6       -8.07       -0.18       0.2548      5.513
    7       -7.24        0.44       0.2537      5.823
    8       -7.64       -0.48       0.2052      4.383
    9       -8.40        0.17       0.1840      5.170
   10       -7.45        0.40       0.1811      5.291
