              _             
             (_)            
   __ _ _ __  _ _ __   __ _ 
  / _` | '_ \| | '_ \ / _` |
 | (_| | | | | | | | | (_| |
  \__, |_| |_|_|_| |_|\__,_|
   __/ |                    
  |___/                     

gnina v1.3.3 master:6fe1ce2   Built Jun 30 2026.
gnina is based on smina and AutoDock Vina.
Please cite appropriately.

Commandline: gnina -r results/DOCKING/7AAA.mol2 -l results/DOCKING/ligands_sdf/ligando_653.sdf -o results/DOCKING/results_mol2/docked_ligando_653.mol2 --center_x 8.59 --center_y 39.35 --center_z 9.53 --size_x 22 --size_y 16 --size_z 24 --num_modes 10 --exhaustiveness 8 --seed 1
Using random seed: 1

0%   10   20   30   40   50   60   70   80   90   100%
|----|----|----|----|----|----|----|----|----|----|
***************************************************
MolPort-039-210-480 CSSS03437028746 MCULE-7076928754 PubChem-121017031 | pose 0 | initial pose not within box

mode |  affinity  |  intramol  |    CNN     |   CNN
     | (kcal/mol) | (kcal/mol) | pose score | affinity
-----+------------+------------+------------+----------
    1       -8.94       -0.15       0.2448      5.703
    2       -9.07       -0.25       0.1529      5.132
    3       -9.44       -0.51       0.0793      4.960
    4       -8.03        1.31       0.0776      5.375
    5       -9.26       -0.36       0.0723      4.892
    6       -9.77        0.11       0.0714      4.692
    7       -9.00        0.35       0.0615      4.560
    8       -9.43       -0.32       0.0580      4.489
    9       -8.66        1.10       0.0535      4.958
   10       -8.81       -0.63       0.0516      4.566
