              _             
             (_)            
   __ _ _ __  _ _ __   __ _ 
  / _` | '_ \| | '_ \ / _` |
 | (_| | | | | | | | | (_| |
  \__, |_| |_|_|_| |_|\__,_|
   __/ |                    
  |___/                     

gnina v1.3.3 master:6fe1ce2   Built Jun 30 2026.
gnina is based on smina and AutoDock Vina.
Please cite appropriately.

Commandline: gnina -r results/DOCKING/7AAA.mol2 -l results/DOCKING/ligands_sdf/ligando_356.sdf -o results/DOCKING/results_mol2/docked_ligando_356.mol2 --center_x 8.59 --center_y 39.35 --center_z 9.53 --size_x 22 --size_y 16 --size_z 24 --num_modes 10 --exhaustiveness 8 --seed 1
Using random seed: 1

0%   10   20   30   40   50   60   70   80   90   100%
|----|----|----|----|----|----|----|----|----|----|
***************************************************

mode |  affinity  |  intramol  |    CNN     |   CNN
     | (kcal/mol) | (kcal/mol) | pose score | affinity
-----+------------+------------+------------+----------
    1       -8.84       -0.63       0.2537      6.560
    2       -9.03       -0.37       0.2115      6.350
    3       -9.14       -0.40       0.1863      6.216
    4      -10.74       -0.42       0.1643      5.870
    5      -10.16       -0.55       0.1555      5.796
    6       -9.78       -0.50       0.1524      5.919
    7       -9.26       -0.46       0.1408      6.583
    8       -9.75       -0.80       0.1288      5.965
    9       -9.12       -0.68       0.1222      6.273
   10      -10.15       -0.67       0.1175      5.630
