              _             
             (_)            
   __ _ _ __  _ _ __   __ _ 
  / _` | '_ \| | '_ \ / _` |
 | (_| | | | | | | | | (_| |
  \__, |_| |_|_|_| |_|\__,_|
   __/ |                    
  |___/                     

gnina v1.3.3 master:6fe1ce2   Built Jun 30 2026.
gnina is based on smina and AutoDock Vina.
Please cite appropriately.

Commandline: gnina -r results/DOCKING/7AAA.mol2 -l results/DOCKING/ligands_sdf/ligando_631.sdf -o results/DOCKING/results_mol2/docked_ligando_631.mol2 --center_x 8.59 --center_y 39.35 --center_z 9.53 --size_x 22 --size_y 16 --size_z 24 --num_modes 10 --exhaustiveness 8 --seed 1
Using random seed: 1

0%   10   20   30   40   50   60   70   80   90   100%
|----|----|----|----|----|----|----|----|----|----|
***************************************************

mode |  affinity  |  intramol  |    CNN     |   CNN
     | (kcal/mol) | (kcal/mol) | pose score | affinity
-----+------------+------------+------------+----------
    1       -8.27       -0.01       0.4213      5.824
    2       -8.11        0.28       0.3459      5.792
    3       -7.97       -0.59       0.2744      5.851
    4       -7.69       -0.20       0.2196      5.583
    5       -8.15       -0.41       0.2022      5.484
    6       -8.21        0.16       0.1788      5.120
    7       -5.91        0.31       0.1702      4.810
    8       -8.66        0.34       0.1359      4.683
    9       -7.61       -0.18       0.1220      4.775
   10       -6.49       -0.01       0.0993      4.665
