              _             
             (_)            
   __ _ _ __  _ _ __   __ _ 
  / _` | '_ \| | '_ \ / _` |
 | (_| | | | | | | | | (_| |
  \__, |_| |_|_|_| |_|\__,_|
   __/ |                    
  |___/                     

gnina v1.3.3 master:6fe1ce2   Built Jun 30 2026.
gnina is based on smina and AutoDock Vina.
Please cite appropriately.

Commandline: gnina -r results/DOCKING/7AAA.mol2 -l results/DOCKING/ligands_sdf/ligando_155.sdf -o results/DOCKING/results_mol2/docked_ligando_155.mol2 --center_x 8.59 --center_y 39.35 --center_z 9.53 --size_x 22 --size_y 16 --size_z 24 --num_modes 10 --exhaustiveness 8 --seed 1
Using random seed: 1

0%   10   20   30   40   50   60   70   80   90   100%
|----|----|----|----|----|----|----|----|----|----|
***************************************************
MolPort-016-717-567 19716929 MCULE-9371447986 PubChem-46974417 ZINC000019716929 | pose 0 | initial pose not within box
MolPort-016-717-567 19716929 MCULE-9371447986 PubChem-46974417 ZINC000019716929 | pose 0 | ligand outside box
MolPort-016-717-567 19716929 MCULE-9371447986 PubChem-46974417 ZINC000019716929 | pose 0 | ligand outside box
MolPort-016-717-567 19716929 MCULE-9371447986 PubChem-46974417 ZINC000019716929 | pose 0 | ligand outside box
MolPort-016-717-567 19716929 MCULE-9371447986 PubChem-46974417 ZINC000019716929 | pose 0 | ligand outside box
MolPort-016-717-567 19716929 MCULE-9371447986 PubChem-46974417 ZINC000019716929 | pose 0 | ligand outside box
MolPort-016-717-567 19716929 MCULE-9371447986 PubChem-46974417 ZINC000019716929 | pose 0 | initial pose not within box

mode |  affinity  |  intramol  |    CNN     |   CNN
     | (kcal/mol) | (kcal/mol) | pose score | affinity
-----+------------+------------+------------+----------
    1       -9.71        0.72       0.3781      6.689
    2      -10.30        0.83       0.3204      6.611
    3       -8.92       -0.24       0.1063      6.067
    4      -10.21       -0.20       0.0997      5.094
    5       -9.77        0.11       0.0863      4.859
    6       -9.86       -0.13       0.0646      5.447
    7       -9.24        0.89       0.0602      5.379
    8      -10.46        0.10       0.0559      5.229
    9       -9.53       -0.25       0.0549      5.135
   10       -9.62       -0.14       0.0507      5.581
