              _             
             (_)            
   __ _ _ __  _ _ __   __ _ 
  / _` | '_ \| | '_ \ / _` |
 | (_| | | | | | | | | (_| |
  \__, |_| |_|_|_| |_|\__,_|
   __/ |                    
  |___/                     

gnina v1.3.3 master:6fe1ce2   Built Jun 30 2026.
gnina is based on smina and AutoDock Vina.
Please cite appropriately.

Commandline: gnina -r results/DOCKING/7AAA.mol2 -l results/DOCKING/ligands_sdf/ligando_310.sdf -o results/DOCKING/results_mol2/docked_ligando_310.mol2 --center_x 8.59 --center_y 39.35 --center_z 9.53 --size_x 22 --size_y 16 --size_z 24 --num_modes 10 --exhaustiveness 8 --seed 1
Using random seed: 1

0%   10   20   30   40   50   60   70   80   90   100%
|----|----|----|----|----|----|----|----|----|----|
***************************************************

mode |  affinity  |  intramol  |    CNN     |   CNN
     | (kcal/mol) | (kcal/mol) | pose score | affinity
-----+------------+------------+------------+----------
    1       -4.32        0.76       0.2296      4.923
    2       -7.81       -0.01       0.2067      5.024
    3       -8.05       -0.29       0.1762      5.131
    4       -8.83       -0.47       0.1502      4.770
    5       -4.90       -0.26       0.1450      5.163
    6       -8.85        0.35       0.1292      5.516
    7       -8.03       -0.23       0.1288      4.868
    8       -8.83        0.10       0.1151      4.493
    9       -8.35       -0.51       0.1106      4.376
   10       -7.44       -0.77       0.1054      4.883
