              _             
             (_)            
   __ _ _ __  _ _ __   __ _ 
  / _` | '_ \| | '_ \ / _` |
 | (_| | | | | | | | | (_| |
  \__, |_| |_|_|_| |_|\__,_|
   __/ |                    
  |___/                     

gnina v1.3.3 master:6fe1ce2   Built Jun 30 2026.
gnina is based on smina and AutoDock Vina.
Please cite appropriately.

Commandline: gnina -r results/DOCKING/7AAA.mol2 -l results/DOCKING/ligands_sdf/ligando_321.sdf -o results/DOCKING/results_mol2/docked_ligando_321.mol2 --center_x 8.59 --center_y 39.35 --center_z 9.53 --size_x 22 --size_y 16 --size_z 24 --num_modes 10 --exhaustiveness 8 --seed 1
Using random seed: 1

0%   10   20   30   40   50   60   70   80   90   100%
|----|----|----|----|----|----|----|----|----|----|
***************************************************
Molport-047-073-863 MCULE-7053319457 PubChem-132771926 | pose 0 | initial pose not within box

mode |  affinity  |  intramol  |    CNN     |   CNN
     | (kcal/mol) | (kcal/mol) | pose score | affinity
-----+------------+------------+------------+----------
    1       -9.65        0.15       0.1826      5.461
    2       -9.56        0.06       0.0954      5.389
    3       -8.35        1.10       0.0936      6.009
    4       -9.66       -0.64       0.0736      5.665
    5       -9.19       -0.69       0.0730      5.796
    6       -8.72       -0.69       0.0671      5.827
    7       -9.64       -0.20       0.0641      5.184
    8       -8.80        0.03       0.0632      5.574
    9       -9.39        0.10       0.0606      4.631
   10       -8.54        0.04       0.0468      5.382
