              _             
             (_)            
   __ _ _ __  _ _ __   __ _ 
  / _` | '_ \| | '_ \ / _` |
 | (_| | | | | | | | | (_| |
  \__, |_| |_|_|_| |_|\__,_|
   __/ |                    
  |___/                     

gnina v1.3.3 master:6fe1ce2   Built Jun 30 2026.
gnina is based on smina and AutoDock Vina.
Please cite appropriately.

Commandline: gnina -r results/DOCKING/7AAA.mol2 -l results/DOCKING/ligands_sdf/ligando_333.sdf -o results/DOCKING/results_mol2/docked_ligando_333.mol2 --center_x 8.59 --center_y 39.35 --center_z 9.53 --size_x 22 --size_y 16 --size_z 24 --num_modes 10 --exhaustiveness 8 --seed 1
Using random seed: 1

0%   10   20   30   40   50   60   70   80   90   100%
|----|----|----|----|----|----|----|----|----|----|
***************************************************
Molport-052-049-202 MCULE-4619615168 PubChem-110093683 | pose 0 | ligand outside box
Molport-052-049-202 MCULE-4619615168 PubChem-110093683 | pose 0 | ligand outside box
Molport-052-049-202 MCULE-4619615168 PubChem-110093683 | pose 0 | ligand outside box
Molport-052-049-202 MCULE-4619615168 PubChem-110093683 | pose 0 | ligand outside box
Molport-052-049-202 MCULE-4619615168 PubChem-110093683 | pose 0 | ligand outside box
Molport-052-049-202 MCULE-4619615168 PubChem-110093683 | pose 0 | ligand outside box

mode |  affinity  |  intramol  |    CNN     |   CNN
     | (kcal/mol) | (kcal/mol) | pose score | affinity
-----+------------+------------+------------+----------
    1       -8.73       -0.34       0.4712      6.618
    2      -10.76       -0.28       0.4542      6.502
    3       -9.89        0.09       0.3512      6.306
    4       -9.71       -0.10       0.2668      5.821
    5        2.55       -0.11       0.2567      5.384
    6       -6.60       -0.56       0.2046      5.657
    7       -7.00        0.17       0.1715      5.673
    8      -10.45       -0.09       0.1712      6.117
    9       -9.99       -0.17       0.1219      5.747
   10      -10.04       -0.46       0.1133      6.086
