              _             
             (_)            
   __ _ _ __  _ _ __   __ _ 
  / _` | '_ \| | '_ \ / _` |
 | (_| | | | | | | | | (_| |
  \__, |_| |_|_|_| |_|\__,_|
   __/ |                    
  |___/                     

gnina v1.3.3 master:6fe1ce2   Built Jun 30 2026.
gnina is based on smina and AutoDock Vina.
Please cite appropriately.

Commandline: gnina -r results/DOCKING/7AAA.mol2 -l results/DOCKING/ligands_sdf/ligando_336.sdf -o results/DOCKING/results_mol2/docked_ligando_336.mol2 --center_x 8.59 --center_y 39.35 --center_z 9.53 --size_x 22 --size_y 16 --size_z 24 --num_modes 10 --exhaustiveness 8 --seed 1
Using random seed: 1

0%   10   20   30   40   50   60   70   80   90   100%
|----|----|----|----|----|----|----|----|----|----|
***************************************************

mode |  affinity  |  intramol  |    CNN     |   CNN
     | (kcal/mol) | (kcal/mol) | pose score | affinity
-----+------------+------------+------------+----------
    1      -10.19       -1.37       0.1328      5.523
    2      -10.75       -0.76       0.0794      5.496
    3      -10.95       -0.34       0.0793      5.677
    4      -10.50        0.72       0.0772      6.232
    5      -11.05        0.26       0.0636      5.598
    6      -10.95       -0.36       0.0627      5.656
    7      -10.92       -0.45       0.0623      5.641
    8      -10.79       -0.45       0.0615      5.825
    9       -9.83       -0.77       0.0599      5.413
   10       -9.68       -0.98       0.0590      5.965
