              _             
             (_)            
   __ _ _ __  _ _ __   __ _ 
  / _` | '_ \| | '_ \ / _` |
 | (_| | | | | | | | | (_| |
  \__, |_| |_|_|_| |_|\__,_|
   __/ |                    
  |___/                     

gnina v1.3.3 master:6fe1ce2   Built Jun 30 2026.
gnina is based on smina and AutoDock Vina.
Please cite appropriately.

Commandline: gnina -r results/DOCKING/7AAA.mol2 -l results/DOCKING/ligands_sdf/ligando_496.sdf -o results/DOCKING/results_mol2/docked_ligando_496.mol2 --center_x 8.59 --center_y 39.35 --center_z 9.53 --size_x 22 --size_y 16 --size_z 24 --num_modes 10 --exhaustiveness 8 --seed 1
Using random seed: 1

0%   10   20   30   40   50   60   70   80   90   100%
|----|----|----|----|----|----|----|----|----|----|
***************************************************

mode |  affinity  |  intramol  |    CNN     |   CNN
     | (kcal/mol) | (kcal/mol) | pose score | affinity
-----+------------+------------+------------+----------
    1       -9.29       -0.37       0.2453      6.191
    2       -9.10       -0.26       0.2438      6.109
    3      -10.02       -0.71       0.2052      6.186
    4       -9.12       -0.75       0.2043      5.609
    5       -9.97       -0.35       0.1714      5.805
    6       -9.93       -0.43       0.1668      5.822
    7       -9.15       -0.40       0.1372      5.824
    8       -9.07       -0.34       0.1092      6.260
    9       -9.50       -0.33       0.0819      6.204
   10       -8.89       -0.29       0.0781      5.811
