              _             
             (_)            
   __ _ _ __  _ _ __   __ _ 
  / _` | '_ \| | '_ \ / _` |
 | (_| | | | | | | | | (_| |
  \__, |_| |_|_|_| |_|\__,_|
   __/ |                    
  |___/                     

gnina v1.3.3 master:6fe1ce2   Built Jun 30 2026.
gnina is based on smina and AutoDock Vina.
Please cite appropriately.

Commandline: gnina -r results/DOCKING/7AAA.mol2 -l results/DOCKING/ligands_sdf/ligando_270.sdf -o results/DOCKING/results_mol2/docked_ligando_270.mol2 --center_x 8.59 --center_y 39.35 --center_z 9.53 --size_x 22 --size_y 16 --size_z 24 --num_modes 10 --exhaustiveness 8 --seed 1
Using random seed: 1

0%   10   20   30   40   50   60   70   80   90   100%
|----|----|----|----|----|----|----|----|----|----|
***************************************************

mode |  affinity  |  intramol  |    CNN     |   CNN
     | (kcal/mol) | (kcal/mol) | pose score | affinity
-----+------------+------------+------------+----------
    1       -8.72        0.11       0.6469      5.974
    2       -7.60       -0.45       0.4572      5.630
    3       -7.38       -0.33       0.3836      5.449
    4       -7.70       -0.59       0.3475      5.592
    5       -7.87        0.22       0.3452      5.352
    6       -8.01        0.22       0.3132      5.542
    7       -7.32        0.47       0.3095      5.353
    8       -7.33       -0.13       0.2203      5.279
    9       -8.08       -0.11       0.1396      5.174
   10       -7.76       -0.45       0.1212      4.807
