              _             
             (_)            
   __ _ _ __  _ _ __   __ _ 
  / _` | '_ \| | '_ \ / _` |
 | (_| | | | | | | | | (_| |
  \__, |_| |_|_|_| |_|\__,_|
   __/ |                    
  |___/                     

gnina v1.3.3 master:6fe1ce2   Built Jun 30 2026.
gnina is based on smina and AutoDock Vina.
Please cite appropriately.

Commandline: gnina -r results/DOCKING/7AAA.mol2 -l results/DOCKING/ligands_sdf/ligando_796.sdf -o results/DOCKING/results_mol2/docked_ligando_796.mol2 --center_x 8.59 --center_y 39.35 --center_z 9.53 --size_x 22 --size_y 16 --size_z 24 --num_modes 10 --exhaustiveness 8 --seed 1
Using random seed: 1

0%   10   20   30   40   50   60   70   80   90   100%
|----|----|----|----|----|----|----|----|----|----|
***************************************************

mode |  affinity  |  intramol  |    CNN     |   CNN
     | (kcal/mol) | (kcal/mol) | pose score | affinity
-----+------------+------------+------------+----------
    1       -8.31        0.57       0.3975      6.362
    2       -9.90       -0.52       0.1878      5.701
    3       -9.96        0.10       0.1594      5.665
    4       -9.84       -0.16       0.1538      5.553
    5       -8.59        0.03       0.1472      6.162
    6       -8.20       -0.09       0.1265      5.544
    7       -8.61       -0.11       0.1142      5.844
    8       -7.97        0.17       0.1126      5.625
    9       -6.17       -0.09       0.0937      5.039
   10       -8.80        0.57       0.0801      5.650
