              _             
             (_)            
   __ _ _ __  _ _ __   __ _ 
  / _` | '_ \| | '_ \ / _` |
 | (_| | | | | | | | | (_| |
  \__, |_| |_|_|_| |_|\__,_|
   __/ |                    
  |___/                     

gnina v1.3.3 master:6fe1ce2   Built Jun 30 2026.
gnina is based on smina and AutoDock Vina.
Please cite appropriately.

Commandline: gnina -r results/DOCKING/7AAA.mol2 -l results/DOCKING/ligands_sdf/ligando_692.sdf -o results/DOCKING/results_mol2/docked_ligando_692.mol2 --center_x 8.59 --center_y 39.35 --center_z 9.53 --size_x 22 --size_y 16 --size_z 24 --num_modes 10 --exhaustiveness 8 --seed 1
Using random seed: 1

0%   10   20   30   40   50   60   70   80   90   100%
|----|----|----|----|----|----|----|----|----|----|
***************************************************

mode |  affinity  |  intramol  |    CNN     |   CNN
     | (kcal/mol) | (kcal/mol) | pose score | affinity
-----+------------+------------+------------+----------
    1       -6.78       -0.37       0.3311      5.443
    2       -6.72       -0.38       0.3204      5.453
    3       -8.19       -0.71       0.2440      5.029
    4       -8.28       -0.43       0.2100      5.075
    5       -7.80       -0.21       0.1372      5.073
    6       -8.01       -0.16       0.1301      4.848
    7       -8.02       -0.20       0.1199      4.456
    8       -6.76       -0.11       0.1096      4.579
    9       -7.67        0.15       0.0967      4.565
   10       -7.74       -0.14       0.0955      4.196
