              _             
             (_)            
   __ _ _ __  _ _ __   __ _ 
  / _` | '_ \| | '_ \ / _` |
 | (_| | | | | | | | | (_| |
  \__, |_| |_|_|_| |_|\__,_|
   __/ |                    
  |___/                     

gnina v1.3.3 master:6fe1ce2   Built Jun 30 2026.
gnina is based on smina and AutoDock Vina.
Please cite appropriately.

Commandline: gnina -r results/DOCKING/7AAA.mol2 -l results/DOCKING/ligands_sdf/ligando_376.sdf -o results/DOCKING/results_mol2/docked_ligando_376.mol2 --center_x 8.59 --center_y 39.35 --center_z 9.53 --size_x 22 --size_y 16 --size_z 24 --num_modes 10 --exhaustiveness 8 --seed 1
Using random seed: 1

0%   10   20   30   40   50   60   70   80   90   100%
|----|----|----|----|----|----|----|----|----|----|
***************************************************

mode |  affinity  |  intramol  |    CNN     |   CNN
     | (kcal/mol) | (kcal/mol) | pose score | affinity
-----+------------+------------+------------+----------
    1      -10.45       -0.57       0.1659      5.534
    2       -9.75       -0.37       0.1466      6.124
    3       -9.16        0.48       0.1413      5.887
    4      -10.34       -0.50       0.1406      5.855
    5       -8.55       -0.69       0.1117      5.218
    6      -10.15       -0.23       0.0980      5.124
    7      -10.18       -0.56       0.0802      5.351
    8       -9.15       -0.22       0.0791      5.384
    9       -8.92       -0.38       0.0754      5.846
   10       -8.49       -0.92       0.0719      5.384
