              _             
             (_)            
   __ _ _ __  _ _ __   __ _ 
  / _` | '_ \| | '_ \ / _` |
 | (_| | | | | | | | | (_| |
  \__, |_| |_|_|_| |_|\__,_|
   __/ |                    
  |___/                     

gnina v1.3.3 master:6fe1ce2   Built Jun 30 2026.
gnina is based on smina and AutoDock Vina.
Please cite appropriately.

Commandline: gnina -r results/DOCKING/7AAA.mol2 -l results/DOCKING/ligands_sdf/ligando_467.sdf -o results/DOCKING/results_mol2/docked_ligando_467.mol2 --center_x 8.59 --center_y 39.35 --center_z 9.53 --size_x 22 --size_y 16 --size_z 24 --num_modes 10 --exhaustiveness 8 --seed 1
Using random seed: 1

0%   10   20   30   40   50   60   70   80   90   100%
|----|----|----|----|----|----|----|----|----|----|
***************************************************

mode |  affinity  |  intramol  |    CNN     |   CNN
     | (kcal/mol) | (kcal/mol) | pose score | affinity
-----+------------+------------+------------+----------
    1       -8.62        0.00       0.3472      5.856
    2       -9.03       -0.22       0.1410      5.727
    3       -5.99        2.28       0.1290      6.274
    4       -7.25       -0.90       0.1204      5.662
    5       -8.90        0.23       0.1052      5.736
    6       -8.61       -0.40       0.0835      5.607
    7       -8.30       -0.19       0.0663      5.543
    8       -8.53       -0.38       0.0623      5.199
    9       -8.04       -0.86       0.0604      5.262
   10       -8.31       -0.24       0.0585      5.699
