              _             
             (_)            
   __ _ _ __  _ _ __   __ _ 
  / _` | '_ \| | '_ \ / _` |
 | (_| | | | | | | | | (_| |
  \__, |_| |_|_|_| |_|\__,_|
   __/ |                    
  |___/                     

gnina v1.3.3 master:6fe1ce2   Built Jun 30 2026.
gnina is based on smina and AutoDock Vina.
Please cite appropriately.

Commandline: gnina -r results/DOCKING/7AAA.mol2 -l results/DOCKING/ligands_sdf/ligando_081.sdf -o results/DOCKING/results_mol2/docked_ligando_081.mol2 --center_x 8.59 --center_y 39.35 --center_z 9.53 --size_x 22 --size_y 16 --size_z 24 --num_modes 10 --exhaustiveness 8 --seed 1
Using random seed: 1

0%   10   20   30   40   50   60   70   80   90   100%
|----|----|----|----|----|----|----|----|----|----|
***************************************************
MolPort-046-932-000 142864033 CHEMBL3357014 MCULE-4179892381 MCULE-5655925433 ZINC000142864033 | pose 0 | initial pose not within box
MolPort-046-932-000 142864033 CHEMBL3357014 MCULE-4179892381 MCULE-5655925433 ZINC000142864033 | pose 0 | ligand outside box
MolPort-046-932-000 142864033 CHEMBL3357014 MCULE-4179892381 MCULE-5655925433 ZINC000142864033 | pose 0 | ligand outside box
MolPort-046-932-000 142864033 CHEMBL3357014 MCULE-4179892381 MCULE-5655925433 ZINC000142864033 | pose 0 | ligand outside box
MolPort-046-932-000 142864033 CHEMBL3357014 MCULE-4179892381 MCULE-5655925433 ZINC000142864033 | pose 0 | ligand outside box

mode |  affinity  |  intramol  |    CNN     |   CNN
     | (kcal/mol) | (kcal/mol) | pose score | affinity
-----+------------+------------+------------+----------
    1       -9.84        1.52       0.1968      6.496
    2        9.06       -0.47       0.1035      5.655
    3      -10.37        0.62       0.0806      6.231
    4      -10.06        1.22       0.0775      6.061
    5       -9.69        0.20       0.0703      6.258
    6       -9.17       -0.54       0.0619      5.295
    7      -10.58       -0.76       0.0574      5.896
    8       -3.78       -0.81       0.0482      5.321
    9        6.01        0.34       0.0465      5.620
   10       -9.48        0.12       0.0432      6.360
