              _             
             (_)            
   __ _ _ __  _ _ __   __ _ 
  / _` | '_ \| | '_ \ / _` |
 | (_| | | | | | | | | (_| |
  \__, |_| |_|_|_| |_|\__,_|
   __/ |                    
  |___/                     

gnina v1.3.3 master:6fe1ce2   Built Jun 30 2026.
gnina is based on smina and AutoDock Vina.
Please cite appropriately.

Commandline: gnina -r results/DOCKING/7AAA.mol2 -l results/DOCKING/ligands_sdf/ligando_472.sdf -o results/DOCKING/results_mol2/docked_ligando_472.mol2 --center_x 8.59 --center_y 39.35 --center_z 9.53 --size_x 22 --size_y 16 --size_z 24 --num_modes 10 --exhaustiveness 8 --seed 1
Using random seed: 1

0%   10   20   30   40   50   60   70   80   90   100%
|----|----|----|----|----|----|----|----|----|----|
***************************************************
MolPort-020-295-331 MCULE-2719425301 PubChem-110267413 | pose 0 | ligand outside box
MolPort-020-295-331 MCULE-2719425301 PubChem-110267413 | pose 0 | ligand outside box

mode |  affinity  |  intramol  |    CNN     |   CNN
     | (kcal/mol) | (kcal/mol) | pose score | affinity
-----+------------+------------+------------+----------
    1      -10.23        3.37       0.2465      6.541
    2      -10.66       -0.41       0.2122      6.264
    3      -10.82       -0.33       0.1842      6.185
    4      -10.25       -0.31       0.1579      6.291
    5       -7.59       -0.43       0.1284      5.686
    6      -10.12       -0.35       0.0979      5.308
    7      -10.38       -0.31       0.0872      5.913
    8       -8.43       -0.05       0.0861      5.812
    9       -9.50       -0.07       0.0708      6.089
   10       37.22       -0.77       0.0526      4.270
