              _             
             (_)            
   __ _ _ __  _ _ __   __ _ 
  / _` | '_ \| | '_ \ / _` |
 | (_| | | | | | | | | (_| |
  \__, |_| |_|_|_| |_|\__,_|
   __/ |                    
  |___/                     

gnina v1.3.3 master:6fe1ce2   Built Jun 30 2026.
gnina is based on smina and AutoDock Vina.
Please cite appropriately.

Commandline: gnina -r results/DOCKING/7AAA.mol2 -l results/DOCKING/ligands_sdf/ligando_675.sdf -o results/DOCKING/results_mol2/docked_ligando_675.mol2 --center_x 8.59 --center_y 39.35 --center_z 9.53 --size_x 22 --size_y 16 --size_z 24 --num_modes 10 --exhaustiveness 8 --seed 1
Using random seed: 1

0%   10   20   30   40   50   60   70   80   90   100%
|----|----|----|----|----|----|----|----|----|----|
***************************************************
MolPort-007-713-437 ChemDiv-E002-0307 MCULE-4157698301 PubChem-22509881 ZINC000006768038 ZINC06768038 | pose 0 | initial pose not within box

mode |  affinity  |  intramol  |    CNN     |   CNN
     | (kcal/mol) | (kcal/mol) | pose score | affinity
-----+------------+------------+------------+----------
    1       -8.37       -0.07       0.2630      5.861
    2       -8.33       -0.09       0.2615      5.854
    3       -7.68       -0.37       0.1941      5.804
    4       -8.31       -0.06       0.1779      5.871
    5       -8.30       -0.05       0.1556      5.849
    6       -6.52        0.33       0.1244      5.507
    7       -7.82       -0.67       0.0929      4.983
    8       -7.84        0.09       0.0720      5.087
    9       -7.64        0.19       0.0694      4.745
   10       -7.73        0.12       0.0570      5.075
