              _             
             (_)            
   __ _ _ __  _ _ __   __ _ 
  / _` | '_ \| | '_ \ / _` |
 | (_| | | | | | | | | (_| |
  \__, |_| |_|_|_| |_|\__,_|
   __/ |                    
  |___/                     

gnina v1.3.3 master:6fe1ce2   Built Jun 30 2026.
gnina is based on smina and AutoDock Vina.
Please cite appropriately.

Commandline: gnina -r results/DOCKING/7AAA.mol2 -l results/DOCKING/ligands_sdf/ligando_411.sdf -o results/DOCKING/results_mol2/docked_ligando_411.mol2 --center_x 8.59 --center_y 39.35 --center_z 9.53 --size_x 22 --size_y 16 --size_z 24 --num_modes 10 --exhaustiveness 8 --seed 1
Using random seed: 1

0%   10   20   30   40   50   60   70   80   90   100%
|----|----|----|----|----|----|----|----|----|----|
***************************************************

mode |  affinity  |  intramol  |    CNN     |   CNN
     | (kcal/mol) | (kcal/mol) | pose score | affinity
-----+------------+------------+------------+----------
    1       -8.12       -0.10       0.1938      6.586
    2      -10.50       -0.32       0.1370      6.470
    3      -10.65       -0.43       0.1293      5.951
    4      -10.71       -0.61       0.1005      5.949
    5       -9.48       -0.42       0.0910      6.181
    6       -9.16        3.81       0.0853      5.612
    7       -7.16       -0.55       0.0584      6.107
    8       -8.66       -0.71       0.0561      6.053
    9      -10.31       -0.32       0.0498      5.505
   10       -9.58       -0.53       0.0466      5.758
