              _             
             (_)            
   __ _ _ __  _ _ __   __ _ 
  / _` | '_ \| | '_ \ / _` |
 | (_| | | | | | | | | (_| |
  \__, |_| |_|_|_| |_|\__,_|
   __/ |                    
  |___/                     

gnina v1.3.3 master:6fe1ce2   Built Jun 30 2026.
gnina is based on smina and AutoDock Vina.
Please cite appropriately.

Commandline: gnina -r results/DOCKING/7AAA.mol2 -l results/DOCKING/ligands_sdf/ligando_506.sdf -o results/DOCKING/results_mol2/docked_ligando_506.mol2 --center_x 8.59 --center_y 39.35 --center_z 9.53 --size_x 22 --size_y 16 --size_z 24 --num_modes 10 --exhaustiveness 8 --seed 1
Using random seed: 1

0%   10   20   30   40   50   60   70   80   90   100%
|----|----|----|----|----|----|----|----|----|----|
***************************************************
MolPort-020-295-380 MCULE-6693225507 PubChem-110267461 | pose 0 | initial pose not within box

mode |  affinity  |  intramol  |    CNN     |   CNN
     | (kcal/mol) | (kcal/mol) | pose score | affinity
-----+------------+------------+------------+----------
    1       -9.05       -0.27       0.6118      7.151
    2       -9.48       -0.92       0.2959      6.950
    3       -8.68       -0.56       0.1192      6.159
    4      -11.33       -0.42       0.0687      5.994
    5       -9.14       -1.69       0.0534      5.336
    6      -10.45       -0.91       0.0521      4.900
    7      -10.14       -1.10       0.0431      6.194
    8      -10.83       -0.50       0.0421      5.316
    9      -11.31        0.49       0.0387      5.548
   10       -9.56       -0.26       0.0387      5.996
