              _             
             (_)            
   __ _ _ __  _ _ __   __ _ 
  / _` | '_ \| | '_ \ / _` |
 | (_| | | | | | | | | (_| |
  \__, |_| |_|_|_| |_|\__,_|
   __/ |                    
  |___/                     

gnina v1.3.3 master:6fe1ce2   Built Jun 30 2026.
gnina is based on smina and AutoDock Vina.
Please cite appropriately.

Commandline: gnina -r results/DOCKING/7AAA.mol2 -l results/DOCKING/ligands_sdf/ligando_267.sdf -o results/DOCKING/results_mol2/docked_ligando_267.mol2 --center_x 8.59 --center_y 39.35 --center_z 9.53 --size_x 22 --size_y 16 --size_z 24 --num_modes 10 --exhaustiveness 8 --seed 1
Using random seed: 1

0%   10   20   30   40   50   60   70   80   90   100%
|----|----|----|----|----|----|----|----|----|----|
***************************************************
MolPort-006-503-785 ChemDiv-V002-9449 MCULE-3434241118 PubChem-8090333 ZINC000006833694 ZINC06833694 | pose 0 | initial pose not within box
MolPort-006-503-785 ChemDiv-V002-9449 MCULE-3434241118 PubChem-8090333 ZINC000006833694 ZINC06833694 | pose 0 | ligand outside box

mode |  affinity  |  intramol  |    CNN     |   CNN
     | (kcal/mol) | (kcal/mol) | pose score | affinity
-----+------------+------------+------------+----------
    1       -8.32        0.70       0.4113      6.666
    2       -2.44        0.22       0.4110      4.973
    3       -8.91        0.66       0.3660      6.536
    4       10.44        4.47       0.3370      4.858
    5       -0.72       -0.53       0.3028      5.552
    6       -9.52       -0.32       0.2593      6.256
    7       -8.05        1.13       0.2152      5.873
    8       -6.02        0.50       0.2134      4.737
    9       -8.04        1.42       0.2035      6.172
   10       -7.41        1.55       0.1978      6.374
