              _             
             (_)            
   __ _ _ __  _ _ __   __ _ 
  / _` | '_ \| | '_ \ / _` |
 | (_| | | | | | | | | (_| |
  \__, |_| |_|_|_| |_|\__,_|
   __/ |                    
  |___/                     

gnina v1.3.3 master:6fe1ce2   Built Jun 30 2026.
gnina is based on smina and AutoDock Vina.
Please cite appropriately.

Commandline: gnina -r results/DOCKING/7AAA.mol2 -l results/DOCKING/ligands_sdf/ligando_235.sdf -o results/DOCKING/results_mol2/docked_ligando_235.mol2 --center_x 8.59 --center_y 39.35 --center_z 9.53 --size_x 22 --size_y 16 --size_z 24 --num_modes 10 --exhaustiveness 8 --seed 1
Using random seed: 1

0%   10   20   30   40   50   60   70   80   90   100%
|----|----|----|----|----|----|----|----|----|----|
***************************************************

mode |  affinity  |  intramol  |    CNN     |   CNN
     | (kcal/mol) | (kcal/mol) | pose score | affinity
-----+------------+------------+------------+----------
    1       -7.85        0.11       0.1650      5.702
    2       -9.20        0.22       0.1460      5.763
    3       -7.54        0.41       0.1271      5.760
    4       -7.89        0.47       0.0988      5.389
    5       -9.43        0.71       0.0890      4.592
    6       -7.62        0.09       0.0820      5.542
    7       -8.12        0.61       0.0770      5.103
    8       -8.14        1.49       0.0637      4.321
    9       -7.31        0.17       0.0621      4.620
   10       -8.37       -0.03       0.0613      5.416
