              _             
             (_)            
   __ _ _ __  _ _ __   __ _ 
  / _` | '_ \| | '_ \ / _` |
 | (_| | | | | | | | | (_| |
  \__, |_| |_|_|_| |_|\__,_|
   __/ |                    
  |___/                     

gnina v1.3.3 master:6fe1ce2   Built Jun 30 2026.
gnina is based on smina and AutoDock Vina.
Please cite appropriately.

Commandline: gnina -r results/DOCKING/7AAA.mol2 -l results/DOCKING/ligands_sdf/ligando_326.sdf -o results/DOCKING/results_mol2/docked_ligando_326.mol2 --center_x 8.59 --center_y 39.35 --center_z 9.53 --size_x 22 --size_y 16 --size_z 24 --num_modes 10 --exhaustiveness 8 --seed 1
Using random seed: 1

0%   10   20   30   40   50   60   70   80   90   100%
|----|----|----|----|----|----|----|----|----|----|
***************************************************

mode |  affinity  |  intramol  |    CNN     |   CNN
     | (kcal/mol) | (kcal/mol) | pose score | affinity
-----+------------+------------+------------+----------
    1       -7.46        1.06       0.4292      5.755
    2       -8.10       -0.74       0.3513      5.301
    3       -7.93        1.02       0.1978      5.051
    4       -8.04       -0.53       0.1609      4.869
    5       -7.09        0.80       0.1447      5.088
    6       -7.08       -0.43       0.1109      4.817
    7       -6.79       -0.77       0.1102      4.861
    8       -6.40       -0.46       0.1028      4.676
    9       -6.69       -1.04       0.0821      4.892
   10       -7.46       -0.17       0.0772      4.548
