              _             
             (_)            
   __ _ _ __  _ _ __   __ _ 
  / _` | '_ \| | '_ \ / _` |
 | (_| | | | | | | | | (_| |
  \__, |_| |_|_|_| |_|\__,_|
   __/ |                    
  |___/                     

gnina v1.3.3 master:6fe1ce2   Built Jun 30 2026.
gnina is based on smina and AutoDock Vina.
Please cite appropriately.

Commandline: gnina -r results/DOCKING/7AAA.mol2 -l results/DOCKING/ligands_sdf/ligando_346.sdf -o results/DOCKING/results_mol2/docked_ligando_346.mol2 --center_x 8.59 --center_y 39.35 --center_z 9.53 --size_x 22 --size_y 16 --size_z 24 --num_modes 10 --exhaustiveness 8 --seed 1
Using random seed: 1

0%   10   20   30   40   50   60   70   80   90   100%
|----|----|----|----|----|----|----|----|----|----|
***************************************************

mode |  affinity  |  intramol  |    CNN     |   CNN
     | (kcal/mol) | (kcal/mol) | pose score | affinity
-----+------------+------------+------------+----------
    1      -10.49       -0.43       0.2714      6.733
    2      -10.24        0.91       0.2337      6.766
    3       -9.11        0.57       0.1978      6.455
    4      -10.33       -0.84       0.1820      6.078
    5      -10.48       -0.84       0.1790      6.382
    6      -10.49        0.87       0.1637      6.488
    7      -10.09       -0.30       0.1407      6.319
    8      -10.13        0.39       0.1239      6.168
    9       -9.63        0.20       0.1222      6.218
   10      -10.90        0.12       0.1217      5.330
