              _             
             (_)            
   __ _ _ __  _ _ __   __ _ 
  / _` | '_ \| | '_ \ / _` |
 | (_| | | | | | | | | (_| |
  \__, |_| |_|_|_| |_|\__,_|
   __/ |                    
  |___/                     

gnina v1.3.3 master:6fe1ce2   Built Jun 30 2026.
gnina is based on smina and AutoDock Vina.
Please cite appropriately.

Commandline: gnina -r results/DOCKING/7AAA.mol2 -l results/DOCKING/ligands_sdf/ligando_084.sdf -o results/DOCKING/results_mol2/docked_ligando_084.mol2 --center_x 8.59 --center_y 39.35 --center_z 9.53 --size_x 22 --size_y 16 --size_z 24 --num_modes 10 --exhaustiveness 8 --seed 1
Using random seed: 1

0%   10   20   30   40   50   60   70   80   90   100%
|----|----|----|----|----|----|----|----|----|----|
***************************************************

mode |  affinity  |  intramol  |    CNN     |   CNN
     | (kcal/mol) | (kcal/mol) | pose score | affinity
-----+------------+------------+------------+----------
    1      -10.11       -0.45       0.3403      6.069
    2       -8.97       -0.56       0.3162      5.928
    3       -9.91       -0.06       0.2734      5.817
    4       -8.36        0.02       0.2722      5.901
    5       -7.94        0.32       0.1897      5.645
    6       -7.90       -0.63       0.1511      5.433
    7       -8.80        0.37       0.1366      5.655
    8       -9.94        0.57       0.1323      5.888
    9       -9.95        0.33       0.1103      5.555
   10       -7.97        0.59       0.0980      5.955
