              _             
             (_)            
   __ _ _ __  _ _ __   __ _ 
  / _` | '_ \| | '_ \ / _` |
 | (_| | | | | | | | | (_| |
  \__, |_| |_|_|_| |_|\__,_|
   __/ |                    
  |___/                     

gnina v1.3.3 master:6fe1ce2   Built Jun 30 2026.
gnina is based on smina and AutoDock Vina.
Please cite appropriately.

Commandline: gnina -r results/DOCKING/7AAA.mol2 -l results/DOCKING/ligands_sdf/ligando_497.sdf -o results/DOCKING/results_mol2/docked_ligando_497.mol2 --center_x 8.59 --center_y 39.35 --center_z 9.53 --size_x 22 --size_y 16 --size_z 24 --num_modes 10 --exhaustiveness 8 --seed 1
Using random seed: 1

0%   10   20   30   40   50   60   70   80   90   100%
|----|----|----|----|----|----|----|----|----|----|
***************************************************

mode |  affinity  |  intramol  |    CNN     |   CNN
     | (kcal/mol) | (kcal/mol) | pose score | affinity
-----+------------+------------+------------+----------
    1      -10.26       -0.58       0.2330      6.316
    2       -8.24       -0.79       0.1739      5.990
    3       -9.32       -0.75       0.1716      5.944
    4      -10.47       -0.68       0.1554      5.955
    5       -9.10       -0.60       0.1474      5.914
    6       -9.29       -0.50       0.1470      5.985
    7       -9.11       -0.31       0.1148      5.810
    8      -10.27       -0.73       0.1085      5.330
    9      -10.12       -0.17       0.0973      5.601
   10       -8.67       -0.48       0.0852      6.076
