              _             
             (_)            
   __ _ _ __  _ _ __   __ _ 
  / _` | '_ \| | '_ \ / _` |
 | (_| | | | | | | | | (_| |
  \__, |_| |_|_|_| |_|\__,_|
   __/ |                    
  |___/                     

gnina v1.3.3 master:6fe1ce2   Built Jun 30 2026.
gnina is based on smina and AutoDock Vina.
Please cite appropriately.

Commandline: gnina -r results/DOCKING/7AAA.mol2 -l results/DOCKING/ligands_sdf/ligando_412.sdf -o results/DOCKING/results_mol2/docked_ligando_412.mol2 --center_x 8.59 --center_y 39.35 --center_z 9.53 --size_x 22 --size_y 16 --size_z 24 --num_modes 10 --exhaustiveness 8 --seed 1
Using random seed: 1

0%   10   20   30   40   50   60   70   80   90   100%
|----|----|----|----|----|----|----|----|----|----|
***************************************************
MolPort-019-918-975 13789330 CSSS03437095136 FBLDHJSKAPTCBK-UHFFFAOYSA-N MCULE-1365347121 PubChem-49698053 ZINC000013789330 | pose 0 | ligand outside box
MolPort-019-918-975 13789330 CSSS03437095136 FBLDHJSKAPTCBK-UHFFFAOYSA-N MCULE-1365347121 PubChem-49698053 ZINC000013789330 | pose 0 | ligand outside box
MolPort-019-918-975 13789330 CSSS03437095136 FBLDHJSKAPTCBK-UHFFFAOYSA-N MCULE-1365347121 PubChem-49698053 ZINC000013789330 | pose 0 | ligand outside box

mode |  affinity  |  intramol  |    CNN     |   CNN
     | (kcal/mol) | (kcal/mol) | pose score | affinity
-----+------------+------------+------------+----------
    1       13.83       -0.13       0.5275      6.284
    2        8.06        3.64       0.4845      6.101
    3       17.39        0.79       0.3993      6.059
    4       32.60        2.92       0.3487      6.025
    5        9.12        2.18       0.3024      6.614
    6       13.31        1.55       0.2353      6.129
    7       29.80        0.61       0.2136      6.112
    8       -9.43       -0.49       0.1992      6.251
    9      -10.08       -0.86       0.1519      6.352
   10       40.81       -0.13       0.1267      5.280
