              _             
             (_)            
   __ _ _ __  _ _ __   __ _ 
  / _` | '_ \| | '_ \ / _` |
 | (_| | | | | | | | | (_| |
  \__, |_| |_|_|_| |_|\__,_|
   __/ |                    
  |___/                     

gnina v1.3.3 master:6fe1ce2   Built Jun 30 2026.
gnina is based on smina and AutoDock Vina.
Please cite appropriately.

Commandline: gnina -r results/DOCKING/7AAA.mol2 -l results/DOCKING/ligands_sdf/ligando_617.sdf -o results/DOCKING/results_mol2/docked_ligando_617.mol2 --center_x 8.59 --center_y 39.35 --center_z 9.53 --size_x 22 --size_y 16 --size_z 24 --num_modes 10 --exhaustiveness 8 --seed 1
Using random seed: 1

0%   10   20   30   40   50   60   70   80   90   100%
|----|----|----|----|----|----|----|----|----|----|
***************************************************
MolPort-021-778-309 72437814 CSC048524567 CSSS00048524567 MCULE-7639738129 PubChem-56921464 ZINC000072437814 ZINC72437814 | pose 0 | initial pose not within box
MolPort-021-778-309 72437814 CSC048524567 CSSS00048524567 MCULE-7639738129 PubChem-56921464 ZINC000072437814 ZINC72437814 | pose 0 | ligand outside box
MolPort-021-778-309 72437814 CSC048524567 CSSS00048524567 MCULE-7639738129 PubChem-56921464 ZINC000072437814 ZINC72437814 | pose 0 | ligand outside box
MolPort-021-778-309 72437814 CSC048524567 CSSS00048524567 MCULE-7639738129 PubChem-56921464 ZINC000072437814 ZINC72437814 | pose 0 | ligand outside box
MolPort-021-778-309 72437814 CSC048524567 CSSS00048524567 MCULE-7639738129 PubChem-56921464 ZINC000072437814 ZINC72437814 | pose 0 | ligand outside box
MolPort-021-778-309 72437814 CSC048524567 CSSS00048524567 MCULE-7639738129 PubChem-56921464 ZINC000072437814 ZINC72437814 | pose 0 | ligand outside box
MolPort-021-778-309 72437814 CSC048524567 CSSS00048524567 MCULE-7639738129 PubChem-56921464 ZINC000072437814 ZINC72437814 | pose 0 | initial pose not within box
MolPort-021-778-309 72437814 CSC048524567 CSSS00048524567 MCULE-7639738129 PubChem-56921464 ZINC000072437814 ZINC72437814 | pose 0 | ligand outside box

mode |  affinity  |  intramol  |    CNN     |   CNN
     | (kcal/mol) | (kcal/mol) | pose score | affinity
-----+------------+------------+------------+----------
    1        5.99       -0.02       0.6011      4.948
    2       -8.49       -0.39       0.2600      5.028
    3       -8.12       -0.50       0.2216      5.358
    4       -3.81       -0.16       0.2078      4.211
    5       -8.57       -0.19       0.1938      4.868
    6       -1.97       -0.53       0.1932      4.288
    7       -3.14       -0.36       0.1775      3.685
    8       -5.45        0.02       0.1279      4.655
    9       -8.34       -0.22       0.1240      4.703
   10       -8.13        0.13       0.1182      4.206
