              _             
             (_)            
   __ _ _ __  _ _ __   __ _ 
  / _` | '_ \| | '_ \ / _` |
 | (_| | | | | | | | | (_| |
  \__, |_| |_|_|_| |_|\__,_|
   __/ |                    
  |___/                     

gnina v1.3.3 master:6fe1ce2   Built Jun 30 2026.
gnina is based on smina and AutoDock Vina.
Please cite appropriately.

Commandline: gnina -r results/DOCKING/7AAA.mol2 -l results/DOCKING/ligands_sdf/ligando_659.sdf -o results/DOCKING/results_mol2/docked_ligando_659.mol2 --center_x 8.59 --center_y 39.35 --center_z 9.53 --size_x 22 --size_y 16 --size_z 24 --num_modes 10 --exhaustiveness 8 --seed 1
Using random seed: 1

0%   10   20   30   40   50   60   70   80   90   100%
|----|----|----|----|----|----|----|----|----|----|
***************************************************
MolPort-007-714-528 ChemDiv-E002-1850 MCULE-6371993484 PubChem-22510837 ZINC000006792968 ZINC06792968 | pose 0 | initial pose not within box

mode |  affinity  |  intramol  |    CNN     |   CNN
     | (kcal/mol) | (kcal/mol) | pose score | affinity
-----+------------+------------+------------+----------
    1       -8.80        1.02       0.1646      5.914
    2       -6.82       -0.15       0.1556      5.402
    3       -9.32        0.09       0.0994      5.670
    4       -9.35        0.56       0.0983      5.651
    5       -7.46        0.37       0.0883      5.785
    6       -7.11       -0.51       0.0674      4.626
    7       -7.54        1.29       0.0663      5.557
    8       -7.80        0.13       0.0542      5.288
    9       -7.18       -0.58       0.0530      5.308
   10       -7.49        2.29       0.0470      5.249
