              _             
             (_)            
   __ _ _ __  _ _ __   __ _ 
  / _` | '_ \| | '_ \ / _` |
 | (_| | | | | | | | | (_| |
  \__, |_| |_|_|_| |_|\__,_|
   __/ |                    
  |___/                     

gnina v1.3.3 master:6fe1ce2   Built Jun 30 2026.
gnina is based on smina and AutoDock Vina.
Please cite appropriately.

Commandline: gnina -r results/DOCKING/7AAA.mol2 -l results/DOCKING/ligands_sdf/ligando_725.sdf -o results/DOCKING/results_mol2/docked_ligando_725.mol2 --center_x 8.59 --center_y 39.35 --center_z 9.53 --size_x 22 --size_y 16 --size_z 24 --num_modes 10 --exhaustiveness 8 --seed 1
Using random seed: 1

0%   10   20   30   40   50   60   70   80   90   100%
|----|----|----|----|----|----|----|----|----|----|
***************************************************
MolPort-010-852-322 ChemDiv-G952-2909 MCULE-1941934245 PubChem-53095797 ZINC000064980480 ZINC64980480 | pose 0 | ligand outside box
MolPort-010-852-322 ChemDiv-G952-2909 MCULE-1941934245 PubChem-53095797 ZINC000064980480 ZINC64980480 | pose 0 | ligand outside box
MolPort-010-852-322 ChemDiv-G952-2909 MCULE-1941934245 PubChem-53095797 ZINC000064980480 ZINC64980480 | pose 0 | ligand outside box
MolPort-010-852-322 ChemDiv-G952-2909 MCULE-1941934245 PubChem-53095797 ZINC000064980480 ZINC64980480 | pose 0 | ligand outside box
MolPort-010-852-322 ChemDiv-G952-2909 MCULE-1941934245 PubChem-53095797 ZINC000064980480 ZINC64980480 | pose 0 | ligand outside box
MolPort-010-852-322 ChemDiv-G952-2909 MCULE-1941934245 PubChem-53095797 ZINC000064980480 ZINC64980480 | pose 0 | ligand outside box

mode |  affinity  |  intramol  |    CNN     |   CNN
     | (kcal/mol) | (kcal/mol) | pose score | affinity
-----+------------+------------+------------+----------
    1       -8.15        0.26       0.6800      6.170
    2       -4.09        0.27       0.6556      5.006
    3        3.32        0.03       0.3230      4.497
    4       -8.22        0.68       0.1876      5.527
    5        1.89        1.14       0.1841      4.356
    6       -9.25        0.29       0.1819      4.736
    7       -9.48       -0.30       0.1729      5.232
    8       -7.37       -0.02       0.1683      5.386
    9       -7.78       -0.38       0.1562      5.330
   10       -9.02       -0.37       0.1317      5.342
