              _             
             (_)            
   __ _ _ __  _ _ __   __ _ 
  / _` | '_ \| | '_ \ / _` |
 | (_| | | | | | | | | (_| |
  \__, |_| |_|_|_| |_|\__,_|
   __/ |                    
  |___/                     

gnina v1.3.3 master:6fe1ce2   Built Jun 30 2026.
gnina is based on smina and AutoDock Vina.
Please cite appropriately.

Commandline: gnina -r results/DOCKING/7AAA.mol2 -l results/DOCKING/ligands_sdf/ligando_154.sdf -o results/DOCKING/results_mol2/docked_ligando_154.mol2 --center_x 8.59 --center_y 39.35 --center_z 9.53 --size_x 22 --size_y 16 --size_z 24 --num_modes 10 --exhaustiveness 8 --seed 1
Using random seed: 1

0%   10   20   30   40   50   60   70   80   90   100%
|----|----|----|----|----|----|----|----|----|----|
***************************************************
MolPort-000-016-465 892171 CHEMBL1300667 MCULE-5639757617 PubChem-1147161 ZINC000000892171 ZINC00892171 | pose 0 | ligand outside box
MolPort-000-016-465 892171 CHEMBL1300667 MCULE-5639757617 PubChem-1147161 ZINC000000892171 ZINC00892171 | pose 0 | ligand outside box
MolPort-000-016-465 892171 CHEMBL1300667 MCULE-5639757617 PubChem-1147161 ZINC000000892171 ZINC00892171 | pose 0 | ligand outside box
MolPort-000-016-465 892171 CHEMBL1300667 MCULE-5639757617 PubChem-1147161 ZINC000000892171 ZINC00892171 | pose 0 | ligand outside box
MolPort-000-016-465 892171 CHEMBL1300667 MCULE-5639757617 PubChem-1147161 ZINC000000892171 ZINC00892171 | pose 0 | ligand outside box
MolPort-000-016-465 892171 CHEMBL1300667 MCULE-5639757617 PubChem-1147161 ZINC000000892171 ZINC00892171 | pose 0 | initial pose not within box

mode |  affinity  |  intramol  |    CNN     |   CNN
     | (kcal/mol) | (kcal/mol) | pose score | affinity
-----+------------+------------+------------+----------
    1       -8.65       -0.40       0.2694      6.454
    2       -8.04        0.73       0.1590      5.709
    3       -9.08       -0.67       0.1521      5.916
    4       -9.58       -0.14       0.1500      6.086
    5       -8.30       -1.19       0.1321      5.188
    6       -8.33        0.09       0.1139      5.658
    7       -7.68        1.94       0.1105      5.998
    8       -8.18        1.47       0.1076      5.788
    9       -8.69       -0.04       0.0881      5.447
   10       -9.30       -0.19       0.0842      5.687
