              _             
             (_)            
   __ _ _ __  _ _ __   __ _ 
  / _` | '_ \| | '_ \ / _` |
 | (_| | | | | | | | | (_| |
  \__, |_| |_|_|_| |_|\__,_|
   __/ |                    
  |___/                     

gnina v1.3.3 master:6fe1ce2   Built Jun 30 2026.
gnina is based on smina and AutoDock Vina.
Please cite appropriately.

Commandline: gnina -r results/DOCKING/7AAA.mol2 -l results/DOCKING/ligands_sdf/ligando_678.sdf -o results/DOCKING/results_mol2/docked_ligando_678.mol2 --center_x 8.59 --center_y 39.35 --center_z 9.53 --size_x 22 --size_y 16 --size_z 24 --num_modes 10 --exhaustiveness 8 --seed 1
Using random seed: 1

0%   10   20   30   40   50   60   70   80   90   100%
|----|----|----|----|----|----|----|----|----|----|
***************************************************
MolPort-002-849-478 8715568 LN01251847 MCULE-7792707188 PubChem-11842435 ZINC000008715568 ZINC08715568 | pose 0 | initial pose not within box
MolPort-002-849-478 8715568 LN01251847 MCULE-7792707188 PubChem-11842435 ZINC000008715568 ZINC08715568 | pose 0 | ligand outside box
MolPort-002-849-478 8715568 LN01251847 MCULE-7792707188 PubChem-11842435 ZINC000008715568 ZINC08715568 | pose 0 | ligand outside box
MolPort-002-849-478 8715568 LN01251847 MCULE-7792707188 PubChem-11842435 ZINC000008715568 ZINC08715568 | pose 0 | ligand outside box
MolPort-002-849-478 8715568 LN01251847 MCULE-7792707188 PubChem-11842435 ZINC000008715568 ZINC08715568 | pose 0 | ligand outside box
MolPort-002-849-478 8715568 LN01251847 MCULE-7792707188 PubChem-11842435 ZINC000008715568 ZINC08715568 | pose 0 | ligand outside box
MolPort-002-849-478 8715568 LN01251847 MCULE-7792707188 PubChem-11842435 ZINC000008715568 ZINC08715568 | pose 0 | initial pose not within box
MolPort-002-849-478 8715568 LN01251847 MCULE-7792707188 PubChem-11842435 ZINC000008715568 ZINC08715568 | pose 0 | ligand outside box
MolPort-002-849-478 8715568 LN01251847 MCULE-7792707188 PubChem-11842435 ZINC000008715568 ZINC08715568 | pose 0 | ligand outside box
MolPort-002-849-478 8715568 LN01251847 MCULE-7792707188 PubChem-11842435 ZINC000008715568 ZINC08715568 | pose 0 | ligand outside box

mode |  affinity  |  intramol  |    CNN     |   CNN
     | (kcal/mol) | (kcal/mol) | pose score | affinity
-----+------------+------------+------------+----------
    1      -10.81        0.40       0.3649      6.443
    2        6.88       -0.33       0.3641      5.247
    3       69.92       -0.45       0.3566      5.609
    4       -8.42       -0.87       0.3144      6.406
    5      -10.69        0.48       0.2758      6.186
    6       -9.81       -0.87       0.2253      6.063
    7       -4.95       -0.69       0.1340      5.810
    8       -1.17       -0.09       0.1171      5.218
    9       -8.04       -0.52       0.1068      5.650
   10       -6.99       -0.77       0.1059      5.467
