              _             
             (_)            
   __ _ _ __  _ _ __   __ _ 
  / _` | '_ \| | '_ \ / _` |
 | (_| | | | | | | | | (_| |
  \__, |_| |_|_|_| |_|\__,_|
   __/ |                    
  |___/                     

gnina v1.3.3 master:6fe1ce2   Built Jun 30 2026.
gnina is based on smina and AutoDock Vina.
Please cite appropriately.

Commandline: gnina -r results/DOCKING/7AAA.mol2 -l results/DOCKING/ligands_sdf/ligando_822.sdf -o results/DOCKING/results_mol2/docked_ligando_822.mol2 --center_x 8.59 --center_y 39.35 --center_z 9.53 --size_x 22 --size_y 16 --size_z 24 --num_modes 10 --exhaustiveness 8 --seed 1
Using random seed: 1

0%   10   20   30   40   50   60   70   80   90   100%
|----|----|----|----|----|----|----|----|----|----|
***************************************************
MolPort-027-838-698 94993282 BDVCSFQDCLSZMF-UHFFFAOYSA-N CSSS00160854351 LN01937735 MCULE-8355571149 PubChem-75366575 ZINC000094993282 ZINC94993282 | pose 0 | initial pose not within box

mode |  affinity  |  intramol  |    CNN     |   CNN
     | (kcal/mol) | (kcal/mol) | pose score | affinity
-----+------------+------------+------------+----------
    1       -6.82        0.97       0.8361      5.246
    2       -7.60        0.29       0.7204      5.191
    3       -7.03       -0.41       0.6590      5.412
    4       -7.36        0.12       0.5486      4.987
    5       -6.74        0.33       0.4683      4.736
    6       -7.21       -0.02       0.4145      4.442
    7       -6.62        0.46       0.2550      4.269
    8       -8.16       -0.41       0.2546      5.164
    9       -6.56       -0.48       0.2213      4.448
   10       -7.01        0.03       0.1802      4.279
