              _             
             (_)            
   __ _ _ __  _ _ __   __ _ 
  / _` | '_ \| | '_ \ / _` |
 | (_| | | | | | | | | (_| |
  \__, |_| |_|_|_| |_|\__,_|
   __/ |                    
  |___/                     

gnina v1.3.3 master:6fe1ce2   Built Jun 30 2026.
gnina is based on smina and AutoDock Vina.
Please cite appropriately.

Commandline: gnina -r results/DOCKING/7AAA.mol2 -l results/DOCKING/ligands_sdf/ligando_421.sdf -o results/DOCKING/results_mol2/docked_ligando_421.mol2 --center_x 8.59 --center_y 39.35 --center_z 9.53 --size_x 22 --size_y 16 --size_z 24 --num_modes 10 --exhaustiveness 8 --seed 1
Using random seed: 1

0%   10   20   30   40   50   60   70   80   90   100%
|----|----|----|----|----|----|----|----|----|----|
***************************************************

mode |  affinity  |  intramol  |    CNN     |   CNN
     | (kcal/mol) | (kcal/mol) | pose score | affinity
-----+------------+------------+------------+----------
    1       -9.34       -0.17       0.7567      6.630
    2       -9.58       -0.44       0.2893      5.984
    3       -9.28       -0.47       0.2794      6.152
    4       -9.62       -0.04       0.2789      6.190
    5       -8.20       -0.64       0.2315      5.801
    6       -8.57       -0.53       0.1547      5.831
    7       -8.98       -0.53       0.1536      5.396
    8       -8.71       -0.57       0.1084      5.119
    9       -8.93       -0.01       0.1062      5.558
   10       -8.81       -0.39       0.0882      5.343
