              _             
             (_)            
   __ _ _ __  _ _ __   __ _ 
  / _` | '_ \| | '_ \ / _` |
 | (_| | | | | | | | | (_| |
  \__, |_| |_|_|_| |_|\__,_|
   __/ |                    
  |___/                     

gnina v1.3.3 master:6fe1ce2   Built Jun 30 2026.
gnina is based on smina and AutoDock Vina.
Please cite appropriately.

Commandline: gnina -r results/DOCKING/7AAA.mol2 -l results/DOCKING/ligands_sdf/ligando_448.sdf -o results/DOCKING/results_mol2/docked_ligando_448.mol2 --center_x 8.59 --center_y 39.35 --center_z 9.53 --size_x 22 --size_y 16 --size_z 24 --num_modes 10 --exhaustiveness 8 --seed 1
Using random seed: 1

0%   10   20   30   40   50   60   70   80   90   100%
|----|----|----|----|----|----|----|----|----|----|
***************************************************

mode |  affinity  |  intramol  |    CNN     |   CNN
     | (kcal/mol) | (kcal/mol) | pose score | affinity
-----+------------+------------+------------+----------
    1       -6.32        0.16       0.4203      4.454
    2       -6.36        0.31       0.3795      4.556
    3       -6.41       -0.03       0.3566      4.585
    4       -5.64        0.14       0.1830      4.235
    5       -5.64       -0.30       0.1801      3.838
    6       -5.98       -0.07       0.1625      3.873
    7       -5.55        0.04       0.1222      4.005
    8       -6.22       -0.21       0.1150      3.532
    9       -6.97       -0.39       0.1104      3.584
   10       -5.83       -0.43       0.0962      3.561
