              _             
             (_)            
   __ _ _ __  _ _ __   __ _ 
  / _` | '_ \| | '_ \ / _` |
 | (_| | | | | | | | | (_| |
  \__, |_| |_|_|_| |_|\__,_|
   __/ |                    
  |___/                     

gnina v1.3.3 master:6fe1ce2   Built Jun 30 2026.
gnina is based on smina and AutoDock Vina.
Please cite appropriately.

Commandline: gnina -r results/DOCKING/7AAA.mol2 -l results/DOCKING/ligands_sdf/ligando_103.sdf -o results/DOCKING/results_mol2/docked_ligando_103.mol2 --center_x 8.59 --center_y 39.35 --center_z 9.53 --size_x 22 --size_y 16 --size_z 24 --num_modes 10 --exhaustiveness 8 --seed 1
Using random seed: 1

0%   10   20   30   40   50   60   70   80   90   100%
|----|----|----|----|----|----|----|----|----|----|
***************************************************
MolPort-051-503-666 CSSS09880955598 CUKKFBFHUUWVRM-UHFFFAOYSA-N MCULE-6661315209 PubChem-164697507 | pose 0 | initial pose not within box

mode |  affinity  |  intramol  |    CNN     |   CNN
     | (kcal/mol) | (kcal/mol) | pose score | affinity
-----+------------+------------+------------+----------
    1       -9.33       -0.33       0.2500      5.207
    2       -8.73       -0.52       0.2492      5.357
    3       -8.52       -1.30       0.2378      5.308
    4       -9.54       -0.11       0.2198      4.888
    5       -8.46       -0.72       0.1997      5.160
    6       -8.74       -0.72       0.1975      5.391
    7       -8.77       -0.60       0.1857      5.268
    8       -7.97       -0.38       0.1776      5.047
    9       -8.24       -0.62       0.1541      5.302
   10       -7.79       -0.60       0.1379      5.123
