              _             
             (_)            
   __ _ _ __  _ _ __   __ _ 
  / _` | '_ \| | '_ \ / _` |
 | (_| | | | | | | | | (_| |
  \__, |_| |_|_|_| |_|\__,_|
   __/ |                    
  |___/                     

gnina v1.3.3 master:6fe1ce2   Built Jun 30 2026.
gnina is based on smina and AutoDock Vina.
Please cite appropriately.

Commandline: gnina -r results/DOCKING/7AAA.mol2 -l results/DOCKING/ligands_sdf/ligando_807.sdf -o results/DOCKING/results_mol2/docked_ligando_807.mol2 --center_x 8.59 --center_y 39.35 --center_z 9.53 --size_x 22 --size_y 16 --size_z 24 --num_modes 10 --exhaustiveness 8 --seed 1
Using random seed: 1

0%   10   20   30   40   50   60   70   80   90   100%
|----|----|----|----|----|----|----|----|----|----|
***************************************************

mode |  affinity  |  intramol  |    CNN     |   CNN
     | (kcal/mol) | (kcal/mol) | pose score | affinity
-----+------------+------------+------------+----------
    1       -6.46       -0.45       0.9649      4.883
    2       -5.48       -0.44       0.5576      4.443
    3       -5.28       -0.50       0.4578      4.427
    4       -5.63       -0.17       0.3641      4.004
    5       -5.12        0.07       0.3463      4.291
    6       -5.34       -0.37       0.3243      3.862
    7       -5.14       -0.27       0.3125      4.082
    8       -5.31       -0.51       0.3045      4.016
    9       -5.19       -0.21       0.2497      3.599
   10       -6.38       -0.35       0.1803      2.847
