              _             
             (_)            
   __ _ _ __  _ _ __   __ _ 
  / _` | '_ \| | '_ \ / _` |
 | (_| | | | | | | | | (_| |
  \__, |_| |_|_|_| |_|\__,_|
   __/ |                    
  |___/                     

gnina v1.3.3 master:6fe1ce2   Built Jun 30 2026.
gnina is based on smina and AutoDock Vina.
Please cite appropriately.

Commandline: gnina -r results/DOCKING/7AAA.mol2 -l results/DOCKING/ligands_sdf/ligando_668.sdf -o results/DOCKING/results_mol2/docked_ligando_668.mol2 --center_x 8.59 --center_y 39.35 --center_z 9.53 --size_x 22 --size_y 16 --size_z 24 --num_modes 10 --exhaustiveness 8 --seed 1
Using random seed: 1

0%   10   20   30   40   50   60   70   80   90   100%
|----|----|----|----|----|----|----|----|----|----|
***************************************************
MolPort-019-854-921 57279312 CSSS03437773826 MCULE-8688354168 PubChem-52422320 ZINC000057279312 ZINC57279312 | pose 0 | ligand outside box

mode |  affinity  |  intramol  |    CNN     |   CNN
     | (kcal/mol) | (kcal/mol) | pose score | affinity
-----+------------+------------+------------+----------
    1       -7.30       -0.46       0.4272      5.949
    2       -7.17       -0.23       0.2651      5.708
    3       -6.96       -0.14       0.2037      5.559
    4       -6.65        0.07       0.1575      5.236
    5       -7.80        0.21       0.1468      5.274
    6       -6.80        0.05       0.1397      5.213
    7       -6.26       -0.46       0.1282      5.028
    8       -7.19        0.61       0.1094      4.922
    9       -4.73        1.85       0.1068      4.696
   10       -7.30        1.00       0.1041      4.781
