              _             
             (_)            
   __ _ _ __  _ _ __   __ _ 
  / _` | '_ \| | '_ \ / _` |
 | (_| | | | | | | | | (_| |
  \__, |_| |_|_|_| |_|\__,_|
   __/ |                    
  |___/                     

gnina v1.3.3 master:6fe1ce2   Built Jun 30 2026.
gnina is based on smina and AutoDock Vina.
Please cite appropriately.

Commandline: gnina -r results/DOCKING/7AAA.mol2 -l results/DOCKING/ligands_sdf/ligando_477.sdf -o results/DOCKING/results_mol2/docked_ligando_477.mol2 --center_x 8.59 --center_y 39.35 --center_z 9.53 --size_x 22 --size_y 16 --size_z 24 --num_modes 10 --exhaustiveness 8 --seed 1
Using random seed: 1

0%   10   20   30   40   50   60   70   80   90   100%
|----|----|----|----|----|----|----|----|----|----|
***************************************************
MolPort-016-718-365 MCULE-1952619002 PubChem-46975251 | pose 0 | initial pose not within box

mode |  affinity  |  intramol  |    CNN     |   CNN
     | (kcal/mol) | (kcal/mol) | pose score | affinity
-----+------------+------------+------------+----------
    1      -10.93        0.75       0.4124      6.778
    2      -10.33        1.38       0.4078      6.895
    3      -10.07       -0.61       0.1506      6.119
    4       -9.44        0.75       0.1504      6.001
    5      -10.82        0.13       0.1272      6.013
    6       -8.88        0.46       0.0867      5.621
    7       -8.20       -0.69       0.0811      6.230
    8       -8.91       -0.68       0.0765      5.780
    9      -10.39       -0.45       0.0705      5.282
   10       -9.44       -0.56       0.0604      5.120
