              _             
             (_)            
   __ _ _ __  _ _ __   __ _ 
  / _` | '_ \| | '_ \ / _` |
 | (_| | | | | | | | | (_| |
  \__, |_| |_|_|_| |_|\__,_|
   __/ |                    
  |___/                     

gnina v1.3.3 master:6fe1ce2   Built Jun 30 2026.
gnina is based on smina and AutoDock Vina.
Please cite appropriately.

Commandline: gnina -r results/DOCKING/7AAA.mol2 -l results/DOCKING/ligands_sdf/ligando_591.sdf -o results/DOCKING/results_mol2/docked_ligando_591.mol2 --center_x 8.59 --center_y 39.35 --center_z 9.53 --size_x 22 --size_y 16 --size_z 24 --num_modes 10 --exhaustiveness 8 --seed 1
Using random seed: 1

0%   10   20   30   40   50   60   70   80   90   100%
|----|----|----|----|----|----|----|----|----|----|
***************************************************

mode |  affinity  |  intramol  |    CNN     |   CNN
     | (kcal/mol) | (kcal/mol) | pose score | affinity
-----+------------+------------+------------+----------
    1       -9.05       -0.24       0.7867      5.770
    2       -7.54       -0.42       0.4757      5.375
    3       -2.36        0.31       0.3495      5.806
    4       -9.53        0.28       0.3063      5.453
    5       -8.75        0.63       0.1912      5.077
    6       -6.77       -0.47       0.1188      4.749
    7        4.25       -0.09       0.1144      4.074
    8       -8.38       -0.18       0.1071      4.021
    9       -8.22       -0.18       0.1067      4.837
   10       -8.73       -0.41       0.1028      4.331
