              _             
             (_)            
   __ _ _ __  _ _ __   __ _ 
  / _` | '_ \| | '_ \ / _` |
 | (_| | | | | | | | | (_| |
  \__, |_| |_|_|_| |_|\__,_|
   __/ |                    
  |___/                     

gnina v1.3.3 master:6fe1ce2   Built Jun 30 2026.
gnina is based on smina and AutoDock Vina.
Please cite appropriately.

Commandline: gnina -r results/DOCKING/7AAA.mol2 -l results/DOCKING/ligands_sdf/ligando_781.sdf -o results/DOCKING/results_mol2/docked_ligando_781.mol2 --center_x 8.59 --center_y 39.35 --center_z 9.53 --size_x 22 --size_y 16 --size_z 24 --num_modes 10 --exhaustiveness 8 --seed 1
Using random seed: 1

0%   10   20   30   40   50   60   70   80   90   100%
|----|----|----|----|----|----|----|----|----|----|
***************************************************
MolPort-001-895-901 6783020 CSSS00160246305 PubChem-1950138 ZINC000006783020 ZINC06783020 | pose 0 | initial pose not within box

mode |  affinity  |  intramol  |    CNN     |   CNN
     | (kcal/mol) | (kcal/mol) | pose score | affinity
-----+------------+------------+------------+----------
    1       -7.90       -0.11       0.2620      5.546
    2       -8.31        0.09       0.2413      5.433
    3       -7.25       -0.55       0.2191      5.580
    4       -6.42       -0.42       0.2073      4.803
    5       -7.59        0.09       0.1822      4.843
    6       -8.28        0.08       0.1679      5.322
    7       -7.40        0.41       0.1557      5.323
    8       -8.05        0.26       0.1384      4.765
    9       -6.03        0.92       0.1199      5.302
   10       -7.91       -0.46       0.1027      5.091
