              _             
             (_)            
   __ _ _ __  _ _ __   __ _ 
  / _` | '_ \| | '_ \ / _` |
 | (_| | | | | | | | | (_| |
  \__, |_| |_|_|_| |_|\__,_|
   __/ |                    
  |___/                     

gnina v1.3.3 master:6fe1ce2   Built Jun 30 2026.
gnina is based on smina and AutoDock Vina.
Please cite appropriately.

Commandline: gnina -r results/DOCKING/7AAA.mol2 -l results/DOCKING/ligands_sdf/ligando_457.sdf -o results/DOCKING/results_mol2/docked_ligando_457.mol2 --center_x 8.59 --center_y 39.35 --center_z 9.53 --size_x 22 --size_y 16 --size_z 24 --num_modes 10 --exhaustiveness 8 --seed 1
Using random seed: 1

0%   10   20   30   40   50   60   70   80   90   100%
|----|----|----|----|----|----|----|----|----|----|
***************************************************
MolPort-003-165-650 10220831 CSSS03437101502 MCULE-8781211404 PubChem-16831273 ZINC000010220831 ZINC10220831 | pose 0 | initial pose not within box

mode |  affinity  |  intramol  |    CNN     |   CNN
     | (kcal/mol) | (kcal/mol) | pose score | affinity
-----+------------+------------+------------+----------
    1      -10.39        1.13       0.4916      6.337
    2       -8.01       -0.08       0.3082      6.420
    3       -9.65       -0.37       0.2971      6.371
    4       -8.21       -0.17       0.1929      5.568
    5       -7.83       -0.44       0.1661      5.745
    6       -9.70       -0.47       0.1582      6.203
    7       -9.47       -0.37       0.1573      5.663
    8       -9.77        0.46       0.1401      5.851
    9       -9.91       -0.98       0.1180      5.600
   10      -10.22       -0.55       0.1048      5.807
