              _             
             (_)            
   __ _ _ __  _ _ __   __ _ 
  / _` | '_ \| | '_ \ / _` |
 | (_| | | | | | | | | (_| |
  \__, |_| |_|_|_| |_|\__,_|
   __/ |                    
  |___/                     

gnina v1.3.3 master:6fe1ce2   Built Jun 30 2026.
gnina is based on smina and AutoDock Vina.
Please cite appropriately.

Commandline: gnina -r results/DOCKING/7AAA.mol2 -l results/DOCKING/ligands_sdf/ligando_174.sdf -o results/DOCKING/results_mol2/docked_ligando_174.mol2 --center_x 8.59 --center_y 39.35 --center_z 9.53 --size_x 22 --size_y 16 --size_z 24 --num_modes 10 --exhaustiveness 8 --seed 1
Using random seed: 1

0%   10   20   30   40   50   60   70   80   90   100%
|----|----|----|----|----|----|----|----|----|----|
***************************************************

mode |  affinity  |  intramol  |    CNN     |   CNN
     | (kcal/mol) | (kcal/mol) | pose score | affinity
-----+------------+------------+------------+----------
    1       -9.85        1.48       0.2187      6.047
    2       -8.48        0.69       0.1649      5.895
    3      -10.53        0.68       0.1283      5.747
    4      -10.34       -0.12       0.0747      5.584
    5       -8.75       -0.33       0.0701      5.892
    6      -10.23        0.36       0.0521      5.545
    7      -10.30       -0.32       0.0460      5.514
    8       -9.82       -0.80       0.0451      4.512
    9      -10.53       -0.38       0.0440      5.733
   10       -9.50        0.22       0.0353      4.620
