              _             
             (_)            
   __ _ _ __  _ _ __   __ _ 
  / _` | '_ \| | '_ \ / _` |
 | (_| | | | | | | | | (_| |
  \__, |_| |_|_|_| |_|\__,_|
   __/ |                    
  |___/                     

gnina v1.3.3 master:6fe1ce2   Built Jun 30 2026.
gnina is based on smina and AutoDock Vina.
Please cite appropriately.

Commandline: gnina -r results/DOCKING/7AAA.mol2 -l results/DOCKING/ligands_sdf/ligando_098.sdf -o results/DOCKING/results_mol2/docked_ligando_098.mol2 --center_x 8.59 --center_y 39.35 --center_z 9.53 --size_x 22 --size_y 16 --size_z 24 --num_modes 10 --exhaustiveness 8 --seed 1
Using random seed: 1

0%   10   20   30   40   50   60   70   80   90   100%
|----|----|----|----|----|----|----|----|----|----|
***************************************************
MolPort-001-630-073 2865909 CHEMBL1306485 CSSS00132429918 MCULE-4256763631 PubChem-2219062 ZINC000002865909 ZINC02865909 | pose 0 | initial pose not within box

mode |  affinity  |  intramol  |    CNN     |   CNN
     | (kcal/mol) | (kcal/mol) | pose score | affinity
-----+------------+------------+------------+----------
    1       -8.13       -0.39       0.6701      6.031
    2       -8.10       -0.51       0.5082      6.000
    3       -8.01        0.10       0.4516      5.331
    4       -6.85       -0.52       0.2934      4.630
    5       -7.24       -0.45       0.2829      5.756
    6       -8.07       -0.46       0.2558      5.276
    7       -8.27       -0.40       0.2322      4.944
    8       -7.28        0.95       0.2048      5.389
    9       -7.14       -0.04       0.1626      4.804
   10       -7.99       -0.43       0.1563      4.896
