              _             
             (_)            
   __ _ _ __  _ _ __   __ _ 
  / _` | '_ \| | '_ \ / _` |
 | (_| | | | | | | | | (_| |
  \__, |_| |_|_|_| |_|\__,_|
   __/ |                    
  |___/                     

gnina v1.3.3 master:6fe1ce2   Built Jun 30 2026.
gnina is based on smina and AutoDock Vina.
Please cite appropriately.

Commandline: gnina -r results/DOCKING/7AAA.mol2 -l results/DOCKING/ligands_sdf/ligando_680.sdf -o results/DOCKING/results_mol2/docked_ligando_680.mol2 --center_x 8.59 --center_y 39.35 --center_z 9.53 --size_x 22 --size_y 16 --size_z 24 --num_modes 10 --exhaustiveness 8 --seed 1
Using random seed: 1

0%   10   20   30   40   50   60   70   80   90   100%
|----|----|----|----|----|----|----|----|----|----|
***************************************************
MolPort-005-296-499 11695057 CSSS00106588480 MCULE-9651725630 PKTADVUQVLQCER-UHFFFAOYSA-N PubChem-42110475 ZINC000011695057 ZINC11695057 | pose 0 | initial pose not within box
MolPort-005-296-499 11695057 CSSS00106588480 MCULE-9651725630 PKTADVUQVLQCER-UHFFFAOYSA-N PubChem-42110475 ZINC000011695057 ZINC11695057 | pose 0 | ligand outside box

mode |  affinity  |  intramol  |    CNN     |   CNN
     | (kcal/mol) | (kcal/mol) | pose score | affinity
-----+------------+------------+------------+----------
    1       -9.49        0.92       0.1239      6.115
    2        2.40       -0.13       0.0972      4.908
    3       -5.94       -0.69       0.0817      5.147
    4       -7.78       -1.30       0.0774      5.477
    5        5.33        3.87       0.0691      4.889
    6       -9.10        0.83       0.0586      5.185
    7       -8.88       -0.37       0.0463      4.931
    8       -9.76        0.86       0.0438      5.108
    9       -4.71       -0.64       0.0410      5.021
   10      179.40       -0.20       0.0400      4.396
