              _             
             (_)            
   __ _ _ __  _ _ __   __ _ 
  / _` | '_ \| | '_ \ / _` |
 | (_| | | | | | | | | (_| |
  \__, |_| |_|_|_| |_|\__,_|
   __/ |                    
  |___/                     

gnina v1.3.3 master:6fe1ce2   Built Jun 30 2026.
gnina is based on smina and AutoDock Vina.
Please cite appropriately.

Commandline: gnina -r results/DOCKING/7AAA.mol2 -l results/DOCKING/ligands_sdf/ligando_180.sdf -o results/DOCKING/results_mol2/docked_ligando_180.mol2 --center_x 8.59 --center_y 39.35 --center_z 9.53 --size_x 22 --size_y 16 --size_z 24 --num_modes 10 --exhaustiveness 8 --seed 1
Using random seed: 1

0%   10   20   30   40   50   60   70   80   90   100%
|----|----|----|----|----|----|----|----|----|----|
***************************************************
MolPort-047-071-752 PubChem-132766475 | pose 0 | ligand outside box
MolPort-047-071-752 PubChem-132766475 | pose 0 | ligand outside box
MolPort-047-071-752 PubChem-132766475 | pose 0 | ligand outside box
MolPort-047-071-752 PubChem-132766475 | pose 0 | ligand outside box
MolPort-047-071-752 PubChem-132766475 | pose 0 | ligand outside box
MolPort-047-071-752 PubChem-132766475 | pose 0 | initial pose not within box

mode |  affinity  |  intramol  |    CNN     |   CNN
     | (kcal/mol) | (kcal/mol) | pose score | affinity
-----+------------+------------+------------+----------
    1      -10.81       -0.41       0.1914      6.766
    2      -10.97        0.33       0.1857      6.830
    3        0.40       -0.29       0.1711      4.986
    4      -10.73       -0.35       0.1515      6.695
    5       -5.25       -0.59       0.1210      5.916
    6       -7.39       -0.18       0.1116      5.633
    7       -5.14       -0.56       0.0991      5.218
    8       -5.53       -0.67       0.0919      5.855
    9      -10.29       -0.49       0.0805      6.423
   10      -11.43        0.06       0.0657      5.680
