              _             
             (_)            
   __ _ _ __  _ _ __   __ _ 
  / _` | '_ \| | '_ \ / _` |
 | (_| | | | | | | | | (_| |
  \__, |_| |_|_|_| |_|\__,_|
   __/ |                    
  |___/                     

gnina v1.3.3 master:6fe1ce2   Built Jun 30 2026.
gnina is based on smina and AutoDock Vina.
Please cite appropriately.

Commandline: gnina -r results/DOCKING/7AAA.mol2 -l results/DOCKING/ligands_sdf/ligando_494.sdf -o results/DOCKING/results_mol2/docked_ligando_494.mol2 --center_x 8.59 --center_y 39.35 --center_z 9.53 --size_x 22 --size_y 16 --size_z 24 --num_modes 10 --exhaustiveness 8 --seed 1
Using random seed: 1

0%   10   20   30   40   50   60   70   80   90   100%
|----|----|----|----|----|----|----|----|----|----|
***************************************************
MolPort-016-717-760 MCULE-1350615302 PubChem-46974622 | pose 0 | initial pose not within box

mode |  affinity  |  intramol  |    CNN     |   CNN
     | (kcal/mol) | (kcal/mol) | pose score | affinity
-----+------------+------------+------------+----------
    1      -11.04        0.10       0.3426      6.660
    2       -8.94       -0.18       0.3001      6.515
    3       -9.63       -0.52       0.2999      6.662
    4       -9.86        0.10       0.1898      6.467
    5       -8.29        0.95       0.1766      6.085
    6       -9.67        0.68       0.1037      5.704
    7       -8.75       -0.93       0.0748      5.814
    8       -8.45       -0.79       0.0668      5.392
    9      -10.36        1.04       0.0653      5.078
   10      -10.12        0.06       0.0594      5.119
