              _             
             (_)            
   __ _ _ __  _ _ __   __ _ 
  / _` | '_ \| | '_ \ / _` |
 | (_| | | | | | | | | (_| |
  \__, |_| |_|_|_| |_|\__,_|
   __/ |                    
  |___/                     

gnina v1.3.3 master:6fe1ce2   Built Jun 30 2026.
gnina is based on smina and AutoDock Vina.
Please cite appropriately.

Commandline: gnina -r results/DOCKING/7AAA.mol2 -l results/DOCKING/ligands_sdf/ligando_193.sdf -o results/DOCKING/results_mol2/docked_ligando_193.mol2 --center_x 8.59 --center_y 39.35 --center_z 9.53 --size_x 22 --size_y 16 --size_z 24 --num_modes 10 --exhaustiveness 8 --seed 1
Using random seed: 1

0%   10   20   30   40   50   60   70   80   90   100%
|----|----|----|----|----|----|----|----|----|----|
***************************************************
MolPort-001-550-176 1150979 CSC028001457 CSSS00028001457 MCULE-9900168954 PubChem-1321321 Z29703923 ZINC000001150979 ZINC01150979 | pose 0 | ligand outside box
MolPort-001-550-176 1150979 CSC028001457 CSSS00028001457 MCULE-9900168954 PubChem-1321321 Z29703923 ZINC000001150979 ZINC01150979 | pose 0 | ligand outside box
MolPort-001-550-176 1150979 CSC028001457 CSSS00028001457 MCULE-9900168954 PubChem-1321321 Z29703923 ZINC000001150979 ZINC01150979 | pose 0 | ligand outside box

mode |  affinity  |  intramol  |    CNN     |   CNN
     | (kcal/mol) | (kcal/mol) | pose score | affinity
-----+------------+------------+------------+----------
    1        6.30        0.94       0.5861      6.279
    2        7.09        0.52       0.5719      5.537
    3        7.67        0.93       0.2613      5.735
    4       -1.03       -0.81       0.1874      6.059
    5       -6.24        1.72       0.1398      6.070
    6       -3.35        0.06       0.0917      5.202
    7      -10.19       -0.22       0.0789      5.401
    8       -9.60        3.30       0.0762      5.021
    9       -9.76        0.55       0.0720      5.789
   10       -7.09       -0.90       0.0712      5.062
