              _             
             (_)            
   __ _ _ __  _ _ __   __ _ 
  / _` | '_ \| | '_ \ / _` |
 | (_| | | | | | | | | (_| |
  \__, |_| |_|_|_| |_|\__,_|
   __/ |                    
  |___/                     

gnina v1.3.3 master:6fe1ce2   Built Jun 30 2026.
gnina is based on smina and AutoDock Vina.
Please cite appropriately.

Commandline: gnina -r results/DOCKING/7AAA.mol2 -l results/DOCKING/ligands_sdf/ligando_092.sdf -o results/DOCKING/results_mol2/docked_ligando_092.mol2 --center_x 8.59 --center_y 39.35 --center_z 9.53 --size_x 22 --size_y 16 --size_z 24 --num_modes 10 --exhaustiveness 8 --seed 1
Using random seed: 1

0%   10   20   30   40   50   60   70   80   90   100%
|----|----|----|----|----|----|----|----|----|----|
***************************************************

mode |  affinity  |  intramol  |    CNN     |   CNN
     | (kcal/mol) | (kcal/mol) | pose score | affinity
-----+------------+------------+------------+----------
    1       -8.59       -0.26       0.8106      6.720
    2       -8.51       -0.28       0.7988      6.586
    3       -8.16       -0.50       0.4397      5.756
    4       -8.58       -0.52       0.1878      5.816
    5       -8.58       -0.24       0.1473      5.328
    6       -8.52       -0.52       0.1449      5.681
    7       -9.36       -0.66       0.0908      5.128
    8       -8.18        0.04       0.0727      5.351
    9       -8.56       -0.39       0.0569      4.927
   10       -8.37        0.17       0.0565      4.834
