              _             
             (_)            
   __ _ _ __  _ _ __   __ _ 
  / _` | '_ \| | '_ \ / _` |
 | (_| | | | | | | | | (_| |
  \__, |_| |_|_|_| |_|\__,_|
   __/ |                    
  |___/                     

gnina v1.3.3 master:6fe1ce2   Built Jun 30 2026.
gnina is based on smina and AutoDock Vina.
Please cite appropriately.

Commandline: gnina -r results/DOCKING/7AAA.mol2 -l results/DOCKING/ligands_sdf/ligando_792.sdf -o results/DOCKING/results_mol2/docked_ligando_792.mol2 --center_x 8.59 --center_y 39.35 --center_z 9.53 --size_x 22 --size_y 16 --size_z 24 --num_modes 10 --exhaustiveness 8 --seed 1
Using random seed: 1

0%   10   20   30   40   50   60   70   80   90   100%
|----|----|----|----|----|----|----|----|----|----|
***************************************************

mode |  affinity  |  intramol  |    CNN     |   CNN
     | (kcal/mol) | (kcal/mol) | pose score | affinity
-----+------------+------------+------------+----------
    1       -7.77       -0.37       0.7145      5.467
    2       -7.53       -0.04       0.5243      5.426
    3       -6.96       -0.33       0.3749      4.983
    4       -5.06       -0.22       0.2964      4.546
    5       -6.39       -0.31       0.2038      4.583
    6       -5.45       -0.30       0.1992      4.690
    7       -7.38       -0.32       0.1910      4.680
    8       -6.52       -0.35       0.1653      4.119
    9       -5.66       -0.35       0.1515      4.504
   10       -6.05       -0.35       0.1389      4.635
