              _             
             (_)            
   __ _ _ __  _ _ __   __ _ 
  / _` | '_ \| | '_ \ / _` |
 | (_| | | | | | | | | (_| |
  \__, |_| |_|_|_| |_|\__,_|
   __/ |                    
  |___/                     

gnina v1.3.3 master:6fe1ce2   Built Jun 30 2026.
gnina is based on smina and AutoDock Vina.
Please cite appropriately.

Commandline: gnina -r results/DOCKING/7AAA.mol2 -l results/DOCKING/ligands_sdf/ligando_513.sdf -o results/DOCKING/results_mol2/docked_ligando_513.mol2 --center_x 8.59 --center_y 39.35 --center_z 9.53 --size_x 22 --size_y 16 --size_z 24 --num_modes 10 --exhaustiveness 8 --seed 1
Using random seed: 1

0%   10   20   30   40   50   60   70   80   90   100%
|----|----|----|----|----|----|----|----|----|----|
***************************************************

mode |  affinity  |  intramol  |    CNN     |   CNN
     | (kcal/mol) | (kcal/mol) | pose score | affinity
-----+------------+------------+------------+----------
    1       -8.45       -0.08       0.3589      5.203
    2       -8.96       -0.04       0.3488      5.297
    3       -8.38        0.13       0.3122      5.300
    4       -8.34       -0.28       0.2667      5.402
    5       -8.72       -0.28       0.2391      5.406
    6       -7.42       -0.43       0.2110      4.679
    7       -8.55       -0.72       0.2072      4.910
    8       -8.16       -0.27       0.1962      4.694
    9       -8.47       -0.03       0.1960      4.756
   10       -7.36       -0.01       0.1777      4.918
