              _             
             (_)            
   __ _ _ __  _ _ __   __ _ 
  / _` | '_ \| | '_ \ / _` |
 | (_| | | | | | | | | (_| |
  \__, |_| |_|_|_| |_|\__,_|
   __/ |                    
  |___/                     

gnina v1.3.3 master:6fe1ce2   Built Jun 30 2026.
gnina is based on smina and AutoDock Vina.
Please cite appropriately.

Commandline: gnina -r results/DOCKING/7AAA.mol2 -l results/DOCKING/ligands_sdf/ligando_834.sdf -o results/DOCKING/results_mol2/docked_ligando_834.mol2 --center_x 8.59 --center_y 39.35 --center_z 9.53 --size_x 22 --size_y 16 --size_z 24 --num_modes 10 --exhaustiveness 8 --seed 1
Using random seed: 1

0%   10   20   30   40   50   60   70   80   90   100%
|----|----|----|----|----|----|----|----|----|----|
***************************************************
MolPort-002-994-723 13942052 CSSS00121599790 MCULE-3848106283 PubChem-3502326 ZINC000013942052 ZINC13942052 | pose 0 | initial pose not within box

mode |  affinity  |  intramol  |    CNN     |   CNN
     | (kcal/mol) | (kcal/mol) | pose score | affinity
-----+------------+------------+------------+----------
    1       -8.22       -0.18       0.8822      6.201
    2       -7.95        0.65       0.6425      5.948
    3       -8.26       -0.17       0.6024      6.125
    4       -6.79       -0.53       0.4069      5.649
    5       -8.21        0.06       0.2477      5.061
    6       -8.11       -0.28       0.2446      5.418
    7       -7.34       -0.48       0.2219      4.556
    8       -7.13       -0.19       0.2002      4.849
    9       -7.79       -0.30       0.1605      5.500
   10       -7.18        0.00       0.1509      4.811
