              _             
             (_)            
   __ _ _ __  _ _ __   __ _ 
  / _` | '_ \| | '_ \ / _` |
 | (_| | | | | | | | | (_| |
  \__, |_| |_|_|_| |_|\__,_|
   __/ |                    
  |___/                     

gnina v1.3.3 master:6fe1ce2   Built Jun 30 2026.
gnina is based on smina and AutoDock Vina.
Please cite appropriately.

Commandline: gnina -r results/DOCKING/7AAA.mol2 -l results/DOCKING/ligands_sdf/ligando_416.sdf -o results/DOCKING/results_mol2/docked_ligando_416.mol2 --center_x 8.59 --center_y 39.35 --center_z 9.53 --size_x 22 --size_y 16 --size_z 24 --num_modes 10 --exhaustiveness 8 --seed 1
Using random seed: 1

0%   10   20   30   40   50   60   70   80   90   100%
|----|----|----|----|----|----|----|----|----|----|
***************************************************

mode |  affinity  |  intramol  |    CNN     |   CNN
     | (kcal/mol) | (kcal/mol) | pose score | affinity
-----+------------+------------+------------+----------
    1       -7.38       -0.03       0.5129      6.163
    2       -7.62        0.90       0.3798      5.910
    3       -7.79        1.45       0.3406      6.186
    4       -8.87       -0.50       0.2325      6.077
    5       -9.24       -0.33       0.1316      5.802
    6       -7.47       -0.60       0.1177      5.859
    7       -8.59        1.13       0.1057      5.725
    8       -8.07        0.08       0.0961      5.408
    9       -7.60        2.20       0.0931      5.011
   10       -8.68        0.04       0.0896      5.762
