              _             
             (_)            
   __ _ _ __  _ _ __   __ _ 
  / _` | '_ \| | '_ \ / _` |
 | (_| | | | | | | | | (_| |
  \__, |_| |_|_|_| |_|\__,_|
   __/ |                    
  |___/                     

gnina v1.3.3 master:6fe1ce2   Built Jun 30 2026.
gnina is based on smina and AutoDock Vina.
Please cite appropriately.

Commandline: gnina -r results/DOCKING/7AAA.mol2 -l results/DOCKING/ligands_sdf/ligando_216.sdf -o results/DOCKING/results_mol2/docked_ligando_216.mol2 --center_x 8.59 --center_y 39.35 --center_z 9.53 --size_x 22 --size_y 16 --size_z 24 --num_modes 10 --exhaustiveness 8 --seed 1
Using random seed: 1

0%   10   20   30   40   50   60   70   80   90   100%
|----|----|----|----|----|----|----|----|----|----|
***************************************************
MolPort-051-449-184 CSSS09880959523 MCULE-2042059605 PubChem-162638207 | pose 0 | initial pose not within box

mode |  affinity  |  intramol  |    CNN     |   CNN
     | (kcal/mol) | (kcal/mol) | pose score | affinity
-----+------------+------------+------------+----------
    1       -8.93       -0.52       0.2600      4.754
    2       -8.95       -0.44       0.1953      5.062
    3       -9.23       -0.84       0.1888      4.769
    4       -9.01       -0.56       0.1741      5.157
    5       -7.82       -0.81       0.1229      4.857
    6       -8.50       -0.54       0.0965      4.918
    7       -7.80       -0.71       0.0620      4.100
    8       -7.68       -0.55       0.0570      4.655
    9       -8.85       -0.66       0.0561      4.440
   10       -7.85       -0.21       0.0553      3.689
