              _             
             (_)            
   __ _ _ __  _ _ __   __ _ 
  / _` | '_ \| | '_ \ / _` |
 | (_| | | | | | | | | (_| |
  \__, |_| |_|_|_| |_|\__,_|
   __/ |                    
  |___/                     

gnina v1.3.3 master:6fe1ce2   Built Jun 30 2026.
gnina is based on smina and AutoDock Vina.
Please cite appropriately.

Commandline: gnina -r results/DOCKING/7AAA.mol2 -l results/DOCKING/ligands_sdf/ligando_135.sdf -o results/DOCKING/results_mol2/docked_ligando_135.mol2 --center_x 8.59 --center_y 39.35 --center_z 9.53 --size_x 22 --size_y 16 --size_z 24 --num_modes 10 --exhaustiveness 8 --seed 1
Using random seed: 1

0%   10   20   30   40   50   60   70   80   90   100%
|----|----|----|----|----|----|----|----|----|----|
***************************************************
MolPort-029-901-363 CSSS00160095993 MCULE-4458820928 PubChem-72911839 | pose 0 | initial pose not within box

mode |  affinity  |  intramol  |    CNN     |   CNN
     | (kcal/mol) | (kcal/mol) | pose score | affinity
-----+------------+------------+------------+----------
    1       -9.50       -0.25       0.1989      5.876
    2       -9.22        1.08       0.1910      6.010
    3       -9.73        0.13       0.1439      5.367
    4       -8.14        2.15       0.1418      4.886
    5       -8.15       -0.37       0.1382      5.148
    6       -8.75       -0.29       0.1371      5.291
    7       -9.01        1.93       0.1219      5.193
    8       -8.73        0.06       0.1145      5.195
    9       -8.30       -0.23       0.1135      4.931
   10       -8.77        0.26       0.1127      5.234
