              _             
             (_)            
   __ _ _ __  _ _ __   __ _ 
  / _` | '_ \| | '_ \ / _` |
 | (_| | | | | | | | | (_| |
  \__, |_| |_|_|_| |_|\__,_|
   __/ |                    
  |___/                     

gnina v1.3.3 master:6fe1ce2   Built Jun 30 2026.
gnina is based on smina and AutoDock Vina.
Please cite appropriately.

Commandline: gnina -r results/DOCKING/7AAA.mol2 -l results/DOCKING/ligands_sdf/ligando_543.sdf -o results/DOCKING/results_mol2/docked_ligando_543.mol2 --center_x 8.59 --center_y 39.35 --center_z 9.53 --size_x 22 --size_y 16 --size_z 24 --num_modes 10 --exhaustiveness 8 --seed 1
Using random seed: 1

0%   10   20   30   40   50   60   70   80   90   100%
|----|----|----|----|----|----|----|----|----|----|
***************************************************

mode |  affinity  |  intramol  |    CNN     |   CNN
     | (kcal/mol) | (kcal/mol) | pose score | affinity
-----+------------+------------+------------+----------
    1       -8.32        0.80       0.6289      6.817
    2       -9.15        0.61       0.3704      6.333
    3       -9.30        0.62       0.3152      6.498
    4       -6.46        1.30       0.2441      5.801
    5       -9.51        0.73       0.2314      6.311
    6       -9.02        0.39       0.2196      6.190
    7       -9.04        0.40       0.1380      5.228
    8       -9.12        1.16       0.1363      5.168
    9       -8.72        0.56       0.1325      6.114
   10       -8.75        1.86       0.1267      5.325
