              _             
             (_)            
   __ _ _ __  _ _ __   __ _ 
  / _` | '_ \| | '_ \ / _` |
 | (_| | | | | | | | | (_| |
  \__, |_| |_|_|_| |_|\__,_|
   __/ |                    
  |___/                     

gnina v1.3.3 master:6fe1ce2   Built Jun 30 2026.
gnina is based on smina and AutoDock Vina.
Please cite appropriately.

Commandline: gnina -r results/DOCKING/7AAA.mol2 -l results/DOCKING/ligands_sdf/ligando_851.sdf -o results/DOCKING/results_mol2/docked_ligando_851.mol2 --center_x 8.59 --center_y 39.35 --center_z 9.53 --size_x 22 --size_y 16 --size_z 24 --num_modes 10 --exhaustiveness 8 --seed 1
Using random seed: 1

0%   10   20   30   40   50   60   70   80   90   100%
|----|----|----|----|----|----|----|----|----|----|
***************************************************
MolPort-008-370-653 CSSS00159509820 MCULE-4104381300 PubChem-46990737 | pose 0 | initial pose not within box

mode |  affinity  |  intramol  |    CNN     |   CNN
     | (kcal/mol) | (kcal/mol) | pose score | affinity
-----+------------+------------+------------+----------
    1       -9.56       -0.66       0.6838      6.526
    2       -8.08        0.86       0.3709      6.173
    3       -9.13       -0.12       0.1941      5.894
    4       -9.15       -0.13       0.1892      5.947
    5       -8.96        0.41       0.1559      5.647
    6       -7.62       -0.26       0.1454      5.369
    7       -4.75       -0.64       0.1136      4.488
    8       -4.79       -0.81       0.1049      4.292
    9       -9.79        0.22       0.1009      5.751
   10       -9.84       -0.46       0.0955      5.624
