              _             
             (_)            
   __ _ _ __  _ _ __   __ _ 
  / _` | '_ \| | '_ \ / _` |
 | (_| | | | | | | | | (_| |
  \__, |_| |_|_|_| |_|\__,_|
   __/ |                    
  |___/                     

gnina v1.3.3 master:6fe1ce2   Built Jun 30 2026.
gnina is based on smina and AutoDock Vina.
Please cite appropriately.

Commandline: gnina -r results/DOCKING/7AAA.mol2 -l results/DOCKING/ligands_sdf/ligando_582.sdf -o results/DOCKING/results_mol2/docked_ligando_582.mol2 --center_x 8.59 --center_y 39.35 --center_z 9.53 --size_x 22 --size_y 16 --size_z 24 --num_modes 10 --exhaustiveness 8 --seed 1
Using random seed: 1

0%   10   20   30   40   50   60   70   80   90   100%
|----|----|----|----|----|----|----|----|----|----|
***************************************************
MolPort-001-806-690 CSSS00104793305 MCULE-2498389420 PubChem-2810090 ZINC000000119557 ZINC00119557 | pose 0 | ligand outside box

mode |  affinity  |  intramol  |    CNN     |   CNN
     | (kcal/mol) | (kcal/mol) | pose score | affinity
-----+------------+------------+------------+----------
    1       -6.02        0.37       0.3934      4.576
    2       -7.61        0.97       0.3113      5.684
    3       -8.78        0.07       0.2996      5.431
    4       -6.83       -0.55       0.2653      5.410
    5       -8.37       -0.08       0.2388      5.259
    6       -7.31        0.67       0.1999      5.234
    7       -4.26       -0.33       0.1716      4.531
    8       -8.08       -0.22       0.1643      4.893
    9       -8.66       -0.61       0.1569      5.119
   10       -7.42       -0.44       0.1467      4.959
