              _             
             (_)            
   __ _ _ __  _ _ __   __ _ 
  / _` | '_ \| | '_ \ / _` |
 | (_| | | | | | | | | (_| |
  \__, |_| |_|_|_| |_|\__,_|
   __/ |                    
  |___/                     

gnina v1.3.3 master:6fe1ce2   Built Jun 30 2026.
gnina is based on smina and AutoDock Vina.
Please cite appropriately.

Commandline: gnina -r results/DOCKING/7AAA.mol2 -l results/DOCKING/ligands_sdf/ligando_748.sdf -o results/DOCKING/results_mol2/docked_ligando_748.mol2 --center_x 8.59 --center_y 39.35 --center_z 9.53 --size_x 22 --size_y 16 --size_z 24 --num_modes 10 --exhaustiveness 8 --seed 1
Using random seed: 1

0%   10   20   30   40   50   60   70   80   90   100%
|----|----|----|----|----|----|----|----|----|----|
***************************************************

mode |  affinity  |  intramol  |    CNN     |   CNN
     | (kcal/mol) | (kcal/mol) | pose score | affinity
-----+------------+------------+------------+----------
    1       -7.26       -0.71       0.4087      5.744
    2       -7.97       -0.66       0.2700      5.391
    3       -7.08        0.03       0.1799      5.149
    4       -7.87       -0.19       0.1519      4.800
    5       -6.32        0.78       0.1436      5.099
    6       -8.03       -0.23       0.1094      4.814
    7       -4.73       -0.17       0.1053      4.536
    8       -6.67       -0.58       0.0884      5.135
    9       -6.57       -0.48       0.0879      4.470
   10       -7.08       -0.80       0.0861      4.992
