              _             
             (_)            
   __ _ _ __  _ _ __   __ _ 
  / _` | '_ \| | '_ \ / _` |
 | (_| | | | | | | | | (_| |
  \__, |_| |_|_|_| |_|\__,_|
   __/ |                    
  |___/                     

gnina v1.3.3 master:6fe1ce2   Built Jun 30 2026.
gnina is based on smina and AutoDock Vina.
Please cite appropriately.

Commandline: gnina -r results/DOCKING/7AAA.mol2 -l results/DOCKING/ligands_sdf/ligando_058.sdf -o results/DOCKING/results_mol2/docked_ligando_058.mol2 --center_x 8.59 --center_y 39.35 --center_z 9.53 --size_x 22 --size_y 16 --size_z 24 --num_modes 10 --exhaustiveness 8 --seed 1
Using random seed: 1

0%   10   20   30   40   50   60   70   80   90   100%
|----|----|----|----|----|----|----|----|----|----|
***************************************************

mode |  affinity  |  intramol  |    CNN     |   CNN
     | (kcal/mol) | (kcal/mol) | pose score | affinity
-----+------------+------------+------------+----------
    1       -8.27        0.55       0.5979      6.378
    2       -7.79        0.82       0.4567      6.240
    3       -7.89       -0.55       0.4431      5.930
    4       -9.31       -0.12       0.3118      5.620
    5       -7.59        0.14       0.2088      5.942
    6       -8.97       -0.31       0.1612      5.496
    7       -8.92       -0.51       0.1582      5.347
    8       -7.98       -0.05       0.1510      5.726
    9       -9.19       -0.55       0.1471      5.283
   10       -8.66        0.42       0.1433      5.089
