              _             
             (_)            
   __ _ _ __  _ _ __   __ _ 
  / _` | '_ \| | '_ \ / _` |
 | (_| | | | | | | | | (_| |
  \__, |_| |_|_|_| |_|\__,_|
   __/ |                    
  |___/                     

gnina v1.3.3 master:6fe1ce2   Built Jun 30 2026.
gnina is based on smina and AutoDock Vina.
Please cite appropriately.

Commandline: gnina -r results/DOCKING/7AAA.mol2 -l results/DOCKING/ligands_sdf/ligando_166.sdf -o results/DOCKING/results_mol2/docked_ligando_166.mol2 --center_x 8.59 --center_y 39.35 --center_z 9.53 --size_x 22 --size_y 16 --size_z 24 --num_modes 10 --exhaustiveness 8 --seed 1
Using random seed: 1

0%   10   20   30   40   50   60   70   80   90   100%
|----|----|----|----|----|----|----|----|----|----|
***************************************************

mode |  affinity  |  intramol  |    CNN     |   CNN
     | (kcal/mol) | (kcal/mol) | pose score | affinity
-----+------------+------------+------------+----------
    1       -8.24        0.89       0.5855      7.051
    2       -9.30        2.33       0.3140      6.641
    3       -8.82       -0.16       0.1729      6.141
    4       -9.29       -0.07       0.1298      5.925
    5       -8.92       -0.31       0.1029      6.241
    6       -8.37        0.04       0.0987      5.618
    7       -8.55        0.76       0.0824      5.906
    8       -8.28       -0.88       0.0761      5.166
    9       -8.03       -0.19       0.0749      5.157
   10       -7.99       -0.82       0.0698      5.299
