              _             
             (_)            
   __ _ _ __  _ _ __   __ _ 
  / _` | '_ \| | '_ \ / _` |
 | (_| | | | | | | | | (_| |
  \__, |_| |_|_|_| |_|\__,_|
   __/ |                    
  |___/                     

gnina v1.3.3 master:6fe1ce2   Built Jun 30 2026.
gnina is based on smina and AutoDock Vina.
Please cite appropriately.

Commandline: gnina -r results/DOCKING/7AAA.mol2 -l results/DOCKING/ligands_sdf/ligando_427.sdf -o results/DOCKING/results_mol2/docked_ligando_427.mol2 --center_x 8.59 --center_y 39.35 --center_z 9.53 --size_x 22 --size_y 16 --size_z 24 --num_modes 10 --exhaustiveness 8 --seed 1
Using random seed: 1

0%   10   20   30   40   50   60   70   80   90   100%
|----|----|----|----|----|----|----|----|----|----|
***************************************************

mode |  affinity  |  intramol  |    CNN     |   CNN
     | (kcal/mol) | (kcal/mol) | pose score | affinity
-----+------------+------------+------------+----------
    1       -9.60       -0.10       0.1953      6.778
    2      -10.39       -0.43       0.1170      6.514
    3      -10.58       -0.39       0.1107      6.102
    4       -9.64       -0.45       0.0943      6.820
    5       -9.24       -0.04       0.0842      6.372
    6      -10.64       -0.53       0.0745      5.778
    7       -9.52       -0.34       0.0661      6.616
    8      -10.87       -0.43       0.0446      5.491
    9      -10.86       -0.47       0.0435      5.483
   10       -8.96        0.75       0.0319      5.764
