              _             
             (_)            
   __ _ _ __  _ _ __   __ _ 
  / _` | '_ \| | '_ \ / _` |
 | (_| | | | | | | | | (_| |
  \__, |_| |_|_|_| |_|\__,_|
   __/ |                    
  |___/                     

gnina v1.3.3 master:6fe1ce2   Built Jun 30 2026.
gnina is based on smina and AutoDock Vina.
Please cite appropriately.

Commandline: gnina -r results/DOCKING/7AAA.mol2 -l results/DOCKING/ligands_sdf/ligando_498.sdf -o results/DOCKING/results_mol2/docked_ligando_498.mol2 --center_x 8.59 --center_y 39.35 --center_z 9.53 --size_x 22 --size_y 16 --size_z 24 --num_modes 10 --exhaustiveness 8 --seed 1
Using random seed: 1

0%   10   20   30   40   50   60   70   80   90   100%
|----|----|----|----|----|----|----|----|----|----|
***************************************************

mode |  affinity  |  intramol  |    CNN     |   CNN
     | (kcal/mol) | (kcal/mol) | pose score | affinity
-----+------------+------------+------------+----------
    1       -9.65       -0.10       0.2237      6.284
    2       -8.97        0.48       0.0874      6.322
    3      -10.98       -0.44       0.0814      6.189
    4       -9.21       -0.43       0.0664      6.238
    5      -10.35       -0.93       0.0607      5.516
    6      -10.24       -0.90       0.0602      5.704
    7      -10.78       -0.17       0.0548      5.828
    8       -9.86       -0.21       0.0471      5.102
    9       -9.80       -0.41       0.0449      5.262
   10      -10.74       -0.02       0.0443      5.660
