              _             
             (_)            
   __ _ _ __  _ _ __   __ _ 
  / _` | '_ \| | '_ \ / _` |
 | (_| | | | | | | | | (_| |
  \__, |_| |_|_|_| |_|\__,_|
   __/ |                    
  |___/                     

gnina v1.3.3 master:6fe1ce2   Built Jun 30 2026.
gnina is based on smina and AutoDock Vina.
Please cite appropriately.

Commandline: gnina -r results/DOCKING/7AAA.mol2 -l results/DOCKING/ligands_sdf/ligando_024.sdf -o results/DOCKING/results_mol2/docked_ligando_024.mol2 --center_x 8.59 --center_y 39.35 --center_z 9.53 --size_x 22 --size_y 16 --size_z 24 --num_modes 10 --exhaustiveness 8 --seed 1
Using random seed: 1

0%   10   20   30   40   50   60   70   80   90   100%
|----|----|----|----|----|----|----|----|----|----|
***************************************************

mode |  affinity  |  intramol  |    CNN     |   CNN
     | (kcal/mol) | (kcal/mol) | pose score | affinity
-----+------------+------------+------------+----------
    1       -7.08       -0.08       0.3465      5.802
    2       -8.51        0.06       0.3273      4.938
    3       -7.69       -0.18       0.2412      5.071
    4       -7.24        0.17       0.2149      4.861
    5       -7.22       -0.45       0.1967      4.239
    6       -5.43        0.01       0.1924      4.661
    7       -6.57        0.04       0.1821      4.271
    8       -6.96       -0.40       0.1726      4.431
    9       -6.87        0.13       0.1706      4.131
   10       -7.32       -0.16       0.1676      4.822
