              _             
             (_)            
   __ _ _ __  _ _ __   __ _ 
  / _` | '_ \| | '_ \ / _` |
 | (_| | | | | | | | | (_| |
  \__, |_| |_|_|_| |_|\__,_|
   __/ |                    
  |___/                     

gnina v1.3.3 master:6fe1ce2   Built Jun 30 2026.
gnina is based on smina and AutoDock Vina.
Please cite appropriately.

Commandline: gnina -r results/DOCKING/7AAA.mol2 -l results/DOCKING/ligands_sdf/ligando_636.sdf -o results/DOCKING/results_mol2/docked_ligando_636.mol2 --center_x 8.59 --center_y 39.35 --center_z 9.53 --size_x 22 --size_y 16 --size_z 24 --num_modes 10 --exhaustiveness 8 --seed 1
Using random seed: 1

0%   10   20   30   40   50   60   70   80   90   100%
|----|----|----|----|----|----|----|----|----|----|
***************************************************

mode |  affinity  |  intramol  |    CNN     |   CNN
     | (kcal/mol) | (kcal/mol) | pose score | affinity
-----+------------+------------+------------+----------
    1       -8.51        0.55       0.2029      6.148
    2       -8.27        0.50       0.1840      6.108
    3       -8.17        0.99       0.1805      5.854
    4       -9.22        0.03       0.1568      5.184
    5       -9.05       -0.26       0.1371      5.413
    6       -8.62        0.96       0.1280      5.675
    7       -8.04       -0.42       0.1210      5.037
    8       -8.58        0.09       0.1142      5.974
    9       -8.31        1.19       0.1111      5.883
   10       -7.85        0.64       0.0981      6.070
