              _             
             (_)            
   __ _ _ __  _ _ __   __ _ 
  / _` | '_ \| | '_ \ / _` |
 | (_| | | | | | | | | (_| |
  \__, |_| |_|_|_| |_|\__,_|
   __/ |                    
  |___/                     

gnina v1.3.3 master:6fe1ce2   Built Jun 30 2026.
gnina is based on smina and AutoDock Vina.
Please cite appropriately.

Commandline: gnina -r results/DOCKING/7AAA.mol2 -l results/DOCKING/ligands_sdf/ligando_191.sdf -o results/DOCKING/results_mol2/docked_ligando_191.mol2 --center_x 8.59 --center_y 39.35 --center_z 9.53 --size_x 22 --size_y 16 --size_z 24 --num_modes 10 --exhaustiveness 8 --seed 1
Using random seed: 1

0%   10   20   30   40   50   60   70   80   90   100%
|----|----|----|----|----|----|----|----|----|----|
***************************************************

mode |  affinity  |  intramol  |    CNN     |   CNN
     | (kcal/mol) | (kcal/mol) | pose score | affinity
-----+------------+------------+------------+----------
    1       -9.66        3.63       0.5065      6.359
    2       -9.51        0.04       0.3618      6.401
    3       -8.32       -0.34       0.2650      6.096
    4       -9.46        0.40       0.2030      6.309
    5       -9.05       -0.17       0.1769      6.105
    6       -8.93        1.10       0.1368      5.753
    7       -8.74        0.08       0.0680      4.690
    8       -8.61        1.17       0.0677      5.320
    9       -8.40       -0.41       0.0636      4.841
   10       -7.99       -0.79       0.0600      4.882
