              _             
             (_)            
   __ _ _ __  _ _ __   __ _ 
  / _` | '_ \| | '_ \ / _` |
 | (_| | | | | | | | | (_| |
  \__, |_| |_|_|_| |_|\__,_|
   __/ |                    
  |___/                     

gnina v1.3.3 master:6fe1ce2   Built Jun 30 2026.
gnina is based on smina and AutoDock Vina.
Please cite appropriately.

Commandline: gnina -r results/DOCKING/7AAA.mol2 -l results/DOCKING/ligands_sdf/ligando_705.sdf -o results/DOCKING/results_mol2/docked_ligando_705.mol2 --center_x 8.59 --center_y 39.35 --center_z 9.53 --size_x 22 --size_y 16 --size_z 24 --num_modes 10 --exhaustiveness 8 --seed 1
Using random seed: 1

0%   10   20   30   40   50   60   70   80   90   100%
|----|----|----|----|----|----|----|----|----|----|
***************************************************
MolPort-007-714-565 ChemDiv-E002-1916 MCULE-8688551559 PubChem-22510860 ZINC000006780263 | pose 0 | initial pose not within box

mode |  affinity  |  intramol  |    CNN     |   CNN
     | (kcal/mol) | (kcal/mol) | pose score | affinity
-----+------------+------------+------------+----------
    1       -4.25        0.71       0.3826      5.611
    2      -10.05        0.56       0.3721      6.299
    3       -3.74        0.19       0.3685      4.973
    4       -6.21       -0.26       0.1995      5.147
    5       -4.95        0.18       0.1738      4.614
    6       -4.49       -0.32       0.1594      5.149
    7       -8.37        1.44       0.1515      5.591
    8       -9.46        0.47       0.1309      5.611
    9       -4.08        0.44       0.1014      4.940
   10       -5.53       -0.62       0.0750      4.447
