              _             
             (_)            
   __ _ _ __  _ _ __   __ _ 
  / _` | '_ \| | '_ \ / _` |
 | (_| | | | | | | | | (_| |
  \__, |_| |_|_|_| |_|\__,_|
   __/ |                    
  |___/                     

gnina v1.3.3 master:6fe1ce2   Built Jun 30 2026.
gnina is based on smina and AutoDock Vina.
Please cite appropriately.

Commandline: gnina -r results/DOCKING/7AAA.mol2 -l results/DOCKING/ligands_sdf/ligando_176.sdf -o results/DOCKING/results_mol2/docked_ligando_176.mol2 --center_x 8.59 --center_y 39.35 --center_z 9.53 --size_x 22 --size_y 16 --size_z 24 --num_modes 10 --exhaustiveness 8 --seed 1
Using random seed: 1

0%   10   20   30   40   50   60   70   80   90   100%
|----|----|----|----|----|----|----|----|----|----|
***************************************************
MolPort-002-117-240 1194452 CSSS00160388997 MCULE-4255255336 PubChem-1354541 ZINC000001194452 | pose 0 | initial pose not within box

mode |  affinity  |  intramol  |    CNN     |   CNN
     | (kcal/mol) | (kcal/mol) | pose score | affinity
-----+------------+------------+------------+----------
    1       -9.20        0.37       0.3715      6.155
    2       -9.15        0.35       0.3690      6.150
    3       -7.43       -0.09       0.0880      4.921
    4       -8.04       -0.10       0.0718      5.258
    5       -7.55       -0.43       0.0704      4.805
    6       -7.11       -0.54       0.0542      4.818
    7       -8.53        0.68       0.0519      4.940
    8       -7.55        0.01       0.0495      4.306
    9       -8.85       -0.29       0.0488      4.604
   10       -7.71       -0.55       0.0480      4.673
