              _             
             (_)            
   __ _ _ __  _ _ __   __ _ 
  / _` | '_ \| | '_ \ / _` |
 | (_| | | | | | | | | (_| |
  \__, |_| |_|_|_| |_|\__,_|
   __/ |                    
  |___/                     

gnina v1.3.3 master:6fe1ce2   Built Jun 30 2026.
gnina is based on smina and AutoDock Vina.
Please cite appropriately.

Commandline: gnina -r results/DOCKING/7AAA.mol2 -l results/DOCKING/ligands_sdf/ligando_164.sdf -o results/DOCKING/results_mol2/docked_ligando_164.mol2 --center_x 8.59 --center_y 39.35 --center_z 9.53 --size_x 22 --size_y 16 --size_z 24 --num_modes 10 --exhaustiveness 8 --seed 1
Using random seed: 1

0%   10   20   30   40   50   60   70   80   90   100%
|----|----|----|----|----|----|----|----|----|----|
***************************************************

mode |  affinity  |  intramol  |    CNN     |   CNN
     | (kcal/mol) | (kcal/mol) | pose score | affinity
-----+------------+------------+------------+----------
    1       -9.88        0.25       0.5286      6.817
    2       -8.62       -0.50       0.4306      6.988
    3       -8.72       -0.21       0.3659      6.727
    4       -8.09        0.63       0.2661      6.285
    5       -9.18        0.08       0.2079      6.150
    6       -8.14        0.91       0.1783      6.441
    7       -7.99        0.68       0.1776      6.520
    8       -9.29        0.02       0.1776      6.040
    9       -8.59       -0.81       0.1547      6.256
   10       -8.45        0.18       0.1541      5.838
