              _             
             (_)            
   __ _ _ __  _ _ __   __ _ 
  / _` | '_ \| | '_ \ / _` |
 | (_| | | | | | | | | (_| |
  \__, |_| |_|_|_| |_|\__,_|
   __/ |                    
  |___/                     

gnina v1.3.3 master:6fe1ce2   Built Jun 30 2026.
gnina is based on smina and AutoDock Vina.
Please cite appropriately.

Commandline: gnina -r results/DOCKING/7AAA.mol2 -l results/DOCKING/ligands_sdf/ligando_117.sdf -o results/DOCKING/results_mol2/docked_ligando_117.mol2 --center_x 8.59 --center_y 39.35 --center_z 9.53 --size_x 22 --size_y 16 --size_z 24 --num_modes 10 --exhaustiveness 8 --seed 1
Using random seed: 1

0%   10   20   30   40   50   60   70   80   90   100%
|----|----|----|----|----|----|----|----|----|----|
***************************************************
MolPort-047-586-240 MCULE-2060819155 PubChem-157292296 PubChem-159458611 PubChem-57934984 | pose 0 | initial pose not within box

mode |  affinity  |  intramol  |    CNN     |   CNN
     | (kcal/mol) | (kcal/mol) | pose score | affinity
-----+------------+------------+------------+----------
    1       -9.03        0.50       0.5748      6.652
    2       -5.11        0.05       0.2449      6.026
    3       -9.79        0.12       0.2438      5.801
    4       -4.53       -0.98       0.1885      5.950
    5       -8.95       -0.81       0.1812      5.756
    6       -9.62       -0.87       0.1666      5.492
    7       -4.67       -0.53       0.1654      5.894
    8       -5.44       -1.56       0.1622      5.022
    9       -8.73        1.09       0.1613      5.706
   10       -4.80       -0.39       0.1509      6.015
