              _             
             (_)            
   __ _ _ __  _ _ __   __ _ 
  / _` | '_ \| | '_ \ / _` |
 | (_| | | | | | | | | (_| |
  \__, |_| |_|_|_| |_|\__,_|
   __/ |                    
  |___/                     

gnina v1.3.3 master:6fe1ce2   Built Jun 30 2026.
gnina is based on smina and AutoDock Vina.
Please cite appropriately.

Commandline: gnina -r results/DOCKING/7AAA.mol2 -l results/DOCKING/ligands_sdf/ligando_425.sdf -o results/DOCKING/results_mol2/docked_ligando_425.mol2 --center_x 8.59 --center_y 39.35 --center_z 9.53 --size_x 22 --size_y 16 --size_z 24 --num_modes 10 --exhaustiveness 8 --seed 1
Using random seed: 1

0%   10   20   30   40   50   60   70   80   90   100%
|----|----|----|----|----|----|----|----|----|----|
***************************************************

mode |  affinity  |  intramol  |    CNN     |   CNN
     | (kcal/mol) | (kcal/mol) | pose score | affinity
-----+------------+------------+------------+----------
    1       -8.56       -0.38       0.6594      6.191
    2       -8.27       -0.60       0.6116      6.135
    3       -8.38       -0.55       0.5373      5.893
    4       -8.06       -0.30       0.4351      6.302
    5       -8.02       -0.44       0.3890      5.877
    6       -7.48       -0.29       0.2245      5.861
    7       -7.80       -0.55       0.2208      5.417
    8       -7.90       -0.53       0.1700      5.323
    9       -7.80       -0.48       0.1685      5.272
   10       -7.64       -0.43       0.1653      5.670
