              _             
             (_)            
   __ _ _ __  _ _ __   __ _ 
  / _` | '_ \| | '_ \ / _` |
 | (_| | | | | | | | | (_| |
  \__, |_| |_|_|_| |_|\__,_|
   __/ |                    
  |___/                     

gnina v1.3.3 master:6fe1ce2   Built Jun 30 2026.
gnina is based on smina and AutoDock Vina.
Please cite appropriately.

Commandline: gnina -r results/DOCKING/7AAA.mol2 -l results/DOCKING/ligands_sdf/ligando_239.sdf -o results/DOCKING/results_mol2/docked_ligando_239.mol2 --center_x 8.59 --center_y 39.35 --center_z 9.53 --size_x 22 --size_y 16 --size_z 24 --num_modes 10 --exhaustiveness 8 --seed 1
Using random seed: 1

0%   10   20   30   40   50   60   70   80   90   100%
|----|----|----|----|----|----|----|----|----|----|
***************************************************
MolPort-047-072-147 PubChem-132766983 | pose 0 | ligand outside box
MolPort-047-072-147 PubChem-132766983 | pose 0 | ligand outside box

mode |  affinity  |  intramol  |    CNN     |   CNN
     | (kcal/mol) | (kcal/mol) | pose score | affinity
-----+------------+------------+------------+----------
    1       -6.32       -0.41       0.3813      7.136
    2       -5.96       -0.08       0.1269      6.296
    3       -8.56       -0.13       0.1263      6.303
    4       -5.72       -0.41       0.1232      6.055
    5       -9.17       -0.66       0.1113      6.572
    6       -7.90       -0.76       0.0994      5.905
    7       -3.32       -0.58       0.0883      6.153
    8      -10.76       -0.02       0.0863      6.099
    9       -7.17       -0.35       0.0773      6.249
   10      -10.92        0.56       0.0553      5.240
