              _             
             (_)            
   __ _ _ __  _ _ __   __ _ 
  / _` | '_ \| | '_ \ / _` |
 | (_| | | | | | | | | (_| |
  \__, |_| |_|_|_| |_|\__,_|
   __/ |                    
  |___/                     

gnina v1.3.3 master:6fe1ce2   Built Jun 30 2026.
gnina is based on smina and AutoDock Vina.
Please cite appropriately.

Commandline: gnina -r results/DOCKING/7AAA.mol2 -l results/DOCKING/ligands_sdf/ligando_334.sdf -o results/DOCKING/results_mol2/docked_ligando_334.mol2 --center_x 8.59 --center_y 39.35 --center_z 9.53 --size_x 22 --size_y 16 --size_z 24 --num_modes 10 --exhaustiveness 8 --seed 1
Using random seed: 1

0%   10   20   30   40   50   60   70   80   90   100%
|----|----|----|----|----|----|----|----|----|----|
***************************************************

mode |  affinity  |  intramol  |    CNN     |   CNN
     | (kcal/mol) | (kcal/mol) | pose score | affinity
-----+------------+------------+------------+----------
    1      -10.54        1.78       0.0755      5.471
    2      -10.17       -0.67       0.0720      5.983
    3       -8.69       -0.64       0.0694      4.894
    4       -8.80        0.37       0.0606      5.693
    5       -9.12       -1.42       0.0540      5.860
    6      -10.14        1.85       0.0497      5.675
    7       -8.49       -1.72       0.0424      5.522
    8       -8.86       -1.24       0.0406      5.325
    9      -10.43       -0.68       0.0385      5.241
   10       -9.89       -0.83       0.0375      5.142
