              _             
             (_)            
   __ _ _ __  _ _ __   __ _ 
  / _` | '_ \| | '_ \ / _` |
 | (_| | | | | | | | | (_| |
  \__, |_| |_|_|_| |_|\__,_|
   __/ |                    
  |___/                     

gnina v1.3.3 master:6fe1ce2   Built Jun 30 2026.
gnina is based on smina and AutoDock Vina.
Please cite appropriately.

Commandline: gnina -r results/DOCKING/7AAA.mol2 -l results/DOCKING/ligands_sdf/ligando_845.sdf -o results/DOCKING/results_mol2/docked_ligando_845.mol2 --center_x 8.59 --center_y 39.35 --center_z 9.53 --size_x 22 --size_y 16 --size_z 24 --num_modes 10 --exhaustiveness 8 --seed 1
Using random seed: 1

0%   10   20   30   40   50   60   70   80   90   100%
|----|----|----|----|----|----|----|----|----|----|
***************************************************
MolPort-001-629-776 2865914 CHEMBL1313544 CSSS00132429924 MCULE-8055462173 PubChem-2219067 ZINC000002865914 ZINC02865914 | pose 0 | initial pose not within box

mode |  affinity  |  intramol  |    CNN     |   CNN
     | (kcal/mol) | (kcal/mol) | pose score | affinity
-----+------------+------------+------------+----------
    1       -9.01       -0.34       0.4592      6.044
    2       -9.68        1.23       0.3990      5.977
    3       -9.62       -0.14       0.3686      5.980
    4       -9.46        0.65       0.3565      6.068
    5       -7.84        0.53       0.3265      6.186
    6       -8.88       -0.56       0.1829      5.519
    7       -8.46        0.44       0.1305      5.235
    8       -7.56       -0.77       0.0960      4.859
    9       -8.31        1.06       0.0723      5.061
   10       -8.29       -0.01       0.0561      4.642
