              _             
             (_)            
   __ _ _ __  _ _ __   __ _ 
  / _` | '_ \| | '_ \ / _` |
 | (_| | | | | | | | | (_| |
  \__, |_| |_|_|_| |_|\__,_|
   __/ |                    
  |___/                     

gnina v1.3.3 master:6fe1ce2   Built Jun 30 2026.
gnina is based on smina and AutoDock Vina.
Please cite appropriately.

Commandline: gnina -r results/DOCKING/7AAA.mol2 -l results/DOCKING/ligands_sdf/ligando_128.sdf -o results/DOCKING/results_mol2/docked_ligando_128.mol2 --center_x 8.59 --center_y 39.35 --center_z 9.53 --size_x 22 --size_y 16 --size_z 24 --num_modes 10 --exhaustiveness 8 --seed 1
Using random seed: 1

0%   10   20   30   40   50   60   70   80   90   100%
|----|----|----|----|----|----|----|----|----|----|
***************************************************

mode |  affinity  |  intramol  |    CNN     |   CNN
     | (kcal/mol) | (kcal/mol) | pose score | affinity
-----+------------+------------+------------+----------
    1       -8.49        0.20       0.2347      5.987
    2       -8.43       -0.03       0.2123      5.967
    3       -9.69       -0.55       0.1956      5.512
    4       -9.31       -0.55       0.1619      5.375
    5       -8.91       -0.29       0.1542      5.738
    6       -9.25       -0.44       0.1526      5.784
    7       -9.15       -0.59       0.1329      4.976
    8       -9.00       -0.40       0.1269      5.606
    9       -9.38        0.02       0.1128      4.887
   10       -8.92       -0.45       0.1111      4.982
