              _             
             (_)            
   __ _ _ __  _ _ __   __ _ 
  / _` | '_ \| | '_ \ / _` |
 | (_| | | | | | | | | (_| |
  \__, |_| |_|_|_| |_|\__,_|
   __/ |                    
  |___/                     

gnina v1.3.3 master:6fe1ce2   Built Jun 30 2026.
gnina is based on smina and AutoDock Vina.
Please cite appropriately.

Commandline: gnina -r results/DOCKING/7AAA.mol2 -l results/DOCKING/ligands_sdf/ligando_315.sdf -o results/DOCKING/results_mol2/docked_ligando_315.mol2 --center_x 8.59 --center_y 39.35 --center_z 9.53 --size_x 22 --size_y 16 --size_z 24 --num_modes 10 --exhaustiveness 8 --seed 1
Using random seed: 1

0%   10   20   30   40   50   60   70   80   90   100%
|----|----|----|----|----|----|----|----|----|----|
***************************************************

mode |  affinity  |  intramol  |    CNN     |   CNN
     | (kcal/mol) | (kcal/mol) | pose score | affinity
-----+------------+------------+------------+----------
    1       -9.93       -0.33       0.2027      6.218
    2       -9.72       -0.02       0.1983      6.494
    3      -10.25        0.07       0.1974      6.231
    4       -8.91        0.27       0.1914      6.077
    5      -10.02       -0.10       0.1708      6.440
    6       -9.88        0.05       0.1600      6.380
    7       -9.75       -0.49       0.1520      5.393
    8       -8.98       -0.06       0.1294      6.150
    9       -9.55       -0.23       0.1014      5.839
   10      -10.17       -0.02       0.0953      5.480
