              _             
             (_)            
   __ _ _ __  _ _ __   __ _ 
  / _` | '_ \| | '_ \ / _` |
 | (_| | | | | | | | | (_| |
  \__, |_| |_|_|_| |_|\__,_|
   __/ |                    
  |___/                     

gnina v1.3.3 master:6fe1ce2   Built Jun 30 2026.
gnina is based on smina and AutoDock Vina.
Please cite appropriately.

Commandline: gnina -r results/DOCKING/7AAA.mol2 -l results/DOCKING/ligands_sdf/ligando_156.sdf -o results/DOCKING/results_mol2/docked_ligando_156.mol2 --center_x 8.59 --center_y 39.35 --center_z 9.53 --size_x 22 --size_y 16 --size_z 24 --num_modes 10 --exhaustiveness 8 --seed 1
Using random seed: 1

0%   10   20   30   40   50   60   70   80   90   100%
|----|----|----|----|----|----|----|----|----|----|
***************************************************

mode |  affinity  |  intramol  |    CNN     |   CNN
     | (kcal/mol) | (kcal/mol) | pose score | affinity
-----+------------+------------+------------+----------
    1       -7.91       -0.46       0.7317      6.230
    2       -7.88       -0.36       0.6845      6.310
    3       -8.05       -0.43       0.5681      6.035
    4       -7.81       -0.66       0.4888      6.035
    5       -7.74       -0.62       0.3439      5.744
    6       -8.08       -0.59       0.2985      5.793
    7       -7.49       -0.56       0.2046      5.819
    8       -7.35       -0.83       0.1878      5.643
    9       -7.39       -0.53       0.1660      5.606
   10       -7.52       -0.46       0.1431      5.551
