              _             
             (_)            
   __ _ _ __  _ _ __   __ _ 
  / _` | '_ \| | '_ \ / _` |
 | (_| | | | | | | | | (_| |
  \__, |_| |_|_|_| |_|\__,_|
   __/ |                    
  |___/                     

gnina v1.3.3 master:6fe1ce2   Built Jun 30 2026.
gnina is based on smina and AutoDock Vina.
Please cite appropriately.

Commandline: gnina -r results/DOCKING/7AAA.mol2 -l results/DOCKING/ligands_sdf/ligando_112.sdf -o results/DOCKING/results_mol2/docked_ligando_112.mol2 --center_x 8.59 --center_y 39.35 --center_z 9.53 --size_x 22 --size_y 16 --size_z 24 --num_modes 10 --exhaustiveness 8 --seed 1
Using random seed: 1

0%   10   20   30   40   50   60   70   80   90   100%
|----|----|----|----|----|----|----|----|----|----|
***************************************************

mode |  affinity  |  intramol  |    CNN     |   CNN
     | (kcal/mol) | (kcal/mol) | pose score | affinity
-----+------------+------------+------------+----------
    1       -8.92        0.42       0.5308      6.957
    2       -9.46       -0.25       0.4899      6.585
    3       -9.50       -0.23       0.4564      6.355
    4       -9.31        0.24       0.4545      6.830
    5       -9.09       -0.16       0.2225      6.434
    6       -9.68       -0.19       0.2148      6.111
    7      -10.05       -0.63       0.2128      6.283
    8       -9.54        0.13       0.2076      6.221
    9       -9.86       -0.44       0.1859      5.700
   10       -9.29       -0.10       0.1776      6.088
