              _             
             (_)            
   __ _ _ __  _ _ __   __ _ 
  / _` | '_ \| | '_ \ / _` |
 | (_| | | | | | | | | (_| |
  \__, |_| |_|_|_| |_|\__,_|
   __/ |                    
  |___/                     

gnina v1.3.3 master:6fe1ce2   Built Jun 30 2026.
gnina is based on smina and AutoDock Vina.
Please cite appropriately.

Commandline: gnina -r results/DOCKING/7AAA.mol2 -l results/DOCKING/ligands_sdf/ligando_266.sdf -o results/DOCKING/results_mol2/docked_ligando_266.mol2 --center_x 8.59 --center_y 39.35 --center_z 9.53 --size_x 22 --size_y 16 --size_z 24 --num_modes 10 --exhaustiveness 8 --seed 1
Using random seed: 1

0%   10   20   30   40   50   60   70   80   90   100%
|----|----|----|----|----|----|----|----|----|----|
***************************************************

mode |  affinity  |  intramol  |    CNN     |   CNN
     | (kcal/mol) | (kcal/mol) | pose score | affinity
-----+------------+------------+------------+----------
    1       -8.16        0.20       0.3689      6.345
    2       -7.83        0.31       0.2782      6.290
    3       -8.47        0.75       0.2020      5.657
    4       -8.08        0.04       0.1966      5.818
    5       -6.89       -0.06       0.1129      5.535
    6       -7.61        0.66       0.1110      6.089
    7       -7.94        0.10       0.1075      5.343
    8       -8.33       -0.16       0.0889      5.640
    9       -7.88        0.03       0.0698      5.417
   10       -7.30       -0.91       0.0651      4.855
