              _             
             (_)            
   __ _ _ __  _ _ __   __ _ 
  / _` | '_ \| | '_ \ / _` |
 | (_| | | | | | | | | (_| |
  \__, |_| |_|_|_| |_|\__,_|
   __/ |                    
  |___/                     

gnina v1.3.3 master:6fe1ce2   Built Jun 30 2026.
gnina is based on smina and AutoDock Vina.
Please cite appropriately.

Commandline: gnina -r results/DOCKING/7AAA.mol2 -l results/DOCKING/ligands_sdf/ligando_820.sdf -o results/DOCKING/results_mol2/docked_ligando_820.mol2 --center_x 8.59 --center_y 39.35 --center_z 9.53 --size_x 22 --size_y 16 --size_z 24 --num_modes 10 --exhaustiveness 8 --seed 1
Using random seed: 1

0%   10   20   30   40   50   60   70   80   90   100%
|----|----|----|----|----|----|----|----|----|----|
***************************************************
MolPort-004-987-956 CSSS00159522349 MCULE-1732611746 PubChem-45163321 | pose 0 | initial pose not within box

mode |  affinity  |  intramol  |    CNN     |   CNN
     | (kcal/mol) | (kcal/mol) | pose score | affinity
-----+------------+------------+------------+----------
    1       -8.62       -0.78       0.3432      7.056
    2       -7.20        0.10       0.3118      6.370
    3       -7.01        1.71       0.2853      6.786
    4       -6.27       -0.26       0.2559      6.561
    5       -6.59       -0.86       0.2526      6.945
    6       -7.97       -1.47       0.2184      6.479
    7       -7.80       -1.41       0.2056      6.668
    8       -7.71        1.59       0.1925      6.871
    9       -6.43        0.28       0.1833      6.676
   10       -6.97        0.41       0.1551      6.480
