              _             
             (_)            
   __ _ _ __  _ _ __   __ _ 
  / _` | '_ \| | '_ \ / _` |
 | (_| | | | | | | | | (_| |
  \__, |_| |_|_|_| |_|\__,_|
   __/ |                    
  |___/                     

gnina v1.3.3 master:6fe1ce2   Built Jun 30 2026.
gnina is based on smina and AutoDock Vina.
Please cite appropriately.

Commandline: gnina -r results/DOCKING/7AAA.mol2 -l results/DOCKING/ligands_sdf/ligando_109.sdf -o results/DOCKING/results_mol2/docked_ligando_109.mol2 --center_x 8.59 --center_y 39.35 --center_z 9.53 --size_x 22 --size_y 16 --size_z 24 --num_modes 10 --exhaustiveness 8 --seed 1
Using random seed: 1

0%   10   20   30   40   50   60   70   80   90   100%
|----|----|----|----|----|----|----|----|----|----|
***************************************************

mode |  affinity  |  intramol  |    CNN     |   CNN
     | (kcal/mol) | (kcal/mol) | pose score | affinity
-----+------------+------------+------------+----------
    1       -8.84       -0.82       0.4355      6.670
    2       -9.04       -0.92       0.4001      6.726
    3       -9.49       -0.34       0.3589      6.269
    4       -9.18        0.35       0.3290      6.165
    5       -8.84       -0.79       0.2393      6.388
    6       -8.83        1.08       0.2241      6.043
    7       -9.40       -0.41       0.2009      6.032
    8      -10.40       -0.38       0.1404      5.571
    9       -9.35       -0.43       0.1287      6.021
   10       -8.89       -0.49       0.1183      5.726
