              _             
             (_)            
   __ _ _ __  _ _ __   __ _ 
  / _` | '_ \| | '_ \ / _` |
 | (_| | | | | | | | | (_| |
  \__, |_| |_|_|_| |_|\__,_|
   __/ |                    
  |___/                     

gnina v1.3.3 master:6fe1ce2   Built Jun 30 2026.
gnina is based on smina and AutoDock Vina.
Please cite appropriately.

Commandline: gnina -r results/DOCKING/7AAA.mol2 -l results/DOCKING/ligands_sdf/ligando_387.sdf -o results/DOCKING/results_mol2/docked_ligando_387.mol2 --center_x 8.59 --center_y 39.35 --center_z 9.53 --size_x 22 --size_y 16 --size_z 24 --num_modes 10 --exhaustiveness 8 --seed 1
Using random seed: 1

0%   10   20   30   40   50   60   70   80   90   100%
|----|----|----|----|----|----|----|----|----|----|
***************************************************

mode |  affinity  |  intramol  |    CNN     |   CNN
     | (kcal/mol) | (kcal/mol) | pose score | affinity
-----+------------+------------+------------+----------
    1       -8.85       -0.06       0.5301      7.389
    2       -8.11       -0.65       0.3366      7.150
    3      -10.81        0.19       0.2071      6.504
    4      -10.96       -1.22       0.2047      6.268
    5       -9.91       -0.71       0.1567      6.787
    6      -10.31       -0.41       0.1148      6.010
    7      -10.63       -0.17       0.1107      6.160
    8      -10.22        2.82       0.1004      5.975
    9      -10.07        1.08       0.0948      6.058
   10       -8.92       -0.24       0.0785      5.942
