              _             
             (_)            
   __ _ _ __  _ _ __   __ _ 
  / _` | '_ \| | '_ \ / _` |
 | (_| | | | | | | | | (_| |
  \__, |_| |_|_|_| |_|\__,_|
   __/ |                    
  |___/                     

gnina v1.3.3 master:6fe1ce2   Built Jun 30 2026.
gnina is based on smina and AutoDock Vina.
Please cite appropriately.

Commandline: gnina -r results/DOCKING/7AAA.mol2 -l results/DOCKING/ligands_sdf/ligando_303.sdf -o results/DOCKING/results_mol2/docked_ligando_303.mol2 --center_x 8.59 --center_y 39.35 --center_z 9.53 --size_x 22 --size_y 16 --size_z 24 --num_modes 10 --exhaustiveness 8 --seed 1
Using random seed: 1

0%   10   20   30   40   50   60   70   80   90   100%
|----|----|----|----|----|----|----|----|----|----|
***************************************************
MolPort-020-292-455 MCULE-2646133063 PubChem-110264923 | pose 0 | initial pose not within box

mode |  affinity  |  intramol  |    CNN     |   CNN
     | (kcal/mol) | (kcal/mol) | pose score | affinity
-----+------------+------------+------------+----------
    1      -10.65        0.10       0.4156      7.083
    2       -9.12       -0.63       0.1789      6.630
    3       -9.22        0.42       0.1776      6.429
    4       -9.71       -1.02       0.1717      6.938
    5       -9.52        5.93       0.1713      7.007
    6      -10.05        4.77       0.1625      6.516
    7       -9.97        0.23       0.1533      6.443
    8       -9.11        3.70       0.1513      6.276
    9       -9.54        4.19       0.1334      6.327
   10      -10.35       -0.18       0.1261      6.175
