              _             
             (_)            
   __ _ _ __  _ _ __   __ _ 
  / _` | '_ \| | '_ \ / _` |
 | (_| | | | | | | | | (_| |
  \__, |_| |_|_|_| |_|\__,_|
   __/ |                    
  |___/                     

gnina v1.3.3 master:6fe1ce2   Built Jun 30 2026.
gnina is based on smina and AutoDock Vina.
Please cite appropriately.

Commandline: gnina -r results/DOCKING/7AAA.mol2 -l results/DOCKING/ligands_sdf/ligando_735.sdf -o results/DOCKING/results_mol2/docked_ligando_735.mol2 --center_x 8.59 --center_y 39.35 --center_z 9.53 --size_x 22 --size_y 16 --size_z 24 --num_modes 10 --exhaustiveness 8 --seed 1
Using random seed: 1

0%   10   20   30   40   50   60   70   80   90   100%
|----|----|----|----|----|----|----|----|----|----|
***************************************************
MolPort-007-686-748 ChemDiv-D039-3202 MCULE-5150081229 PubChem-23605094 ZINC000006809961 ZINC06809961 | pose 0 | initial pose not within box

mode |  affinity  |  intramol  |    CNN     |   CNN
     | (kcal/mol) | (kcal/mol) | pose score | affinity
-----+------------+------------+------------+----------
    1       -9.53        3.86       0.1185      5.784
    2       -8.59       -0.66       0.1016      5.086
    3        4.73        0.40       0.1002      4.913
    4       -5.29       -0.49       0.0933      5.124
    5       -8.63       -0.75       0.0854      5.401
    6       40.61       -0.01       0.0829      4.499
    7       -8.46       -0.54       0.0826      5.314
    8       -8.95       -0.18       0.0758      5.533
    9       -5.47       -1.06       0.0752      5.232
   10       -8.16        1.03       0.0740      5.641
