              _             
             (_)            
   __ _ _ __  _ _ __   __ _ 
  / _` | '_ \| | '_ \ / _` |
 | (_| | | | | | | | | (_| |
  \__, |_| |_|_|_| |_|\__,_|
   __/ |                    
  |___/                     

gnina v1.3.3 master:6fe1ce2   Built Jun 30 2026.
gnina is based on smina and AutoDock Vina.
Please cite appropriately.

Commandline: gnina -r results/DOCKING/7AAA.mol2 -l results/DOCKING/ligands_sdf/ligando_101.sdf -o results/DOCKING/results_mol2/docked_ligando_101.mol2 --center_x 8.59 --center_y 39.35 --center_z 9.53 --size_x 22 --size_y 16 --size_z 24 --num_modes 10 --exhaustiveness 8 --seed 1
Using random seed: 1

0%   10   20   30   40   50   60   70   80   90   100%
|----|----|----|----|----|----|----|----|----|----|
***************************************************

mode |  affinity  |  intramol  |    CNN     |   CNN
     | (kcal/mol) | (kcal/mol) | pose score | affinity
-----+------------+------------+------------+----------
    1       -8.05        1.00       0.3087      6.351
    2       -8.20        1.78       0.1930      5.910
    3       -7.57        0.98       0.1501      5.553
    4       -8.27        0.38       0.1315      6.022
    5       -8.09        1.01       0.1063      5.610
    6       -8.67        0.71       0.0921      5.293
    7       -8.27        0.91       0.0826      5.089
    8       -7.64        0.87       0.0785      5.238
    9       -8.48        1.05       0.0740      5.112
   10       -7.99        0.05       0.0686      4.522
