              _             
             (_)            
   __ _ _ __  _ _ __   __ _ 
  / _` | '_ \| | '_ \ / _` |
 | (_| | | | | | | | | (_| |
  \__, |_| |_|_|_| |_|\__,_|
   __/ |                    
  |___/                     

gnina v1.3.3 master:6fe1ce2   Built Jun 30 2026.
gnina is based on smina and AutoDock Vina.
Please cite appropriately.

Commandline: gnina -r results/DOCKING/7AAA.mol2 -l results/DOCKING/ligands_sdf/ligando_152.sdf -o results/DOCKING/results_mol2/docked_ligando_152.mol2 --center_x 8.59 --center_y 39.35 --center_z 9.53 --size_x 22 --size_y 16 --size_z 24 --num_modes 10 --exhaustiveness 8 --seed 1
Using random seed: 1

0%   10   20   30   40   50   60   70   80   90   100%
|----|----|----|----|----|----|----|----|----|----|
***************************************************

mode |  affinity  |  intramol  |    CNN     |   CNN
     | (kcal/mol) | (kcal/mol) | pose score | affinity
-----+------------+------------+------------+----------
    1       -6.86       -0.76       0.1050      6.183
    2       -8.33       -0.47       0.1032      6.317
    3       -8.34       -0.76       0.0988      5.916
    4       -6.04       -0.72       0.0853      6.129
    5      -10.95       -0.43       0.0814      6.128
    6      -11.02        0.08       0.0764      5.877
    7      -11.02       -0.44       0.0630      6.147
    8       -9.78       -0.34       0.0559      5.637
    9       -9.57       -0.26       0.0526      6.100
   10       -9.94       -0.21       0.0477      6.041
