              _             
             (_)            
   __ _ _ __  _ _ __   __ _ 
  / _` | '_ \| | '_ \ / _` |
 | (_| | | | | | | | | (_| |
  \__, |_| |_|_|_| |_|\__,_|
   __/ |                    
  |___/                     

gnina v1.3.3 master:6fe1ce2   Built Jun 30 2026.
gnina is based on smina and AutoDock Vina.
Please cite appropriately.

Commandline: gnina -r results/DOCKING/7AAA.mol2 -l results/DOCKING/ligands_sdf/ligando_113.sdf -o results/DOCKING/results_mol2/docked_ligando_113.mol2 --center_x 8.59 --center_y 39.35 --center_z 9.53 --size_x 22 --size_y 16 --size_z 24 --num_modes 10 --exhaustiveness 8 --seed 1
Using random seed: 1

0%   10   20   30   40   50   60   70   80   90   100%
|----|----|----|----|----|----|----|----|----|----|
***************************************************

mode |  affinity  |  intramol  |    CNN     |   CNN
     | (kcal/mol) | (kcal/mol) | pose score | affinity
-----+------------+------------+------------+----------
    1      -10.15        0.14       0.6610      6.430
    2       -9.88       -1.00       0.2147      5.977
    3       -9.33        0.66       0.2023      6.284
    4      -10.56        0.12       0.1709      6.249
    5       -8.89        0.34       0.1579      5.768
    6       -9.46       -0.51       0.1517      6.155
    7       -9.70       -0.15       0.1441      5.617
    8       -9.31       -0.89       0.1141      5.784
    9       -9.22        0.56       0.1039      5.373
   10      -11.05       -1.06       0.0997      5.647
