              _             
             (_)            
   __ _ _ __  _ _ __   __ _ 
  / _` | '_ \| | '_ \ / _` |
 | (_| | | | | | | | | (_| |
  \__, |_| |_|_|_| |_|\__,_|
   __/ |                    
  |___/                     

gnina v1.3.3 master:6fe1ce2   Built Jun 30 2026.
gnina is based on smina and AutoDock Vina.
Please cite appropriately.

Commandline: gnina -r results/DOCKING/7AAA.mol2 -l results/DOCKING/ligands_sdf/ligando_350.sdf -o results/DOCKING/results_mol2/docked_ligando_350.mol2 --center_x 8.59 --center_y 39.35 --center_z 9.53 --size_x 22 --size_y 16 --size_z 24 --num_modes 10 --exhaustiveness 8 --seed 1
Using random seed: 1

0%   10   20   30   40   50   60   70   80   90   100%
|----|----|----|----|----|----|----|----|----|----|
***************************************************

mode |  affinity  |  intramol  |    CNN     |   CNN
     | (kcal/mol) | (kcal/mol) | pose score | affinity
-----+------------+------------+------------+----------
    1       -8.94       -0.10       0.3657      6.599
    2       -7.08       -0.21       0.2065      6.828
    3       -8.39       -0.86       0.1712      6.316
    4      -10.23       -0.33       0.1463      6.213
    5       -9.61        0.86       0.1331      5.216
    6       -9.30       -0.82       0.1040      6.463
    7      -10.93       -0.72       0.1025      6.282
    8       -8.35       -0.84       0.0968      6.095
    9       -7.96       -0.95       0.0915      6.094
   10      -10.76       -0.66       0.0905      5.913
