              _             
             (_)            
   __ _ _ __  _ _ __   __ _ 
  / _` | '_ \| | '_ \ / _` |
 | (_| | | | | | | | | (_| |
  \__, |_| |_|_|_| |_|\__,_|
   __/ |                    
  |___/                     

gnina v1.3.3 master:6fe1ce2   Built Jun 30 2026.
gnina is based on smina and AutoDock Vina.
Please cite appropriately.

Commandline: gnina -r results/DOCKING/7AAA.mol2 -l results/DOCKING/ligands_sdf/ligando_104.sdf -o results/DOCKING/results_mol2/docked_ligando_104.mol2 --center_x 8.59 --center_y 39.35 --center_z 9.53 --size_x 22 --size_y 16 --size_z 24 --num_modes 10 --exhaustiveness 8 --seed 1
Using random seed: 1

0%   10   20   30   40   50   60   70   80   90   100%
|----|----|----|----|----|----|----|----|----|----|
***************************************************

mode |  affinity  |  intramol  |    CNN     |   CNN
     | (kcal/mol) | (kcal/mol) | pose score | affinity
-----+------------+------------+------------+----------
    1       -7.97        0.31       0.4584      6.563
    2       -8.32       -0.33       0.1341      5.972
    3       -8.18       -0.66       0.0931      6.147
    4       -9.25        0.13       0.0918      5.100
    5       -9.59       -0.51       0.0820      6.023
    6      -10.07        1.85       0.0809      5.668
    7       -9.70        0.26       0.0723      5.244
    8       -8.95        0.61       0.0709      5.386
    9       -9.55       -0.63       0.0696      5.532
   10       -9.74        0.26       0.0673      5.159
