              _             
             (_)            
   __ _ _ __  _ _ __   __ _ 
  / _` | '_ \| | '_ \ / _` |
 | (_| | | | | | | | | (_| |
  \__, |_| |_|_|_| |_|\__,_|
   __/ |                    
  |___/                     

gnina v1.3.3 master:6fe1ce2   Built Jun 30 2026.
gnina is based on smina and AutoDock Vina.
Please cite appropriately.

Commandline: gnina -r results/DOCKING/7AAA.mol2 -l results/DOCKING/ligands_sdf/ligando_686.sdf -o results/DOCKING/results_mol2/docked_ligando_686.mol2 --center_x 8.59 --center_y 39.35 --center_z 9.53 --size_x 22 --size_y 16 --size_z 24 --num_modes 10 --exhaustiveness 8 --seed 1
Using random seed: 1

0%   10   20   30   40   50   60   70   80   90   100%
|----|----|----|----|----|----|----|----|----|----|
***************************************************
MolPort-005-291-842 12422387 CSSS00106609014 MCULE-9814528495 PubChem-16879787 ZINC000012422387 ZINC12422387 | pose 0 | initial pose not within box

mode |  affinity  |  intramol  |    CNN     |   CNN
     | (kcal/mol) | (kcal/mol) | pose score | affinity
-----+------------+------------+------------+----------
    1        1.56       -0.91       0.0778      4.916
    2      -10.08        1.10       0.0642      5.033
    3       -9.00       -0.27       0.0621      5.645
    4       -7.88        0.22       0.0572      4.830
    5      -10.80        0.37       0.0466      4.595
    6       -8.70       -0.10       0.0431      5.068
    7       -9.59       -0.15       0.0416      5.233
    8       -4.77       -0.96       0.0406      4.980
    9      -10.88        0.34       0.0388      4.913
   10       -6.77       -0.67       0.0338      4.933
