              _             
             (_)            
   __ _ _ __  _ _ __   __ _ 
  / _` | '_ \| | '_ \ / _` |
 | (_| | | | | | | | | (_| |
  \__, |_| |_|_|_| |_|\__,_|
   __/ |                    
  |___/                     

gnina v1.3.3 master:6fe1ce2   Built Jun 30 2026.
gnina is based on smina and AutoDock Vina.
Please cite appropriately.

Commandline: gnina -r results/DOCKING/7AAA.mol2 -l results/DOCKING/ligands_sdf/ligando_285.sdf -o results/DOCKING/results_mol2/docked_ligando_285.mol2 --center_x 8.59 --center_y 39.35 --center_z 9.53 --size_x 22 --size_y 16 --size_z 24 --num_modes 10 --exhaustiveness 8 --seed 1
Using random seed: 1

0%   10   20   30   40   50   60   70   80   90   100%
|----|----|----|----|----|----|----|----|----|----|
***************************************************

mode |  affinity  |  intramol  |    CNN     |   CNN
     | (kcal/mol) | (kcal/mol) | pose score | affinity
-----+------------+------------+------------+----------
    1       -7.29       -0.47       0.4287      4.485
    2       -7.37       -0.64       0.3257      4.156
    3       -7.74        0.75       0.3208      4.789
    4       -6.24       -0.52       0.2451      4.167
    5       -7.54       -0.25       0.2370      4.552
    6       -7.43       -0.37       0.1935      3.974
    7       -7.27        0.27       0.1814      4.402
    8       -7.03       -0.44       0.1811      4.239
    9       -6.59        0.05       0.1445      4.371
   10       -7.25       -0.45       0.1374      3.945
