              _             
             (_)            
   __ _ _ __  _ _ __   __ _ 
  / _` | '_ \| | '_ \ / _` |
 | (_| | | | | | | | | (_| |
  \__, |_| |_|_|_| |_|\__,_|
   __/ |                    
  |___/                     

gnina v1.3.3 master:6fe1ce2   Built Jun 30 2026.
gnina is based on smina and AutoDock Vina.
Please cite appropriately.

Commandline: gnina -r results/DOCKING/7AAA.mol2 -l results/DOCKING/ligands_sdf/ligando_275.sdf -o results/DOCKING/results_mol2/docked_ligando_275.mol2 --center_x 8.59 --center_y 39.35 --center_z 9.53 --size_x 22 --size_y 16 --size_z 24 --num_modes 10 --exhaustiveness 8 --seed 1
Using random seed: 1

0%   10   20   30   40   50   60   70   80   90   100%
|----|----|----|----|----|----|----|----|----|----|
***************************************************

mode |  affinity  |  intramol  |    CNN     |   CNN
     | (kcal/mol) | (kcal/mol) | pose score | affinity
-----+------------+------------+------------+----------
    1       -8.88        0.63       0.4439      6.495
    2       -8.16        0.09       0.4007      6.337
    3       -8.91        0.59       0.3724      6.322
    4       -9.35        0.21       0.1958      5.854
    5       -9.32       -0.06       0.1902      5.503
    6       -8.64       -0.17       0.1244      5.558
    7       -8.82       -0.46       0.1114      5.641
    8       -8.92       -0.08       0.0865      5.315
    9       -7.03       -0.31       0.0786      5.744
   10       -9.16       -0.14       0.0703      4.232
