              _             
             (_)            
   __ _ _ __  _ _ __   __ _ 
  / _` | '_ \| | '_ \ / _` |
 | (_| | | | | | | | | (_| |
  \__, |_| |_|_|_| |_|\__,_|
   __/ |                    
  |___/                     

gnina v1.3.3 master:6fe1ce2   Built Jun 30 2026.
gnina is based on smina and AutoDock Vina.
Please cite appropriately.

Commandline: gnina -r results/DOCKING/7AAA.mol2 -l results/DOCKING/ligands_sdf/ligando_553.sdf -o results/DOCKING/results_mol2/docked_ligando_553.mol2 --center_x 8.59 --center_y 39.35 --center_z 9.53 --size_x 22 --size_y 16 --size_z 24 --num_modes 10 --exhaustiveness 8 --seed 1
Using random seed: 1

0%   10   20   30   40   50   60   70   80   90   100%
|----|----|----|----|----|----|----|----|----|----|
***************************************************
MolPort-008-284-647 57823172 MCULE-2288730744 PubChem-46966760 ZINC000057823172 | pose 0 | initial pose not within box

mode |  affinity  |  intramol  |    CNN     |   CNN
     | (kcal/mol) | (kcal/mol) | pose score | affinity
-----+------------+------------+------------+----------
    1       -8.30       -0.33       0.1422      5.366
    2       -8.08       -0.35       0.1243      5.751
    3       -9.05        0.36       0.1231      5.486
    4       -8.57       -0.83       0.1129      4.953
    5       -8.28       -0.48       0.0887      5.231
    6       -9.27        0.35       0.0843      5.071
    7       -8.20       -0.41       0.0839      5.685
    8       -8.24       -0.27       0.0816      5.543
    9       -8.44       -0.33       0.0745      5.287
   10       -8.38        0.23       0.0718      5.036
