              _             
             (_)            
   __ _ _ __  _ _ __   __ _ 
  / _` | '_ \| | '_ \ / _` |
 | (_| | | | | | | | | (_| |
  \__, |_| |_|_|_| |_|\__,_|
   __/ |                    
  |___/                     

gnina v1.3.3 master:6fe1ce2   Built Jun 30 2026.
gnina is based on smina and AutoDock Vina.
Please cite appropriately.

Commandline: gnina -r results/DOCKING/7AAA.mol2 -l results/DOCKING/ligands_sdf/ligando_592.sdf -o results/DOCKING/results_mol2/docked_ligando_592.mol2 --center_x 8.59 --center_y 39.35 --center_z 9.53 --size_x 22 --size_y 16 --size_z 24 --num_modes 10 --exhaustiveness 8 --seed 1
Using random seed: 1

0%   10   20   30   40   50   60   70   80   90   100%
|----|----|----|----|----|----|----|----|----|----|
***************************************************

mode |  affinity  |  intramol  |    CNN     |   CNN
     | (kcal/mol) | (kcal/mol) | pose score | affinity
-----+------------+------------+------------+----------
    1       -7.02        0.34       0.9767      5.619
    2       -7.08        0.47       0.9741      5.463
    3       -6.58       -0.26       0.8645      4.984
    4       -6.18       -0.36       0.6156      4.996
    5       -6.75       -0.04       0.5174      4.226
    6       -6.06       -0.33       0.4802      4.366
    7       -6.21       -0.02       0.4586      4.704
    8       -5.70       -0.01       0.4048      4.365
    9       -6.05       -0.12       0.3942      4.354
   10       -6.51       -0.05       0.2872      3.909
