              _             
             (_)            
   __ _ _ __  _ _ __   __ _ 
  / _` | '_ \| | '_ \ / _` |
 | (_| | | | | | | | | (_| |
  \__, |_| |_|_|_| |_|\__,_|
   __/ |                    
  |___/                     

gnina v1.3.3 master:6fe1ce2   Built Jun 30 2026.
gnina is based on smina and AutoDock Vina.
Please cite appropriately.

Commandline: gnina -r results/DOCKING/7AAA.mol2 -l results/DOCKING/ligands_sdf/ligando_840.sdf -o results/DOCKING/results_mol2/docked_ligando_840.mol2 --center_x 8.59 --center_y 39.35 --center_z 9.53 --size_x 22 --size_y 16 --size_z 24 --num_modes 10 --exhaustiveness 8 --seed 1
Using random seed: 1

0%   10   20   30   40   50   60   70   80   90   100%
|----|----|----|----|----|----|----|----|----|----|
***************************************************

mode |  affinity  |  intramol  |    CNN     |   CNN
     | (kcal/mol) | (kcal/mol) | pose score | affinity
-----+------------+------------+------------+----------
    1       -5.44        0.08       0.8028      5.514
    2       -9.12        0.22       0.3440      6.027
    3       -7.83       -0.14       0.2690      5.965
    4       -9.04       -0.04       0.2436      5.856
    5       -8.88       -0.25       0.1533      5.669
    6       -8.05       -0.02       0.1358      5.535
    7       -8.31       -0.23       0.0777      5.218
    8       -7.21        0.09       0.0669      5.174
    9       -7.33       -0.24       0.0633      4.786
   10       -7.90        0.04       0.0632      4.634
