              _             
             (_)            
   __ _ _ __  _ _ __   __ _ 
  / _` | '_ \| | '_ \ / _` |
 | (_| | | | | | | | | (_| |
  \__, |_| |_|_|_| |_|\__,_|
   __/ |                    
  |___/                     

gnina v1.3.3 master:6fe1ce2   Built Jun 30 2026.
gnina is based on smina and AutoDock Vina.
Please cite appropriately.

Commandline: gnina -r results/DOCKING/7AAA.mol2 -l results/DOCKING/ligands_sdf/ligando_673.sdf -o results/DOCKING/results_mol2/docked_ligando_673.mol2 --center_x 8.59 --center_y 39.35 --center_z 9.53 --size_x 22 --size_y 16 --size_z 24 --num_modes 10 --exhaustiveness 8 --seed 1
Using random seed: 1

0%   10   20   30   40   50   60   70   80   90   100%
|----|----|----|----|----|----|----|----|----|----|
***************************************************

mode |  affinity  |  intramol  |    CNN     |   CNN
     | (kcal/mol) | (kcal/mol) | pose score | affinity
-----+------------+------------+------------+----------
    1       -9.17        1.29       0.3727      6.993
    2       -9.24        0.07       0.2489      6.501
    3      -10.14        0.40       0.2320      6.852
    4       -8.34       -0.03       0.2181      6.586
    5       -9.92       -0.02       0.2081      6.677
    6      -10.23       -0.15       0.1887      6.506
    7       -9.07       -0.02       0.1550      6.357
    8      -10.20        1.90       0.1444      6.648
    9       -9.78        2.97       0.1192      5.503
   10       -8.18        1.15       0.1123      6.370
