              _             
             (_)            
   __ _ _ __  _ _ __   __ _ 
  / _` | '_ \| | '_ \ / _` |
 | (_| | | | | | | | | (_| |
  \__, |_| |_|_|_| |_|\__,_|
   __/ |                    
  |___/                     

gnina v1.3.3 master:6fe1ce2   Built Jun 30 2026.
gnina is based on smina and AutoDock Vina.
Please cite appropriately.

Commandline: gnina -r results/DOCKING/7AAA.mol2 -l results/DOCKING/ligands_sdf/ligando_803.sdf -o results/DOCKING/results_mol2/docked_ligando_803.mol2 --center_x 8.59 --center_y 39.35 --center_z 9.53 --size_x 22 --size_y 16 --size_z 24 --num_modes 10 --exhaustiveness 8 --seed 1
Using random seed: 1

0%   10   20   30   40   50   60   70   80   90   100%
|----|----|----|----|----|----|----|----|----|----|
***************************************************
MolPort-002-773-378 36613101 CSSS00133004254 MCULE-9834902928 ZINC000036613101 ZINC36613101 | pose 0 | initial pose not within box

mode |  affinity  |  intramol  |    CNN     |   CNN
     | (kcal/mol) | (kcal/mol) | pose score | affinity
-----+------------+------------+------------+----------
    1       -9.32       -0.41       0.1606      5.742
    2       -8.57       -0.81       0.1471      5.305
    3       -9.44       -0.67       0.1198      5.484
    4       -8.32       -0.49       0.0914      5.935
    5       -8.78       -0.81       0.0800      5.026
    6       -8.79       -0.69       0.0716      5.105
    7       -8.16       -0.33       0.0707      5.572
    8       -9.10       -0.77       0.0659      5.323
    9       -8.77       -0.56       0.0619      5.118
   10       -7.84       -0.44       0.0562      4.183
