              _             
             (_)            
   __ _ _ __  _ _ __   __ _ 
  / _` | '_ \| | '_ \ / _` |
 | (_| | | | | | | | | (_| |
  \__, |_| |_|_|_| |_|\__,_|
   __/ |                    
  |___/                     

gnina v1.3.3 master:6fe1ce2   Built Jun 30 2026.
gnina is based on smina and AutoDock Vina.
Please cite appropriately.

Commandline: gnina -r results/DOCKING/7AAA.mol2 -l results/DOCKING/ligands_sdf/ligando_664.sdf -o results/DOCKING/results_mol2/docked_ligando_664.mol2 --center_x 8.59 --center_y 39.35 --center_z 9.53 --size_x 22 --size_y 16 --size_z 24 --num_modes 10 --exhaustiveness 8 --seed 1
Using random seed: 1

0%   10   20   30   40   50   60   70   80   90   100%
|----|----|----|----|----|----|----|----|----|----|
***************************************************
MolPort-035-771-294 Molport-051-903-133 44138102 MCULE-1368330722 MCULE-7034198557 PubChem-11454223 PubChem-11454224 PubChem-21874036 ZINC000044138102 | pose 0 | initial pose not within box
MolPort-035-771-294 Molport-051-903-133 44138102 MCULE-1368330722 MCULE-7034198557 PubChem-11454223 PubChem-11454224 PubChem-21874036 ZINC000044138102 | pose 0 | ligand outside box
MolPort-035-771-294 Molport-051-903-133 44138102 MCULE-1368330722 MCULE-7034198557 PubChem-11454223 PubChem-11454224 PubChem-21874036 ZINC000044138102 | pose 0 | ligand outside box
MolPort-035-771-294 Molport-051-903-133 44138102 MCULE-1368330722 MCULE-7034198557 PubChem-11454223 PubChem-11454224 PubChem-21874036 ZINC000044138102 | pose 0 | ligand outside box
MolPort-035-771-294 Molport-051-903-133 44138102 MCULE-1368330722 MCULE-7034198557 PubChem-11454223 PubChem-11454224 PubChem-21874036 ZINC000044138102 | pose 0 | ligand outside box
MolPort-035-771-294 Molport-051-903-133 44138102 MCULE-1368330722 MCULE-7034198557 PubChem-11454223 PubChem-11454224 PubChem-21874036 ZINC000044138102 | pose 0 | ligand outside box
MolPort-035-771-294 Molport-051-903-133 44138102 MCULE-1368330722 MCULE-7034198557 PubChem-11454223 PubChem-11454224 PubChem-21874036 ZINC000044138102 | pose 0 | initial pose not within box
MolPort-035-771-294 Molport-051-903-133 44138102 MCULE-1368330722 MCULE-7034198557 PubChem-11454223 PubChem-11454224 PubChem-21874036 ZINC000044138102 | pose 0 | ligand outside box
MolPort-035-771-294 Molport-051-903-133 44138102 MCULE-1368330722 MCULE-7034198557 PubChem-11454223 PubChem-11454224 PubChem-21874036 ZINC000044138102 | pose 0 | ligand outside box
MolPort-035-771-294 Molport-051-903-133 44138102 MCULE-1368330722 MCULE-7034198557 PubChem-11454223 PubChem-11454224 PubChem-21874036 ZINC000044138102 | pose 0 | ligand outside box
MolPort-035-771-294 Molport-051-903-133 44138102 MCULE-1368330722 MCULE-7034198557 PubChem-11454223 PubChem-11454224 PubChem-21874036 ZINC000044138102 | pose 0 | ligand outside box
MolPort-035-771-294 Molport-051-903-133 44138102 MCULE-1368330722 MCULE-7034198557 PubChem-11454223 PubChem-11454224 PubChem-21874036 ZINC000044138102 | pose 0 | ligand outside box
MolPort-035-771-294 Molport-051-903-133 44138102 MCULE-1368330722 MCULE-7034198557 PubChem-11454223 PubChem-11454224 PubChem-21874036 ZINC000044138102 | pose 0 | initial pose not within box
MolPort-035-771-294 Molport-051-903-133 44138102 MCULE-1368330722 MCULE-7034198557 PubChem-11454223 PubChem-11454224 PubChem-21874036 ZINC000044138102 | pose 0 | ligand outside box
MolPort-035-771-294 Molport-051-903-133 44138102 MCULE-1368330722 MCULE-7034198557 PubChem-11454223 PubChem-11454224 PubChem-21874036 ZINC000044138102 | pose 0 | ligand outside box
MolPort-035-771-294 Molport-051-903-133 44138102 MCULE-1368330722 MCULE-7034198557 PubChem-11454223 PubChem-11454224 PubChem-21874036 ZINC000044138102 | pose 0 | ligand outside box

mode |  affinity  |  intramol  |    CNN     |   CNN
     | (kcal/mol) | (kcal/mol) | pose score | affinity
-----+------------+------------+------------+----------
    1       -4.85       -0.17       0.2965      5.128
    2       -6.11       -0.76       0.2538      5.078
    3       -0.56        3.12       0.2508      5.266
    4       -3.31       -0.54       0.1911      5.224
    5       -0.58        1.38       0.1645      5.529
    6       -2.20       -0.14       0.1244      4.661
    7        9.28        0.55       0.1048      5.012
    8       -8.65        0.22       0.0937      5.055
    9       -6.72       -0.68       0.0840      4.840
   10       -8.20        0.12       0.0814      5.374
