              _             
             (_)            
   __ _ _ __  _ _ __   __ _ 
  / _` | '_ \| | '_ \ / _` |
 | (_| | | | | | | | | (_| |
  \__, |_| |_|_|_| |_|\__,_|
   __/ |                    
  |___/                     

gnina v1.3.3 master:6fe1ce2   Built Jun 30 2026.
gnina is based on smina and AutoDock Vina.
Please cite appropriately.

Commandline: gnina -r results/DOCKING/7AAA.mol2 -l results/DOCKING/ligands_sdf/ligando_505.sdf -o results/DOCKING/results_mol2/docked_ligando_505.mol2 --center_x 8.59 --center_y 39.35 --center_z 9.53 --size_x 22 --size_y 16 --size_z 24 --num_modes 10 --exhaustiveness 8 --seed 1
Using random seed: 1

0%   10   20   30   40   50   60   70   80   90   100%
|----|----|----|----|----|----|----|----|----|----|
***************************************************
MolPort-023-255-931 77376000 CSSS00159601466 MCULE-3572694941 PubChem-70730494 ZINC000077376000 ZINC77376000 | pose 0 | ligand outside box
MolPort-023-255-931 77376000 CSSS00159601466 MCULE-3572694941 PubChem-70730494 ZINC000077376000 ZINC77376000 | pose 0 | ligand outside box

mode |  affinity  |  intramol  |    CNN     |   CNN
     | (kcal/mol) | (kcal/mol) | pose score | affinity
-----+------------+------------+------------+----------
    1       -1.85       -0.51       0.4088      5.263
    2       -7.57       -0.41       0.2733      6.124
    3       -9.05       -0.44       0.2637      5.857
    4      -10.15       -0.25       0.2616      6.485
    5       -7.09        0.72       0.1676      5.365
    6       -9.34       -0.62       0.1388      4.984
    7      -10.03        0.00       0.1284      5.511
    8       -9.81       -0.34       0.1089      5.672
    9       -7.50       -0.51       0.1076      5.299
   10       -9.84        0.28       0.0989      5.843
