              _             
             (_)            
   __ _ _ __  _ _ __   __ _ 
  / _` | '_ \| | '_ \ / _` |
 | (_| | | | | | | | | (_| |
  \__, |_| |_|_|_| |_|\__,_|
   __/ |                    
  |___/                     

gnina v1.3.3 master:6fe1ce2   Built Jun 30 2026.
gnina is based on smina and AutoDock Vina.
Please cite appropriately.

Commandline: gnina -r results/DOCKING/7AAA.mol2 -l results/DOCKING/ligands_sdf/ligando_531.sdf -o results/DOCKING/results_mol2/docked_ligando_531.mol2 --center_x 8.59 --center_y 39.35 --center_z 9.53 --size_x 22 --size_y 16 --size_z 24 --num_modes 10 --exhaustiveness 8 --seed 1
Using random seed: 1

0%   10   20   30   40   50   60   70   80   90   100%
|----|----|----|----|----|----|----|----|----|----|
***************************************************
MolPort-002-774-359 36613522 CSSS00132994710 MCULE-5866297063 PubChem-44821590 ZINC000036613522 ZINC36613522 | pose 0 | initial pose not within box
MolPort-002-774-359 36613522 CSSS00132994710 MCULE-5866297063 PubChem-44821590 ZINC000036613522 ZINC36613522 | pose 0 | ligand outside box
MolPort-002-774-359 36613522 CSSS00132994710 MCULE-5866297063 PubChem-44821590 ZINC000036613522 ZINC36613522 | pose 0 | ligand outside box
MolPort-002-774-359 36613522 CSSS00132994710 MCULE-5866297063 PubChem-44821590 ZINC000036613522 ZINC36613522 | pose 0 | ligand outside box
MolPort-002-774-359 36613522 CSSS00132994710 MCULE-5866297063 PubChem-44821590 ZINC000036613522 ZINC36613522 | pose 0 | ligand outside box

mode |  affinity  |  intramol  |    CNN     |   CNN
     | (kcal/mol) | (kcal/mol) | pose score | affinity
-----+------------+------------+------------+----------
    1       -9.10       -0.42       0.3878      6.524
    2       11.79        0.40       0.3626      5.202
    3       -5.73       -0.18       0.3377      6.649
    4       -8.80       -0.04       0.1899      6.037
    5       -3.48       -0.27       0.1506      5.624
    6       -7.13       -0.45       0.1330      5.767
    7       30.62        0.22       0.1299      4.821
    8       -8.50       -0.85       0.1122      5.710
    9       -7.74       -0.14       0.0940      6.091
   10      -10.13        0.08       0.0809      5.170
