              _             
             (_)            
   __ _ _ __  _ _ __   __ _ 
  / _` | '_ \| | '_ \ / _` |
 | (_| | | | | | | | | (_| |
  \__, |_| |_|_|_| |_|\__,_|
   __/ |                    
  |___/                     

gnina v1.3.3 master:6fe1ce2   Built Jun 30 2026.
gnina is based on smina and AutoDock Vina.
Please cite appropriately.

Commandline: gnina -r results/DOCKING/7AAA.mol2 -l results/DOCKING/ligands_sdf/ligando_671.sdf -o results/DOCKING/results_mol2/docked_ligando_671.mol2 --center_x 8.59 --center_y 39.35 --center_z 9.53 --size_x 22 --size_y 16 --size_z 24 --num_modes 10 --exhaustiveness 8 --seed 1
Using random seed: 1

0%   10   20   30   40   50   60   70   80   90   100%
|----|----|----|----|----|----|----|----|----|----|
***************************************************
MolPort-003-061-890 9347616 CSSS03437154845 LN01433103 MCULE-6650959518 PubChem-3622284 ZINC000009347616 | pose 0 | initial pose not within box
MolPort-003-061-890 9347616 CSSS03437154845 LN01433103 MCULE-6650959518 PubChem-3622284 ZINC000009347616 | pose 0 | ligand outside box
MolPort-003-061-890 9347616 CSSS03437154845 LN01433103 MCULE-6650959518 PubChem-3622284 ZINC000009347616 | pose 0 | ligand outside box
MolPort-003-061-890 9347616 CSSS03437154845 LN01433103 MCULE-6650959518 PubChem-3622284 ZINC000009347616 | pose 0 | ligand outside box
MolPort-003-061-890 9347616 CSSS03437154845 LN01433103 MCULE-6650959518 PubChem-3622284 ZINC000009347616 | pose 0 | ligand outside box
MolPort-003-061-890 9347616 CSSS03437154845 LN01433103 MCULE-6650959518 PubChem-3622284 ZINC000009347616 | pose 0 | ligand outside box
MolPort-003-061-890 9347616 CSSS03437154845 LN01433103 MCULE-6650959518 PubChem-3622284 ZINC000009347616 | pose 0 | ligand outside box
MolPort-003-061-890 9347616 CSSS03437154845 LN01433103 MCULE-6650959518 PubChem-3622284 ZINC000009347616 | pose 0 | ligand outside box
MolPort-003-061-890 9347616 CSSS03437154845 LN01433103 MCULE-6650959518 PubChem-3622284 ZINC000009347616 | pose 0 | ligand outside box

mode |  affinity  |  intramol  |    CNN     |   CNN
     | (kcal/mol) | (kcal/mol) | pose score | affinity
-----+------------+------------+------------+----------
    1        3.58       -0.15       0.3735      6.244
    2       -2.50       -0.65       0.3646      6.199
    3       -5.18       -0.81       0.3529      5.884
    4        0.18       -0.89       0.3226      5.994
    5        1.50       -0.59       0.3137      5.771
    6       -5.49        0.26       0.3055      6.483
    7       -5.35       -0.92       0.2302      6.083
    8        4.47       -0.51       0.2210      5.608
    9       -2.24       -0.60       0.1915      6.022
   10       -4.93       -0.54       0.1763      6.008
