              _             
             (_)            
   __ _ _ __  _ _ __   __ _ 
  / _` | '_ \| | '_ \ / _` |
 | (_| | | | | | | | | (_| |
  \__, |_| |_|_|_| |_|\__,_|
   __/ |                    
  |___/                     

gnina v1.3.3 master:6fe1ce2   Built Jun 30 2026.
gnina is based on smina and AutoDock Vina.
Please cite appropriately.

Commandline: gnina -r results/DOCKING/7AAA.mol2 -l results/DOCKING/ligands_sdf/ligando_057.sdf -o results/DOCKING/results_mol2/docked_ligando_057.mol2 --center_x 8.59 --center_y 39.35 --center_z 9.53 --size_x 22 --size_y 16 --size_z 24 --num_modes 10 --exhaustiveness 8 --seed 1
Using random seed: 1

0%   10   20   30   40   50   60   70   80   90   100%
|----|----|----|----|----|----|----|----|----|----|
***************************************************
Molport-020-295-357 MCULE-2704298410 PubChem-110267438 | pose 0 | ligand outside box
Molport-020-295-357 MCULE-2704298410 PubChem-110267438 | pose 0 | ligand outside box
Molport-020-295-357 MCULE-2704298410 PubChem-110267438 | pose 0 | ligand outside box
Molport-020-295-357 MCULE-2704298410 PubChem-110267438 | pose 0 | ligand outside box
Molport-020-295-357 MCULE-2704298410 PubChem-110267438 | pose 0 | ligand outside box

mode |  affinity  |  intramol  |    CNN     |   CNN
     | (kcal/mol) | (kcal/mol) | pose score | affinity
-----+------------+------------+------------+----------
    1       -8.26       -0.53       0.6249      6.565
    2       -9.42       -0.36       0.4845      6.406
    3       -8.19       -0.73       0.4133      6.218
    4       -9.35       -0.72       0.3513      6.152
    5       -8.79       -0.34       0.3139      6.515
    6       -8.02       -0.12       0.3008      6.318
    7       -9.82       -0.26       0.2988      6.129
    8       -9.67       -0.45       0.1058      5.560
    9       -9.05       -0.53       0.0694      5.634
   10       -8.43        0.13       0.0619      5.298
