              _             
             (_)            
   __ _ _ __  _ _ __   __ _ 
  / _` | '_ \| | '_ \ / _` |
 | (_| | | | | | | | | (_| |
  \__, |_| |_|_|_| |_|\__,_|
   __/ |                    
  |___/                     

gnina v1.3.3 master:6fe1ce2   Built Jun 30 2026.
gnina is based on smina and AutoDock Vina.
Please cite appropriately.

Commandline: gnina -r results/DOCKING/7AAA.mol2 -l results/DOCKING/ligands_sdf/ligando_509.sdf -o results/DOCKING/results_mol2/docked_ligando_509.mol2 --center_x 8.59 --center_y 39.35 --center_z 9.53 --size_x 22 --size_y 16 --size_z 24 --num_modes 10 --exhaustiveness 8 --seed 1
Using random seed: 1

0%   10   20   30   40   50   60   70   80   90   100%
|----|----|----|----|----|----|----|----|----|----|
***************************************************

mode |  affinity  |  intramol  |    CNN     |   CNN
     | (kcal/mol) | (kcal/mol) | pose score | affinity
-----+------------+------------+------------+----------
    1       -8.90       -0.34       0.3217      5.955
    2       -8.03       -0.73       0.1970      5.637
    3       -9.96       -0.90       0.1709      5.081
    4       -9.36       -0.67       0.1642      5.053
    5       -9.60       -0.58       0.1289      5.474
    6       -7.09       -0.03       0.1232      5.559
    7       -7.36       -0.78       0.1036      4.473
    8       -8.51       -0.38       0.1011      4.694
    9       -8.85        0.52       0.1007      4.643
   10       -9.06        0.19       0.0962      4.773
