              _             
             (_)            
   __ _ _ __  _ _ __   __ _ 
  / _` | '_ \| | '_ \ / _` |
 | (_| | | | | | | | | (_| |
  \__, |_| |_|_|_| |_|\__,_|
   __/ |                    
  |___/                     

gnina v1.3.3 master:6fe1ce2   Built Jun 30 2026.
gnina is based on smina and AutoDock Vina.
Please cite appropriately.

Commandline: gnina -r results/DOCKING/7AAA.mol2 -l results/DOCKING/ligands_sdf/ligando_440.sdf -o results/DOCKING/results_mol2/docked_ligando_440.mol2 --center_x 8.59 --center_y 39.35 --center_z 9.53 --size_x 22 --size_y 16 --size_z 24 --num_modes 10 --exhaustiveness 8 --seed 1
Using random seed: 1

0%   10   20   30   40   50   60   70   80   90   100%
|----|----|----|----|----|----|----|----|----|----|
***************************************************

mode |  affinity  |  intramol  |    CNN     |   CNN
     | (kcal/mol) | (kcal/mol) | pose score | affinity
-----+------------+------------+------------+----------
    1       -7.74        0.14       0.8563      7.224
    2       -8.86        0.76       0.6333      6.460
    3       -9.03       -0.84       0.5597      6.674
    4       -8.94        0.36       0.4988      6.582
    5       -7.41       -0.82       0.2910      6.345
    6       -8.28        1.01       0.1625      6.430
    7       -8.18       -0.07       0.1409      6.552
    8       -8.13        0.11       0.1354      6.021
    9       -8.81        0.24       0.1340      5.424
   10       -8.51        0.22       0.1187      6.188
