              _             
             (_)            
   __ _ _ __  _ _ __   __ _ 
  / _` | '_ \| | '_ \ / _` |
 | (_| | | | | | | | | (_| |
  \__, |_| |_|_|_| |_|\__,_|
   __/ |                    
  |___/                     

gnina v1.3.3 master:6fe1ce2   Built Jun 30 2026.
gnina is based on smina and AutoDock Vina.
Please cite appropriately.

Commandline: gnina -r results/DOCKING/7AAA.mol2 -l results/DOCKING/ligands_sdf/ligando_634.sdf -o results/DOCKING/results_mol2/docked_ligando_634.mol2 --center_x 8.59 --center_y 39.35 --center_z 9.53 --size_x 22 --size_y 16 --size_z 24 --num_modes 10 --exhaustiveness 8 --seed 1
Using random seed: 1

0%   10   20   30   40   50   60   70   80   90   100%
|----|----|----|----|----|----|----|----|----|----|
***************************************************

mode |  affinity  |  intramol  |    CNN     |   CNN
     | (kcal/mol) | (kcal/mol) | pose score | affinity
-----+------------+------------+------------+----------
    1       -6.60       -0.43       0.9716      5.018
    2       -6.41        1.07       0.6278      4.530
    3       -5.79        0.07       0.4819      3.904
    4       -5.87        0.10       0.4430      4.050
    5       -5.81       -0.29       0.4072      3.843
    6       -6.05       -0.30       0.3885      3.974
    7       -5.61       -0.08       0.3201      3.925
    8       -5.78        0.75       0.3053      4.154
    9       -6.77        0.74       0.1911      4.061
   10       -5.62       -0.37       0.1693      4.153
