              _             
             (_)            
   __ _ _ __  _ _ __   __ _ 
  / _` | '_ \| | '_ \ / _` |
 | (_| | | | | | | | | (_| |
  \__, |_| |_|_|_| |_|\__,_|
   __/ |                    
  |___/                     

gnina v1.3.3 master:6fe1ce2   Built Jun 30 2026.
gnina is based on smina and AutoDock Vina.
Please cite appropriately.

Commandline: gnina -r results/DOCKING/7AAA.mol2 -l results/DOCKING/ligands_sdf/ligando_353.sdf -o results/DOCKING/results_mol2/docked_ligando_353.mol2 --center_x 8.59 --center_y 39.35 --center_z 9.53 --size_x 22 --size_y 16 --size_z 24 --num_modes 10 --exhaustiveness 8 --seed 1
Using random seed: 1

0%   10   20   30   40   50   60   70   80   90   100%
|----|----|----|----|----|----|----|----|----|----|
***************************************************

mode |  affinity  |  intramol  |    CNN     |   CNN
     | (kcal/mol) | (kcal/mol) | pose score | affinity
-----+------------+------------+------------+----------
    1       -7.88        0.95       0.2566      5.829
    2       -8.82        0.11       0.1570      5.806
    3       -8.67       -0.24       0.1391      5.653
    4       -8.15        0.01       0.1045      5.895
    5       -7.84       -0.78       0.0737      4.825
    6       -8.66        0.34       0.0637      4.798
    7       -8.93       -0.05       0.0618      4.996
    8       -7.62       -0.61       0.0598      4.766
    9       -7.70       -0.56       0.0591      4.693
   10       -7.36       -0.99       0.0588      4.937
