              _             
             (_)            
   __ _ _ __  _ _ __   __ _ 
  / _` | '_ \| | '_ \ / _` |
 | (_| | | | | | | | | (_| |
  \__, |_| |_|_|_| |_|\__,_|
   __/ |                    
  |___/                     

gnina v1.3.3 master:6fe1ce2   Built Jun 30 2026.
gnina is based on smina and AutoDock Vina.
Please cite appropriately.

Commandline: gnina -r results/DOCKING/7AAA.mol2 -l results/DOCKING/ligands_sdf/ligando_813.sdf -o results/DOCKING/results_mol2/docked_ligando_813.mol2 --center_x 8.59 --center_y 39.35 --center_z 9.53 --size_x 22 --size_y 16 --size_z 24 --num_modes 10 --exhaustiveness 8 --seed 1
Using random seed: 1

0%   10   20   30   40   50   60   70   80   90   100%
|----|----|----|----|----|----|----|----|----|----|
***************************************************

mode |  affinity  |  intramol  |    CNN     |   CNN
     | (kcal/mol) | (kcal/mol) | pose score | affinity
-----+------------+------------+------------+----------
    1       -7.34        1.05       0.2449      5.147
    2       -7.13       -0.54       0.2403      5.096
    3       -8.18        0.06       0.2127      5.273
    4       -7.08        0.04       0.2115      4.902
    5       -7.78        0.59       0.1390      4.814
    6       -8.07        0.59       0.1312      4.769
    7       -7.01       -0.01       0.1098      4.660
    8       -7.96        0.56       0.0886      4.674
    9       -6.39       -0.55       0.0854      4.291
   10       -7.07        0.00       0.0729      4.183
