              _             
             (_)            
   __ _ _ __  _ _ __   __ _ 
  / _` | '_ \| | '_ \ / _` |
 | (_| | | | | | | | | (_| |
  \__, |_| |_|_|_| |_|\__,_|
   __/ |                    
  |___/                     

gnina v1.3.3 master:6fe1ce2   Built Jun 30 2026.
gnina is based on smina and AutoDock Vina.
Please cite appropriately.

Commandline: gnina -r results/DOCKING/7AAA.mol2 -l results/DOCKING/ligands_sdf/ligando_060.sdf -o results/DOCKING/results_mol2/docked_ligando_060.mol2 --center_x 8.59 --center_y 39.35 --center_z 9.53 --size_x 22 --size_y 16 --size_z 24 --num_modes 10 --exhaustiveness 8 --seed 1
Using random seed: 1

0%   10   20   30   40   50   60   70   80   90   100%
|----|----|----|----|----|----|----|----|----|----|
***************************************************

mode |  affinity  |  intramol  |    CNN     |   CNN
     | (kcal/mol) | (kcal/mol) | pose score | affinity
-----+------------+------------+------------+----------
    1       -9.23       -0.26       0.2546      5.898
    2       -8.58       -0.32       0.2242      5.776
    3       -9.47       -0.62       0.2210      5.885
    4       -8.09       -0.58       0.1958      6.154
    5       -8.69       -0.26       0.1904      6.046
    6       -8.48       -0.61       0.1503      5.644
    7       -8.38        0.38       0.1347      5.298
    8       -9.11       -0.25       0.1297      5.627
    9       -8.05       -0.81       0.1293      6.086
   10       -8.59       -0.24       0.1215      5.249
