              _             
             (_)            
   __ _ _ __  _ _ __   __ _ 
  / _` | '_ \| | '_ \ / _` |
 | (_| | | | | | | | | (_| |
  \__, |_| |_|_|_| |_|\__,_|
   __/ |                    
  |___/                     

gnina v1.3.3 master:6fe1ce2   Built Jun 30 2026.
gnina is based on smina and AutoDock Vina.
Please cite appropriately.

Commandline: gnina -r results/DOCKING/7AAA.mol2 -l results/DOCKING/ligands_sdf/ligando_163.sdf -o results/DOCKING/results_mol2/docked_ligando_163.mol2 --center_x 8.59 --center_y 39.35 --center_z 9.53 --size_x 22 --size_y 16 --size_z 24 --num_modes 10 --exhaustiveness 8 --seed 1
Using random seed: 1

0%   10   20   30   40   50   60   70   80   90   100%
|----|----|----|----|----|----|----|----|----|----|
***************************************************
Molport-047-071-689 PubChem-132767284 | pose 0 | ligand outside box
Molport-047-071-689 PubChem-132767284 | pose 0 | ligand outside box
Molport-047-071-689 PubChem-132767284 | pose 0 | ligand outside box
Molport-047-071-689 PubChem-132767284 | pose 0 | ligand outside box
Molport-047-071-689 PubChem-132767284 | pose 0 | ligand outside box
Molport-047-071-689 PubChem-132767284 | pose 0 | ligand outside box
Molport-047-071-689 PubChem-132767284 | pose 0 | initial pose not within box
Molport-047-071-689 PubChem-132767284 | pose 0 | ligand outside box
Molport-047-071-689 PubChem-132767284 | pose 0 | ligand outside box
Molport-047-071-689 PubChem-132767284 | pose 0 | ligand outside box
Molport-047-071-689 PubChem-132767284 | pose 0 | ligand outside box
Molport-047-071-689 PubChem-132767284 | pose 0 | ligand outside box
Molport-047-071-689 PubChem-132767284 | pose 0 | initial pose not within box
Molport-047-071-689 PubChem-132767284 | pose 0 | ligand outside box
Molport-047-071-689 PubChem-132767284 | pose 0 | ligand outside box
Molport-047-071-689 PubChem-132767284 | pose 0 | ligand outside box
Molport-047-071-689 PubChem-132767284 | pose 0 | ligand outside box
Molport-047-071-689 PubChem-132767284 | pose 0 | ligand outside box
Molport-047-071-689 PubChem-132767284 | pose 0 | initial pose not within box

mode |  affinity  |  intramol  |    CNN     |   CNN
     | (kcal/mol) | (kcal/mol) | pose score | affinity
-----+------------+------------+------------+----------
    1      -11.07       -0.28       0.1160      6.459
    2       -8.18       -0.76       0.1092      6.338
    3      -11.04       -0.32       0.1086      6.430
    4       -6.52       -0.74       0.0829      6.168
    5       -7.79       -0.77       0.0762      5.891
    6       -7.83       -0.42       0.0694      6.006
    7      -11.07       -0.40       0.0639      6.265
    8       -6.13       -0.51       0.0627      6.024
    9       -1.38       -0.19       0.0551      6.514
   10       -9.75        0.17       0.0495      5.791
