              _             
             (_)            
   __ _ _ __  _ _ __   __ _ 
  / _` | '_ \| | '_ \ / _` |
 | (_| | | | | | | | | (_| |
  \__, |_| |_|_|_| |_|\__,_|
   __/ |                    
  |___/                     

gnina v1.3.3 master:6fe1ce2   Built Jun 30 2026.
gnina is based on smina and AutoDock Vina.
Please cite appropriately.

Commandline: gnina -r results/DOCKING/7AAA.mol2 -l results/DOCKING/ligands_sdf/ligando_738.sdf -o results/DOCKING/results_mol2/docked_ligando_738.mol2 --center_x 8.59 --center_y 39.35 --center_z 9.53 --size_x 22 --size_y 16 --size_z 24 --num_modes 10 --exhaustiveness 8 --seed 1
Using random seed: 1

0%   10   20   30   40   50   60   70   80   90   100%
|----|----|----|----|----|----|----|----|----|----|
***************************************************
MolPort-010-948-485 ChemDiv-T479-0240 MCULE-7737912314 PubChem-53189980 ZINC000065283002 ZINC65283002 | pose 0 | initial pose not within box

mode |  affinity  |  intramol  |    CNN     |   CNN
     | (kcal/mol) | (kcal/mol) | pose score | affinity
-----+------------+------------+------------+----------
    1        5.79        0.74       0.2915      5.531
    2        1.83        0.63       0.2312      5.800
    3       -9.79       -0.16       0.1829      6.033
    4       -1.89        0.47       0.1488      4.814
    5       -9.63        2.98       0.1406      6.150
    6       -7.30       -0.27       0.1153      5.739
    7       -8.67        0.93       0.0979      6.114
    8       -8.82       -0.67       0.0818      5.345
    9       -5.72       -0.73       0.0497      4.773
   10       -8.49        1.59       0.0440      5.000
