              _             
             (_)            
   __ _ _ __  _ _ __   __ _ 
  / _` | '_ \| | '_ \ / _` |
 | (_| | | | | | | | | (_| |
  \__, |_| |_|_|_| |_|\__,_|
   __/ |                    
  |___/                     

gnina v1.3.3 master:6fe1ce2   Built Jun 30 2026.
gnina is based on smina and AutoDock Vina.
Please cite appropriately.

Commandline: gnina -r results/DOCKING/7AAA.mol2 -l results/DOCKING/ligands_sdf/ligando_392.sdf -o results/DOCKING/results_mol2/docked_ligando_392.mol2 --center_x 8.59 --center_y 39.35 --center_z 9.53 --size_x 22 --size_y 16 --size_z 24 --num_modes 10 --exhaustiveness 8 --seed 1
Using random seed: 1

0%   10   20   30   40   50   60   70   80   90   100%
|----|----|----|----|----|----|----|----|----|----|
***************************************************

mode |  affinity  |  intramol  |    CNN     |   CNN
     | (kcal/mol) | (kcal/mol) | pose score | affinity
-----+------------+------------+------------+----------
    1       -7.61        2.78       0.3429      6.489
    2       -8.84       -0.54       0.3335      6.589
    3       -7.97       -0.07       0.2670      6.579
    4       -9.59        0.69       0.2346      6.416
    5       -9.37        5.16       0.1897      6.392
    6       -8.50       -0.77       0.1789      6.379
    7       -8.98        0.26       0.1246      6.154
    8       -8.76       -0.24       0.1181      6.237
    9       -9.93        0.65       0.1147      6.140
   10       -9.64        0.55       0.1138      5.545
