              _             
             (_)            
   __ _ _ __  _ _ __   __ _ 
  / _` | '_ \| | '_ \ / _` |
 | (_| | | | | | | | | (_| |
  \__, |_| |_|_|_| |_|\__,_|
   __/ |                    
  |___/                     

gnina v1.3.3 master:6fe1ce2   Built Jun 30 2026.
gnina is based on smina and AutoDock Vina.
Please cite appropriately.

Commandline: gnina -r results/DOCKING/7AAA.mol2 -l results/DOCKING/ligands_sdf/ligando_364.sdf -o results/DOCKING/results_mol2/docked_ligando_364.mol2 --center_x 8.59 --center_y 39.35 --center_z 9.53 --size_x 22 --size_y 16 --size_z 24 --num_modes 10 --exhaustiveness 8 --seed 1
Using random seed: 1

0%   10   20   30   40   50   60   70   80   90   100%
|----|----|----|----|----|----|----|----|----|----|
***************************************************

mode |  affinity  |  intramol  |    CNN     |   CNN
     | (kcal/mol) | (kcal/mol) | pose score | affinity
-----+------------+------------+------------+----------
    1       -8.77       -0.34       0.2761      5.999
    2       -9.35       -0.51       0.2451      5.449
    3       -8.78       -0.06       0.2296      5.763
    4       -8.83       -0.52       0.1767      5.500
    5       -8.93       -0.50       0.1751      5.396
    6       -8.44       -0.40       0.1728      5.762
    7       -9.03       -0.44       0.1657      5.412
    8       -9.44       -0.02       0.1063      4.452
    9       -9.03       -0.53       0.1059      4.358
   10       -9.08       -0.47       0.0878      4.273
