              _             
             (_)            
   __ _ _ __  _ _ __   __ _ 
  / _` | '_ \| | '_ \ / _` |
 | (_| | | | | | | | | (_| |
  \__, |_| |_|_|_| |_|\__,_|
   __/ |                    
  |___/                     

gnina v1.3.3 master:6fe1ce2   Built Jun 30 2026.
gnina is based on smina and AutoDock Vina.
Please cite appropriately.

Commandline: gnina -r results/DOCKING/7AAA.mol2 -l results/DOCKING/ligands_sdf/ligando_535.sdf -o results/DOCKING/results_mol2/docked_ligando_535.mol2 --center_x 8.59 --center_y 39.35 --center_z 9.53 --size_x 22 --size_y 16 --size_z 24 --num_modes 10 --exhaustiveness 8 --seed 1
Using random seed: 1

0%   10   20   30   40   50   60   70   80   90   100%
|----|----|----|----|----|----|----|----|----|----|
***************************************************

mode |  affinity  |  intramol  |    CNN     |   CNN
     | (kcal/mol) | (kcal/mol) | pose score | affinity
-----+------------+------------+------------+----------
    1       -7.16       -0.36       0.3935      5.349
    2       -6.71       -0.54       0.3535      5.145
    3       -6.72       -0.24       0.3305      4.794
    4       -5.46       -0.41       0.2990      4.678
    5       -7.34       -0.52       0.2662      4.799
    6       -6.63       -0.29       0.1979      4.790
    7       -7.05       -0.27       0.1819      4.417
    8       -5.43        0.03       0.1278      4.452
    9       -6.77       -0.19       0.1262      4.496
   10       -6.50       -0.42       0.1076      4.356
