              _             
             (_)            
   __ _ _ __  _ _ __   __ _ 
  / _` | '_ \| | '_ \ / _` |
 | (_| | | | | | | | | (_| |
  \__, |_| |_|_|_| |_|\__,_|
   __/ |                    
  |___/                     

gnina v1.3.3 master:6fe1ce2   Built Jun 30 2026.
gnina is based on smina and AutoDock Vina.
Please cite appropriately.

Commandline: gnina -r results/DOCKING/7AAA.mol2 -l results/DOCKING/ligands_sdf/ligando_836.sdf -o results/DOCKING/results_mol2/docked_ligando_836.mol2 --center_x 8.59 --center_y 39.35 --center_z 9.53 --size_x 22 --size_y 16 --size_z 24 --num_modes 10 --exhaustiveness 8 --seed 1
Using random seed: 1

0%   10   20   30   40   50   60   70   80   90   100%
|----|----|----|----|----|----|----|----|----|----|
***************************************************
MolPort-004-984-142 CSSS00159487125 MCULE-1343284236 PubChem-45161558 | pose 0 | initial pose not within box

mode |  affinity  |  intramol  |    CNN     |   CNN
     | (kcal/mol) | (kcal/mol) | pose score | affinity
-----+------------+------------+------------+----------
    1       -8.52       -0.67       0.1214      6.354
    2       -9.04       -0.88       0.1081      6.326
    3       -6.84        0.78       0.1079      5.959
    4       -8.00        0.26       0.1021      5.662
    5       -9.39       -0.14       0.0918      6.935
    6       -9.32       -1.02       0.0861      5.553
    7       -6.88       -0.94       0.0845      5.777
    8       -9.84        4.81       0.0818      6.087
    9       -5.26       -0.80       0.0768      5.527
   10       -7.78        1.25       0.0557      5.878
