              _             
             (_)            
   __ _ _ __  _ _ __   __ _ 
  / _` | '_ \| | '_ \ / _` |
 | (_| | | | | | | | | (_| |
  \__, |_| |_|_|_| |_|\__,_|
   __/ |                    
  |___/                     

gnina v1.3.3 master:6fe1ce2   Built Jun 30 2026.
gnina is based on smina and AutoDock Vina.
Please cite appropriately.

Commandline: gnina -r results/DOCKING/7AAA.mol2 -l results/DOCKING/ligands_sdf/ligando_694.sdf -o results/DOCKING/results_mol2/docked_ligando_694.mol2 --center_x 8.59 --center_y 39.35 --center_z 9.53 --size_x 22 --size_y 16 --size_z 24 --num_modes 10 --exhaustiveness 8 --seed 1
Using random seed: 1

0%   10   20   30   40   50   60   70   80   90   100%
|----|----|----|----|----|----|----|----|----|----|
***************************************************
MolPort-005-298-839 11738152 CSSS00106918672 MCULE-1333047284 MDLJOFDWBZDZNH-UHFFFAOYSA-N PubChem-42138555 ZINC000011738152 ZINC11738152 | pose 0 | initial pose not within box

mode |  affinity  |  intramol  |    CNN     |   CNN
     | (kcal/mol) | (kcal/mol) | pose score | affinity
-----+------------+------------+------------+----------
    1       -5.21       -0.60       0.2296      6.100
    2       -8.34       -0.68       0.1051      6.247
    3       20.08       -1.21       0.0775      5.472
    4       -7.23       -0.79       0.0764      6.039
    5        8.66        0.16       0.0517      5.137
    6       -5.66       -0.79       0.0503      5.606
    7       -3.80        0.35       0.0455      5.465
    8       -0.06       -0.35       0.0406      4.699
    9       -8.16       -0.12       0.0397      5.407
   10       -9.77        0.86       0.0395      5.251
