              _             
             (_)            
   __ _ _ __  _ _ __   __ _ 
  / _` | '_ \| | '_ \ / _` |
 | (_| | | | | | | | | (_| |
  \__, |_| |_|_|_| |_|\__,_|
   __/ |                    
  |___/                     

gnina v1.3.3 master:6fe1ce2   Built Jun 30 2026.
gnina is based on smina and AutoDock Vina.
Please cite appropriately.

Commandline: gnina -r results/DOCKING/7AAA.mol2 -l results/DOCKING/ligands_sdf/ligando_614.sdf -o results/DOCKING/results_mol2/docked_ligando_614.mol2 --center_x 8.59 --center_y 39.35 --center_z 9.53 --size_x 22 --size_y 16 --size_z 24 --num_modes 10 --exhaustiveness 8 --seed 1
Using random seed: 1

0%   10   20   30   40   50   60   70   80   90   100%
|----|----|----|----|----|----|----|----|----|----|
***************************************************
MolPort-005-025-664 14883125 CSSS00160429083 PubChem-26279097 ZINC000014883125 ZINC14883125 | pose 0 | ligand outside box

mode |  affinity  |  intramol  |    CNN     |   CNN
     | (kcal/mol) | (kcal/mol) | pose score | affinity
-----+------------+------------+------------+----------
    1       -8.63        1.45       0.5784      7.289
    2       -3.14        0.85       0.4070      6.655
    3       -5.17       -1.29       0.2989      6.369
    4       -8.91       -0.04       0.2439      6.581
    5       -7.94       -0.17       0.2353      6.078
    6       -8.14       -1.32       0.1967      6.336
    7       -3.25        2.05       0.1874      6.332
    8       -8.51       -1.08       0.1689      6.317
    9       -5.89        3.35       0.1673      6.058
   10       -8.41       -1.22       0.1470      6.413
