              _             
             (_)            
   __ _ _ __  _ _ __   __ _ 
  / _` | '_ \| | '_ \ / _` |
 | (_| | | | | | | | | (_| |
  \__, |_| |_|_|_| |_|\__,_|
   __/ |                    
  |___/                     

gnina v1.3.3 master:6fe1ce2   Built Jun 30 2026.
gnina is based on smina and AutoDock Vina.
Please cite appropriately.

Commandline: gnina -r results/DOCKING/7AAA.mol2 -l results/DOCKING/ligands_sdf/ligando_453.sdf -o results/DOCKING/results_mol2/docked_ligando_453.mol2 --center_x 8.59 --center_y 39.35 --center_z 9.53 --size_x 22 --size_y 16 --size_z 24 --num_modes 10 --exhaustiveness 8 --seed 1
Using random seed: 1

0%   10   20   30   40   50   60   70   80   90   100%
|----|----|----|----|----|----|----|----|----|----|
***************************************************

mode |  affinity  |  intramol  |    CNN     |   CNN
     | (kcal/mol) | (kcal/mol) | pose score | affinity
-----+------------+------------+------------+----------
    1      -10.61        1.51       0.8281      7.360
    2      -10.01        0.54       0.3020      6.701
    3      -10.42        0.18       0.2784      6.837
    4       -9.70        0.20       0.2645      6.815
    5       -9.40       -0.30       0.1864      5.877
    6       -9.87        0.55       0.1835      6.740
    7       -9.16       -0.25       0.1372      6.594
    8       -9.79        2.10       0.1299      5.917
    9       -9.24       -0.04       0.1284      6.140
   10       -8.63       -0.52       0.1256      5.990
