              _             
             (_)            
   __ _ _ __  _ _ __   __ _ 
  / _` | '_ \| | '_ \ / _` |
 | (_| | | | | | | | | (_| |
  \__, |_| |_|_|_| |_|\__,_|
   __/ |                    
  |___/                     

gnina v1.3.3 master:6fe1ce2   Built Jun 30 2026.
gnina is based on smina and AutoDock Vina.
Please cite appropriately.

Commandline: gnina -r results/DOCKING/7AAA.mol2 -l results/DOCKING/ligands_sdf/ligando_855.sdf -o results/DOCKING/results_mol2/docked_ligando_855.mol2 --center_x 8.59 --center_y 39.35 --center_z 9.53 --size_x 22 --size_y 16 --size_z 24 --num_modes 10 --exhaustiveness 8 --seed 1
Using random seed: 1

0%   10   20   30   40   50   60   70   80   90   100%
|----|----|----|----|----|----|----|----|----|----|
***************************************************
Molport-051-896-426 | pose 0 | initial pose not within box
Molport-051-896-426 | pose 0 | ligand outside box
Molport-051-896-426 | pose 0 | ligand outside box
Molport-051-896-426 | pose 0 | ligand outside box
Molport-051-896-426 | pose 0 | ligand outside box
Molport-051-896-426 | pose 0 | ligand outside box
Molport-051-896-426 | pose 0 | initial pose not within box
Molport-051-896-426 | pose 0 | ligand outside box
Molport-051-896-426 | pose 0 | ligand outside box
Molport-051-896-426 | pose 0 | ligand outside box
Molport-051-896-426 | pose 0 | ligand outside box
Molport-051-896-426 | pose 0 | ligand outside box
Molport-051-896-426 | pose 0 | initial pose not within box
Molport-051-896-426 | pose 0 | ligand outside box

mode |  affinity  |  intramol  |    CNN     |   CNN
     | (kcal/mol) | (kcal/mol) | pose score | affinity
-----+------------+------------+------------+----------
    1      -10.08        0.73       0.2118      5.803
    2       -6.76        1.01       0.1693      5.797
    3      -10.18       -0.95       0.1193      5.953
    4      -11.51        3.16       0.1183      6.253
    5      -10.28        2.14       0.1013      6.012
    6       -6.80       -0.50       0.0990      5.083
    7       -7.10        0.23       0.0899      5.693
    8       -4.64       12.71       0.0813      5.476
    9       -7.39        0.91       0.0808      5.442
   10       -6.33        0.43       0.0782      5.487
