              _             
             (_)            
   __ _ _ __  _ _ __   __ _ 
  / _` | '_ \| | '_ \ / _` |
 | (_| | | | | | | | | (_| |
  \__, |_| |_|_|_| |_|\__,_|
   __/ |                    
  |___/                     

gnina v1.3.3 master:6fe1ce2   Built Jun 30 2026.
gnina is based on smina and AutoDock Vina.
Please cite appropriately.

Commandline: gnina -r results/DOCKING/7AAA.mol2 -l results/DOCKING/ligands_sdf/ligando_469.sdf -o results/DOCKING/results_mol2/docked_ligando_469.mol2 --center_x 8.59 --center_y 39.35 --center_z 9.53 --size_x 22 --size_y 16 --size_z 24 --num_modes 10 --exhaustiveness 8 --seed 1
Using random seed: 1

0%   10   20   30   40   50   60   70   80   90   100%
|----|----|----|----|----|----|----|----|----|----|
***************************************************
MolPort-020-296-475 MCULE-6995063905 PubChem-110268417 | pose 0 | initial pose not within box
MolPort-020-296-475 MCULE-6995063905 PubChem-110268417 | pose 0 | ligand outside box
MolPort-020-296-475 MCULE-6995063905 PubChem-110268417 | pose 0 | ligand outside box
MolPort-020-296-475 MCULE-6995063905 PubChem-110268417 | pose 0 | ligand outside box
MolPort-020-296-475 MCULE-6995063905 PubChem-110268417 | pose 0 | ligand outside box
MolPort-020-296-475 MCULE-6995063905 PubChem-110268417 | pose 0 | ligand outside box
MolPort-020-296-475 MCULE-6995063905 PubChem-110268417 | pose 0 | initial pose not within box

mode |  affinity  |  intramol  |    CNN     |   CNN
     | (kcal/mol) | (kcal/mol) | pose score | affinity
-----+------------+------------+------------+----------
    1       -9.74       -0.40       0.3616      7.265
    2       -9.06       -0.57       0.2835      7.082
    3      -10.13       -0.16       0.1550      6.942
    4      -10.64        0.34       0.1497      6.889
    5       -7.97       -0.19       0.0940      6.619
    6       -7.72        0.66       0.0870      6.756
    7       -9.77        0.16       0.0681      6.285
    8      -10.93       -0.75       0.0656      6.416
    9      -12.43       -0.22       0.0496      5.431
   10      -11.05       -0.15       0.0494      5.415
