              _             
             (_)            
   __ _ _ __  _ _ __   __ _ 
  / _` | '_ \| | '_ \ / _` |
 | (_| | | | | | | | | (_| |
  \__, |_| |_|_|_| |_|\__,_|
   __/ |                    
  |___/                     

gnina v1.3.3 master:6fe1ce2   Built Jun 30 2026.
gnina is based on smina and AutoDock Vina.
Please cite appropriately.

Commandline: gnina -r results/DOCKING/7AAA.mol2 -l results/DOCKING/ligands_sdf/ligando_573.sdf -o results/DOCKING/results_mol2/docked_ligando_573.mol2 --center_x 8.59 --center_y 39.35 --center_z 9.53 --size_x 22 --size_y 16 --size_z 24 --num_modes 10 --exhaustiveness 8 --seed 1
Using random seed: 1

0%   10   20   30   40   50   60   70   80   90   100%
|----|----|----|----|----|----|----|----|----|----|
***************************************************

mode |  affinity  |  intramol  |    CNN     |   CNN
     | (kcal/mol) | (kcal/mol) | pose score | affinity
-----+------------+------------+------------+----------
    1       -8.73        0.32       0.3111      5.282
    2       -7.72       -0.07       0.2883      5.731
    3       -8.41        1.07       0.2730      5.437
    4       -8.67       -0.00       0.2457      5.541
    5       -7.26        0.22       0.1981      5.562
    6       -8.96       -0.29       0.1457      4.642
    7       -7.29       -0.25       0.1389      5.337
    8       -6.77        0.40       0.1373      5.355
    9       -8.97        0.61       0.0951      4.731
   10       -7.42        0.30       0.0801      5.379
