              _             
             (_)            
   __ _ _ __  _ _ __   __ _ 
  / _` | '_ \| | '_ \ / _` |
 | (_| | | | | | | | | (_| |
  \__, |_| |_|_|_| |_|\__,_|
   __/ |                    
  |___/                     

gnina v1.3.3 master:6fe1ce2   Built Jun 30 2026.
gnina is based on smina and AutoDock Vina.
Please cite appropriately.

Commandline: gnina -r results/DOCKING/7AAA.mol2 -l results/DOCKING/ligands_sdf/ligando_348.sdf -o results/DOCKING/results_mol2/docked_ligando_348.mol2 --center_x 8.59 --center_y 39.35 --center_z 9.53 --size_x 22 --size_y 16 --size_z 24 --num_modes 10 --exhaustiveness 8 --seed 1
Using random seed: 1

0%   10   20   30   40   50   60   70   80   90   100%
|----|----|----|----|----|----|----|----|----|----|
***************************************************

mode |  affinity  |  intramol  |    CNN     |   CNN
     | (kcal/mol) | (kcal/mol) | pose score | affinity
-----+------------+------------+------------+----------
    1       -8.93       -0.51       0.7151      7.095
    2       -8.10       -0.02       0.2715      6.489
    3       -7.14        0.70       0.1016      5.505
    4       -7.92       -0.35       0.0497      5.521
    5       -8.17        1.36       0.0478      4.795
    6       -8.93        0.34       0.0442      5.394
    7       -7.39        0.70       0.0395      5.201
    8       -8.56       -0.65       0.0383      4.941
    9       -7.29        0.99       0.0382      5.130
   10       -7.31        2.13       0.0324      4.517
