              _             
             (_)            
   __ _ _ __  _ _ __   __ _ 
  / _` | '_ \| | '_ \ / _` |
 | (_| | | | | | | | | (_| |
  \__, |_| |_|_|_| |_|\__,_|
   __/ |                    
  |___/                     

gnina v1.3.3 master:6fe1ce2   Built Jun 30 2026.
gnina is based on smina and AutoDock Vina.
Please cite appropriately.

Commandline: gnina -r results/DOCKING/7AAA.mol2 -l results/DOCKING/ligands_sdf/ligando_357.sdf -o results/DOCKING/results_mol2/docked_ligando_357.mol2 --center_x 8.59 --center_y 39.35 --center_z 9.53 --size_x 22 --size_y 16 --size_z 24 --num_modes 10 --exhaustiveness 8 --seed 1
Using random seed: 1

0%   10   20   30   40   50   60   70   80   90   100%
|----|----|----|----|----|----|----|----|----|----|
***************************************************
MolPort-005-291-984 12422538 CSSS03437107179 MCULE-1450102348 PubChem-16880185 ZINC000012422538 | pose 0 | initial pose not within box
MolPort-005-291-984 12422538 CSSS03437107179 MCULE-1450102348 PubChem-16880185 ZINC000012422538 | pose 0 | ligand outside box
MolPort-005-291-984 12422538 CSSS03437107179 MCULE-1450102348 PubChem-16880185 ZINC000012422538 | pose 0 | ligand outside box
MolPort-005-291-984 12422538 CSSS03437107179 MCULE-1450102348 PubChem-16880185 ZINC000012422538 | pose 0 | ligand outside box
MolPort-005-291-984 12422538 CSSS03437107179 MCULE-1450102348 PubChem-16880185 ZINC000012422538 | pose 0 | ligand outside box
MolPort-005-291-984 12422538 CSSS03437107179 MCULE-1450102348 PubChem-16880185 ZINC000012422538 | pose 0 | ligand outside box
MolPort-005-291-984 12422538 CSSS03437107179 MCULE-1450102348 PubChem-16880185 ZINC000012422538 | pose 0 | initial pose not within box
MolPort-005-291-984 12422538 CSSS03437107179 MCULE-1450102348 PubChem-16880185 ZINC000012422538 | pose 0 | ligand outside box
MolPort-005-291-984 12422538 CSSS03437107179 MCULE-1450102348 PubChem-16880185 ZINC000012422538 | pose 0 | ligand outside box
MolPort-005-291-984 12422538 CSSS03437107179 MCULE-1450102348 PubChem-16880185 ZINC000012422538 | pose 0 | ligand outside box

mode |  affinity  |  intramol  |    CNN     |   CNN
     | (kcal/mol) | (kcal/mol) | pose score | affinity
-----+------------+------------+------------+----------
    1       -8.83       -0.10       0.4771      6.413
    2       -3.48       -0.72       0.4537      6.595
    3       -5.50       -0.58       0.3672      5.148
    4        5.25       -0.63       0.2658      5.290
    5        3.34        0.07       0.2014      5.483
    6       -6.33       -0.07       0.1910      4.770
    7       16.21        0.89       0.1777      5.363
    8       -7.84        0.39       0.1336      5.946
    9       24.54       -0.68       0.0998      4.880
   10       -3.15        1.00       0.0923      5.283
