              _             
             (_)            
   __ _ _ __  _ _ __   __ _ 
  / _` | '_ \| | '_ \ / _` |
 | (_| | | | | | | | | (_| |
  \__, |_| |_|_|_| |_|\__,_|
   __/ |                    
  |___/                     

gnina v1.3.3 master:6fe1ce2   Built Jun 30 2026.
gnina is based on smina and AutoDock Vina.
Please cite appropriately.

Commandline: gnina -r results/DOCKING/7AAA.mol2 -l results/DOCKING/ligands_sdf/ligando_676.sdf -o results/DOCKING/results_mol2/docked_ligando_676.mol2 --center_x 8.59 --center_y 39.35 --center_z 9.53 --size_x 22 --size_y 16 --size_z 24 --num_modes 10 --exhaustiveness 8 --seed 1
Using random seed: 1

0%   10   20   30   40   50   60   70   80   90   100%
|----|----|----|----|----|----|----|----|----|----|
***************************************************

mode |  affinity  |  intramol  |    CNN     |   CNN
     | (kcal/mol) | (kcal/mol) | pose score | affinity
-----+------------+------------+------------+----------
    1       -6.93        0.01       0.6952      5.791
    2       -8.18       -0.43       0.4667      5.315
    3       -7.01       -0.20       0.4380      5.428
    4       -7.34       -0.56       0.3999      5.370
    5       -7.74       -0.06       0.3063      4.891
    6       -6.49       -0.54       0.2832      4.642
    7       -6.86        0.09       0.2482      4.956
    8       -6.70       -0.47       0.2352      4.829
    9       -8.20       -0.55       0.2212      4.885
   10       -6.85       -0.51       0.1151      4.495
