              _             
             (_)            
   __ _ _ __  _ _ __   __ _ 
  / _` | '_ \| | '_ \ / _` |
 | (_| | | | | | | | | (_| |
  \__, |_| |_|_|_| |_|\__,_|
   __/ |                    
  |___/                     

gnina v1.3.3 master:6fe1ce2   Built Jun 30 2026.
gnina is based on smina and AutoDock Vina.
Please cite appropriately.

Commandline: gnina -r results/DOCKING/7AAA.mol2 -l results/DOCKING/ligands_sdf/ligando_843.sdf -o results/DOCKING/results_mol2/docked_ligando_843.mol2 --center_x 8.59 --center_y 39.35 --center_z 9.53 --size_x 22 --size_y 16 --size_z 24 --num_modes 10 --exhaustiveness 8 --seed 1
Using random seed: 1

0%   10   20   30   40   50   60   70   80   90   100%
|----|----|----|----|----|----|----|----|----|----|
***************************************************
MolPort-002-773-376 20607015 CSSS00133006964 MCULE-3488812957 PubChem-19617137 ZINC000020607015 ZINC20607015 | pose 0 | initial pose not within box

mode |  affinity  |  intramol  |    CNN     |   CNN
     | (kcal/mol) | (kcal/mol) | pose score | affinity
-----+------------+------------+------------+----------
    1        4.98       -0.66       0.1949      5.294
    2       -9.00       -0.45       0.1547      5.792
    3       -9.25       -0.66       0.1538      5.770
    4       -9.55       -0.20       0.1538      5.520
    5       -8.68       -0.35       0.1259      5.755
    6       -9.11       -0.47       0.1073      5.219
    7       -8.92       -0.80       0.0852      5.174
    8       -8.86       -0.54       0.0798      5.460
    9       -7.74       -0.19       0.0677      5.346
   10       -8.37       -0.32       0.0620      5.387
