              _             
             (_)            
   __ _ _ __  _ _ __   __ _ 
  / _` | '_ \| | '_ \ / _` |
 | (_| | | | | | | | | (_| |
  \__, |_| |_|_|_| |_|\__,_|
   __/ |                    
  |___/                     

gnina v1.3.3 master:6fe1ce2   Built Jun 30 2026.
gnina is based on smina and AutoDock Vina.
Please cite appropriately.

Commandline: gnina -r results/DOCKING/7AAA.mol2 -l results/DOCKING/ligands_sdf/ligando_388.sdf -o results/DOCKING/results_mol2/docked_ligando_388.mol2 --center_x 8.59 --center_y 39.35 --center_z 9.53 --size_x 22 --size_y 16 --size_z 24 --num_modes 10 --exhaustiveness 8 --seed 1
Using random seed: 1

0%   10   20   30   40   50   60   70   80   90   100%
|----|----|----|----|----|----|----|----|----|----|
***************************************************
MolPort-039-210-396 CSSS03436989980 MCULE-9187658324 PubChem-121016984 | pose 0 | initial pose not within box

mode |  affinity  |  intramol  |    CNN     |   CNN
     | (kcal/mol) | (kcal/mol) | pose score | affinity
-----+------------+------------+------------+----------
    1       -8.32        0.12       0.1381      5.529
    2       -7.88        0.80       0.1028      5.264
    3       -8.23       -0.51       0.0997      5.680
    4       -7.18       -0.03       0.0957      5.776
    5       -7.55       -0.28       0.0951      5.497
    6       -8.19       -0.73       0.0806      5.425
    7       -7.51       -0.23       0.0745      5.291
    8       -7.20        0.91       0.0705      4.829
    9       -8.27       -0.71       0.0705      4.579
   10       -7.74       -0.67       0.0686      5.078
