              _             
             (_)            
   __ _ _ __  _ _ __   __ _ 
  / _` | '_ \| | '_ \ / _` |
 | (_| | | | | | | | | (_| |
  \__, |_| |_|_|_| |_|\__,_|
   __/ |                    
  |___/                     

gnina v1.3.3 master:6fe1ce2   Built Jun 30 2026.
gnina is based on smina and AutoDock Vina.
Please cite appropriately.

Commandline: gnina -r results/DOCKING/7AAA.mol2 -l results/DOCKING/ligands_sdf/ligando_258.sdf -o results/DOCKING/results_mol2/docked_ligando_258.mol2 --center_x 8.59 --center_y 39.35 --center_z 9.53 --size_x 22 --size_y 16 --size_z 24 --num_modes 10 --exhaustiveness 8 --seed 1
Using random seed: 1

0%   10   20   30   40   50   60   70   80   90   100%
|----|----|----|----|----|----|----|----|----|----|
***************************************************

mode |  affinity  |  intramol  |    CNN     |   CNN
     | (kcal/mol) | (kcal/mol) | pose score | affinity
-----+------------+------------+------------+----------
    1       -7.37       -0.65       0.3235      5.336
    2       -8.51       -0.56       0.2872      5.186
    3       -7.38        0.41       0.2806      5.532
    4       -7.62       -0.46       0.2540      5.121
    5       -7.09       -0.14       0.2461      5.290
    6       -7.23       -0.09       0.2223      5.034
    7       -6.91       -0.55       0.1886      4.721
    8       -7.74       -0.13       0.1810      5.089
    9       -7.46       -0.51       0.1440      4.898
   10       -7.22       -0.30       0.1390      4.817
