              _             
             (_)            
   __ _ _ __  _ _ __   __ _ 
  / _` | '_ \| | '_ \ / _` |
 | (_| | | | | | | | | (_| |
  \__, |_| |_|_|_| |_|\__,_|
   __/ |                    
  |___/                     

gnina v1.3.3 master:6fe1ce2   Built Jun 30 2026.
gnina is based on smina and AutoDock Vina.
Please cite appropriately.

Commandline: gnina -r results/DOCKING/7AAA.mol2 -l results/DOCKING/ligands_sdf/ligando_463.sdf -o results/DOCKING/results_mol2/docked_ligando_463.mol2 --center_x 8.59 --center_y 39.35 --center_z 9.53 --size_x 22 --size_y 16 --size_z 24 --num_modes 10 --exhaustiveness 8 --seed 1
Using random seed: 1

0%   10   20   30   40   50   60   70   80   90   100%
|----|----|----|----|----|----|----|----|----|----|
***************************************************

mode |  affinity  |  intramol  |    CNN     |   CNN
     | (kcal/mol) | (kcal/mol) | pose score | affinity
-----+------------+------------+------------+----------
    1       -8.33       -0.59       0.2715      6.214
    2      -10.31       -0.20       0.2017      5.934
    3       -9.52       -0.53       0.1561      6.302
    4      -10.04        0.11       0.1556      5.657
    5       -8.85        0.06       0.1387      5.836
    6       -8.88        1.15       0.0820      5.346
    7       -8.06        0.41       0.0786      5.530
    8       -9.08        0.96       0.0651      5.628
    9      -10.24       -0.28       0.0649      5.708
   10       -9.53       -0.51       0.0632      6.026
