              _             
             (_)            
   __ _ _ __  _ _ __   __ _ 
  / _` | '_ \| | '_ \ / _` |
 | (_| | | | | | | | | (_| |
  \__, |_| |_|_|_| |_|\__,_|
   __/ |                    
  |___/                     

gnina v1.3.3 master:6fe1ce2   Built Jun 30 2026.
gnina is based on smina and AutoDock Vina.
Please cite appropriately.

Commandline: gnina -r results/DOCKING/7AAA.mol2 -l results/DOCKING/ligands_sdf/ligando_294.sdf -o results/DOCKING/results_mol2/docked_ligando_294.mol2 --center_x 8.59 --center_y 39.35 --center_z 9.53 --size_x 22 --size_y 16 --size_z 24 --num_modes 10 --exhaustiveness 8 --seed 1
Using random seed: 1

0%   10   20   30   40   50   60   70   80   90   100%
|----|----|----|----|----|----|----|----|----|----|
***************************************************

mode |  affinity  |  intramol  |    CNN     |   CNN
     | (kcal/mol) | (kcal/mol) | pose score | affinity
-----+------------+------------+------------+----------
    1       -8.24       -0.08       0.2603      6.376
    2       -9.37        1.19       0.2200      6.081
    3       -9.04       -0.05       0.1364      5.810
    4       -9.06        2.49       0.1057      5.783
    5       -7.58       -0.82       0.0756      4.820
    6       -7.01       -0.58       0.0721      4.754
    7       -6.58       -0.75       0.0717      5.155
    8       -6.68       -0.08       0.0617      4.710
    9       -8.81       -0.75       0.0598      5.661
   10       -6.96        0.38       0.0574      5.388
