              _             
             (_)            
   __ _ _ __  _ _ __   __ _ 
  / _` | '_ \| | '_ \ / _` |
 | (_| | | | | | | | | (_| |
  \__, |_| |_|_|_| |_|\__,_|
   __/ |                    
  |___/                     

gnina v1.3.3 master:6fe1ce2   Built Jun 30 2026.
gnina is based on smina and AutoDock Vina.
Please cite appropriately.

Commandline: gnina -r results/DOCKING/7AAA.mol2 -l results/DOCKING/ligands_sdf/ligando_175.sdf -o results/DOCKING/results_mol2/docked_ligando_175.mol2 --center_x 8.59 --center_y 39.35 --center_z 9.53 --size_x 22 --size_y 16 --size_z 24 --num_modes 10 --exhaustiveness 8 --seed 1
Using random seed: 1

0%   10   20   30   40   50   60   70   80   90   100%
|----|----|----|----|----|----|----|----|----|----|
***************************************************
MolPort-001-550-202 1139843 CSC046137627 CSSS00046137627 LN01004191 MCULE-2079171214 PubChem-1312780 ZINC000001139843 ZINC01139843 | pose 0 | ligand outside box

mode |  affinity  |  intramol  |    CNN     |   CNN
     | (kcal/mol) | (kcal/mol) | pose score | affinity
-----+------------+------------+------------+----------
    1       47.19        0.87       0.2733      5.467
    2       -1.63       -0.00       0.2007      6.123
    3       -5.11       -0.35       0.1815      5.920
    4      -10.70       -1.08       0.1618      5.247
    5       -5.14        1.19       0.1348      5.840
    6        0.22       -0.15       0.1253      5.192
    7       55.25       -0.07       0.1025      4.797
    8       -9.93       -0.26       0.0893      4.560
    9      -10.69       -0.12       0.0816      5.448
   10      -10.66        0.67       0.0777      4.824
