              _             
             (_)            
   __ _ _ __  _ _ __   __ _ 
  / _` | '_ \| | '_ \ / _` |
 | (_| | | | | | | | | (_| |
  \__, |_| |_|_|_| |_|\__,_|
   __/ |                    
  |___/                     

gnina v1.3.3 master:6fe1ce2   Built Jun 30 2026.
gnina is based on smina and AutoDock Vina.
Please cite appropriately.

Commandline: gnina -r results/DOCKING/7AAA.mol2 -l results/DOCKING/ligands_sdf/ligando_559.sdf -o results/DOCKING/results_mol2/docked_ligando_559.mol2 --center_x 8.59 --center_y 39.35 --center_z 9.53 --size_x 22 --size_y 16 --size_z 24 --num_modes 10 --exhaustiveness 8 --seed 1
Using random seed: 1

0%   10   20   30   40   50   60   70   80   90   100%
|----|----|----|----|----|----|----|----|----|----|
***************************************************

mode |  affinity  |  intramol  |    CNN     |   CNN
     | (kcal/mol) | (kcal/mol) | pose score | affinity
-----+------------+------------+------------+----------
    1       -6.59       -0.18       0.6109      6.427
    2       -7.67       -0.43       0.3422      5.559
    3       -7.80       -0.80       0.2826      5.411
    4       -6.68       -0.86       0.2592      5.660
    5       -6.28        0.39       0.2272      5.039
    6       -7.32       -0.59       0.1374      5.035
    7       -7.19       -0.02       0.1251      5.213
    8       -6.36       -0.35       0.1219      5.075
    9       -7.04       -0.25       0.1080      5.068
   10       -7.84       -0.29       0.1047      4.895
