              _             
             (_)            
   __ _ _ __  _ _ __   __ _ 
  / _` | '_ \| | '_ \ / _` |
 | (_| | | | | | | | | (_| |
  \__, |_| |_|_|_| |_|\__,_|
   __/ |                    
  |___/                     

gnina v1.3.3 master:6fe1ce2   Built Jun 30 2026.
gnina is based on smina and AutoDock Vina.
Please cite appropriately.

Commandline: gnina -r results/DOCKING/7AAA.mol2 -l results/DOCKING/ligands_sdf/ligando_272.sdf -o results/DOCKING/results_mol2/docked_ligando_272.mol2 --center_x 8.59 --center_y 39.35 --center_z 9.53 --size_x 22 --size_y 16 --size_z 24 --num_modes 10 --exhaustiveness 8 --seed 1
Using random seed: 1

0%   10   20   30   40   50   60   70   80   90   100%
|----|----|----|----|----|----|----|----|----|----|
***************************************************
Molport-047-072-371 PubChem-132765989 | pose 0 | ligand outside box
Molport-047-072-371 PubChem-132765989 | pose 0 | ligand outside box
Molport-047-072-371 PubChem-132765989 | pose 0 | ligand outside box
Molport-047-072-371 PubChem-132765989 | pose 0 | ligand outside box
Molport-047-072-371 PubChem-132765989 | pose 0 | ligand outside box
Molport-047-072-371 PubChem-132765989 | pose 0 | initial pose not within box
Molport-047-072-371 PubChem-132765989 | pose 0 | ligand outside box
Molport-047-072-371 PubChem-132765989 | pose 0 | ligand outside box

mode |  affinity  |  intramol  |    CNN     |   CNN
     | (kcal/mol) | (kcal/mol) | pose score | affinity
-----+------------+------------+------------+----------
    1      -10.22        0.15       0.4297      6.512
    2      -10.03        0.32       0.3297      6.487
    3       -8.61       -0.33       0.1736      6.299
    4       -9.83       -0.32       0.1220      6.194
    5       10.25       -0.41       0.0821      4.574
    6       -6.47       -0.37       0.0819      5.869
    7       -9.76       -0.36       0.0748      6.061
    8       -6.89       -0.71       0.0632      5.775
    9       -8.39       -0.72       0.0576      5.661
   10       -8.51       -0.79       0.0545      5.781
