              _             
             (_)            
   __ _ _ __  _ _ __   __ _ 
  / _` | '_ \| | '_ \ / _` |
 | (_| | | | | | | | | (_| |
  \__, |_| |_|_|_| |_|\__,_|
   __/ |                    
  |___/                     

gnina v1.3.3 master:6fe1ce2   Built Jun 30 2026.
gnina is based on smina and AutoDock Vina.
Please cite appropriately.

Commandline: gnina -r results/DOCKING/7AAA.mol2 -l results/DOCKING/ligands_sdf/ligando_359.sdf -o results/DOCKING/results_mol2/docked_ligando_359.mol2 --center_x 8.59 --center_y 39.35 --center_z 9.53 --size_x 22 --size_y 16 --size_z 24 --num_modes 10 --exhaustiveness 8 --seed 1
Using random seed: 1

0%   10   20   30   40   50   60   70   80   90   100%
|----|----|----|----|----|----|----|----|----|----|
***************************************************

mode |  affinity  |  intramol  |    CNN     |   CNN
     | (kcal/mol) | (kcal/mol) | pose score | affinity
-----+------------+------------+------------+----------
    1       -9.31       -0.16       0.7610      6.846
    2       -9.45       -0.61       0.7357      6.790
    3      -10.14       -0.61       0.1991      6.125
    4       -9.01        0.32       0.1386      5.732
    5       -9.55        2.01       0.1346      5.805
    6      -10.07        0.81       0.1334      5.400
    7       -8.81        1.57       0.1145      5.713
    8       -9.13        0.70       0.0828      5.555
    9       -9.23        1.29       0.0824      5.591
   10       -8.13        1.30       0.0788      5.763
