              _             
             (_)            
   __ _ _ __  _ _ __   __ _ 
  / _` | '_ \| | '_ \ / _` |
 | (_| | | | | | | | | (_| |
  \__, |_| |_|_|_| |_|\__,_|
   __/ |                    
  |___/                     

gnina v1.3.3 master:6fe1ce2   Built Jun 30 2026.
gnina is based on smina and AutoDock Vina.
Please cite appropriately.

Commandline: gnina -r results/DOCKING/7AAA.mol2 -l results/DOCKING/ligands_sdf/ligando_401.sdf -o results/DOCKING/results_mol2/docked_ligando_401.mol2 --center_x 8.59 --center_y 39.35 --center_z 9.53 --size_x 22 --size_y 16 --size_z 24 --num_modes 10 --exhaustiveness 8 --seed 1
Using random seed: 1

0%   10   20   30   40   50   60   70   80   90   100%
|----|----|----|----|----|----|----|----|----|----|
***************************************************

mode |  affinity  |  intramol  |    CNN     |   CNN
     | (kcal/mol) | (kcal/mol) | pose score | affinity
-----+------------+------------+------------+----------
    1       -8.84        0.22       0.4195      6.775
    2       -9.17        0.05       0.2726      6.509
    3       -9.01       -0.67       0.2169      6.161
    4       -9.25       -0.62       0.2146      6.305
    5      -10.12        0.22       0.1855      6.549
    6      -10.59       -0.36       0.1430      5.902
    7       -9.94       -0.33       0.1294      5.734
    8      -10.53       -0.64       0.1107      5.672
    9       -9.15        1.28       0.1104      6.260
   10       -9.12        0.69       0.0922      6.000
