              _             
             (_)            
   __ _ _ __  _ _ __   __ _ 
  / _` | '_ \| | '_ \ / _` |
 | (_| | | | | | | | | (_| |
  \__, |_| |_|_|_| |_|\__,_|
   __/ |                    
  |___/                     

gnina v1.3.3 master:6fe1ce2   Built Jun 30 2026.
gnina is based on smina and AutoDock Vina.
Please cite appropriately.

Commandline: gnina -r results/DOCKING/7AAA.mol2 -l results/DOCKING/ligands_sdf/ligando_552.sdf -o results/DOCKING/results_mol2/docked_ligando_552.mol2 --center_x 8.59 --center_y 39.35 --center_z 9.53 --size_x 22 --size_y 16 --size_z 24 --num_modes 10 --exhaustiveness 8 --seed 1
Using random seed: 1

0%   10   20   30   40   50   60   70   80   90   100%
|----|----|----|----|----|----|----|----|----|----|
***************************************************
MolPort-006-464-510 ChemDiv-V018-5277 MCULE-9359605537 PubChem-1029278 ZINC000000696954 ZINC00696954 | pose 0 | initial pose not within box
MolPort-006-464-510 ChemDiv-V018-5277 MCULE-9359605537 PubChem-1029278 ZINC000000696954 ZINC00696954 | pose 0 | ligand outside box
MolPort-006-464-510 ChemDiv-V018-5277 MCULE-9359605537 PubChem-1029278 ZINC000000696954 ZINC00696954 | pose 0 | ligand outside box
MolPort-006-464-510 ChemDiv-V018-5277 MCULE-9359605537 PubChem-1029278 ZINC000000696954 ZINC00696954 | pose 0 | ligand outside box
MolPort-006-464-510 ChemDiv-V018-5277 MCULE-9359605537 PubChem-1029278 ZINC000000696954 ZINC00696954 | pose 0 | ligand outside box
MolPort-006-464-510 ChemDiv-V018-5277 MCULE-9359605537 PubChem-1029278 ZINC000000696954 ZINC00696954 | pose 0 | ligand outside box
MolPort-006-464-510 ChemDiv-V018-5277 MCULE-9359605537 PubChem-1029278 ZINC000000696954 ZINC00696954 | pose 0 | initial pose not within box
MolPort-006-464-510 ChemDiv-V018-5277 MCULE-9359605537 PubChem-1029278 ZINC000000696954 ZINC00696954 | pose 0 | ligand outside box
MolPort-006-464-510 ChemDiv-V018-5277 MCULE-9359605537 PubChem-1029278 ZINC000000696954 ZINC00696954 | pose 0 | ligand outside box
MolPort-006-464-510 ChemDiv-V018-5277 MCULE-9359605537 PubChem-1029278 ZINC000000696954 ZINC00696954 | pose 0 | ligand outside box
MolPort-006-464-510 ChemDiv-V018-5277 MCULE-9359605537 PubChem-1029278 ZINC000000696954 ZINC00696954 | pose 0 | ligand outside box
MolPort-006-464-510 ChemDiv-V018-5277 MCULE-9359605537 PubChem-1029278 ZINC000000696954 ZINC00696954 | pose 0 | ligand outside box

mode |  affinity  |  intramol  |    CNN     |   CNN
     | (kcal/mol) | (kcal/mol) | pose score | affinity
-----+------------+------------+------------+----------
    1        0.82       -0.09       0.3238      5.708
    2        2.00        2.38       0.3146      5.258
    3      -10.01        0.23       0.3028      6.514
    4       -9.48        7.70       0.2779      6.409
    5       -2.99        1.05       0.2624      5.247
    6        2.33        0.12       0.2600      5.130
    7      -10.00        0.37       0.2554      6.241
    8       -3.80       -0.27       0.1551      5.538
    9      -10.19        1.56       0.1456      5.813
   10       -9.32       -0.26       0.1165      5.545
