              _             
             (_)            
   __ _ _ __  _ _ __   __ _ 
  / _` | '_ \| | '_ \ / _` |
 | (_| | | | | | | | | (_| |
  \__, |_| |_|_|_| |_|\__,_|
   __/ |                    
  |___/                     

gnina v1.3.3 master:6fe1ce2   Built Jun 30 2026.
gnina is based on smina and AutoDock Vina.
Please cite appropriately.

Commandline: gnina -r results/DOCKING/7AAA.mol2 -l results/DOCKING/ligands_sdf/ligando_165.sdf -o results/DOCKING/results_mol2/docked_ligando_165.mol2 --center_x 8.59 --center_y 39.35 --center_z 9.53 --size_x 22 --size_y 16 --size_z 24 --num_modes 10 --exhaustiveness 8 --seed 1
Using random seed: 1

0%   10   20   30   40   50   60   70   80   90   100%
|----|----|----|----|----|----|----|----|----|----|
***************************************************

mode |  affinity  |  intramol  |    CNN     |   CNN
     | (kcal/mol) | (kcal/mol) | pose score | affinity
-----+------------+------------+------------+----------
    1       -9.88       -0.04       0.6194      7.068
    2       -9.70        0.19       0.2537      6.036
    3      -10.69        0.06       0.2266      6.250
    4       -8.86       -0.52       0.1774      6.129
    5       -9.67       -0.19       0.1625      5.612
    6       -9.23       -0.81       0.1543      6.077
    7       -9.19       -0.86       0.1510      5.859
    8       -9.24       -0.42       0.1001      5.960
    9       -9.16       -0.38       0.0946      6.149
   10       -8.65       -0.43       0.0785      5.644
