              _             
             (_)            
   __ _ _ __  _ _ __   __ _ 
  / _` | '_ \| | '_ \ / _` |
 | (_| | | | | | | | | (_| |
  \__, |_| |_|_|_| |_|\__,_|
   __/ |                    
  |___/                     

gnina v1.3.3 master:6fe1ce2   Built Jun 30 2026.
gnina is based on smina and AutoDock Vina.
Please cite appropriately.

Commandline: gnina -r results/DOCKING/7AAA.mol2 -l results/DOCKING/ligands_sdf/ligando_093.sdf -o results/DOCKING/results_mol2/docked_ligando_093.mol2 --center_x 8.59 --center_y 39.35 --center_z 9.53 --size_x 22 --size_y 16 --size_z 24 --num_modes 10 --exhaustiveness 8 --seed 1
Using random seed: 1

0%   10   20   30   40   50   60   70   80   90   100%
|----|----|----|----|----|----|----|----|----|----|
***************************************************
MolPort-002-628-688 5499559 PubChem-1630919 ZINC000005499559 ZINC05499559 | pose 0 | initial pose not within box

mode |  affinity  |  intramol  |    CNN     |   CNN
     | (kcal/mol) | (kcal/mol) | pose score | affinity
-----+------------+------------+------------+----------
    1       -8.28       -0.22       0.6767      6.829
    2       32.27       -0.19       0.5314      5.127
    3       -8.29       -0.21       0.5006      6.406
    4       -9.33       -0.77       0.2689      5.969
    5       25.52        1.25       0.2445      5.432
    6       -8.19        0.08       0.2280      5.804
    7       -7.72        0.13       0.1484      5.898
    8       -8.94       -0.75       0.1313      5.726
    9       -7.93       -0.57       0.1088      5.236
   10       -8.25       -0.57       0.1063      4.893
