              _             
             (_)            
   __ _ _ __  _ _ __   __ _ 
  / _` | '_ \| | '_ \ / _` |
 | (_| | | | | | | | | (_| |
  \__, |_| |_|_|_| |_|\__,_|
   __/ |                    
  |___/                     

gnina v1.3.3 master:6fe1ce2   Built Jun 30 2026.
gnina is based on smina and AutoDock Vina.
Please cite appropriately.

Commandline: gnina -r results/DOCKING/7AAA.mol2 -l results/DOCKING/ligands_sdf/ligando_131.sdf -o results/DOCKING/results_mol2/docked_ligando_131.mol2 --center_x 8.59 --center_y 39.35 --center_z 9.53 --size_x 22 --size_y 16 --size_z 24 --num_modes 10 --exhaustiveness 8 --seed 1
Using random seed: 1

0%   10   20   30   40   50   60   70   80   90   100%
|----|----|----|----|----|----|----|----|----|----|
***************************************************

mode |  affinity  |  intramol  |    CNN     |   CNN
     | (kcal/mol) | (kcal/mol) | pose score | affinity
-----+------------+------------+------------+----------
    1       -9.02        1.97       0.6038      6.991
    2       -9.23        0.57       0.5528      6.690
    3       -9.97       -0.21       0.5060      6.734
    4       -8.39       -0.13       0.2708      6.492
    5      -10.01        0.30       0.2181      6.379
    6       -9.66        0.15       0.2016      6.149
    7      -10.12       -0.48       0.1587      5.969
    8       -9.75       -0.09       0.1327      5.546
    9       -9.59        0.02       0.1014      5.391
   10       -9.13       -0.15       0.0809      5.904
