              _             
             (_)            
   __ _ _ __  _ _ __   __ _ 
  / _` | '_ \| | '_ \ / _` |
 | (_| | | | | | | | | (_| |
  \__, |_| |_|_|_| |_|\__,_|
   __/ |                    
  |___/                     

gnina v1.3.3 master:6fe1ce2   Built Jun 30 2026.
gnina is based on smina and AutoDock Vina.
Please cite appropriately.

Commandline: gnina -r results/DOCKING/7AAA.mol2 -l results/DOCKING/ligands_sdf/ligando_437.sdf -o results/DOCKING/results_mol2/docked_ligando_437.mol2 --center_x 8.59 --center_y 39.35 --center_z 9.53 --size_x 22 --size_y 16 --size_z 24 --num_modes 10 --exhaustiveness 8 --seed 1
Using random seed: 1

0%   10   20   30   40   50   60   70   80   90   100%
|----|----|----|----|----|----|----|----|----|----|
***************************************************
MolPort-051-736-026 | pose 0 | initial pose not within box
MolPort-051-736-026 | pose 0 | ligand outside box

mode |  affinity  |  intramol  |    CNN     |   CNN
     | (kcal/mol) | (kcal/mol) | pose score | affinity
-----+------------+------------+------------+----------
    1       -8.42        8.10       0.2157      6.989
    2      -11.09        1.58       0.1468      6.647
    3      -10.23        2.30       0.1374      6.114
    4      -10.77        9.11       0.1244      6.924
    5       -8.90        2.12       0.0812      5.720
    6       -8.77        3.90       0.0803      6.764
    7       -9.16        3.44       0.0616      5.950
    8      -11.24       -0.79       0.0613      5.837
    9      -10.67        1.23       0.0545      6.021
   10       -8.79        2.46       0.0542      5.490
