              _             
             (_)            
   __ _ _ __  _ _ __   __ _ 
  / _` | '_ \| | '_ \ / _` |
 | (_| | | | | | | | | (_| |
  \__, |_| |_|_|_| |_|\__,_|
   __/ |                    
  |___/                     

gnina v1.3.3 master:6fe1ce2   Built Jun 30 2026.
gnina is based on smina and AutoDock Vina.
Please cite appropriately.

Commandline: gnina -r results/DOCKING/7AAA.mol2 -l results/DOCKING/ligands_sdf/ligando_149.sdf -o results/DOCKING/results_mol2/docked_ligando_149.mol2 --center_x 8.59 --center_y 39.35 --center_z 9.53 --size_x 22 --size_y 16 --size_z 24 --num_modes 10 --exhaustiveness 8 --seed 1
Using random seed: 1

0%   10   20   30   40   50   60   70   80   90   100%
|----|----|----|----|----|----|----|----|----|----|
***************************************************

mode |  affinity  |  intramol  |    CNN     |   CNN
     | (kcal/mol) | (kcal/mol) | pose score | affinity
-----+------------+------------+------------+----------
    1       -8.09        0.61       0.3174      5.483
    2       -8.30        0.99       0.2807      5.235
    3       -6.77       -0.08       0.2211      5.007
    4       -7.07        0.60       0.1619      4.730
    5       -8.30       -0.31       0.1393      4.623
    6       -7.13        0.44       0.1316      4.810
    7       -7.67        1.40       0.1188      4.509
    8       -8.09        0.57       0.1128      4.170
    9       -7.90        0.16       0.1070      4.529
   10       -7.31       -0.83       0.1046      4.599
