              _             
             (_)            
   __ _ _ __  _ _ __   __ _ 
  / _` | '_ \| | '_ \ / _` |
 | (_| | | | | | | | | (_| |
  \__, |_| |_|_|_| |_|\__,_|
   __/ |                    
  |___/                     

gnina v1.3.3 master:6fe1ce2   Built Jun 30 2026.
gnina is based on smina and AutoDock Vina.
Please cite appropriately.

Commandline: gnina -r results/DOCKING/7AAA.mol2 -l results/DOCKING/ligands_sdf/ligando_432.sdf -o results/DOCKING/results_mol2/docked_ligando_432.mol2 --center_x 8.59 --center_y 39.35 --center_z 9.53 --size_x 22 --size_y 16 --size_z 24 --num_modes 10 --exhaustiveness 8 --seed 1
Using random seed: 1

0%   10   20   30   40   50   60   70   80   90   100%
|----|----|----|----|----|----|----|----|----|----|
***************************************************

mode |  affinity  |  intramol  |    CNN     |   CNN
     | (kcal/mol) | (kcal/mol) | pose score | affinity
-----+------------+------------+------------+----------
    1       -7.81       -0.70       0.1944      5.188
    2       -8.83        0.98       0.1755      5.168
    3       -8.08       -0.65       0.1282      4.942
    4       -8.30       -1.11       0.1274      5.197
    5       -8.08       -0.20       0.1109      4.888
    6       -8.24       -0.88       0.1097      4.006
    7       -8.21       -0.86       0.1072      4.464
    8       -8.70        0.58       0.1067      4.646
    9       -7.85       -0.83       0.1053      4.453
   10       -8.02        0.62       0.1005      3.965
