              _             
             (_)            
   __ _ _ __  _ _ __   __ _ 
  / _` | '_ \| | '_ \ / _` |
 | (_| | | | | | | | | (_| |
  \__, |_| |_|_|_| |_|\__,_|
   __/ |                    
  |___/                     

gnina v1.3.3 master:6fe1ce2   Built Jun 30 2026.
gnina is based on smina and AutoDock Vina.
Please cite appropriately.

Commandline: gnina -r results/DOCKING/7AAA.mol2 -l results/DOCKING/ligands_sdf/ligando_558.sdf -o results/DOCKING/results_mol2/docked_ligando_558.mol2 --center_x 8.59 --center_y 39.35 --center_z 9.53 --size_x 22 --size_y 16 --size_z 24 --num_modes 10 --exhaustiveness 8 --seed 1
Using random seed: 1

0%   10   20   30   40   50   60   70   80   90   100%
|----|----|----|----|----|----|----|----|----|----|
***************************************************

mode |  affinity  |  intramol  |    CNN     |   CNN
     | (kcal/mol) | (kcal/mol) | pose score | affinity
-----+------------+------------+------------+----------
    1       -9.02       -0.73       0.2892      5.761
    2       -9.56        0.62       0.2720      5.886
    3       -8.99       -0.48       0.1947      5.436
    4       -9.61       -1.04       0.1767      5.845
    5      -10.32       -0.82       0.1706      5.727
    6      -10.26       -0.91       0.1123      5.565
    7      -10.21       -0.85       0.1049      5.579
    8       -8.14       -0.99       0.0696      5.467
    9       -8.93       -1.74       0.0603      4.842
   10       -7.87       -0.56       0.0504      4.737
