              _             
             (_)            
   __ _ _ __  _ _ __   __ _ 
  / _` | '_ \| | '_ \ / _` |
 | (_| | | | | | | | | (_| |
  \__, |_| |_|_|_| |_|\__,_|
   __/ |                    
  |___/                     

gnina v1.3.3 master:6fe1ce2   Built Jun 30 2026.
gnina is based on smina and AutoDock Vina.
Please cite appropriately.

Commandline: gnina -r results/DOCKING/7AAA.mol2 -l results/DOCKING/ligands_sdf/ligando_581.sdf -o results/DOCKING/results_mol2/docked_ligando_581.mol2 --center_x 8.59 --center_y 39.35 --center_z 9.53 --size_x 22 --size_y 16 --size_z 24 --num_modes 10 --exhaustiveness 8 --seed 1
Using random seed: 1

0%   10   20   30   40   50   60   70   80   90   100%
|----|----|----|----|----|----|----|----|----|----|
***************************************************
MolPort-000-013-326 6157221 CSSS03436552883 MCULE-8216926894 ZINC000006157221 ZINC06157221 | pose 0 | ligand outside box
MolPort-000-013-326 6157221 CSSS03436552883 MCULE-8216926894 ZINC000006157221 ZINC06157221 | pose 0 | ligand outside box
MolPort-000-013-326 6157221 CSSS03436552883 MCULE-8216926894 ZINC000006157221 ZINC06157221 | pose 0 | ligand outside box
MolPort-000-013-326 6157221 CSSS03436552883 MCULE-8216926894 ZINC000006157221 ZINC06157221 | pose 0 | ligand outside box
MolPort-000-013-326 6157221 CSSS03436552883 MCULE-8216926894 ZINC000006157221 ZINC06157221 | pose 0 | ligand outside box
MolPort-000-013-326 6157221 CSSS03436552883 MCULE-8216926894 ZINC000006157221 ZINC06157221 | pose 0 | initial pose not within box
MolPort-000-013-326 6157221 CSSS03436552883 MCULE-8216926894 ZINC000006157221 ZINC06157221 | pose 0 | ligand outside box
MolPort-000-013-326 6157221 CSSS03436552883 MCULE-8216926894 ZINC000006157221 ZINC06157221 | pose 0 | ligand outside box
MolPort-000-013-326 6157221 CSSS03436552883 MCULE-8216926894 ZINC000006157221 ZINC06157221 | pose 0 | ligand outside box
MolPort-000-013-326 6157221 CSSS03436552883 MCULE-8216926894 ZINC000006157221 ZINC06157221 | pose 0 | ligand outside box
MolPort-000-013-326 6157221 CSSS03436552883 MCULE-8216926894 ZINC000006157221 ZINC06157221 | pose 0 | ligand outside box

mode |  affinity  |  intramol  |    CNN     |   CNN
     | (kcal/mol) | (kcal/mol) | pose score | affinity
-----+------------+------------+------------+----------
    1      -10.09        0.17       0.8091      7.096
    2       -9.39        1.26       0.4417      6.548
    3       20.54       -0.18       0.3187      5.616
    4       -7.79        1.34       0.3115      6.179
    5       39.84       -0.46       0.2763      5.139
    6       -2.42       -0.55       0.1981      5.601
    7       -2.67       -0.14       0.1331      5.201
    8       -6.67        0.46       0.1264      5.510
    9      -10.53        0.20       0.1174      5.896
   10        5.68       -0.94       0.1167      5.277
