              _             
             (_)            
   __ _ _ __  _ _ __   __ _ 
  / _` | '_ \| | '_ \ / _` |
 | (_| | | | | | | | | (_| |
  \__, |_| |_|_|_| |_|\__,_|
   __/ |                    
  |___/                     

gnina v1.3.3 master:6fe1ce2   Built Jun 30 2026.
gnina is based on smina and AutoDock Vina.
Please cite appropriately.

Commandline: gnina -r results/DOCKING/7AAA.mol2 -l results/DOCKING/ligands_sdf/ligando_784.sdf -o results/DOCKING/results_mol2/docked_ligando_784.mol2 --center_x 8.59 --center_y 39.35 --center_z 9.53 --size_x 22 --size_y 16 --size_z 24 --num_modes 10 --exhaustiveness 8 --seed 1
Using random seed: 1

0%   10   20   30   40   50   60   70   80   90   100%
|----|----|----|----|----|----|----|----|----|----|
***************************************************

mode |  affinity  |  intramol  |    CNN     |   CNN
     | (kcal/mol) | (kcal/mol) | pose score | affinity
-----+------------+------------+------------+----------
    1       -6.12        0.71       0.4387      6.826
    2       -7.27       -0.62       0.1961      6.602
    3       -8.24        3.80       0.1902      7.185
    4       -8.28        0.36       0.1661      6.261
    5       -7.07        0.44       0.1365      6.128
    6       -8.65       -0.24       0.1245      5.477
    7       -6.66       -0.91       0.1217      5.837
    8       -8.69        1.24       0.1213      6.040
    9       -6.64       -1.02       0.1174      5.848
   10       -8.59       -0.18       0.0976      5.061
