              _             
             (_)            
   __ _ _ __  _ _ __   __ _ 
  / _` | '_ \| | '_ \ / _` |
 | (_| | | | | | | | | (_| |
  \__, |_| |_|_|_| |_|\__,_|
   __/ |                    
  |___/                     

gnina v1.3.3 master:6fe1ce2   Built Jun 30 2026.
gnina is based on smina and AutoDock Vina.
Please cite appropriately.

Commandline: gnina -r results/DOCKING/7AAA.mol2 -l results/DOCKING/ligands_sdf/ligando_810.sdf -o results/DOCKING/results_mol2/docked_ligando_810.mol2 --center_x 8.59 --center_y 39.35 --center_z 9.53 --size_x 22 --size_y 16 --size_z 24 --num_modes 10 --exhaustiveness 8 --seed 1
Using random seed: 1

0%   10   20   30   40   50   60   70   80   90   100%
|----|----|----|----|----|----|----|----|----|----|
***************************************************
MolPort-002-455-709 ChemDiv-D039-0039 MCULE-4081757879 PubChem-23605071 ZINC000006809953 ZINC06809953 | pose 0 | initial pose not within box

mode |  affinity  |  intramol  |    CNN     |   CNN
     | (kcal/mol) | (kcal/mol) | pose score | affinity
-----+------------+------------+------------+----------
    1       -8.20       -0.88       0.2334      6.015
    2       -8.55        0.01       0.2082      5.920
    3       -4.10        3.39       0.1063      5.744
    4       -6.60        0.29       0.1006      5.698
    5       -8.59       -0.74       0.0941      5.523
    6       -5.88       -0.13       0.0940      5.095
    7       -7.68       -0.92       0.0891      5.410
    8       -7.16       -0.85       0.0808      4.781
    9       -5.92        0.11       0.0744      4.777
   10       -7.51        0.29       0.0704      4.760
