              _             
             (_)            
   __ _ _ __  _ _ __   __ _ 
  / _` | '_ \| | '_ \ / _` |
 | (_| | | | | | | | | (_| |
  \__, |_| |_|_|_| |_|\__,_|
   __/ |                    
  |___/                     

gnina v1.3.3 master:6fe1ce2   Built Jun 30 2026.
gnina is based on smina and AutoDock Vina.
Please cite appropriately.

Commandline: gnina -r results/DOCKING/7AAA.mol2 -l results/DOCKING/ligands_sdf/ligando_345.sdf -o results/DOCKING/results_mol2/docked_ligando_345.mol2 --center_x 8.59 --center_y 39.35 --center_z 9.53 --size_x 22 --size_y 16 --size_z 24 --num_modes 10 --exhaustiveness 8 --seed 1
Using random seed: 1

0%   10   20   30   40   50   60   70   80   90   100%
|----|----|----|----|----|----|----|----|----|----|
***************************************************
MolPort-002-628-419 9328254 PubChem-1635251 ZINC000009328254 ZINC09328254 | pose 0 | initial pose not within box

mode |  affinity  |  intramol  |    CNN     |   CNN
     | (kcal/mol) | (kcal/mol) | pose score | affinity
-----+------------+------------+------------+----------
    1       -3.90       -0.45       0.4481      5.805
    2       -8.19        0.19       0.4401      6.628
    3       -9.25       -0.50       0.3325      6.241
    4       -8.55       -0.29       0.1284      5.865
    5       -9.29       -0.01       0.1115      5.505
    6       -7.25       -0.34       0.1067      5.442
    7       -9.19       -0.00       0.0996      4.868
    8       -9.52       -0.71       0.0963      5.337
    9       -8.30       -0.27       0.0932      5.355
   10       -7.44       -0.53       0.0898      5.285
