              _             
             (_)            
   __ _ _ __  _ _ __   __ _ 
  / _` | '_ \| | '_ \ / _` |
 | (_| | | | | | | | | (_| |
  \__, |_| |_|_|_| |_|\__,_|
   __/ |                    
  |___/                     

gnina v1.3.3 master:6fe1ce2   Built Jun 30 2026.
gnina is based on smina and AutoDock Vina.
Please cite appropriately.

Commandline: gnina -r results/DOCKING/7AAA.mol2 -l results/DOCKING/ligands_sdf/ligando_780.sdf -o results/DOCKING/results_mol2/docked_ligando_780.mol2 --center_x 8.59 --center_y 39.35 --center_z 9.53 --size_x 22 --size_y 16 --size_z 24 --num_modes 10 --exhaustiveness 8 --seed 1
Using random seed: 1

0%   10   20   30   40   50   60   70   80   90   100%
|----|----|----|----|----|----|----|----|----|----|
***************************************************

mode |  affinity  |  intramol  |    CNN     |   CNN
     | (kcal/mol) | (kcal/mol) | pose score | affinity
-----+------------+------------+------------+----------
    1       -6.98        0.29       0.7627      5.882
    2       -6.60       -0.26       0.5387      4.979
    3       -6.79       -0.28       0.4651      5.250
    4       -6.70       -0.23       0.3591      5.043
    5       -7.12       -0.26       0.2534      4.545
    6       -7.15        0.30       0.2292      4.945
    7       -6.24       -0.32       0.2271      4.547
    8       -6.34       -0.22       0.1751      4.581
    9       -7.15       -0.06       0.1632      4.136
   10       -5.95       -0.09       0.0824      4.172
