              _             
             (_)            
   __ _ _ __  _ _ __   __ _ 
  / _` | '_ \| | '_ \ / _` |
 | (_| | | | | | | | | (_| |
  \__, |_| |_|_|_| |_|\__,_|
   __/ |                    
  |___/                     

gnina v1.3.3 master:6fe1ce2   Built Jun 30 2026.
gnina is based on smina and AutoDock Vina.
Please cite appropriately.

Commandline: gnina -r results/DOCKING/7AAA.mol2 -l results/DOCKING/ligands_sdf/ligando_181.sdf -o results/DOCKING/results_mol2/docked_ligando_181.mol2 --center_x 8.59 --center_y 39.35 --center_z 9.53 --size_x 22 --size_y 16 --size_z 24 --num_modes 10 --exhaustiveness 8 --seed 1
Using random seed: 1

0%   10   20   30   40   50   60   70   80   90   100%
|----|----|----|----|----|----|----|----|----|----|
***************************************************

mode |  affinity  |  intramol  |    CNN     |   CNN
     | (kcal/mol) | (kcal/mol) | pose score | affinity
-----+------------+------------+------------+----------
    1       -9.22        0.43       0.5857      6.298
    2       -9.09        0.55       0.3073      5.711
    3       -7.77        1.90       0.2951      5.952
    4       -9.21       -0.04       0.2569      5.310
    5       -9.04        0.94       0.2518      5.669
    6       -8.72        0.13       0.2491      5.498
    7       -8.90        0.99       0.2019      5.646
    8       -6.82       -0.50       0.0957      4.301
    9       -7.94       -0.49       0.0937      4.601
   10       -8.68       -0.46       0.0848      4.940
