              _             
             (_)            
   __ _ _ __  _ _ __   __ _ 
  / _` | '_ \| | '_ \ / _` |
 | (_| | | | | | | | | (_| |
  \__, |_| |_|_|_| |_|\__,_|
   __/ |                    
  |___/                     

gnina v1.3.3 master:6fe1ce2   Built Jun 30 2026.
gnina is based on smina and AutoDock Vina.
Please cite appropriately.

Commandline: gnina -r results/DOCKING/7AAA.mol2 -l results/DOCKING/ligands_sdf/ligando_358.sdf -o results/DOCKING/results_mol2/docked_ligando_358.mol2 --center_x 8.59 --center_y 39.35 --center_z 9.53 --size_x 22 --size_y 16 --size_z 24 --num_modes 10 --exhaustiveness 8 --seed 1
Using random seed: 1

0%   10   20   30   40   50   60   70   80   90   100%
|----|----|----|----|----|----|----|----|----|----|
***************************************************

mode |  affinity  |  intramol  |    CNN     |   CNN
     | (kcal/mol) | (kcal/mol) | pose score | affinity
-----+------------+------------+------------+----------
    1       -7.10        0.77       0.7303      5.419
    2       -6.15        0.22       0.6184      5.081
    3       -6.19        0.32       0.4488      4.932
    4       -6.78        0.19       0.2983      4.652
    5       -6.34       -0.31       0.2946      4.589
    6       -6.99        0.30       0.2639      4.593
    7       -5.90        0.70       0.2505      4.339
    8       -6.66        0.26       0.2453      4.832
    9       -6.56        0.42       0.2213      4.141
   10       -6.15       -0.19       0.2134      4.811
