              _             
             (_)            
   __ _ _ __  _ _ __   __ _ 
  / _` | '_ \| | '_ \ / _` |
 | (_| | | | | | | | | (_| |
  \__, |_| |_|_|_| |_|\__,_|
   __/ |                    
  |___/                     

gnina v1.3.3 master:6fe1ce2   Built Jun 30 2026.
gnina is based on smina and AutoDock Vina.
Please cite appropriately.

Commandline: gnina -r results/DOCKING/7AAA.mol2 -l results/DOCKING/ligands_sdf/ligando_241.sdf -o results/DOCKING/results_mol2/docked_ligando_241.mol2 --center_x 8.59 --center_y 39.35 --center_z 9.53 --size_x 22 --size_y 16 --size_z 24 --num_modes 10 --exhaustiveness 8 --seed 1
Using random seed: 1

0%   10   20   30   40   50   60   70   80   90   100%
|----|----|----|----|----|----|----|----|----|----|
***************************************************
MolPort-028-722-939 44203134 CSC047754199 CSSS00047754199 MCULE-8381017728 PubChem-72845750 ZINC000044203134 ZINC44203134 | pose 0 | initial pose not within box

mode |  affinity  |  intramol  |    CNN     |   CNN
     | (kcal/mol) | (kcal/mol) | pose score | affinity
-----+------------+------------+------------+----------
    1       -9.11        0.15       0.2323      6.426
    2       -9.30        0.72       0.1946      6.183
    3       -9.51        0.12       0.1809      5.994
    4       -9.74        0.97       0.1347      5.679
    5       -8.56        1.65       0.1222      6.110
    6      -10.22       -0.36       0.1073      5.578
    7       -9.33       -0.21       0.0949      5.448
    8      -10.48        1.02       0.0922      5.599
    9       -9.73        1.00       0.0890      5.335
   10       -9.92        0.20       0.0888      5.654
