              _             
             (_)            
   __ _ _ __  _ _ __   __ _ 
  / _` | '_ \| | '_ \ / _` |
 | (_| | | | | | | | | (_| |
  \__, |_| |_|_|_| |_|\__,_|
   __/ |                    
  |___/                     

gnina v1.3.3 master:6fe1ce2   Built Jun 30 2026.
gnina is based on smina and AutoDock Vina.
Please cite appropriately.

Commandline: gnina -r results/DOCKING/7AAA.mol2 -l results/DOCKING/ligands_sdf/ligando_306.sdf -o results/DOCKING/results_mol2/docked_ligando_306.mol2 --center_x 8.59 --center_y 39.35 --center_z 9.53 --size_x 22 --size_y 16 --size_z 24 --num_modes 10 --exhaustiveness 8 --seed 1
Using random seed: 1

0%   10   20   30   40   50   60   70   80   90   100%
|----|----|----|----|----|----|----|----|----|----|
***************************************************

mode |  affinity  |  intramol  |    CNN     |   CNN
     | (kcal/mol) | (kcal/mol) | pose score | affinity
-----+------------+------------+------------+----------
    1       -9.39        1.03       0.6229      7.448
    2       -9.20        0.06       0.4679      7.187
    3      -10.84       -0.78       0.2178      7.006
    4      -10.88        0.99       0.2096      6.656
    5       -8.69       -0.67       0.2066      6.203
    6      -11.37       -0.73       0.1807      6.661
    7      -10.64        5.75       0.1784      6.594
    8       -8.79       -0.92       0.1753      5.748
    9      -10.86       -1.39       0.1502      6.151
   10      -10.03        0.50       0.1319      6.503
