              _             
             (_)            
   __ _ _ __  _ _ __   __ _ 
  / _` | '_ \| | '_ \ / _` |
 | (_| | | | | | | | | (_| |
  \__, |_| |_|_|_| |_|\__,_|
   __/ |                    
  |___/                     

gnina v1.3.3 master:6fe1ce2   Built Jun 30 2026.
gnina is based on smina and AutoDock Vina.
Please cite appropriately.

Commandline: gnina -r results/DOCKING/7AAA.mol2 -l results/DOCKING/ligands_sdf/ligando_133.sdf -o results/DOCKING/results_mol2/docked_ligando_133.mol2 --center_x 8.59 --center_y 39.35 --center_z 9.53 --size_x 22 --size_y 16 --size_z 24 --num_modes 10 --exhaustiveness 8 --seed 1
Using random seed: 1

0%   10   20   30   40   50   60   70   80   90   100%
|----|----|----|----|----|----|----|----|----|----|
***************************************************
Molport-047-073-963 MCULE-9259942802 PubChem-155997553 | pose 0 | initial pose not within box

mode |  affinity  |  intramol  |    CNN     |   CNN
     | (kcal/mol) | (kcal/mol) | pose score | affinity
-----+------------+------------+------------+----------
    1       -8.50        0.20       0.3874      6.656
    2       -9.72       -0.55       0.2478      6.333
    3       -9.21       -0.69       0.1537      6.171
    4       -9.88       -0.28       0.1331      5.413
    5       -9.39       -0.53       0.1267      5.609
    6       -9.66       -0.18       0.0905      5.009
    7       -9.07       -0.69       0.0847      5.837
    8       -9.08       -0.07       0.0759      5.222
    9       -8.58       -0.18       0.0734      5.050
   10       -8.78       -0.81       0.0692      5.294
