              _             
             (_)            
   __ _ _ __  _ _ __   __ _ 
  / _` | '_ \| | '_ \ / _` |
 | (_| | | | | | | | | (_| |
  \__, |_| |_|_|_| |_|\__,_|
   __/ |                    
  |___/                     

gnina v1.3.3 master:6fe1ce2   Built Jun 30 2026.
gnina is based on smina and AutoDock Vina.
Please cite appropriately.

Commandline: gnina -r results/DOCKING/7AAA.mol2 -l results/DOCKING/ligands_sdf/ligando_072.sdf -o results/DOCKING/results_mol2/docked_ligando_072.mol2 --center_x 8.59 --center_y 39.35 --center_z 9.53 --size_x 22 --size_y 16 --size_z 24 --num_modes 10 --exhaustiveness 8 --seed 1
Using random seed: 1

0%   10   20   30   40   50   60   70   80   90   100%
|----|----|----|----|----|----|----|----|----|----|
***************************************************
MolPort-035-706-978 CSSS03437789233 MCULE-4120249812 PubChem-91938303 | pose 0 | ligand outside box

mode |  affinity  |  intramol  |    CNN     |   CNN
     | (kcal/mol) | (kcal/mol) | pose score | affinity
-----+------------+------------+------------+----------
    1       13.20       -0.41       0.4409      4.191
    2        4.14       -0.52       0.2947      4.493
    3        1.03       -0.30       0.2898      4.533
    4       -4.47       -0.89       0.2015      3.954
    5        1.36       -0.10       0.1640      5.011
    6       -1.47       -0.81       0.1630      4.278
    7       20.04       -0.11       0.1401      5.116
    8       -8.51       -0.19       0.1386      5.334
    9       -5.46        1.03       0.1323      4.843
   10       -9.30       -0.73       0.1183      5.676
