              _             
             (_)            
   __ _ _ __  _ _ __   __ _ 
  / _` | '_ \| | '_ \ / _` |
 | (_| | | | | | | | | (_| |
  \__, |_| |_|_|_| |_|\__,_|
   __/ |                    
  |___/                     

gnina v1.3.3 master:6fe1ce2   Built Jun 30 2026.
gnina is based on smina and AutoDock Vina.
Please cite appropriately.

Commandline: gnina -r results/DOCKING/7AAA.mol2 -l results/DOCKING/ligands_sdf/ligando_719.sdf -o results/DOCKING/results_mol2/docked_ligando_719.mol2 --center_x 8.59 --center_y 39.35 --center_z 9.53 --size_x 22 --size_y 16 --size_z 24 --num_modes 10 --exhaustiveness 8 --seed 1
Using random seed: 1

0%   10   20   30   40   50   60   70   80   90   100%
|----|----|----|----|----|----|----|----|----|----|
***************************************************

mode |  affinity  |  intramol  |    CNN     |   CNN
     | (kcal/mol) | (kcal/mol) | pose score | affinity
-----+------------+------------+------------+----------
    1       -6.64        0.29       0.2557      5.687
    2       -9.05        0.33       0.2288      4.754
    3       -8.48       -0.43       0.1911      4.915
    4       -4.19       -0.03       0.1306      4.691
    5       -7.75       -0.17       0.0797      5.055
    6       -6.92       -0.03       0.0765      4.483
    7        2.46        0.33       0.0751      4.311
    8       -7.85       -0.45       0.0680      4.737
    9       -7.05       -0.17       0.0660      5.251
   10       -8.79        0.00       0.0654      4.226
