              _             
             (_)            
   __ _ _ __  _ _ __   __ _ 
  / _` | '_ \| | '_ \ / _` |
 | (_| | | | | | | | | (_| |
  \__, |_| |_|_|_| |_|\__,_|
   __/ |                    
  |___/                     

gnina v1.3.3 master:6fe1ce2   Built Jun 30 2026.
gnina is based on smina and AutoDock Vina.
Please cite appropriately.

Commandline: gnina -r results/DOCKING/7AAA.mol2 -l results/DOCKING/ligands_sdf/ligando_125.sdf -o results/DOCKING/results_mol2/docked_ligando_125.mol2 --center_x 8.59 --center_y 39.35 --center_z 9.53 --size_x 22 --size_y 16 --size_z 24 --num_modes 10 --exhaustiveness 8 --seed 1
Using random seed: 1

0%   10   20   30   40   50   60   70   80   90   100%
|----|----|----|----|----|----|----|----|----|----|
***************************************************
MolPort-046-949-852 141560344 MCULE-9951375541 PubChem-46951964 ZINC000141560344 | pose 0 | initial pose not within box

mode |  affinity  |  intramol  |    CNN     |   CNN
     | (kcal/mol) | (kcal/mol) | pose score | affinity
-----+------------+------------+------------+----------
    1      -10.19        1.00       0.4412      6.768
    2      -10.58        1.32       0.4309      6.775
    3       -8.94       -0.30       0.1111      6.040
    4       -8.73       -0.48       0.1109      6.036
    5       -9.65        0.08       0.0950      5.537
    6       -8.38       -0.43       0.0792      5.684
    7       -8.63       -0.65       0.0790      5.400
    8       -7.81       -0.08       0.0773      5.701
    9       -9.12        0.72       0.0722      5.169
   10       -9.45        1.08       0.0649      4.670
