              _             
             (_)            
   __ _ _ __  _ _ __   __ _ 
  / _` | '_ \| | '_ \ / _` |
 | (_| | | | | | | | | (_| |
  \__, |_| |_|_|_| |_|\__,_|
   __/ |                    
  |___/                     

gnina v1.3.3 master:6fe1ce2   Built Jun 30 2026.
gnina is based on smina and AutoDock Vina.
Please cite appropriately.

Commandline: gnina -r results/DOCKING/7AAA.mol2 -l results/DOCKING/ligands_sdf/ligando_261.sdf -o results/DOCKING/results_mol2/docked_ligando_261.mol2 --center_x 8.59 --center_y 39.35 --center_z 9.53 --size_x 22 --size_y 16 --size_z 24 --num_modes 10 --exhaustiveness 8 --seed 1
Using random seed: 1

0%   10   20   30   40   50   60   70   80   90   100%
|----|----|----|----|----|----|----|----|----|----|
***************************************************
MolPort-039-138-684 261494877 MCULE-4726689180 MCULE-5610323746 PubChem-102594534 ZINC000261494877 | pose 0 | initial pose not within box

mode |  affinity  |  intramol  |    CNN     |   CNN
     | (kcal/mol) | (kcal/mol) | pose score | affinity
-----+------------+------------+------------+----------
    1       -9.35        0.95       0.1605      6.073
    2       -8.51        1.42       0.1469      5.621
    3      -10.18        0.12       0.1134      4.552
    4       -8.74       -0.58       0.1019      4.945
    5       -8.31        0.60       0.0979      5.152
    6      -10.04       -0.87       0.0970      4.737
    7       -8.55       -1.51       0.0938      5.085
    8       -9.05       -0.73       0.0926      5.146
    9      -10.51       -0.36       0.0877      4.125
   10       -9.83       -1.34       0.0871      4.464
