              _             
             (_)            
   __ _ _ __  _ _ __   __ _ 
  / _` | '_ \| | '_ \ / _` |
 | (_| | | | | | | | | (_| |
  \__, |_| |_|_|_| |_|\__,_|
   __/ |                    
  |___/                     

gnina v1.3.3 master:6fe1ce2   Built Jun 30 2026.
gnina is based on smina and AutoDock Vina.
Please cite appropriately.

Commandline: gnina -r results/DOCKING/7AAA.mol2 -l results/DOCKING/ligands_sdf/ligando_004.sdf -o results/DOCKING/results_mol2/docked_ligando_004.mol2 --center_x 8.59 --center_y 39.35 --center_z 9.53 --size_x 22 --size_y 16 --size_z 24 --num_modes 10 --exhaustiveness 8 --seed 1
Using random seed: 1

0%   10   20   30   40   50   60   70   80   90   100%
|----|----|----|----|----|----|----|----|----|----|
***************************************************
MolPort-035-706-964 CSSS03437789218 MCULE-3222529105 PubChem-91938289 | pose 0 | initial pose not within box
MolPort-035-706-964 CSSS03437789218 MCULE-3222529105 PubChem-91938289 | pose 0 | ligand outside box
MolPort-035-706-964 CSSS03437789218 MCULE-3222529105 PubChem-91938289 | pose 0 | ligand outside box

mode |  affinity  |  intramol  |    CNN     |   CNN
     | (kcal/mol) | (kcal/mol) | pose score | affinity
-----+------------+------------+------------+----------
    1        0.07       -0.04       0.3910      5.113
    2       -5.24        0.30       0.3839      5.219
    3        0.43        0.72       0.3596      5.141
    4       -1.62       -0.14       0.3278      5.295
    5       -1.05       -0.37       0.3032      4.730
    6       -9.50       -0.71       0.3010      5.934
    7        3.20       -0.42       0.2873      4.938
    8       12.66       -0.08       0.2257      4.832
    9       -9.23       -0.47       0.1806      5.348
   10       -3.30        0.01       0.1694      4.435
