              _             
             (_)            
   __ _ _ __  _ _ __   __ _ 
  / _` | '_ \| | '_ \ / _` |
 | (_| | | | | | | | | (_| |
  \__, |_| |_|_|_| |_|\__,_|
   __/ |                    
  |___/                     

gnina v1.3.3 master:6fe1ce2   Built Jun 30 2026.
gnina is based on smina and AutoDock Vina.
Please cite appropriately.

Commandline: gnina -r results/DOCKING/7AAA.mol2 -l results/DOCKING/ligands_sdf/ligando_456.sdf -o results/DOCKING/results_mol2/docked_ligando_456.mol2 --center_x 8.59 --center_y 39.35 --center_z 9.53 --size_x 22 --size_y 16 --size_z 24 --num_modes 10 --exhaustiveness 8 --seed 1
Using random seed: 1

0%   10   20   30   40   50   60   70   80   90   100%
|----|----|----|----|----|----|----|----|----|----|
***************************************************

mode |  affinity  |  intramol  |    CNN     |   CNN
     | (kcal/mol) | (kcal/mol) | pose score | affinity
-----+------------+------------+------------+----------
    1       -6.89       -0.40       0.6980      4.721
    2       -7.41       -0.48       0.5378      4.460
    3       -7.01       -0.40       0.3750      4.249
    4       -6.15        0.48       0.3445      4.337
    5       -6.30       -0.06       0.2807      4.131
    6       -6.99       -0.47       0.2552      4.320
    7       -6.02       -0.42       0.2406      4.032
    8       -7.21       -0.19       0.2383      3.728
    9       -7.52       -0.37       0.2262      3.157
   10       -7.36        0.55       0.2166      3.475
