              _             
             (_)            
   __ _ _ __  _ _ __   __ _ 
  / _` | '_ \| | '_ \ / _` |
 | (_| | | | | | | | | (_| |
  \__, |_| |_|_|_| |_|\__,_|
   __/ |                    
  |___/                     

gnina v1.3.3 master:6fe1ce2   Built Jun 30 2026.
gnina is based on smina and AutoDock Vina.
Please cite appropriately.

Commandline: gnina -r results/DOCKING/7AAA.mol2 -l results/DOCKING/ligands_sdf/ligando_171.sdf -o results/DOCKING/results_mol2/docked_ligando_171.mol2 --center_x 8.59 --center_y 39.35 --center_z 9.53 --size_x 22 --size_y 16 --size_z 24 --num_modes 10 --exhaustiveness 8 --seed 1
Using random seed: 1

0%   10   20   30   40   50   60   70   80   90   100%
|----|----|----|----|----|----|----|----|----|----|
***************************************************
MolPort-039-117-155 CSC047896421 CSSS00047896421 MCULE-9383620367 PubChem-118783737 | pose 0 | ligand outside box
MolPort-039-117-155 CSC047896421 CSSS00047896421 MCULE-9383620367 PubChem-118783737 | pose 0 | ligand outside box
MolPort-039-117-155 CSC047896421 CSSS00047896421 MCULE-9383620367 PubChem-118783737 | pose 0 | ligand outside box

mode |  affinity  |  intramol  |    CNN     |   CNN
     | (kcal/mol) | (kcal/mol) | pose score | affinity
-----+------------+------------+------------+----------
    1       -3.41       -0.89       0.5854      5.290
    2       -2.07       -0.86       0.5553      5.449
    3        0.40        0.02       0.2826      4.890
    4       -8.19       -0.28       0.1072      6.158
    5       -8.06       -0.60       0.1019      5.435
    6       -2.36       -0.65       0.0994      5.615
    7       -9.36       -0.20       0.0990      5.599
    8       -8.88       -0.21       0.0833      5.337
    9       -5.21       -0.59       0.0797      5.295
   10       -8.82       -0.14       0.0721      5.652
