              _             
             (_)            
   __ _ _ __  _ _ __   __ _ 
  / _` | '_ \| | '_ \ / _` |
 | (_| | | | | | | | | (_| |
  \__, |_| |_|_|_| |_|\__,_|
   __/ |                    
  |___/                     

gnina v1.3.3 master:6fe1ce2   Built Jun 30 2026.
gnina is based on smina and AutoDock Vina.
Please cite appropriately.

Commandline: gnina -r results/DOCKING/7AAA.mol2 -l results/DOCKING/ligands_sdf/ligando_402.sdf -o results/DOCKING/results_mol2/docked_ligando_402.mol2 --center_x 8.59 --center_y 39.35 --center_z 9.53 --size_x 22 --size_y 16 --size_z 24 --num_modes 10 --exhaustiveness 8 --seed 1
Using random seed: 1

0%   10   20   30   40   50   60   70   80   90   100%
|----|----|----|----|----|----|----|----|----|----|
***************************************************

mode |  affinity  |  intramol  |    CNN     |   CNN
     | (kcal/mol) | (kcal/mol) | pose score | affinity
-----+------------+------------+------------+----------
    1      -10.81        1.14       0.6185      7.352
    2      -10.23        2.50       0.3853      7.142
    3      -10.48       -0.12       0.2148      6.171
    4       -9.54        0.10       0.2088      6.137
    5       -9.62        0.38       0.1963      6.545
    6       -9.22        2.02       0.1682      6.112
    7       -9.94        1.29       0.1249      5.580
    8       -9.72       -0.25       0.1232      5.608
    9      -10.10        0.09       0.1210      5.545
   10       -9.55        0.82       0.1058      5.455
