              _             
             (_)            
   __ _ _ __  _ _ __   __ _ 
  / _` | '_ \| | '_ \ / _` |
 | (_| | | | | | | | | (_| |
  \__, |_| |_|_|_| |_|\__,_|
   __/ |                    
  |___/                     

gnina v1.3.3 master:6fe1ce2   Built Jun 30 2026.
gnina is based on smina and AutoDock Vina.
Please cite appropriately.

Commandline: gnina -r results/DOCKING/7AAA.mol2 -l results/DOCKING/ligands_sdf/ligando_179.sdf -o results/DOCKING/results_mol2/docked_ligando_179.mol2 --center_x 8.59 --center_y 39.35 --center_z 9.53 --size_x 22 --size_y 16 --size_z 24 --num_modes 10 --exhaustiveness 8 --seed 1
Using random seed: 1

0%   10   20   30   40   50   60   70   80   90   100%
|----|----|----|----|----|----|----|----|----|----|
***************************************************
MolPort-002-566-700 ChemDiv-4190-0054 LN00531081 PubChem-1920789 | pose 0 | initial pose not within box

mode |  affinity  |  intramol  |    CNN     |   CNN
     | (kcal/mol) | (kcal/mol) | pose score | affinity
-----+------------+------------+------------+----------
    1       -4.50       -0.54       0.3869      4.793
    2       -8.29       -0.12       0.1773      5.963
    3       -5.18       -0.39       0.1656      4.550
    4        2.47        0.69       0.1637      4.760
    5       -5.11        0.04       0.1519      4.732
    6       -6.66       -0.57       0.1149      5.063
    7       -4.65       -0.58       0.1084      4.664
    8       -8.08        0.46       0.1081      5.339
    9       -8.19       -0.12       0.1022      4.817
   10        0.28        0.21       0.0827      4.561
