              _             
             (_)            
   __ _ _ __  _ _ __   __ _ 
  / _` | '_ \| | '_ \ / _` |
 | (_| | | | | | | | | (_| |
  \__, |_| |_|_|_| |_|\__,_|
   __/ |                    
  |___/                     

gnina v1.3.3 master:6fe1ce2   Built Jun 30 2026.
gnina is based on smina and AutoDock Vina.
Please cite appropriately.

Commandline: gnina -r results/DOCKING/7AAA.mol2 -l results/DOCKING/ligands_sdf/ligando_629.sdf -o results/DOCKING/results_mol2/docked_ligando_629.mol2 --center_x 8.59 --center_y 39.35 --center_z 9.53 --size_x 22 --size_y 16 --size_z 24 --num_modes 10 --exhaustiveness 8 --seed 1
Using random seed: 1

0%   10   20   30   40   50   60   70   80   90   100%
|----|----|----|----|----|----|----|----|----|----|
***************************************************
MolPort-001-807-228 CSSS03437702633 MCULE-7238973406 PubChem-2811213 ZINC000001031142 ZINC01031142 | pose 0 | initial pose not within box

mode |  affinity  |  intramol  |    CNN     |   CNN
     | (kcal/mol) | (kcal/mol) | pose score | affinity
-----+------------+------------+------------+----------
    1       -9.04        0.55       0.4853      6.693
    2       -8.34        0.57       0.3751      6.560
    3       -7.76        0.61       0.2594      6.520
    4       -6.51        1.60       0.2390      6.278
    5       -9.86        0.43       0.1281      5.920
    6       -9.54        0.46       0.1171      5.807
    7       -9.36        0.93       0.0629      5.638
    8       -8.16        1.77       0.0522      5.538
    9       -6.52       -0.03       0.0520      5.260
   10       -7.45        0.64       0.0503      5.311
