              _             
             (_)            
   __ _ _ __  _ _ __   __ _ 
  / _` | '_ \| | '_ \ / _` |
 | (_| | | | | | | | | (_| |
  \__, |_| |_|_|_| |_|\__,_|
   __/ |                    
  |___/                     

gnina v1.3.3 master:6fe1ce2   Built Jun 30 2026.
gnina is based on smina and AutoDock Vina.
Please cite appropriately.

Commandline: gnina -r results/DOCKING/7AAA.mol2 -l results/DOCKING/ligands_sdf/ligando_094.sdf -o results/DOCKING/results_mol2/docked_ligando_094.mol2 --center_x 8.59 --center_y 39.35 --center_z 9.53 --size_x 22 --size_y 16 --size_z 24 --num_modes 10 --exhaustiveness 8 --seed 1
Using random seed: 1

0%   10   20   30   40   50   60   70   80   90   100%
|----|----|----|----|----|----|----|----|----|----|
***************************************************
MolPort-006-844-843 20595011 ChemDiv-E135-0291 MCULE-3451746067 PubChem-17253599 ZINC000020595011 ZINC20595011 | pose 0 | initial pose not within box

mode |  affinity  |  intramol  |    CNN     |   CNN
     | (kcal/mol) | (kcal/mol) | pose score | affinity
-----+------------+------------+------------+----------
    1       -9.48       -0.54       0.7561      7.034
    2       -8.37        0.17       0.5464      6.731
    3       -7.77        1.39       0.5124      7.114
    4       -6.01       -0.14       0.3626      6.714
    5        0.01       -0.08       0.3107      5.616
    6       -1.14        0.03       0.2734      6.502
    7       -3.90       -0.14       0.2645      5.449
    8       -8.41        1.15       0.2614      5.970
    9       25.77       -0.01       0.2279      5.133
   10        7.95        0.86       0.2192      5.506
