              _             
             (_)            
   __ _ _ __  _ _ __   __ _ 
  / _` | '_ \| | '_ \ / _` |
 | (_| | | | | | | | | (_| |
  \__, |_| |_|_|_| |_|\__,_|
   __/ |                    
  |___/                     

gnina v1.3.3 master:6fe1ce2   Built Jun 30 2026.
gnina is based on smina and AutoDock Vina.
Please cite appropriately.

Commandline: gnina -r results/DOCKING/7AAA.mol2 -l results/DOCKING/ligands_sdf/ligando_788.sdf -o results/DOCKING/results_mol2/docked_ligando_788.mol2 --center_x 8.59 --center_y 39.35 --center_z 9.53 --size_x 22 --size_y 16 --size_z 24 --num_modes 10 --exhaustiveness 8 --seed 1
Using random seed: 1

0%   10   20   30   40   50   60   70   80   90   100%
|----|----|----|----|----|----|----|----|----|----|
***************************************************

mode |  affinity  |  intramol  |    CNN     |   CNN
     | (kcal/mol) | (kcal/mol) | pose score | affinity
-----+------------+------------+------------+----------
    1       -8.88       -0.06       0.2186      5.636
    2       -8.82       -0.14       0.2137      5.634
    3       -8.77        0.16       0.1859      5.792
    4       -8.56       -0.05       0.1788      5.650
    5       -8.19       -0.22       0.1426      5.371
    6       -8.25       -0.12       0.1232      5.354
    7      -10.05        0.93       0.0901      4.242
    8       -8.03        0.18       0.0843      5.305
    9       -7.99        0.16       0.0843      5.232
   10       -8.30       -0.01       0.0749      5.256
