              _             
             (_)            
   __ _ _ __  _ _ __   __ _ 
  / _` | '_ \| | '_ \ / _` |
 | (_| | | | | | | | | (_| |
  \__, |_| |_|_|_| |_|\__,_|
   __/ |                    
  |___/                     

gnina v1.3.3 master:6fe1ce2   Built Jun 30 2026.
gnina is based on smina and AutoDock Vina.
Please cite appropriately.

Commandline: gnina -r results/DOCKING/7AAA.mol2 -l results/DOCKING/ligands_sdf/ligando_718.sdf -o results/DOCKING/results_mol2/docked_ligando_718.mol2 --center_x 8.59 --center_y 39.35 --center_z 9.53 --size_x 22 --size_y 16 --size_z 24 --num_modes 10 --exhaustiveness 8 --seed 1
Using random seed: 1

0%   10   20   30   40   50   60   70   80   90   100%
|----|----|----|----|----|----|----|----|----|----|
***************************************************
MolPort-007-714-557 ChemDiv-E002-1895 MCULE-1375136554 PubChem-22510858 ZINC000006780260 | pose 0 | initial pose not within box

mode |  affinity  |  intramol  |    CNN     |   CNN
     | (kcal/mol) | (kcal/mol) | pose score | affinity
-----+------------+------------+------------+----------
    1       -8.69       -0.54       0.2463      5.790
    2       -8.99        0.00       0.1891      5.701
    3       10.21        1.03       0.1574      4.619
    4       -9.61        0.68       0.1468      5.709
    5       -6.31       -0.26       0.1361      4.673
    6       -8.76        2.44       0.1329      5.434
    7       -9.44       -0.41       0.1282      5.888
    8       -8.39        0.59       0.0985      5.545
    9       -6.10        0.10       0.0976      4.673
   10       -9.70        1.11       0.0774      5.260
