              _             
             (_)            
   __ _ _ __  _ _ __   __ _ 
  / _` | '_ \| | '_ \ / _` |
 | (_| | | | | | | | | (_| |
  \__, |_| |_|_|_| |_|\__,_|
   __/ |                    
  |___/                     

gnina v1.3.3 master:6fe1ce2   Built Jun 30 2026.
gnina is based on smina and AutoDock Vina.
Please cite appropriately.

Commandline: gnina -r results/DOCKING/7AAA.mol2 -l results/DOCKING/ligands_sdf/ligando_601.sdf -o results/DOCKING/results_mol2/docked_ligando_601.mol2 --center_x 8.59 --center_y 39.35 --center_z 9.53 --size_x 22 --size_y 16 --size_z 24 --num_modes 10 --exhaustiveness 8 --seed 1
Using random seed: 1

0%   10   20   30   40   50   60   70   80   90   100%
|----|----|----|----|----|----|----|----|----|----|
***************************************************
MolPort-001-571-316 CSSS00132419744 MCULE-7383928779 PubChem-4029104 | pose 0 | initial pose not within box

mode |  affinity  |  intramol  |    CNN     |   CNN
     | (kcal/mol) | (kcal/mol) | pose score | affinity
-----+------------+------------+------------+----------
    1       -9.55       -0.30       0.6367      6.385
    2       -8.26       -0.41       0.1812      4.719
    3       -8.40        0.80       0.1590      5.785
    4      -10.15        0.35       0.1461      5.082
    5      -10.19        0.58       0.1443      5.051
    6       -9.35       -0.77       0.1313      5.374
    7       -9.67       -0.51       0.1305      5.474
    8       -8.57       -0.98       0.1220      5.240
    9       -8.91       -0.73       0.1104      4.721
   10       -8.38        0.14       0.0932      4.489
