              _             
             (_)            
   __ _ _ __  _ _ __   __ _ 
  / _` | '_ \| | '_ \ / _` |
 | (_| | | | | | | | | (_| |
  \__, |_| |_|_|_| |_|\__,_|
   __/ |                    
  |___/                     

gnina v1.3.3 master:6fe1ce2   Built Jun 30 2026.
gnina is based on smina and AutoDock Vina.
Please cite appropriately.

Commandline: gnina -r results/DOCKING/7AAA.mol2 -l results/DOCKING/ligands_sdf/ligando_047.sdf -o results/DOCKING/results_mol2/docked_ligando_047.mol2 --center_x 8.59 --center_y 39.35 --center_z 9.53 --size_x 22 --size_y 16 --size_z 24 --num_modes 10 --exhaustiveness 8 --seed 1
Using random seed: 1

0%   10   20   30   40   50   60   70   80   90   100%
|----|----|----|----|----|----|----|----|----|----|
***************************************************
MolPort-047-073-926 MCULE-9516720595 PubChem-132768183 | pose 0 | initial pose not within box

mode |  affinity  |  intramol  |    CNN     |   CNN
     | (kcal/mol) | (kcal/mol) | pose score | affinity
-----+------------+------------+------------+----------
    1       -8.73       -1.19       0.2017      7.033
    2       -7.72       -0.89       0.1234      5.813
    3       -9.77       -0.70       0.1102      6.671
    4      -10.12       -0.51       0.1085      6.203
    5       -9.28       -1.11       0.1067      5.931
    6       -9.66       -0.27       0.1002      6.576
    7       -9.98       -0.67       0.1002      6.098
    8       -9.04        0.75       0.0842      6.108
    9       -8.69       -0.36       0.0828      6.327
   10       -8.60       -1.31       0.0799      6.513
