              _             
             (_)            
   __ _ _ __  _ _ __   __ _ 
  / _` | '_ \| | '_ \ / _` |
 | (_| | | | | | | | | (_| |
  \__, |_| |_|_|_| |_|\__,_|
   __/ |                    
  |___/                     

gnina v1.3.3 master:6fe1ce2   Built Jun 30 2026.
gnina is based on smina and AutoDock Vina.
Please cite appropriately.

Commandline: gnina -r results/DOCKING/7AAA.mol2 -l results/DOCKING/ligands_sdf/ligando_256.sdf -o results/DOCKING/results_mol2/docked_ligando_256.mol2 --center_x 8.59 --center_y 39.35 --center_z 9.53 --size_x 22 --size_y 16 --size_z 24 --num_modes 10 --exhaustiveness 8 --seed 1
Using random seed: 1

0%   10   20   30   40   50   60   70   80   90   100%
|----|----|----|----|----|----|----|----|----|----|
***************************************************
MolPort-020-292-467 MCULE-8174521789 PubChem-110264935 | pose 0 | initial pose not within box

mode |  affinity  |  intramol  |    CNN     |   CNN
     | (kcal/mol) | (kcal/mol) | pose score | affinity
-----+------------+------------+------------+----------
    1       -9.56        1.05       0.2270      7.033
    2       -9.69        0.03       0.1884      6.806
    3      -10.74        1.02       0.1712      6.983
    4       -8.59        1.12       0.1580      6.998
    5      -11.54        0.04       0.1567      5.823
    6       -8.90        1.38       0.1498      6.741
    7       -9.81        0.52       0.1402      6.131
    8       -9.38       -0.16       0.1188      5.070
    9      -11.29       -0.01       0.1159      5.998
   10       -9.41       -0.24       0.1130      6.235
