              _             
             (_)            
   __ _ _ __  _ _ __   __ _ 
  / _` | '_ \| | '_ \ / _` |
 | (_| | | | | | | | | (_| |
  \__, |_| |_|_|_| |_|\__,_|
   __/ |                    
  |___/                     

gnina v1.3.3 master:6fe1ce2   Built Jun 30 2026.
gnina is based on smina and AutoDock Vina.
Please cite appropriately.

Commandline: gnina -r results/DOCKING/7AAA.mol2 -l results/DOCKING/ligands_sdf/ligando_529.sdf -o results/DOCKING/results_mol2/docked_ligando_529.mol2 --center_x 8.59 --center_y 39.35 --center_z 9.53 --size_x 22 --size_y 16 --size_z 24 --num_modes 10 --exhaustiveness 8 --seed 1
Using random seed: 1

0%   10   20   30   40   50   60   70   80   90   100%
|----|----|----|----|----|----|----|----|----|----|
***************************************************

mode |  affinity  |  intramol  |    CNN     |   CNN
     | (kcal/mol) | (kcal/mol) | pose score | affinity
-----+------------+------------+------------+----------
    1       -9.65       -0.93       0.2324      6.091
    2       -9.62       -1.17       0.2154      6.044
    3       -9.90        2.87       0.1131      6.293
    4       -9.05        0.95       0.1014      5.957
    5       -8.28       -0.65       0.0905      4.768
    6      -10.37       -0.55       0.0810      5.555
    7      -10.51        0.22       0.0783      6.012
    8       -8.72        0.15       0.0722      5.519
    9      -10.46       -0.85       0.0602      5.497
   10       -9.56       -1.50       0.0592      5.288
