              _             
             (_)            
   __ _ _ __  _ _ __   __ _ 
  / _` | '_ \| | '_ \ / _` |
 | (_| | | | | | | | | (_| |
  \__, |_| |_|_|_| |_|\__,_|
   __/ |                    
  |___/                     

gnina v1.3.3 master:6fe1ce2   Built Jun 30 2026.
gnina is based on smina and AutoDock Vina.
Please cite appropriately.

Commandline: gnina -r results/DOCKING/7AAA.mol2 -l results/DOCKING/ligands_sdf/ligando_785.sdf -o results/DOCKING/results_mol2/docked_ligando_785.mol2 --center_x 8.59 --center_y 39.35 --center_z 9.53 --size_x 22 --size_y 16 --size_z 24 --num_modes 10 --exhaustiveness 8 --seed 1
Using random seed: 1

0%   10   20   30   40   50   60   70   80   90   100%
|----|----|----|----|----|----|----|----|----|----|
***************************************************
MolPort-010-852-196 41076408 ChemDiv-G952-1299 MCULE-1760288747 PubChem-52095940 ZINC000041076408 ZINC41076408 | pose 0 | initial pose not within box

mode |  affinity  |  intramol  |    CNN     |   CNN
     | (kcal/mol) | (kcal/mol) | pose score | affinity
-----+------------+------------+------------+----------
    1       -8.00       -0.14       0.6027      6.249
    2       -8.42       -0.32       0.5701      6.143
    3       -8.51        0.58       0.4846      6.147
    4       -8.19        0.11       0.1816      5.047
    5       -8.75       -0.34       0.1772      4.918
    6       -9.81       -0.48       0.1535      5.025
    7       -9.72        0.04       0.1427      5.133
    8       -8.68        0.18       0.1197      5.177
    9       -8.29       -0.07       0.0975      5.223
   10       -9.42       -0.56       0.0872      5.016
