              _             
             (_)            
   __ _ _ __  _ _ __   __ _ 
  / _` | '_ \| | '_ \ / _` |
 | (_| | | | | | | | | (_| |
  \__, |_| |_|_|_| |_|\__,_|
   __/ |                    
  |___/                     

gnina v1.3.3 master:6fe1ce2   Built Jun 30 2026.
gnina is based on smina and AutoDock Vina.
Please cite appropriately.

Commandline: gnina -r results/DOCKING/7AAA.mol2 -l results/DOCKING/ligands_sdf/ligando_450.sdf -o results/DOCKING/results_mol2/docked_ligando_450.mol2 --center_x 8.59 --center_y 39.35 --center_z 9.53 --size_x 22 --size_y 16 --size_z 24 --num_modes 10 --exhaustiveness 8 --seed 1
Using random seed: 1

0%   10   20   30   40   50   60   70   80   90   100%
|----|----|----|----|----|----|----|----|----|----|
***************************************************
MolPort-002-614-447 2429038 LN00680422 PubChem-1630520 ZINC000002429038 ZINC02429038 | pose 0 | initial pose not within box

mode |  affinity  |  intramol  |    CNN     |   CNN
     | (kcal/mol) | (kcal/mol) | pose score | affinity
-----+------------+------------+------------+----------
    1      -10.02       -0.89       0.4001      6.531
    2       -9.45       -0.45       0.2849      6.417
    3       -9.48        0.28       0.1494      6.349
    4       -9.99       -0.73       0.1122      5.811
    5       -9.68       -0.92       0.0808      5.441
    6       -2.52        0.53       0.0799      4.690
    7       -8.84       -0.33       0.0785      5.746
    8      -10.41       -0.39       0.0756      4.712
    9       -7.44       -0.74       0.0740      5.326
   10      -10.21       -0.49       0.0720      4.912
