              _             
             (_)            
   __ _ _ __  _ _ __   __ _ 
  / _` | '_ \| | '_ \ / _` |
 | (_| | | | | | | | | (_| |
  \__, |_| |_|_|_| |_|\__,_|
   __/ |                    
  |___/                     

gnina v1.3.3 master:6fe1ce2   Built Jun 30 2026.
gnina is based on smina and AutoDock Vina.
Please cite appropriately.

Commandline: gnina -r results/DOCKING/7AAA.mol2 -l results/DOCKING/ligands_sdf/ligando_743.sdf -o results/DOCKING/results_mol2/docked_ligando_743.mol2 --center_x 8.59 --center_y 39.35 --center_z 9.53 --size_x 22 --size_y 16 --size_z 24 --num_modes 10 --exhaustiveness 8 --seed 1
Using random seed: 1

0%   10   20   30   40   50   60   70   80   90   100%
|----|----|----|----|----|----|----|----|----|----|
***************************************************
MolPort-003-323-677 6804279 CSC027238687 CSSS00027238687 ChemDiv-D039-0111 MCULE-6769502420 PubChem-8087288 Z198974524 ZINC000006804279 ZINC06804279 | pose 0 | initial pose not within box

mode |  affinity  |  intramol  |    CNN     |   CNN
     | (kcal/mol) | (kcal/mol) | pose score | affinity
-----+------------+------------+------------+----------
    1       -5.58       -0.51       0.3230      5.511
    2       -4.81       -0.45       0.1835      5.275
    3       -8.75        0.38       0.1480      4.675
    4       -7.60        0.44       0.1379      5.103
    5       -8.73        0.15       0.1284      5.509
    6       -9.23       -0.83       0.0950      5.311
    7       -7.01        0.42       0.0881      5.449
    8        3.08        0.17       0.0709      4.100
    9       -9.05        0.10       0.0694      4.404
   10       -8.75        0.25       0.0689      5.281
