              _             
             (_)            
   __ _ _ __  _ _ __   __ _ 
  / _` | '_ \| | '_ \ / _` |
 | (_| | | | | | | | | (_| |
  \__, |_| |_|_|_| |_|\__,_|
   __/ |                    
  |___/                     

gnina v1.3.3 master:6fe1ce2   Built Jun 30 2026.
gnina is based on smina and AutoDock Vina.
Please cite appropriately.

Commandline: gnina -r results/DOCKING/7AAA.mol2 -l results/DOCKING/ligands_sdf/ligando_590.sdf -o results/DOCKING/results_mol2/docked_ligando_590.mol2 --center_x 8.59 --center_y 39.35 --center_z 9.53 --size_x 22 --size_y 16 --size_z 24 --num_modes 10 --exhaustiveness 8 --seed 1
Using random seed: 1

0%   10   20   30   40   50   60   70   80   90   100%
|----|----|----|----|----|----|----|----|----|----|
***************************************************

mode |  affinity  |  intramol  |    CNN     |   CNN
     | (kcal/mol) | (kcal/mol) | pose score | affinity
-----+------------+------------+------------+----------
    1       -8.03       -0.60       0.2373      5.993
    2       -8.83        0.38       0.2054      5.786
    3       -8.42        2.63       0.1850      5.802
    4       -8.96        0.16       0.1671      5.422
    5       -8.34        0.38       0.1187      5.162
    6       -8.55        0.62       0.1047      4.688
    7       -7.25        0.47       0.1026      5.255
    8       -8.52        1.22       0.0945      4.758
    9       -7.87        1.21       0.0901      5.173
   10       -8.33        0.32       0.0844      4.872
