              _             
             (_)            
   __ _ _ __  _ _ __   __ _ 
  / _` | '_ \| | '_ \ / _` |
 | (_| | | | | | | | | (_| |
  \__, |_| |_|_|_| |_|\__,_|
   __/ |                    
  |___/                     

gnina v1.3.3 master:6fe1ce2   Built Jun 30 2026.
gnina is based on smina and AutoDock Vina.
Please cite appropriately.

Commandline: gnina -r results/DOCKING/7AAA.mol2 -l results/DOCKING/ligands_sdf/ligando_706.sdf -o results/DOCKING/results_mol2/docked_ligando_706.mol2 --center_x 8.59 --center_y 39.35 --center_z 9.53 --size_x 22 --size_y 16 --size_z 24 --num_modes 10 --exhaustiveness 8 --seed 1
Using random seed: 1

0%   10   20   30   40   50   60   70   80   90   100%
|----|----|----|----|----|----|----|----|----|----|
***************************************************

mode |  affinity  |  intramol  |    CNN     |   CNN
     | (kcal/mol) | (kcal/mol) | pose score | affinity
-----+------------+------------+------------+----------
    1       -7.48        0.77       0.9344      5.880
    2       -7.65        0.77       0.9292      6.101
    3       -6.08        0.72       0.3421      5.308
    4       -5.72        0.98       0.1792      5.039
    5       -6.00       -0.28       0.1707      4.843
    6       -7.23       -0.23       0.1535      3.804
    7       -7.62       -0.33       0.1457      4.474
    8       -6.53       -0.11       0.1154      4.603
    9       -6.27       -0.42       0.1115      5.073
   10       -6.29       -0.07       0.1109      5.231
