              _             
             (_)            
   __ _ _ __  _ _ __   __ _ 
  / _` | '_ \| | '_ \ / _` |
 | (_| | | | | | | | | (_| |
  \__, |_| |_|_|_| |_|\__,_|
   __/ |                    
  |___/                     

gnina v1.3.3 master:6fe1ce2   Built Jun 30 2026.
gnina is based on smina and AutoDock Vina.
Please cite appropriately.

Commandline: gnina -r results/DOCKING/7AAA.mol2 -l results/DOCKING/ligands_sdf/ligando_096.sdf -o results/DOCKING/results_mol2/docked_ligando_096.mol2 --center_x 8.59 --center_y 39.35 --center_z 9.53 --size_x 22 --size_y 16 --size_z 24 --num_modes 10 --exhaustiveness 8 --seed 1
Using random seed: 1

0%   10   20   30   40   50   60   70   80   90   100%
|----|----|----|----|----|----|----|----|----|----|
***************************************************
MolPort-002-614-058 2421009 PubChem-1626256 ZINC000002421009 ZINC02421009 | pose 0 | initial pose not within box

mode |  affinity  |  intramol  |    CNN     |   CNN
     | (kcal/mol) | (kcal/mol) | pose score | affinity
-----+------------+------------+------------+----------
    1       -7.80       -0.30       0.4189      6.622
    2       -8.15       -0.65       0.3996      6.740
    3        0.28        0.02       0.2741      5.138
    4       -8.71       -0.68       0.2290      6.110
    5      -10.66       -0.66       0.2229      5.879
    6       -9.85       -0.74       0.1925      6.027
    7       -7.14        1.35       0.1833      6.136
    8      -10.11       -0.47       0.1824      6.174
    9       -8.36        0.15       0.1667      6.132
   10       -9.56        0.08       0.1343      6.288
