              _             
             (_)            
   __ _ _ __  _ _ __   __ _ 
  / _` | '_ \| | '_ \ / _` |
 | (_| | | | | | | | | (_| |
  \__, |_| |_|_|_| |_|\__,_|
   __/ |                    
  |___/                     

gnina v1.3.3 master:6fe1ce2   Built Jun 30 2026.
gnina is based on smina and AutoDock Vina.
Please cite appropriately.

Commandline: gnina -r results/DOCKING/7AAA.mol2 -l results/DOCKING/ligands_sdf/ligando_690.sdf -o results/DOCKING/results_mol2/docked_ligando_690.mol2 --center_x 8.59 --center_y 39.35 --center_z 9.53 --size_x 22 --size_y 16 --size_z 24 --num_modes 10 --exhaustiveness 8 --seed 1
Using random seed: 1

0%   10   20   30   40   50   60   70   80   90   100%
|----|----|----|----|----|----|----|----|----|----|
***************************************************
MolPort-007-723-652 CHEMBL1533885 ChemDiv-E157-7157 MCULE-1767363288 PubChem-16017540 ZINC000008588143 ZINC08588143 | pose 0 | ligand outside box
MolPort-007-723-652 CHEMBL1533885 ChemDiv-E157-7157 MCULE-1767363288 PubChem-16017540 ZINC000008588143 ZINC08588143 | pose 0 | ligand outside box

mode |  affinity  |  intramol  |    CNN     |   CNN
     | (kcal/mol) | (kcal/mol) | pose score | affinity
-----+------------+------------+------------+----------
    1      -10.21        0.10       0.3641      6.529
    2        0.30        2.27       0.1454      5.044
    3       -4.37        0.64       0.1443      4.861
    4       -9.90       -0.37       0.1226      5.830
    5       30.88        4.34       0.1095      4.967
    6       -3.33        0.64       0.1031      5.442
    7      -10.21        0.12       0.0999      5.548
    8       -8.75       -0.06       0.0933      5.637
    9       -8.81        4.41       0.0872      5.721
   10       -7.93       -0.66       0.0613      5.290
