              _             
             (_)            
   __ _ _ __  _ _ __   __ _ 
  / _` | '_ \| | '_ \ / _` |
 | (_| | | | | | | | | (_| |
  \__, |_| |_|_|_| |_|\__,_|
   __/ |                    
  |___/                     

gnina v1.3.3 master:6fe1ce2   Built Jun 30 2026.
gnina is based on smina and AutoDock Vina.
Please cite appropriately.

Commandline: gnina -r results/DOCKING/7AAA.mol2 -l results/DOCKING/ligands_sdf/ligando_701.sdf -o results/DOCKING/results_mol2/docked_ligando_701.mol2 --center_x 8.59 --center_y 39.35 --center_z 9.53 --size_x 22 --size_y 16 --size_z 24 --num_modes 10 --exhaustiveness 8 --seed 1
Using random seed: 1

0%   10   20   30   40   50   60   70   80   90   100%
|----|----|----|----|----|----|----|----|----|----|
***************************************************

mode |  affinity  |  intramol  |    CNN     |   CNN
     | (kcal/mol) | (kcal/mol) | pose score | affinity
-----+------------+------------+------------+----------
    1       -8.83       -0.14       0.8182      5.978
    2       -7.38        0.44       0.2620      5.413
    3       -8.63        0.36       0.2269      5.378
    4       -9.51        0.23       0.2062      5.501
    5       -7.86       -0.17       0.2035      5.402
    6       -8.09        0.18       0.1667      5.148
    7       -8.91       -0.23       0.1610      4.589
    8       -7.81        0.40       0.1476      4.994
    9       -9.50        0.37       0.1288      4.995
   10       -8.38        0.95       0.1061      4.639
