              _             
             (_)            
   __ _ _ __  _ _ __   __ _ 
  / _` | '_ \| | '_ \ / _` |
 | (_| | | | | | | | | (_| |
  \__, |_| |_|_|_| |_|\__,_|
   __/ |                    
  |___/                     

gnina v1.3.3 master:6fe1ce2   Built Jun 30 2026.
gnina is based on smina and AutoDock Vina.
Please cite appropriately.

Commandline: gnina -r results/DOCKING/7AAA.mol2 -l results/DOCKING/ligands_sdf/ligando_519.sdf -o results/DOCKING/results_mol2/docked_ligando_519.mol2 --center_x 8.59 --center_y 39.35 --center_z 9.53 --size_x 22 --size_y 16 --size_z 24 --num_modes 10 --exhaustiveness 8 --seed 1
Using random seed: 1

0%   10   20   30   40   50   60   70   80   90   100%
|----|----|----|----|----|----|----|----|----|----|
***************************************************

mode |  affinity  |  intramol  |    CNN     |   CNN
     | (kcal/mol) | (kcal/mol) | pose score | affinity
-----+------------+------------+------------+----------
    1       -7.28        0.90       0.5531      6.790
    2       -8.02       -0.32       0.4295      6.407
    3       -8.93        0.90       0.3157      6.175
    4       -8.48        0.34       0.2606      6.312
    5       -8.95       -0.64       0.2273      5.616
    6       -8.14       -0.84       0.2004      4.960
    7       -8.01       -0.73       0.1959      4.986
    8       -8.64       -1.05       0.1548      4.296
    9       -8.28        1.11       0.1502      4.399
   10       -7.67        1.23       0.1315      5.815
