              _             
             (_)            
   __ _ _ __  _ _ __   __ _ 
  / _` | '_ \| | '_ \ / _` |
 | (_| | | | | | | | | (_| |
  \__, |_| |_|_|_| |_|\__,_|
   __/ |                    
  |___/                     

gnina v1.3.3 master:6fe1ce2   Built Jun 30 2026.
gnina is based on smina and AutoDock Vina.
Please cite appropriately.

Commandline: gnina -r results/DOCKING/7AAA.mol2 -l results/DOCKING/ligands_sdf/ligando_194.sdf -o results/DOCKING/results_mol2/docked_ligando_194.mol2 --center_x 8.59 --center_y 39.35 --center_z 9.53 --size_x 22 --size_y 16 --size_z 24 --num_modes 10 --exhaustiveness 8 --seed 1
Using random seed: 1

0%   10   20   30   40   50   60   70   80   90   100%
|----|----|----|----|----|----|----|----|----|----|
***************************************************

mode |  affinity  |  intramol  |    CNN     |   CNN
     | (kcal/mol) | (kcal/mol) | pose score | affinity
-----+------------+------------+------------+----------
    1       -8.67        0.24       0.4266      6.647
    2       -7.94        0.47       0.3289      6.429
    3       -8.80       -0.18       0.2894      6.542
    4       -9.64       -0.85       0.2379      6.328
    5      -10.01       -0.44       0.2367      6.574
    6       -9.97       -0.15       0.2196      6.214
    7       -8.63       -0.37       0.2022      6.577
    8      -10.56       -0.13       0.1832      5.825
    9       -9.38        0.02       0.1815      6.602
   10       -9.42        0.02       0.1736      6.584
