              _             
             (_)            
   __ _ _ __  _ _ __   __ _ 
  / _` | '_ \| | '_ \ / _` |
 | (_| | | | | | | | | (_| |
  \__, |_| |_|_|_| |_|\__,_|
   __/ |                    
  |___/                     

gnina v1.3.3 master:6fe1ce2   Built Jun 30 2026.
gnina is based on smina and AutoDock Vina.
Please cite appropriately.

Commandline: gnina -r results/DOCKING/7AAA.mol2 -l results/DOCKING/ligands_sdf/ligando_377.sdf -o results/DOCKING/results_mol2/docked_ligando_377.mol2 --center_x 8.59 --center_y 39.35 --center_z 9.53 --size_x 22 --size_y 16 --size_z 24 --num_modes 10 --exhaustiveness 8 --seed 1
Using random seed: 1

0%   10   20   30   40   50   60   70   80   90   100%
|----|----|----|----|----|----|----|----|----|----|
***************************************************

mode |  affinity  |  intramol  |    CNN     |   CNN
     | (kcal/mol) | (kcal/mol) | pose score | affinity
-----+------------+------------+------------+----------
    1       -9.92       -0.34       0.1103      5.456
    2       -9.53       -0.02       0.1029      5.919
    3       -8.83       -0.06       0.1019      5.646
    4       -8.46        0.09       0.0837      6.050
    5       -9.39       -0.09       0.0814      5.753
    6       -8.80       -0.04       0.0806      5.894
    7       -9.71        0.04       0.0781      5.730
    8       -9.51       -0.09       0.0774      5.763
    9       -9.89       -0.33       0.0690      5.224
   10       -9.27       -0.26       0.0554      5.244
