              _             
             (_)            
   __ _ _ __  _ _ __   __ _ 
  / _` | '_ \| | '_ \ / _` |
 | (_| | | | | | | | | (_| |
  \__, |_| |_|_|_| |_|\__,_|
   __/ |                    
  |___/                     

gnina v1.3.3 master:6fe1ce2   Built Jun 30 2026.
gnina is based on smina and AutoDock Vina.
Please cite appropriately.

Commandline: gnina -r results/DOCKING/7AAA.mol2 -l results/DOCKING/ligands_sdf/ligando_683.sdf -o results/DOCKING/results_mol2/docked_ligando_683.mol2 --center_x 8.59 --center_y 39.35 --center_z 9.53 --size_x 22 --size_y 16 --size_z 24 --num_modes 10 --exhaustiveness 8 --seed 1
Using random seed: 1

0%   10   20   30   40   50   60   70   80   90   100%
|----|----|----|----|----|----|----|----|----|----|
***************************************************
MolPort-009-692-461 9001749 CSSS00106926447 MCULE-7088930081 PubChem-16952129 VPBKKCCBLFWVNP-UHFFFAOYSA-N ZINC000009001749 ZINC09001749 | pose 0 | initial pose not within box

mode |  affinity  |  intramol  |    CNN     |   CNN
     | (kcal/mol) | (kcal/mol) | pose score | affinity
-----+------------+------------+------------+----------
    1       37.67        1.60       0.2816      5.455
    2       -2.45       -0.89       0.1723      5.093
    3        4.02       -0.37       0.0822      4.903
    4       49.32       -0.23       0.0610      4.928
    5       -7.37       -0.93       0.0526      5.140
    6      -10.28        0.82       0.0447      5.160
    7        3.11       -0.44       0.0433      4.347
    8       -7.71       -0.95       0.0367      5.110
    9       -8.69       -0.14       0.0364      5.294
   10       -8.75       -0.36       0.0346      5.361
