              _             
             (_)            
   __ _ _ __  _ _ __   __ _ 
  / _` | '_ \| | '_ \ / _` |
 | (_| | | | | | | | | (_| |
  \__, |_| |_|_|_| |_|\__,_|
   __/ |                    
  |___/                     

gnina v1.3.3 master:6fe1ce2   Built Jun 30 2026.
gnina is based on smina and AutoDock Vina.
Please cite appropriately.

Commandline: gnina -r results/DOCKING/7AAA.mol2 -l results/DOCKING/ligands_sdf/ligando_249.sdf -o results/DOCKING/results_mol2/docked_ligando_249.mol2 --center_x 8.59 --center_y 39.35 --center_z 9.53 --size_x 22 --size_y 16 --size_z 24 --num_modes 10 --exhaustiveness 8 --seed 1
Using random seed: 1

0%   10   20   30   40   50   60   70   80   90   100%
|----|----|----|----|----|----|----|----|----|----|
***************************************************
MolPort-001-901-439 830104 CSSS00159729154 MCULE-6437410963 PubChem-1104026 ZINC000000830104 ZINC00830104 | pose 0 | ligand outside box

mode |  affinity  |  intramol  |    CNN     |   CNN
     | (kcal/mol) | (kcal/mol) | pose score | affinity
-----+------------+------------+------------+----------
    1       -8.52        1.41       0.2928      6.184
    2       -8.65       -0.96       0.1540      5.097
    3       -7.90       -1.20       0.0997      4.677
    4       -8.97        0.09       0.0964      4.770
    5       -8.58       -0.45       0.0876      5.530
    6       -7.43       -0.95       0.0799      5.104
    7       -9.02        0.72       0.0775      4.344
    8       -9.52       -0.37       0.0774      4.776
    9       -9.79       -0.37       0.0659      5.327
   10       -8.06       -1.04       0.0642      4.169
