              _             
             (_)            
   __ _ _ __  _ _ __   __ _ 
  / _` | '_ \| | '_ \ / _` |
 | (_| | | | | | | | | (_| |
  \__, |_| |_|_|_| |_|\__,_|
   __/ |                    
  |___/                     

gnina v1.3.3 master:6fe1ce2   Built Jun 30 2026.
gnina is based on smina and AutoDock Vina.
Please cite appropriately.

Commandline: gnina -r results/DOCKING/7AAA.mol2 -l results/DOCKING/ligands_sdf/ligando_308.sdf -o results/DOCKING/results_mol2/docked_ligando_308.mol2 --center_x 8.59 --center_y 39.35 --center_z 9.53 --size_x 22 --size_y 16 --size_z 24 --num_modes 10 --exhaustiveness 8 --seed 1
Using random seed: 1

0%   10   20   30   40   50   60   70   80   90   100%
|----|----|----|----|----|----|----|----|----|----|
***************************************************

mode |  affinity  |  intramol  |    CNN     |   CNN
     | (kcal/mol) | (kcal/mol) | pose score | affinity
-----+------------+------------+------------+----------
    1       -8.71        0.54       0.2155      5.626
    2       -8.79       -0.09       0.1888      5.914
    3       -8.36       -0.67       0.1864      5.682
    4       -9.28        0.54       0.1831      5.779
    5       -7.86        0.17       0.1677      5.926
    6       -8.26       -1.18       0.1512      4.093
    7       -7.59       -0.99       0.1309      5.484
    8       -9.08        0.40       0.1238      5.070
    9       -8.53       -0.60       0.1134      3.857
   10       -8.90        1.13       0.1126      5.487
