              _             
             (_)            
   __ _ _ __  _ _ __   __ _ 
  / _` | '_ \| | '_ \ / _` |
 | (_| | | | | | | | | (_| |
  \__, |_| |_|_|_| |_|\__,_|
   __/ |                    
  |___/                     

gnina v1.3.3 master:6fe1ce2   Built Jun 30 2026.
gnina is based on smina and AutoDock Vina.
Please cite appropriately.

Commandline: gnina -r results/DOCKING/7AAA.mol2 -l results/DOCKING/ligands_sdf/ligando_826.sdf -o results/DOCKING/results_mol2/docked_ligando_826.mol2 --center_x 8.59 --center_y 39.35 --center_z 9.53 --size_x 22 --size_y 16 --size_z 24 --num_modes 10 --exhaustiveness 8 --seed 1
Using random seed: 1

0%   10   20   30   40   50   60   70   80   90   100%
|----|----|----|----|----|----|----|----|----|----|
***************************************************

mode |  affinity  |  intramol  |    CNN     |   CNN
     | (kcal/mol) | (kcal/mol) | pose score | affinity
-----+------------+------------+------------+----------
    1       -7.40       -0.08       0.7252      5.420
    2       -6.36       -0.22       0.5505      5.636
    3       -5.92       -0.10       0.2848      4.580
    4       -6.62       -0.27       0.1713      4.626
    5       -6.16       -0.40       0.1581      4.596
    6       -6.22       -0.63       0.1400      4.346
    7       -6.46       -0.51       0.1375      4.334
    8       -6.08       -0.43       0.1240      3.969
    9       -5.99       -0.54       0.1048      4.402
   10       -5.99       -0.39       0.0998      4.501
