              _             
             (_)            
   __ _ _ __  _ _ __   __ _ 
  / _` | '_ \| | '_ \ / _` |
 | (_| | | | | | | | | (_| |
  \__, |_| |_|_|_| |_|\__,_|
   __/ |                    
  |___/                     

gnina v1.3.3 master:6fe1ce2   Built Jun 30 2026.
gnina is based on smina and AutoDock Vina.
Please cite appropriately.

Commandline: gnina -r results/DOCKING/7AAA.mol2 -l results/DOCKING/ligands_sdf/ligando_819.sdf -o results/DOCKING/results_mol2/docked_ligando_819.mol2 --center_x 8.59 --center_y 39.35 --center_z 9.53 --size_x 22 --size_y 16 --size_z 24 --num_modes 10 --exhaustiveness 8 --seed 1
Using random seed: 1

0%   10   20   30   40   50   60   70   80   90   100%
|----|----|----|----|----|----|----|----|----|----|
***************************************************

mode |  affinity  |  intramol  |    CNN     |   CNN
     | (kcal/mol) | (kcal/mol) | pose score | affinity
-----+------------+------------+------------+----------
    1       -6.31        0.10       0.3645      5.173
    2       -9.12       -0.43       0.1943      4.686
    3       -8.62       -0.44       0.1803      5.475
    4       -7.17        0.70       0.1477      4.577
    5       -9.19       -0.39       0.1417      5.469
    6       -9.56       -0.09       0.1348      5.314
    7       -5.45        0.11       0.1037      4.144
    8       -8.26        0.64       0.0993      5.387
    9       -7.93        0.22       0.0928      4.784
   10       -8.11       -0.22       0.0904      4.873
