              _             
             (_)            
   __ _ _ __  _ _ __   __ _ 
  / _` | '_ \| | '_ \ / _` |
 | (_| | | | | | | | | (_| |
  \__, |_| |_|_|_| |_|\__,_|
   __/ |                    
  |___/                     

gnina v1.3.3 master:6fe1ce2   Built Jun 30 2026.
gnina is based on smina and AutoDock Vina.
Please cite appropriately.

Commandline: gnina -r results/DOCKING/7AAA.mol2 -l results/DOCKING/ligands_sdf/ligando_504.sdf -o results/DOCKING/results_mol2/docked_ligando_504.mol2 --center_x 8.59 --center_y 39.35 --center_z 9.53 --size_x 22 --size_y 16 --size_z 24 --num_modes 10 --exhaustiveness 8 --seed 1
Using random seed: 1

0%   10   20   30   40   50   60   70   80   90   100%
|----|----|----|----|----|----|----|----|----|----|
***************************************************
MolPort-002-552-480 CSSS00121638413 LN00488255 MCULE-8958344395 PubChem-3453859 | pose 0 | ligand outside box
MolPort-002-552-480 CSSS00121638413 LN00488255 MCULE-8958344395 PubChem-3453859 | pose 0 | ligand outside box
MolPort-002-552-480 CSSS00121638413 LN00488255 MCULE-8958344395 PubChem-3453859 | pose 0 | ligand outside box
MolPort-002-552-480 CSSS00121638413 LN00488255 MCULE-8958344395 PubChem-3453859 | pose 0 | ligand outside box
MolPort-002-552-480 CSSS00121638413 LN00488255 MCULE-8958344395 PubChem-3453859 | pose 0 | ligand outside box
MolPort-002-552-480 CSSS00121638413 LN00488255 MCULE-8958344395 PubChem-3453859 | pose 0 | ligand outside box
MolPort-002-552-480 CSSS00121638413 LN00488255 MCULE-8958344395 PubChem-3453859 | pose 0 | ligand outside box
MolPort-002-552-480 CSSS00121638413 LN00488255 MCULE-8958344395 PubChem-3453859 | pose 0 | ligand outside box
MolPort-002-552-480 CSSS00121638413 LN00488255 MCULE-8958344395 PubChem-3453859 | pose 0 | ligand outside box

mode |  affinity  |  intramol  |    CNN     |   CNN
     | (kcal/mol) | (kcal/mol) | pose score | affinity
-----+------------+------------+------------+----------
    1       -1.75        0.01       0.7080      5.290
    2       -4.44       -0.53       0.3239      4.848
    3       -9.06        1.83       0.3150      5.478
    4       -9.33        0.73       0.2544      5.462
    5       -5.54        0.68       0.2395      4.599
    6       -7.64       -0.37       0.2328      5.821
    7       -8.02       -0.60       0.2327      5.509
    8       -7.45       -0.65       0.2013      5.492
    9        0.64       -0.20       0.1549      4.967
   10       -1.79       -0.52       0.1515      4.964
