              _             
             (_)            
   __ _ _ __  _ _ __   __ _ 
  / _` | '_ \| | '_ \ / _` |
 | (_| | | | | | | | | (_| |
  \__, |_| |_|_|_| |_|\__,_|
   __/ |                    
  |___/                     

gnina v1.3.3 master:6fe1ce2   Built Jun 30 2026.
gnina is based on smina and AutoDock Vina.
Please cite appropriately.

Commandline: gnina -r results/DOCKING/7AAA.mol2 -l results/DOCKING/ligands_sdf/ligando_620.sdf -o results/DOCKING/results_mol2/docked_ligando_620.mol2 --center_x 8.59 --center_y 39.35 --center_z 9.53 --size_x 22 --size_y 16 --size_z 24 --num_modes 10 --exhaustiveness 8 --seed 1
Using random seed: 1

0%   10   20   30   40   50   60   70   80   90   100%
|----|----|----|----|----|----|----|----|----|----|
***************************************************

mode |  affinity  |  intramol  |    CNN     |   CNN
     | (kcal/mol) | (kcal/mol) | pose score | affinity
-----+------------+------------+------------+----------
    1       -6.03        0.43       0.3306      5.597
    2       -7.76       -0.60       0.2417      5.953
    3       -7.18        0.52       0.2387      5.132
    4       -7.72       -0.43       0.1830      5.456
    5       -7.56       -0.64       0.1421      5.648
    6       -8.55       -0.12       0.1226      4.872
    7       -8.29       -0.23       0.1161      4.518
    8       -6.48       -0.41       0.1105      5.162
    9       -7.39       -0.22       0.1031      5.274
   10       -7.20       -0.20       0.0932      5.034
