              _             
             (_)            
   __ _ _ __  _ _ __   __ _ 
  / _` | '_ \| | '_ \ / _` |
 | (_| | | | | | | | | (_| |
  \__, |_| |_|_|_| |_|\__,_|
   __/ |                    
  |___/                     

gnina v1.3.3 master:6fe1ce2   Built Jun 30 2026.
gnina is based on smina and AutoDock Vina.
Please cite appropriately.

Commandline: gnina -r results/DOCKING/7AAA.mol2 -l results/DOCKING/ligands_sdf/ligando_122.sdf -o results/DOCKING/results_mol2/docked_ligando_122.mol2 --center_x 8.59 --center_y 39.35 --center_z 9.53 --size_x 22 --size_y 16 --size_z 24 --num_modes 10 --exhaustiveness 8 --seed 1
Using random seed: 1

0%   10   20   30   40   50   60   70   80   90   100%
|----|----|----|----|----|----|----|----|----|----|
***************************************************

mode |  affinity  |  intramol  |    CNN     |   CNN
     | (kcal/mol) | (kcal/mol) | pose score | affinity
-----+------------+------------+------------+----------
    1       -7.32        1.09       0.5214      4.536
    2       -7.45        0.41       0.5097      4.292
    3       -6.91        0.45       0.4502      4.750
    4       -6.41        0.26       0.3227      4.930
    5       -6.49        0.13       0.1403      3.713
    6       -6.67       -0.24       0.1182      4.750
    7       -7.12       -0.58       0.0975      4.154
    8       -8.23        0.47       0.0805      3.927
    9       -6.77       -0.16       0.0793      4.370
   10       -6.76        0.36       0.0689      4.259
