              _             
             (_)            
   __ _ _ __  _ _ __   __ _ 
  / _` | '_ \| | '_ \ / _` |
 | (_| | | | | | | | | (_| |
  \__, |_| |_|_|_| |_|\__,_|
   __/ |                    
  |___/                     

gnina v1.3.3 master:6fe1ce2   Built Jun 30 2026.
gnina is based on smina and AutoDock Vina.
Please cite appropriately.

Commandline: gnina -r results/DOCKING/7AAA.mol2 -l results/DOCKING/ligands_sdf/ligando_361.sdf -o results/DOCKING/results_mol2/docked_ligando_361.mol2 --center_x 8.59 --center_y 39.35 --center_z 9.53 --size_x 22 --size_y 16 --size_z 24 --num_modes 10 --exhaustiveness 8 --seed 1
Using random seed: 1

0%   10   20   30   40   50   60   70   80   90   100%
|----|----|----|----|----|----|----|----|----|----|
***************************************************
MolPort-009-692-496 9122126 CSSS03437099267 MCULE-7553924893 PubChem-16952521 ZINC000009122126 ZOJMCCVGMPCENN-UHFFFAOYSA-N | pose 0 | initial pose not within box
MolPort-009-692-496 9122126 CSSS03437099267 MCULE-7553924893 PubChem-16952521 ZINC000009122126 ZOJMCCVGMPCENN-UHFFFAOYSA-N | pose 0 | ligand outside box
MolPort-009-692-496 9122126 CSSS03437099267 MCULE-7553924893 PubChem-16952521 ZINC000009122126 ZOJMCCVGMPCENN-UHFFFAOYSA-N | pose 0 | ligand outside box

mode |  affinity  |  intramol  |    CNN     |   CNN
     | (kcal/mol) | (kcal/mol) | pose score | affinity
-----+------------+------------+------------+----------
    1       28.10       -0.17       0.3275      5.583
    2       -8.38        0.01       0.2808      5.955
    3       -6.83       -0.03       0.1508      5.740
    4       -9.72       -0.76       0.1310      6.123
    5       15.16        0.30       0.1193      5.349
    6       -9.27       -0.04       0.1168      6.022
    7       -9.88       -0.92       0.0660      5.219
    8       -9.61       -0.87       0.0598      5.318
    9       -9.34        0.39       0.0553      5.197
   10       -7.93       -0.36       0.0530      5.676
