              _             
             (_)            
   __ _ _ __  _ _ __   __ _ 
  / _` | '_ \| | '_ \ / _` |
 | (_| | | | | | | | | (_| |
  \__, |_| |_|_|_| |_|\__,_|
   __/ |                    
  |___/                     

gnina v1.3.3 master:6fe1ce2   Built Jun 30 2026.
gnina is based on smina and AutoDock Vina.
Please cite appropriately.

Commandline: gnina -r results/DOCKING/7AAA.mol2 -l results/DOCKING/ligands_sdf/ligando_462.sdf -o results/DOCKING/results_mol2/docked_ligando_462.mol2 --center_x 8.59 --center_y 39.35 --center_z 9.53 --size_x 22 --size_y 16 --size_z 24 --num_modes 10 --exhaustiveness 8 --seed 1
Using random seed: 1

0%   10   20   30   40   50   60   70   80   90   100%
|----|----|----|----|----|----|----|----|----|----|
***************************************************

mode |  affinity  |  intramol  |    CNN     |   CNN
     | (kcal/mol) | (kcal/mol) | pose score | affinity
-----+------------+------------+------------+----------
    1       -7.30        0.47       0.6337      6.162
    2       -7.80       -0.18       0.6181      6.682
    3       -7.97       -0.05       0.5654      6.062
    4       -7.67        0.13       0.4493      5.885
    5       -8.18        0.72       0.4195      5.792
    6       -7.92       -0.32       0.4082      6.249
    7       -7.66        0.25       0.3717      5.816
    8       -7.90       -0.22       0.3375      5.730
    9       -8.26       -0.46       0.2492      5.837
   10       -8.21        0.31       0.2194      5.181
