              _             
             (_)            
   __ _ _ __  _ _ __   __ _ 
  / _` | '_ \| | '_ \ / _` |
 | (_| | | | | | | | | (_| |
  \__, |_| |_|_|_| |_|\__,_|
   __/ |                    
  |___/                     

gnina v1.3.3 master:6fe1ce2   Built Jun 30 2026.
gnina is based on smina and AutoDock Vina.
Please cite appropriately.

Commandline: gnina -r results/DOCKING/7AAA.mol2 -l results/DOCKING/ligands_sdf/ligando_271.sdf -o results/DOCKING/results_mol2/docked_ligando_271.mol2 --center_x 8.59 --center_y 39.35 --center_z 9.53 --size_x 22 --size_y 16 --size_z 24 --num_modes 10 --exhaustiveness 8 --seed 1
Using random seed: 1

0%   10   20   30   40   50   60   70   80   90   100%
|----|----|----|----|----|----|----|----|----|----|
***************************************************
MolPort-016-718-555 MCULE-1416712221 PubChem-46975451 | pose 0 | initial pose not within box

mode |  affinity  |  intramol  |    CNN     |   CNN
     | (kcal/mol) | (kcal/mol) | pose score | affinity
-----+------------+------------+------------+----------
    1      -10.58       -0.46       0.4381      6.469
    2       -9.46        0.15       0.4119      6.794
    3      -10.26        0.42       0.3723      6.419
    4       -9.25        0.39       0.3697      6.530
    5       -9.46        0.23       0.2803      6.491
    6       -9.95        0.65       0.2620      6.184
    7       -9.47       -0.11       0.2496      6.330
    8       -8.88        1.00       0.1594      6.102
    9      -10.19        0.05       0.1220      6.332
   10       -8.91       -0.52       0.1134      5.552
