              _             
             (_)            
   __ _ _ __  _ _ __   __ _ 
  / _` | '_ \| | '_ \ / _` |
 | (_| | | | | | | | | (_| |
  \__, |_| |_|_|_| |_|\__,_|
   __/ |                    
  |___/                     

gnina v1.3.3 master:6fe1ce2   Built Jun 30 2026.
gnina is based on smina and AutoDock Vina.
Please cite appropriately.

Commandline: gnina -r results/DOCKING/7AAA.mol2 -l results/DOCKING/ligands_sdf/ligando_699.sdf -o results/DOCKING/results_mol2/docked_ligando_699.mol2 --center_x 8.59 --center_y 39.35 --center_z 9.53 --size_x 22 --size_y 16 --size_z 24 --num_modes 10 --exhaustiveness 8 --seed 1
Using random seed: 1

0%   10   20   30   40   50   60   70   80   90   100%
|----|----|----|----|----|----|----|----|----|----|
***************************************************

mode |  affinity  |  intramol  |    CNN     |   CNN
     | (kcal/mol) | (kcal/mol) | pose score | affinity
-----+------------+------------+------------+----------
    1       -6.07       -0.11       0.1981      5.401
    2       10.42       -0.60       0.1606      4.604
    3        2.82        1.16       0.1583      5.106
    4       -6.33        3.38       0.1468      4.991
    5       -8.31        0.57       0.1439      4.943
    6       -8.80       -0.27       0.1025      5.124
    7        6.04       -0.20       0.0936      4.393
    8       -6.76       -0.14       0.0775      4.626
    9      -10.21        0.91       0.0761      5.159
   10       -1.43        1.88       0.0707      4.456
