              _             
             (_)            
   __ _ _ __  _ _ __   __ _ 
  / _` | '_ \| | '_ \ / _` |
 | (_| | | | | | | | | (_| |
  \__, |_| |_|_|_| |_|\__,_|
   __/ |                    
  |___/                     

gnina v1.3.3 master:6fe1ce2   Built Jun 30 2026.
gnina is based on smina and AutoDock Vina.
Please cite appropriately.

Commandline: gnina -r results/DOCKING/7AAA.mol2 -l results/DOCKING/ligands_sdf/ligando_134.sdf -o results/DOCKING/results_mol2/docked_ligando_134.mol2 --center_x 8.59 --center_y 39.35 --center_z 9.53 --size_x 22 --size_y 16 --size_z 24 --num_modes 10 --exhaustiveness 8 --seed 1
Using random seed: 1

0%   10   20   30   40   50   60   70   80   90   100%
|----|----|----|----|----|----|----|----|----|----|
***************************************************

mode |  affinity  |  intramol  |    CNN     |   CNN
     | (kcal/mol) | (kcal/mol) | pose score | affinity
-----+------------+------------+------------+----------
    1       -8.86       -0.89       0.1319      5.287
    2       -9.75       -0.57       0.0812      4.859
    3       -9.44        1.10       0.0783      4.726
    4       -9.73       -0.38       0.0696      5.182
    5       -9.07       -0.45       0.0680      5.052
    6       -7.11       -0.74       0.0556      5.126
    7       -7.37       -0.44       0.0471      4.838
    8       -8.14       -0.66       0.0386      5.168
    9       -9.41        0.16       0.0362      4.724
   10       -8.33       -0.39       0.0332      4.714
