              _             
             (_)            
   __ _ _ __  _ _ __   __ _ 
  / _` | '_ \| | '_ \ / _` |
 | (_| | | | | | | | | (_| |
  \__, |_| |_|_|_| |_|\__,_|
   __/ |                    
  |___/                     

gnina v1.3.3 master:6fe1ce2   Built Jun 30 2026.
gnina is based on smina and AutoDock Vina.
Please cite appropriately.

Commandline: gnina -r results/DOCKING/7AAA.mol2 -l results/DOCKING/ligands_sdf/ligando_088.sdf -o results/DOCKING/results_mol2/docked_ligando_088.mol2 --center_x 8.59 --center_y 39.35 --center_z 9.53 --size_x 22 --size_y 16 --size_z 24 --num_modes 10 --exhaustiveness 8 --seed 1
Using random seed: 1

0%   10   20   30   40   50   60   70   80   90   100%
|----|----|----|----|----|----|----|----|----|----|
***************************************************
MolPort-002-633-366 5556652 CHEMBL1445989 LN00746763 PubChem-1623160 ZINC000005556652 ZINC05556652 | pose 0 | initial pose not within box
MolPort-002-633-366 5556652 CHEMBL1445989 LN00746763 PubChem-1623160 ZINC000005556652 ZINC05556652 | pose 0 | ligand outside box
MolPort-002-633-366 5556652 CHEMBL1445989 LN00746763 PubChem-1623160 ZINC000005556652 ZINC05556652 | pose 0 | ligand outside box
MolPort-002-633-366 5556652 CHEMBL1445989 LN00746763 PubChem-1623160 ZINC000005556652 ZINC05556652 | pose 0 | ligand outside box
MolPort-002-633-366 5556652 CHEMBL1445989 LN00746763 PubChem-1623160 ZINC000005556652 ZINC05556652 | pose 0 | ligand outside box
MolPort-002-633-366 5556652 CHEMBL1445989 LN00746763 PubChem-1623160 ZINC000005556652 ZINC05556652 | pose 0 | ligand outside box

mode |  affinity  |  intramol  |    CNN     |   CNN
     | (kcal/mol) | (kcal/mol) | pose score | affinity
-----+------------+------------+------------+----------
    1       -7.99       -0.38       0.7991      6.877
    2        1.46       -0.41       0.5815      5.742
    3       10.61        0.02       0.4006      4.422
    4       -8.78       -0.17       0.2471      5.425
    5       -6.44       -0.28       0.2241      5.777
    6       -4.61       -0.24       0.2209      5.515
    7       -7.87       -0.49       0.2034      5.874
    8       -8.61       -0.12       0.1932      5.510
    9       -7.43       -0.63       0.1618      5.149
   10       -8.31       -0.42       0.1503      5.614
