              _             
             (_)            
   __ _ _ __  _ _ __   __ _ 
  / _` | '_ \| | '_ \ / _` |
 | (_| | | | | | | | | (_| |
  \__, |_| |_|_|_| |_|\__,_|
   __/ |                    
  |___/                     

gnina v1.3.3 master:6fe1ce2   Built Jun 30 2026.
gnina is based on smina and AutoDock Vina.
Please cite appropriately.

Commandline: gnina -r results/DOCKING/7AAA.mol2 -l results/DOCKING/ligands_sdf/ligando_833.sdf -o results/DOCKING/results_mol2/docked_ligando_833.mol2 --center_x 8.59 --center_y 39.35 --center_z 9.53 --size_x 22 --size_y 16 --size_z 24 --num_modes 10 --exhaustiveness 8 --seed 1
Using random seed: 1

0%   10   20   30   40   50   60   70   80   90   100%
|----|----|----|----|----|----|----|----|----|----|
***************************************************
MolPort-008-345-345 6204350 CSSS00121599792 MCULE-8793457033 PubChem-4221437 ZINC000006204350 ZINC06204350 | pose 0 | initial pose not within box

mode |  affinity  |  intramol  |    CNN     |   CNN
     | (kcal/mol) | (kcal/mol) | pose score | affinity
-----+------------+------------+------------+----------
    1       -8.53        0.68       0.4858      5.839
    2       -7.64       -0.41       0.4798      5.873
    3       -7.82        0.16       0.4195      5.938
    4       -8.03       -0.39       0.3128      5.817
    5       -7.74        0.70       0.2588      5.444
    6       -8.02       -0.21       0.2324      5.880
    7       -7.94        0.47       0.1835      5.401
    8       -7.47        0.27       0.1573      5.421
    9       -8.15        0.43       0.1383      5.547
   10       -6.90       -0.05       0.1076      5.050
