              _             
             (_)            
   __ _ _ __  _ _ __   __ _ 
  / _` | '_ \| | '_ \ / _` |
 | (_| | | | | | | | | (_| |
  \__, |_| |_|_|_| |_|\__,_|
   __/ |                    
  |___/                     

gnina v1.3.3 master:6fe1ce2   Built Jun 30 2026.
gnina is based on smina and AutoDock Vina.
Please cite appropriately.

Commandline: gnina -r results/DOCKING/7AAA.mol2 -l results/DOCKING/ligands_sdf/ligando_549.sdf -o results/DOCKING/results_mol2/docked_ligando_549.mol2 --center_x 8.59 --center_y 39.35 --center_z 9.53 --size_x 22 --size_y 16 --size_z 24 --num_modes 10 --exhaustiveness 8 --seed 1
Using random seed: 1

0%   10   20   30   40   50   60   70   80   90   100%
|----|----|----|----|----|----|----|----|----|----|
***************************************************
MolPort-007-710-792 ChemDiv-D481-2666 MCULE-2167951705 PubChem-46269945 ZINC000033019594 ZINC33019594 | pose 0 | initial pose not within box

mode |  affinity  |  intramol  |    CNN     |   CNN
     | (kcal/mol) | (kcal/mol) | pose score | affinity
-----+------------+------------+------------+----------
    1       -8.30       -0.22       0.2284      6.658
    2      -10.08       -0.02       0.1610      5.452
    3       -6.76       -0.49       0.1331      5.563
    4       -8.42       -1.15       0.1163      5.326
    5       -9.69       -0.50       0.1045      5.518
    6       -7.52       -0.36       0.0784      5.319
    7       -9.79        0.53       0.0769      5.937
    8      -10.42       -0.87       0.0728      5.859
    9      -10.77        0.44       0.0715      5.960
   10      -10.41       -0.36       0.0616      5.475
