              _             
             (_)            
   __ _ _ __  _ _ __   __ _ 
  / _` | '_ \| | '_ \ / _` |
 | (_| | | | | | | | | (_| |
  \__, |_| |_|_|_| |_|\__,_|
   __/ |                    
  |___/                     

gnina v1.3.3 master:6fe1ce2   Built Jun 30 2026.
gnina is based on smina and AutoDock Vina.
Please cite appropriately.

Commandline: gnina -r results/DOCKING/7AAA.mol2 -l results/DOCKING/ligands_sdf/ligando_658.sdf -o results/DOCKING/results_mol2/docked_ligando_658.mol2 --center_x 8.59 --center_y 39.35 --center_z 9.53 --size_x 22 --size_y 16 --size_z 24 --num_modes 10 --exhaustiveness 8 --seed 1
Using random seed: 1

0%   10   20   30   40   50   60   70   80   90   100%
|----|----|----|----|----|----|----|----|----|----|
***************************************************

mode |  affinity  |  intramol  |    CNN     |   CNN
     | (kcal/mol) | (kcal/mol) | pose score | affinity
-----+------------+------------+------------+----------
    1       -8.48        0.06       0.6391      6.584
    2      -10.11        0.09       0.4613      6.514
    3       -8.63        0.23       0.1482      6.287
    4       -9.14       -0.32       0.1030      6.224
    5       -8.03       -0.75       0.0621      5.742
    6       -8.10       -0.41       0.0578      4.890
    7       -9.91       -0.32       0.0568      5.799
    8       -9.95        0.86       0.0513      5.635
    9       -9.68       -0.41       0.0505      5.947
   10       -8.49        0.35       0.0462      5.386
