              _             
             (_)            
   __ _ _ __  _ _ __   __ _ 
  / _` | '_ \| | '_ \ / _` |
 | (_| | | | | | | | | (_| |
  \__, |_| |_|_|_| |_|\__,_|
   __/ |                    
  |___/                     

gnina v1.3.3 master:6fe1ce2   Built Jun 30 2026.
gnina is based on smina and AutoDock Vina.
Please cite appropriately.

Commandline: gnina -r results/DOCKING/7AAA.mol2 -l results/DOCKING/ligands_sdf/ligando_422.sdf -o results/DOCKING/results_mol2/docked_ligando_422.mol2 --center_x 8.59 --center_y 39.35 --center_z 9.53 --size_x 22 --size_y 16 --size_z 24 --num_modes 10 --exhaustiveness 8 --seed 1
Using random seed: 1

0%   10   20   30   40   50   60   70   80   90   100%
|----|----|----|----|----|----|----|----|----|----|
***************************************************
Molport-051-942-616 CSSS20572399210 | pose 0 | ligand outside box

mode |  affinity  |  intramol  |    CNN     |   CNN
     | (kcal/mol) | (kcal/mol) | pose score | affinity
-----+------------+------------+------------+----------
    1       -8.23       -1.05       0.2003      5.676
    2       -9.42        0.01       0.0773      5.177
    3       -7.55       -0.21       0.0449      5.035
    4       -7.64       -0.64       0.0386      4.855
    5       -8.08        0.73       0.0277      4.524
    6       -8.09       -1.16       0.0268      4.892
    7       -8.99        1.49       0.0229      4.957
    8       -0.91       -0.91       0.0221      4.150
    9       -6.79        1.79       0.0214      4.482
   10       -7.33        2.95       0.0207      3.927
