              _             
             (_)            
   __ _ _ __  _ _ __   __ _ 
  / _` | '_ \| | '_ \ / _` |
 | (_| | | | | | | | | (_| |
  \__, |_| |_|_|_| |_|\__,_|
   __/ |                    
  |___/                     

gnina v1.3.3 master:6fe1ce2   Built Jun 30 2026.
gnina is based on smina and AutoDock Vina.
Please cite appropriately.

Commandline: gnina -r results/DOCKING/7AAA.mol2 -l results/DOCKING/ligands_sdf/ligando_413.sdf -o results/DOCKING/results_mol2/docked_ligando_413.mol2 --center_x 8.59 --center_y 39.35 --center_z 9.53 --size_x 22 --size_y 16 --size_z 24 --num_modes 10 --exhaustiveness 8 --seed 1
Using random seed: 1

0%   10   20   30   40   50   60   70   80   90   100%
|----|----|----|----|----|----|----|----|----|----|
***************************************************
MolPort-046-958-385 MCULE-1235616481 PubChem-110093605 | pose 0 | initial pose not within box
MolPort-046-958-385 MCULE-1235616481 PubChem-110093605 | pose 0 | ligand outside box
MolPort-046-958-385 MCULE-1235616481 PubChem-110093605 | pose 0 | ligand outside box
MolPort-046-958-385 MCULE-1235616481 PubChem-110093605 | pose 0 | ligand outside box
MolPort-046-958-385 MCULE-1235616481 PubChem-110093605 | pose 0 | ligand outside box
MolPort-046-958-385 MCULE-1235616481 PubChem-110093605 | pose 0 | ligand outside box
MolPort-046-958-385 MCULE-1235616481 PubChem-110093605 | pose 0 | initial pose not within box

mode |  affinity  |  intramol  |    CNN     |   CNN
     | (kcal/mol) | (kcal/mol) | pose score | affinity
-----+------------+------------+------------+----------
    1      -11.24        1.19       0.2758      7.351
    2       -8.96        2.88       0.1516      6.954
    3      -10.76        0.05       0.1335      6.370
    4      -10.28       -0.26       0.1298      6.687
    5       -9.91        0.69       0.1248      7.042
    6      -10.77        0.42       0.0943      6.633
    7       -9.53        1.16       0.0868      6.476
    8      -10.25        1.33       0.0847      6.787
    9      -10.94       -0.31       0.0816      6.313
   10      -11.09        0.50       0.0812      6.046
