              _             
             (_)            
   __ _ _ __  _ _ __   __ _ 
  / _` | '_ \| | '_ \ / _` |
 | (_| | | | | | | | | (_| |
  \__, |_| |_|_|_| |_|\__,_|
   __/ |                    
  |___/                     

gnina v1.3.3 master:6fe1ce2   Built Jun 30 2026.
gnina is based on smina and AutoDock Vina.
Please cite appropriately.

Commandline: gnina -r results/DOCKING/7AAA.mol2 -l results/DOCKING/ligands_sdf/ligando_067.sdf -o results/DOCKING/results_mol2/docked_ligando_067.mol2 --center_x 8.59 --center_y 39.35 --center_z 9.53 --size_x 22 --size_y 16 --size_z 24 --num_modes 10 --exhaustiveness 8 --seed 1
Using random seed: 1

0%   10   20   30   40   50   60   70   80   90   100%
|----|----|----|----|----|----|----|----|----|----|
***************************************************
MolPort-000-013-327 976380 CSSS03436552884 MCULE-2119931216 PubChem-1206670 ZINC000000976380 ZINC00976380 | pose 0 | ligand outside box
MolPort-000-013-327 976380 CSSS03436552884 MCULE-2119931216 PubChem-1206670 ZINC000000976380 ZINC00976380 | pose 0 | ligand outside box
MolPort-000-013-327 976380 CSSS03436552884 MCULE-2119931216 PubChem-1206670 ZINC000000976380 ZINC00976380 | pose 0 | ligand outside box
MolPort-000-013-327 976380 CSSS03436552884 MCULE-2119931216 PubChem-1206670 ZINC000000976380 ZINC00976380 | pose 0 | ligand outside box

mode |  affinity  |  intramol  |    CNN     |   CNN
     | (kcal/mol) | (kcal/mol) | pose score | affinity
-----+------------+------------+------------+----------
    1       -9.49        1.19       0.4443      6.978
    2       -8.75        1.70       0.3109      6.857
    3       -2.29       -0.21       0.2717      6.186
    4       13.87        2.23       0.2716      5.223
    5       92.62       -0.94       0.2539      5.663
    6       -7.74        0.32       0.1978      6.568
    7       20.77        0.17       0.1675      5.714
    8       -4.48        2.61       0.1617      5.842
    9       -1.37       -1.40       0.1590      5.991
   10       -9.08        0.77       0.1468      6.647
