              _             
             (_)            
   __ _ _ __  _ _ __   __ _ 
  / _` | '_ \| | '_ \ / _` |
 | (_| | | | | | | | | (_| |
  \__, |_| |_|_|_| |_|\__,_|
   __/ |                    
  |___/                     

gnina v1.3.3 master:6fe1ce2   Built Jun 30 2026.
gnina is based on smina and AutoDock Vina.
Please cite appropriately.

Commandline: gnina -r results/DOCKING/7AAA.mol2 -l results/DOCKING/ligands_sdf/ligando_475.sdf -o results/DOCKING/results_mol2/docked_ligando_475.mol2 --center_x 8.59 --center_y 39.35 --center_z 9.53 --size_x 22 --size_y 16 --size_z 24 --num_modes 10 --exhaustiveness 8 --seed 1
Using random seed: 1

0%   10   20   30   40   50   60   70   80   90   100%
|----|----|----|----|----|----|----|----|----|----|
***************************************************

mode |  affinity  |  intramol  |    CNN     |   CNN
     | (kcal/mol) | (kcal/mol) | pose score | affinity
-----+------------+------------+------------+----------
    1       -8.86       -0.43       0.6686      6.679
    2       -8.97       -0.33       0.5111      6.441
    3       -9.51       -0.07       0.4487      5.863
    4       -8.78       -0.47       0.3138      5.855
    5       -9.79       -0.52       0.3055      6.189
    6       -8.93       -0.52       0.2342      5.765
    7       -8.50       -0.17       0.1999      5.825
    8       -8.06       -0.03       0.1970      5.263
    9       -9.15       -0.40       0.1871      6.023
   10       -8.78       -0.59       0.1700      5.957
