              _             
             (_)            
   __ _ _ __  _ _ __   __ _ 
  / _` | '_ \| | '_ \ / _` |
 | (_| | | | | | | | | (_| |
  \__, |_| |_|_|_| |_|\__,_|
   __/ |                    
  |___/                     

gnina v1.3.3 master:6fe1ce2   Built Jun 30 2026.
gnina is based on smina and AutoDock Vina.
Please cite appropriately.

Commandline: gnina -r results/DOCKING/7AAA.mol2 -l results/DOCKING/ligands_sdf/ligando_341.sdf -o results/DOCKING/results_mol2/docked_ligando_341.mol2 --center_x 8.59 --center_y 39.35 --center_z 9.53 --size_x 22 --size_y 16 --size_z 24 --num_modes 10 --exhaustiveness 8 --seed 1
Using random seed: 1

0%   10   20   30   40   50   60   70   80   90   100%
|----|----|----|----|----|----|----|----|----|----|
***************************************************

mode |  affinity  |  intramol  |    CNN     |   CNN
     | (kcal/mol) | (kcal/mol) | pose score | affinity
-----+------------+------------+------------+----------
    1       -8.81       -0.23       0.4141      6.914
    2       -9.73       -0.27       0.2421      6.430
    3       -9.53        0.41       0.2072      6.384
    4       -9.90        0.07       0.1830      5.863
    5       -9.71       -0.83       0.1609      5.717
    6       -9.64       -0.43       0.1593      5.639
    7       -9.33       -0.26       0.1519      5.989
    8       -9.87        0.29       0.1424      5.468
    9       -9.63       -0.74       0.1382      5.570
   10       -9.09       -0.96       0.1287      5.971
