              _             
             (_)            
   __ _ _ __  _ _ __   __ _ 
  / _` | '_ \| | '_ \ / _` |
 | (_| | | | | | | | | (_| |
  \__, |_| |_|_|_| |_|\__,_|
   __/ |                    
  |___/                     

gnina v1.3.3 master:6fe1ce2   Built Jun 30 2026.
gnina is based on smina and AutoDock Vina.
Please cite appropriately.

Commandline: gnina -r results/DOCKING/7AAA.mol2 -l results/DOCKING/ligands_sdf/ligando_002.sdf -o results/DOCKING/results_mol2/docked_ligando_002.mol2 --center_x 8.59 --center_y 39.35 --center_z 9.53 --size_x 22 --size_y 16 --size_z 24 --num_modes 10 --exhaustiveness 8 --seed 1
Using random seed: 1

0%   10   20   30   40   50   60   70   80   90   100%
|----|----|----|----|----|----|----|----|----|----|
***************************************************

mode |  affinity  |  intramol  |    CNN     |   CNN
     | (kcal/mol) | (kcal/mol) | pose score | affinity
-----+------------+------------+------------+----------
    1       -8.34        0.10       0.4017      6.015
    2       -8.28       -0.67       0.3903      5.771
    3       -7.64       -0.16       0.3644      5.608
    4       -8.56       -0.83       0.3203      5.492
    5       -8.25       -0.71       0.2674      5.875
    6       -8.55       -0.04       0.1712      5.263
    7       -8.18       -0.32       0.1362      5.359
    8       -7.69       -0.85       0.0802      5.088
    9       -8.14       -0.74       0.0711      5.065
   10       -8.01       -0.86       0.0676      4.621
