              _             
             (_)            
   __ _ _ __  _ _ __   __ _ 
  / _` | '_ \| | '_ \ / _` |
 | (_| | | | | | | | | (_| |
  \__, |_| |_|_|_| |_|\__,_|
   __/ |                    
  |___/                     

gnina v1.3.3 master:6fe1ce2   Built Jun 30 2026.
gnina is based on smina and AutoDock Vina.
Please cite appropriately.

Commandline: gnina -r results/DOCKING/7AAA.mol2 -l results/DOCKING/ligands_sdf/ligando_527.sdf -o results/DOCKING/results_mol2/docked_ligando_527.mol2 --center_x 8.59 --center_y 39.35 --center_z 9.53 --size_x 22 --size_y 16 --size_z 24 --num_modes 10 --exhaustiveness 8 --seed 1
Using random seed: 1

0%   10   20   30   40   50   60   70   80   90   100%
|----|----|----|----|----|----|----|----|----|----|
***************************************************
MolPort-007-657-051 CSSS00025804467 ChemDiv-C685-0468 MCULE-4330609593 PubChem-20875034 | pose 0 | ligand outside box
MolPort-007-657-051 CSSS00025804467 ChemDiv-C685-0468 MCULE-4330609593 PubChem-20875034 | pose 0 | ligand outside box
MolPort-007-657-051 CSSS00025804467 ChemDiv-C685-0468 MCULE-4330609593 PubChem-20875034 | pose 0 | ligand outside box
MolPort-007-657-051 CSSS00025804467 ChemDiv-C685-0468 MCULE-4330609593 PubChem-20875034 | pose 0 | ligand outside box
MolPort-007-657-051 CSSS00025804467 ChemDiv-C685-0468 MCULE-4330609593 PubChem-20875034 | pose 0 | ligand outside box
MolPort-007-657-051 CSSS00025804467 ChemDiv-C685-0468 MCULE-4330609593 PubChem-20875034 | pose 0 | initial pose not within box

mode |  affinity  |  intramol  |    CNN     |   CNN
     | (kcal/mol) | (kcal/mol) | pose score | affinity
-----+------------+------------+------------+----------
    1       -7.36        1.27       0.1917      5.706
    2       -7.85       -0.50       0.1713      5.521
    3       -8.02       -0.80       0.1586      5.315
    4       -8.43        0.76       0.1385      5.920
    5       -7.68       -0.91       0.1291      5.576
    6       -8.45       -0.50       0.1264      5.643
    7       -7.98       -0.53       0.1201      5.347
    8       -8.48       -0.70       0.1193      5.773
    9       -7.27        0.44       0.1179      5.068
   10       -7.44       -0.41       0.1052      4.711
