              _             
             (_)            
   __ _ _ __  _ _ __   __ _ 
  / _` | '_ \| | '_ \ / _` |
 | (_| | | | | | | | | (_| |
  \__, |_| |_|_|_| |_|\__,_|
   __/ |                    
  |___/                     

gnina v1.3.3 master:6fe1ce2   Built Jun 30 2026.
gnina is based on smina and AutoDock Vina.
Please cite appropriately.

Commandline: gnina -r results/DOCKING/7AAA.mol2 -l results/DOCKING/ligands_sdf/ligando_790.sdf -o results/DOCKING/results_mol2/docked_ligando_790.mol2 --center_x 8.59 --center_y 39.35 --center_z 9.53 --size_x 22 --size_y 16 --size_z 24 --num_modes 10 --exhaustiveness 8 --seed 1
Using random seed: 1

0%   10   20   30   40   50   60   70   80   90   100%
|----|----|----|----|----|----|----|----|----|----|
***************************************************

mode |  affinity  |  intramol  |    CNN     |   CNN
     | (kcal/mol) | (kcal/mol) | pose score | affinity
-----+------------+------------+------------+----------
    1       -7.95       -0.38       0.7460      4.888
    2       -6.87       -0.38       0.5322      4.759
    3       -7.06       -0.39       0.4856      4.741
    4       -6.50        0.45       0.4088      4.612
    5       -6.62       -0.34       0.3397      4.417
    6       -6.20       -0.35       0.2874      4.188
    7       -7.63       -0.37       0.2638      4.401
    8       -6.75        0.08       0.2533      4.114
    9       -6.18        0.17       0.2449      4.832
   10       -6.43       -0.38       0.2150      4.081
