              _             
             (_)            
   __ _ _ __  _ _ __   __ _ 
  / _` | '_ \| | '_ \ / _` |
 | (_| | | | | | | | | (_| |
  \__, |_| |_|_|_| |_|\__,_|
   __/ |                    
  |___/                     

gnina v1.3.3 master:6fe1ce2   Built Jun 30 2026.
gnina is based on smina and AutoDock Vina.
Please cite appropriately.

Commandline: gnina -r results/DOCKING/7AAA.mol2 -l results/DOCKING/ligands_sdf/ligando_374.sdf -o results/DOCKING/results_mol2/docked_ligando_374.mol2 --center_x 8.59 --center_y 39.35 --center_z 9.53 --size_x 22 --size_y 16 --size_z 24 --num_modes 10 --exhaustiveness 8 --seed 1
Using random seed: 1

0%   10   20   30   40   50   60   70   80   90   100%
|----|----|----|----|----|----|----|----|----|----|
***************************************************

mode |  affinity  |  intramol  |    CNN     |   CNN
     | (kcal/mol) | (kcal/mol) | pose score | affinity
-----+------------+------------+------------+----------
    1       -8.37       -0.27       0.5261      6.445
    2       -8.30       -0.56       0.2221      6.290
    3       -9.03       -0.27       0.2221      6.172
    4       -8.35        0.20       0.1962      6.173
    5       -9.36       -0.41       0.1420      5.953
    6       -8.30       -0.38       0.1414      6.181
    7       -8.67       -0.44       0.1358      5.958
    8       -8.22       -0.54       0.1350      5.910
    9       -8.52       -0.51       0.1226      5.520
   10       -8.44       -0.38       0.1157      6.128
