              _             
             (_)            
   __ _ _ __  _ _ __   __ _ 
  / _` | '_ \| | '_ \ / _` |
 | (_| | | | | | | | | (_| |
  \__, |_| |_|_|_| |_|\__,_|
   __/ |                    
  |___/                     

gnina v1.3.3 master:6fe1ce2   Built Jun 30 2026.
gnina is based on smina and AutoDock Vina.
Please cite appropriately.

Commandline: gnina -r results/DOCKING/7AAA.mol2 -l results/DOCKING/ligands_sdf/ligando_461.sdf -o results/DOCKING/results_mol2/docked_ligando_461.mol2 --center_x 8.59 --center_y 39.35 --center_z 9.53 --size_x 22 --size_y 16 --size_z 24 --num_modes 10 --exhaustiveness 8 --seed 1
Using random seed: 1

0%   10   20   30   40   50   60   70   80   90   100%
|----|----|----|----|----|----|----|----|----|----|
***************************************************
MolPort-002-902-369 CHEMBL1337741 CSSS01394277748 MCULE-6597916471 PubChem-2814932 | pose 0 | ligand outside box
MolPort-002-902-369 CHEMBL1337741 CSSS01394277748 MCULE-6597916471 PubChem-2814932 | pose 0 | ligand outside box
MolPort-002-902-369 CHEMBL1337741 CSSS01394277748 MCULE-6597916471 PubChem-2814932 | pose 0 | ligand outside box
MolPort-002-902-369 CHEMBL1337741 CSSS01394277748 MCULE-6597916471 PubChem-2814932 | pose 0 | ligand outside box
MolPort-002-902-369 CHEMBL1337741 CSSS01394277748 MCULE-6597916471 PubChem-2814932 | pose 0 | ligand outside box
MolPort-002-902-369 CHEMBL1337741 CSSS01394277748 MCULE-6597916471 PubChem-2814932 | pose 0 | ligand outside box
MolPort-002-902-369 CHEMBL1337741 CSSS01394277748 MCULE-6597916471 PubChem-2814932 | pose 0 | ligand outside box
MolPort-002-902-369 CHEMBL1337741 CSSS01394277748 MCULE-6597916471 PubChem-2814932 | pose 0 | ligand outside box
MolPort-002-902-369 CHEMBL1337741 CSSS01394277748 MCULE-6597916471 PubChem-2814932 | pose 0 | ligand outside box
MolPort-002-902-369 CHEMBL1337741 CSSS01394277748 MCULE-6597916471 PubChem-2814932 | pose 0 | initial pose not within box
MolPort-002-902-369 CHEMBL1337741 CSSS01394277748 MCULE-6597916471 PubChem-2814932 | pose 0 | ligand outside box

mode |  affinity  |  intramol  |    CNN     |   CNN
     | (kcal/mol) | (kcal/mol) | pose score | affinity
-----+------------+------------+------------+----------
    1       13.22        0.81       0.2245      5.442
    2       -7.47        0.50       0.1747      5.890
    3      -10.85        0.84       0.1625      5.873
    4      -10.43        1.35       0.1571      6.095
    5      -10.64        1.39       0.1324      5.807
    6       -7.75        0.30       0.0931      5.425
    7       -8.83        0.33       0.0891      5.440
    8       -6.36        0.51       0.0890      5.568
    9       -9.82        0.02       0.0828      5.413
   10      -10.41        0.20       0.0795      5.711
