              _             
             (_)            
   __ _ _ __  _ _ __   __ _ 
  / _` | '_ \| | '_ \ / _` |
 | (_| | | | | | | | | (_| |
  \__, |_| |_|_|_| |_|\__,_|
   __/ |                    
  |___/                     

gnina v1.3.3 master:6fe1ce2   Built Jun 30 2026.
gnina is based on smina and AutoDock Vina.
Please cite appropriately.

Commandline: gnina -r results/DOCKING/7AAA.mol2 -l results/DOCKING/ligands_sdf/ligando_446.sdf -o results/DOCKING/results_mol2/docked_ligando_446.mol2 --center_x 8.59 --center_y 39.35 --center_z 9.53 --size_x 22 --size_y 16 --size_z 24 --num_modes 10 --exhaustiveness 8 --seed 1
Using random seed: 1

0%   10   20   30   40   50   60   70   80   90   100%
|----|----|----|----|----|----|----|----|----|----|
***************************************************

mode |  affinity  |  intramol  |    CNN     |   CNN
     | (kcal/mol) | (kcal/mol) | pose score | affinity
-----+------------+------------+------------+----------
    1       -8.34        0.69       0.4357      5.384
    2       -8.41        0.49       0.3304      5.953
    3       -7.54        5.56       0.2742      6.059
    4       -8.83       -0.60       0.1788      4.351
    5       -6.93        2.19       0.1184      5.427
    6       -8.25        3.52       0.1178      5.371
    7       -9.15        1.24       0.1075      4.956
    8       -8.63        2.73       0.1060      4.843
    9       -7.46        2.84       0.0991      5.088
   10       -8.72        0.90       0.0867      5.088
