              _             
             (_)            
   __ _ _ __  _ _ __   __ _ 
  / _` | '_ \| | '_ \ / _` |
 | (_| | | | | | | | | (_| |
  \__, |_| |_|_|_| |_|\__,_|
   __/ |                    
  |___/                     

gnina v1.3.3 master:6fe1ce2   Built Jun 30 2026.
gnina is based on smina and AutoDock Vina.
Please cite appropriately.

Commandline: gnina -r results/DOCKING/7AAA.mol2 -l results/DOCKING/ligands_sdf/ligando_331.sdf -o results/DOCKING/results_mol2/docked_ligando_331.mol2 --center_x 8.59 --center_y 39.35 --center_z 9.53 --size_x 22 --size_y 16 --size_z 24 --num_modes 10 --exhaustiveness 8 --seed 1
Using random seed: 1

0%   10   20   30   40   50   60   70   80   90   100%
|----|----|----|----|----|----|----|----|----|----|
***************************************************
Molport-053-239-364 | pose 0 | initial pose not within box

mode |  affinity  |  intramol  |    CNN     |   CNN
     | (kcal/mol) | (kcal/mol) | pose score | affinity
-----+------------+------------+------------+----------
    1       11.53       -0.44       0.3733      6.017
    2       -9.64       -0.03       0.2637      6.726
    3       -9.06        1.33       0.2586      6.564
    4       -8.32        0.37       0.2375      6.790
    5       -5.62       -0.22       0.1576      6.483
    6       -7.84       -0.25       0.1083      6.241
    7       -6.02        0.28       0.0854      6.206
    8       -8.76       -0.88       0.0850      6.205
    9       -7.56       -0.41       0.0841      6.232
   10       -6.64        0.63       0.0834      6.150
