              _             
             (_)            
   __ _ _ __  _ _ __   __ _ 
  / _` | '_ \| | '_ \ / _` |
 | (_| | | | | | | | | (_| |
  \__, |_| |_|_|_| |_|\__,_|
   __/ |                    
  |___/                     

gnina v1.3.3 master:6fe1ce2   Built Jun 30 2026.
gnina is based on smina and AutoDock Vina.
Please cite appropriately.

Commandline: gnina -r results/DOCKING/7AAA.mol2 -l results/DOCKING/ligands_sdf/ligando_073.sdf -o results/DOCKING/results_mol2/docked_ligando_073.mol2 --center_x 8.59 --center_y 39.35 --center_z 9.53 --size_x 22 --size_y 16 --size_z 24 --num_modes 10 --exhaustiveness 8 --seed 1
Using random seed: 1

0%   10   20   30   40   50   60   70   80   90   100%
|----|----|----|----|----|----|----|----|----|----|
***************************************************
MolPort-035-706-961 CSSS03437789215 MCULE-9876989215 PubChem-91938286 | pose 0 | initial pose not within box

mode |  affinity  |  intramol  |    CNN     |   CNN
     | (kcal/mol) | (kcal/mol) | pose score | affinity
-----+------------+------------+------------+----------
    1       -9.43        0.30       0.1904      5.904
    2       -8.92        0.19       0.1606      5.676
    3      -10.01        1.79       0.1503      5.395
    4       -8.20       -0.24       0.1270      4.481
    5      -10.07        0.82       0.1194      5.284
    6       -9.53       -0.65       0.0939      4.113
    7       -8.59       -0.84       0.0867      5.139
    8       -8.96        0.04       0.0825      4.272
    9       -8.90        0.50       0.0795      5.226
   10       -8.12       -0.60       0.0789      4.183
