              _             
             (_)            
   __ _ _ __  _ _ __   __ _ 
  / _` | '_ \| | '_ \ / _` |
 | (_| | | | | | | | | (_| |
  \__, |_| |_|_|_| |_|\__,_|
   __/ |                    
  |___/                     

gnina v1.3.3 master:6fe1ce2   Built Jun 30 2026.
gnina is based on smina and AutoDock Vina.
Please cite appropriately.

Commandline: gnina -r results/DOCKING/7AAA.mol2 -l results/DOCKING/ligands_sdf/ligando_397.sdf -o results/DOCKING/results_mol2/docked_ligando_397.mol2 --center_x 8.59 --center_y 39.35 --center_z 9.53 --size_x 22 --size_y 16 --size_z 24 --num_modes 10 --exhaustiveness 8 --seed 1
Using random seed: 1

0%   10   20   30   40   50   60   70   80   90   100%
|----|----|----|----|----|----|----|----|----|----|
***************************************************

mode |  affinity  |  intramol  |    CNN     |   CNN
     | (kcal/mol) | (kcal/mol) | pose score | affinity
-----+------------+------------+------------+----------
    1       -3.11        1.01       0.3913      6.258
    2       -8.18       -0.29       0.2011      6.513
    3       -3.15       -0.14       0.1260      5.450
    4       -3.34       -0.11       0.1119      5.214
    5       -6.47        0.28       0.1082      5.143
    6       -6.26       -0.42       0.1061      5.549
    7       -8.23       -0.56       0.1040      5.105
    8       -8.15       -0.59       0.1020      5.080
    9       -5.34       -0.72       0.0846      4.924
   10       -5.99       -0.89       0.0832      5.925
