              _             
             (_)            
   __ _ _ __  _ _ __   __ _ 
  / _` | '_ \| | '_ \ / _` |
 | (_| | | | | | | | | (_| |
  \__, |_| |_|_|_| |_|\__,_|
   __/ |                    
  |___/                     

gnina v1.3.3 master:6fe1ce2   Built Jun 30 2026.
gnina is based on smina and AutoDock Vina.
Please cite appropriately.

Commandline: gnina -r results/DOCKING/7AAA.mol2 -l results/DOCKING/ligands_sdf/ligando_655.sdf -o results/DOCKING/results_mol2/docked_ligando_655.mol2 --center_x 8.59 --center_y 39.35 --center_z 9.53 --size_x 22 --size_y 16 --size_z 24 --num_modes 10 --exhaustiveness 8 --seed 1
Using random seed: 1

0%   10   20   30   40   50   60   70   80   90   100%
|----|----|----|----|----|----|----|----|----|----|
***************************************************
Molport-051-982-927 MCULE-8994215766 | pose 0 | initial pose not within box

mode |  affinity  |  intramol  |    CNN     |   CNN
     | (kcal/mol) | (kcal/mol) | pose score | affinity
-----+------------+------------+------------+----------
    1       -7.55        0.24       0.5744      6.344
    2       -7.32        0.19       0.3999      6.376
    3       -7.26       -0.39       0.2188      5.750
    4       -7.34       -0.34       0.1453      5.582
    5       -7.64       -0.48       0.1130      5.701
    6       -7.95       -0.14       0.1048      4.877
    7       -7.75       -0.71       0.1015      4.647
    8       -8.04       -0.41       0.0964      5.223
    9       -6.88       -0.21       0.0961      5.933
   10       -8.42       -0.59       0.0934      4.732
