              _             
             (_)            
   __ _ _ __  _ _ __   __ _ 
  / _` | '_ \| | '_ \ / _` |
 | (_| | | | | | | | | (_| |
  \__, |_| |_|_|_| |_|\__,_|
   __/ |                    
  |___/                     

gnina v1.3.3 master:6fe1ce2   Built Jun 30 2026.
gnina is based on smina and AutoDock Vina.
Please cite appropriately.

Commandline: gnina -r results/DOCKING/7AAA.mol2 -l results/DOCKING/ligands_sdf/ligando_214.sdf -o results/DOCKING/results_mol2/docked_ligando_214.mol2 --center_x 8.59 --center_y 39.35 --center_z 9.53 --size_x 22 --size_y 16 --size_z 24 --num_modes 10 --exhaustiveness 8 --seed 1
Using random seed: 1

0%   10   20   30   40   50   60   70   80   90   100%
|----|----|----|----|----|----|----|----|----|----|
***************************************************
MolPort-051-443-739 2356137063 CSSS09880969218 MCULE-4277650856 PubChem-162637231 QEFWAKVEWCZNOH-UHFFFAOYSA-N | pose 0 | initial pose not within box

mode |  affinity  |  intramol  |    CNN     |   CNN
     | (kcal/mol) | (kcal/mol) | pose score | affinity
-----+------------+------------+------------+----------
    1       -9.88        0.15       0.5013      6.678
    2       -8.91       -0.17       0.4308      6.748
    3       -9.19        0.59       0.3627      6.509
    4       -9.96        0.22       0.2888      6.433
    5       -9.48       -0.20       0.2616      6.324
    6       -9.94        0.26       0.1985      6.334
    7      -10.11        0.40       0.1209      5.834
    8       -9.46       -0.83       0.0997      5.862
    9      -10.09       -0.30       0.0972      5.880
   10       -8.40       -0.90       0.0966      5.559
