              _             
             (_)            
   __ _ _ __  _ _ __   __ _ 
  / _` | '_ \| | '_ \ / _` |
 | (_| | | | | | | | | (_| |
  \__, |_| |_|_|_| |_|\__,_|
   __/ |                    
  |___/                     

gnina v1.3.3 master:6fe1ce2   Built Jun 30 2026.
gnina is based on smina and AutoDock Vina.
Please cite appropriately.

Commandline: gnina -r results/DOCKING/7AAA.mol2 -l results/DOCKING/ligands_sdf/ligando_283.sdf -o results/DOCKING/results_mol2/docked_ligando_283.mol2 --center_x 8.59 --center_y 39.35 --center_z 9.53 --size_x 22 --size_y 16 --size_z 24 --num_modes 10 --exhaustiveness 8 --seed 1
Using random seed: 1

0%   10   20   30   40   50   60   70   80   90   100%
|----|----|----|----|----|----|----|----|----|----|
***************************************************
MolPort-039-222-430 299785593 CSSS00160175489 MCULE-2234487371 PubChem-118781283 ZINC000299785593 | pose 0 | initial pose not within box
MolPort-039-222-430 299785593 CSSS00160175489 MCULE-2234487371 PubChem-118781283 ZINC000299785593 | pose 0 | ligand outside box

mode |  affinity  |  intramol  |    CNN     |   CNN
     | (kcal/mol) | (kcal/mol) | pose score | affinity
-----+------------+------------+------------+----------
    1       -7.89        2.43       0.2481      6.183
    2       -8.74       -0.02       0.1692      5.647
    3       -7.10        0.90       0.1476      6.178
    4       -7.48       -0.50       0.1447      5.606
    5       -9.14        1.16       0.1426      5.110
    6       -7.07        1.80       0.1402      6.117
    7       -7.80       -0.50       0.1256      5.469
    8       -9.14       -0.29       0.0964      5.149
    9       -9.27        0.47       0.0864      5.430
   10       -9.06        0.98       0.0807      5.246
