              _             
             (_)            
   __ _ _ __  _ _ __   __ _ 
  / _` | '_ \| | '_ \ / _` |
 | (_| | | | | | | | | (_| |
  \__, |_| |_|_|_| |_|\__,_|
   __/ |                    
  |___/                     

gnina v1.3.3 master:6fe1ce2   Built Jun 30 2026.
gnina is based on smina and AutoDock Vina.
Please cite appropriately.

Commandline: gnina -r results/DOCKING/7AAA.mol2 -l results/DOCKING/ligands_sdf/ligando_798.sdf -o results/DOCKING/results_mol2/docked_ligando_798.mol2 --center_x 8.59 --center_y 39.35 --center_z 9.53 --size_x 22 --size_y 16 --size_z 24 --num_modes 10 --exhaustiveness 8 --seed 1
Using random seed: 1

0%   10   20   30   40   50   60   70   80   90   100%
|----|----|----|----|----|----|----|----|----|----|
***************************************************

mode |  affinity  |  intramol  |    CNN     |   CNN
     | (kcal/mol) | (kcal/mol) | pose score | affinity
-----+------------+------------+------------+----------
    1       -7.83       -0.46       0.5212      5.863
    2       -6.63        0.00       0.4386      5.514
    3       -6.88        0.92       0.3625      5.179
    4       -6.32       -0.43       0.2744      5.148
    5       -7.20       -0.14       0.2700      4.690
    6       -7.69       -0.07       0.2669      4.904
    7       -6.70       -0.13       0.2638      5.177
    8       -6.56        0.27       0.2518      4.801
    9       -6.40       -0.17       0.2294      4.997
   10       -7.64        0.03       0.1999      4.425
