              _             
             (_)            
   __ _ _ __  _ _ __   __ _ 
  / _` | '_ \| | '_ \ / _` |
 | (_| | | | | | | | | (_| |
  \__, |_| |_|_|_| |_|\__,_|
   __/ |                    
  |___/                     

gnina v1.3.3 master:6fe1ce2   Built Jun 30 2026.
gnina is based on smina and AutoDock Vina.
Please cite appropriately.

Commandline: gnina -r results/DOCKING/7AAA.mol2 -l results/DOCKING/ligands_sdf/ligando_212.sdf -o results/DOCKING/results_mol2/docked_ligando_212.mol2 --center_x 8.59 --center_y 39.35 --center_z 9.53 --size_x 22 --size_y 16 --size_z 24 --num_modes 10 --exhaustiveness 8 --seed 1
Using random seed: 1

0%   10   20   30   40   50   60   70   80   90   100%
|----|----|----|----|----|----|----|----|----|----|
***************************************************

mode |  affinity  |  intramol  |    CNN     |   CNN
     | (kcal/mol) | (kcal/mol) | pose score | affinity
-----+------------+------------+------------+----------
    1       -8.74       -0.58       0.1528      5.869
    2       -8.74       -0.58       0.1454      5.861
    3       -8.59       -0.79       0.1024      5.203
    4       -9.22       -0.72       0.0922      5.514
    5       -8.30       -0.57       0.0667      5.414
    6       -7.76       -0.37       0.0591      5.009
    7       -8.76       -0.62       0.0575      4.684
    8       -9.04        1.02       0.0531      5.134
    9       -8.78       -0.02       0.0527      5.380
   10       -9.32       -0.36       0.0513      5.270
