              _             
             (_)            
   __ _ _ __  _ _ __   __ _ 
  / _` | '_ \| | '_ \ / _` |
 | (_| | | | | | | | | (_| |
  \__, |_| |_|_|_| |_|\__,_|
   __/ |                    
  |___/                     

gnina v1.3.3 master:6fe1ce2   Built Jun 30 2026.
gnina is based on smina and AutoDock Vina.
Please cite appropriately.

Commandline: gnina -r results/DOCKING/7AAA.mol2 -l results/DOCKING/ligands_sdf/ligando_260.sdf -o results/DOCKING/results_mol2/docked_ligando_260.mol2 --center_x 8.59 --center_y 39.35 --center_z 9.53 --size_x 22 --size_y 16 --size_z 24 --num_modes 10 --exhaustiveness 8 --seed 1
Using random seed: 1

0%   10   20   30   40   50   60   70   80   90   100%
|----|----|----|----|----|----|----|----|----|----|
***************************************************

mode |  affinity  |  intramol  |    CNN     |   CNN
     | (kcal/mol) | (kcal/mol) | pose score | affinity
-----+------------+------------+------------+----------
    1       -7.49       -0.31       0.2821      6.288
    2       -9.40       -0.52       0.1315      5.696
    3       -9.87        0.01       0.1312      5.803
    4       -8.07       -0.55       0.1216      5.392
    5       -8.70       -0.73       0.1189      5.900
    6       -8.72       -0.45       0.1188      5.622
    7       -9.93        0.92       0.0995      4.958
    8       -9.17       -0.08       0.0936      5.560
    9       -9.36       -0.67       0.0903      5.757
   10       -8.23        0.75       0.0838      4.885
