              _             
             (_)            
   __ _ _ __  _ _ __   __ _ 
  / _` | '_ \| | '_ \ / _` |
 | (_| | | | | | | | | (_| |
  \__, |_| |_|_|_| |_|\__,_|
   __/ |                    
  |___/                     

gnina v1.3.3 master:6fe1ce2   Built Jun 30 2026.
gnina is based on smina and AutoDock Vina.
Please cite appropriately.

Commandline: gnina -r results/DOCKING/7AAA.mol2 -l results/DOCKING/ligands_sdf/ligando_534.sdf -o results/DOCKING/results_mol2/docked_ligando_534.mol2 --center_x 8.59 --center_y 39.35 --center_z 9.53 --size_x 22 --size_y 16 --size_z 24 --num_modes 10 --exhaustiveness 8 --seed 1
Using random seed: 1

0%   10   20   30   40   50   60   70   80   90   100%
|----|----|----|----|----|----|----|----|----|----|
***************************************************

mode |  affinity  |  intramol  |    CNN     |   CNN
     | (kcal/mol) | (kcal/mol) | pose score | affinity
-----+------------+------------+------------+----------
    1       -8.02       -0.18       0.1873      5.385
    2       -8.43       -0.04       0.1852      5.282
    3       -9.66        0.22       0.1852      4.973
    4       -8.44        0.22       0.1825      5.289
    5       -9.16        0.02       0.1289      5.224
    6       -7.78       -0.34       0.1098      4.526
    7       -8.52       -0.62       0.1018      4.907
    8       -9.33       -0.55       0.0879      4.245
    9       -9.64        0.07       0.0874      4.402
   10       -9.45       -0.03       0.0730      4.505
