              _             
             (_)            
   __ _ _ __  _ _ __   __ _ 
  / _` | '_ \| | '_ \ / _` |
 | (_| | | | | | | | | (_| |
  \__, |_| |_|_|_| |_|\__,_|
   __/ |                    
  |___/                     

gnina v1.3.3 master:6fe1ce2   Built Jun 30 2026.
gnina is based on smina and AutoDock Vina.
Please cite appropriately.

Commandline: gnina -r results/DOCKING/7AAA.mol2 -l results/DOCKING/ligands_sdf/ligando_118.sdf -o results/DOCKING/results_mol2/docked_ligando_118.mol2 --center_x 8.59 --center_y 39.35 --center_z 9.53 --size_x 22 --size_y 16 --size_z 24 --num_modes 10 --exhaustiveness 8 --seed 1
Using random seed: 1

0%   10   20   30   40   50   60   70   80   90   100%
|----|----|----|----|----|----|----|----|----|----|
***************************************************
MolPort-020-293-082 MCULE-3613256932 PubChem-110265549 | pose 0 | initial pose not within box
MolPort-020-293-082 MCULE-3613256932 PubChem-110265549 | pose 0 | ligand outside box
MolPort-020-293-082 MCULE-3613256932 PubChem-110265549 | pose 0 | ligand outside box
MolPort-020-293-082 MCULE-3613256932 PubChem-110265549 | pose 0 | ligand outside box
MolPort-020-293-082 MCULE-3613256932 PubChem-110265549 | pose 0 | ligand outside box

mode |  affinity  |  intramol  |    CNN     |   CNN
     | (kcal/mol) | (kcal/mol) | pose score | affinity
-----+------------+------------+------------+----------
    1      -10.77        0.47       0.2139      6.602
    2      -11.19        0.52       0.1776      5.819
    3      -10.40        0.55       0.1718      6.584
    4      -10.38       -0.23       0.1651      6.805
    5      -10.25        0.28       0.1420      6.030
    6      -10.70       -0.38       0.1290      6.437
    7      -10.42       -0.40       0.1116      6.173
    8      -10.44       -0.46       0.1069      6.227
    9       -8.54       -0.02       0.0939      6.409
   10       -9.87        2.28       0.0579      5.926
