              _             
             (_)            
   __ _ _ __  _ _ __   __ _ 
  / _` | '_ \| | '_ \ / _` |
 | (_| | | | | | | | | (_| |
  \__, |_| |_|_|_| |_|\__,_|
   __/ |                    
  |___/                     

gnina v1.3.3 master:6fe1ce2   Built Jun 30 2026.
gnina is based on smina and AutoDock Vina.
Please cite appropriately.

Commandline: gnina -r results/DOCKING/7AAA.mol2 -l results/DOCKING/ligands_sdf/ligando_752.sdf -o results/DOCKING/results_mol2/docked_ligando_752.mol2 --center_x 8.59 --center_y 39.35 --center_z 9.53 --size_x 22 --size_y 16 --size_z 24 --num_modes 10 --exhaustiveness 8 --seed 1
Using random seed: 1

0%   10   20   30   40   50   60   70   80   90   100%
|----|----|----|----|----|----|----|----|----|----|
***************************************************
MolPort-005-112-484 CSSS00159534780 MCULE-5873997542 | pose 0 | ligand outside box
MolPort-005-112-484 CSSS00159534780 MCULE-5873997542 | pose 0 | ligand outside box
MolPort-005-112-484 CSSS00159534780 MCULE-5873997542 | pose 0 | ligand outside box
MolPort-005-112-484 CSSS00159534780 MCULE-5873997542 | pose 0 | ligand outside box
MolPort-005-112-484 CSSS00159534780 MCULE-5873997542 | pose 0 | ligand outside box
MolPort-005-112-484 CSSS00159534780 MCULE-5873997542 | pose 0 | initial pose not within box
MolPort-005-112-484 CSSS00159534780 MCULE-5873997542 | pose 0 | ligand outside box
MolPort-005-112-484 CSSS00159534780 MCULE-5873997542 | pose 0 | ligand outside box

mode |  affinity  |  intramol  |    CNN     |   CNN
     | (kcal/mol) | (kcal/mol) | pose score | affinity
-----+------------+------------+------------+----------
    1        0.93        0.70       0.3161      6.188
    2       -2.16       -1.40       0.2296      6.259
    3       -4.17       -1.00       0.2120      6.398
    4       -8.56       -1.03       0.1981      6.517
    5       -3.95       -0.21       0.1851      6.272
    6       -8.25       -0.88       0.1850      6.454
    7      -10.33        1.06       0.1565      6.816
    8       -9.97        0.10       0.1123      6.328
    9       -8.22       -0.41       0.0970      6.379
   10       -7.77        1.17       0.0959      5.756
