              _             
             (_)            
   __ _ _ __  _ _ __   __ _ 
  / _` | '_ \| | '_ \ / _` |
 | (_| | | | | | | | | (_| |
  \__, |_| |_|_|_| |_|\__,_|
   __/ |                    
  |___/                     

gnina v1.3.3 master:6fe1ce2   Built Jun 30 2026.
gnina is based on smina and AutoDock Vina.
Please cite appropriately.

Commandline: gnina -r results/DOCKING/7AAA.mol2 -l results/DOCKING/ligands_sdf/ligando_514.sdf -o results/DOCKING/results_mol2/docked_ligando_514.mol2 --center_x 8.59 --center_y 39.35 --center_z 9.53 --size_x 22 --size_y 16 --size_z 24 --num_modes 10 --exhaustiveness 8 --seed 1
Using random seed: 1

0%   10   20   30   40   50   60   70   80   90   100%
|----|----|----|----|----|----|----|----|----|----|
***************************************************

mode |  affinity  |  intramol  |    CNN     |   CNN
     | (kcal/mol) | (kcal/mol) | pose score | affinity
-----+------------+------------+------------+----------
    1       -7.54        0.06       0.3423      5.502
    2       -9.41       -0.11       0.2757      5.530
    3       -9.75        0.04       0.2709      6.046
    4        6.35        0.30       0.2092      5.410
    5      -10.30       -0.00       0.1985      5.090
    6       -8.74       -0.04       0.1872      5.811
    7      -10.02        0.15       0.1738      4.985
    8       -9.42        0.24       0.1492      5.588
    9       -3.40        0.19       0.1344      4.880
   10       -8.10       -0.25       0.1135      4.979
