              _             
             (_)            
   __ _ _ __  _ _ __   __ _ 
  / _` | '_ \| | '_ \ / _` |
 | (_| | | | | | | | | (_| |
  \__, |_| |_|_|_| |_|\__,_|
   __/ |                    
  |___/                     

gnina v1.3.3 master:6fe1ce2   Built Jun 30 2026.
gnina is based on smina and AutoDock Vina.
Please cite appropriately.

Commandline: gnina -r results/DOCKING/7AAA.mol2 -l results/DOCKING/ligands_sdf/ligando_302.sdf -o results/DOCKING/results_mol2/docked_ligando_302.mol2 --center_x 8.59 --center_y 39.35 --center_z 9.53 --size_x 22 --size_y 16 --size_z 24 --num_modes 10 --exhaustiveness 8 --seed 1
Using random seed: 1

0%   10   20   30   40   50   60   70   80   90   100%
|----|----|----|----|----|----|----|----|----|----|
***************************************************
MolPort-039-123-951 MolPort-047-505-371 CSSS00160134884 MCULE-3548329714 MCULE-5752747003 PubChem-118794773 PubChem-154903008 | pose 0 | initial pose not within box
MolPort-039-123-951 MolPort-047-505-371 CSSS00160134884 MCULE-3548329714 MCULE-5752747003 PubChem-118794773 PubChem-154903008 | pose 0 | ligand outside box
MolPort-039-123-951 MolPort-047-505-371 CSSS00160134884 MCULE-3548329714 MCULE-5752747003 PubChem-118794773 PubChem-154903008 | pose 0 | ligand outside box
MolPort-039-123-951 MolPort-047-505-371 CSSS00160134884 MCULE-3548329714 MCULE-5752747003 PubChem-118794773 PubChem-154903008 | pose 0 | ligand outside box

mode |  affinity  |  intramol  |    CNN     |   CNN
     | (kcal/mol) | (kcal/mol) | pose score | affinity
-----+------------+------------+------------+----------
    1       -1.10       -0.25       0.2365      5.447
    2       -8.43       -0.60       0.1737      5.320
    3       -9.65       -0.04       0.1405      4.964
    4       -8.51        0.60       0.1231      5.958
    5       -1.51        1.78       0.1223      5.165
    6       -7.99        0.05       0.1164      5.408
    7       -7.23       -0.11       0.1078      5.296
    8      -11.05        2.84       0.1071      5.438
    9       -4.20       -0.63       0.1036      5.254
   10       -7.18       -1.26       0.1025      5.230
