              _             
             (_)            
   __ _ _ __  _ _ __   __ _ 
  / _` | '_ \| | '_ \ / _` |
 | (_| | | | | | | | | (_| |
  \__, |_| |_|_|_| |_|\__,_|
   __/ |                    
  |___/                     

gnina v1.3.3 master:6fe1ce2   Built Jun 30 2026.
gnina is based on smina and AutoDock Vina.
Please cite appropriately.

Commandline: gnina -r results/DOCKING/7AAA.mol2 -l results/DOCKING/ligands_sdf/ligando_415.sdf -o results/DOCKING/results_mol2/docked_ligando_415.mol2 --center_x 8.59 --center_y 39.35 --center_z 9.53 --size_x 22 --size_y 16 --size_z 24 --num_modes 10 --exhaustiveness 8 --seed 1
Using random seed: 1

0%   10   20   30   40   50   60   70   80   90   100%
|----|----|----|----|----|----|----|----|----|----|
***************************************************

mode |  affinity  |  intramol  |    CNN     |   CNN
     | (kcal/mol) | (kcal/mol) | pose score | affinity
-----+------------+------------+------------+----------
    1      -11.06       -0.58       0.4472      7.280
    2      -11.18       -0.39       0.3120      7.074
    3      -10.71       -0.27       0.1924      6.981
    4       -5.88       -0.44       0.1557      6.549
    5       -7.64       -0.95       0.0894      4.935
    6      -10.72       -0.46       0.0657      6.296
    7       -9.13       -0.77       0.0650      6.463
    8       -8.32       -0.52       0.0595      6.083
    9       -8.91       -1.08       0.0465      5.568
   10      -10.40       -0.29       0.0464      5.722
