              _             
             (_)            
   __ _ _ __  _ _ __   __ _ 
  / _` | '_ \| | '_ \ / _` |
 | (_| | | | | | | | | (_| |
  \__, |_| |_|_|_| |_|\__,_|
   __/ |                    
  |___/                     

gnina v1.3.3 master:6fe1ce2   Built Jun 30 2026.
gnina is based on smina and AutoDock Vina.
Please cite appropriately.

Commandline: gnina -r results/DOCKING/7AAA.mol2 -l results/DOCKING/ligands_sdf/ligando_237.sdf -o results/DOCKING/results_mol2/docked_ligando_237.mol2 --center_x 8.59 --center_y 39.35 --center_z 9.53 --size_x 22 --size_y 16 --size_z 24 --num_modes 10 --exhaustiveness 8 --seed 1
Using random seed: 1

0%   10   20   30   40   50   60   70   80   90   100%
|----|----|----|----|----|----|----|----|----|----|
***************************************************

mode |  affinity  |  intramol  |    CNN     |   CNN
     | (kcal/mol) | (kcal/mol) | pose score | affinity
-----+------------+------------+------------+----------
    1        0.78        0.82       0.1548      4.563
    2       -9.08       -0.47       0.1298      5.233
    3       -9.68        1.71       0.1077      5.168
    4       -6.61        0.14       0.0987      4.690
    5       -9.31       -0.23       0.0915      4.868
    6       -7.18        0.05       0.0846      4.663
    7       -8.09       -0.28       0.0745      4.785
    8       -7.72        0.02       0.0741      5.025
    9       -7.52        0.52       0.0681      5.036
   10       -7.37        0.14       0.0681      4.618
