              _             
             (_)            
   __ _ _ __  _ _ __   __ _ 
  / _` | '_ \| | '_ \ / _` |
 | (_| | | | | | | | | (_| |
  \__, |_| |_|_|_| |_|\__,_|
   __/ |                    
  |___/                     

gnina v1.3.3 master:6fe1ce2   Built Jun 30 2026.
gnina is based on smina and AutoDock Vina.
Please cite appropriately.

Commandline: gnina -r results/DOCKING/7AAA.mol2 -l results/DOCKING/ligands_sdf/ligando_767.sdf -o results/DOCKING/results_mol2/docked_ligando_767.mol2 --center_x 8.59 --center_y 39.35 --center_z 9.53 --size_x 22 --size_y 16 --size_z 24 --num_modes 10 --exhaustiveness 8 --seed 1
Using random seed: 1

0%   10   20   30   40   50   60   70   80   90   100%
|----|----|----|----|----|----|----|----|----|----|
***************************************************
MolPort-051-589-860 | pose 0 | ligand outside box
MolPort-051-589-860 | pose 0 | ligand outside box
MolPort-051-589-860 | pose 0 | ligand outside box
MolPort-051-589-860 | pose 0 | ligand outside box

mode |  affinity  |  intramol  |    CNN     |   CNN
     | (kcal/mol) | (kcal/mol) | pose score | affinity
-----+------------+------------+------------+----------
    1       -9.21       -0.19       0.5464      6.795
    2       -7.81       -0.18       0.3194      6.002
    3       -8.40       -0.74       0.1770      6.046
    4       -7.98       -0.12       0.1333      5.900
    5       -8.39        0.28       0.1285      5.911
    6       -8.46       -0.83       0.1254      5.460
    7       -7.77       -0.13       0.1063      5.566
    8       -8.38        0.76       0.1061      5.155
    9       31.66        1.46       0.1010      5.066
   10       -8.30        0.79       0.0919      5.678
