              _             
             (_)            
   __ _ _ __  _ _ __   __ _ 
  / _` | '_ \| | '_ \ / _` |
 | (_| | | | | | | | | (_| |
  \__, |_| |_|_|_| |_|\__,_|
   __/ |                    
  |___/                     

gnina v1.3.3 master:6fe1ce2   Built Jun 30 2026.
gnina is based on smina and AutoDock Vina.
Please cite appropriately.

Commandline: gnina -r results/DOCKING/7AAA.mol2 -l results/DOCKING/ligands_sdf/ligando_585.sdf -o results/DOCKING/results_mol2/docked_ligando_585.mol2 --center_x 8.59 --center_y 39.35 --center_z 9.53 --size_x 22 --size_y 16 --size_z 24 --num_modes 10 --exhaustiveness 8 --seed 1
Using random seed: 1

0%   10   20   30   40   50   60   70   80   90   100%
|----|----|----|----|----|----|----|----|----|----|
***************************************************
MolPort-001-809-197 CSSS00106531930 MCULE-2952134515 PubChem-2823008 ZINC000001040089 ZINC01040089 | pose 0 | initial pose not within box

mode |  affinity  |  intramol  |    CNN     |   CNN
     | (kcal/mol) | (kcal/mol) | pose score | affinity
-----+------------+------------+------------+----------
    1       -7.99        0.35       0.1835      5.625
    2      -10.21        0.34       0.1708      5.971
    3       -7.20        0.52       0.1390      5.937
    4       -9.51        0.00       0.1331      5.038
    5       -8.90       -0.50       0.0946      5.113
    6       -8.81        0.11       0.0931      5.775
    7       -8.89        0.14       0.0820      5.503
    8       -9.20        0.16       0.0692      5.292
    9       -8.33        0.67       0.0632      5.284
   10       -7.71       -0.50       0.0584      4.529
