              _             
             (_)            
   __ _ _ __  _ _ __   __ _ 
  / _` | '_ \| | '_ \ / _` |
 | (_| | | | | | | | | (_| |
  \__, |_| |_|_|_| |_|\__,_|
   __/ |                    
  |___/                     

gnina v1.3.3 master:6fe1ce2   Built Jun 30 2026.
gnina is based on smina and AutoDock Vina.
Please cite appropriately.

Commandline: gnina -r results/DOCKING/7AAA.mol2 -l results/DOCKING/ligands_sdf/ligando_367.sdf -o results/DOCKING/results_mol2/docked_ligando_367.mol2 --center_x 8.59 --center_y 39.35 --center_z 9.53 --size_x 22 --size_y 16 --size_z 24 --num_modes 10 --exhaustiveness 8 --seed 1
Using random seed: 1

0%   10   20   30   40   50   60   70   80   90   100%
|----|----|----|----|----|----|----|----|----|----|
***************************************************
Molport-046-971-696 MCULE-6999629585 MCULE-7859326811 PubChem-110111646 | pose 0 | ligand outside box

mode |  affinity  |  intramol  |    CNN     |   CNN
     | (kcal/mol) | (kcal/mol) | pose score | affinity
-----+------------+------------+------------+----------
    1      -11.25       -0.35       0.3071      6.537
    2       -2.94        0.13       0.2648      5.611
    3      -10.69        0.20       0.1435      5.970
    4       -7.47       -0.86       0.1396      5.906
    5       -7.69        0.14       0.1391      5.496
    6       -9.90       -0.09       0.1369      5.937
    7      -10.58        0.04       0.1131      5.984
    8       -6.93        0.14       0.1055      5.262
    9      -10.84        0.00       0.0729      6.216
   10      -10.08       -0.16       0.0682      5.537
