              _             
             (_)            
   __ _ _ __  _ _ __   __ _ 
  / _` | '_ \| | '_ \ / _` |
 | (_| | | | | | | | | (_| |
  \__, |_| |_|_|_| |_|\__,_|
   __/ |                    
  |___/                     

gnina v1.3.3 master:6fe1ce2   Built Jun 30 2026.
gnina is based on smina and AutoDock Vina.
Please cite appropriately.

Commandline: gnina -r results/DOCKING/7AAA.mol2 -l results/DOCKING/ligands_sdf/ligando_314.sdf -o results/DOCKING/results_mol2/docked_ligando_314.mol2 --center_x 8.59 --center_y 39.35 --center_z 9.53 --size_x 22 --size_y 16 --size_z 24 --num_modes 10 --exhaustiveness 8 --seed 1
Using random seed: 1

0%   10   20   30   40   50   60   70   80   90   100%
|----|----|----|----|----|----|----|----|----|----|
***************************************************

mode |  affinity  |  intramol  |    CNN     |   CNN
     | (kcal/mol) | (kcal/mol) | pose score | affinity
-----+------------+------------+------------+----------
    1      -11.05        0.57       0.1842      5.863
    2       -9.12        0.74       0.1807      5.871
    3       -8.77       -0.48       0.1212      5.214
    4       -9.02        0.15       0.1155      5.420
    5       -8.71       -0.14       0.1077      5.508
    6       -9.15        1.00       0.0892      5.103
    7       -9.00       -0.02       0.0887      5.161
    8      -10.42        0.13       0.0820      5.126
    9       -9.05        0.02       0.0799      5.019
   10       -8.47       -0.58       0.0778      5.352
