              _             
             (_)            
   __ _ _ __  _ _ __   __ _ 
  / _` | '_ \| | '_ \ / _` |
 | (_| | | | | | | | | (_| |
  \__, |_| |_|_|_| |_|\__,_|
   __/ |                    
  |___/                     

gnina v1.3.3 master:6fe1ce2   Built Jun 30 2026.
gnina is based on smina and AutoDock Vina.
Please cite appropriately.

Commandline: gnina -r results/DOCKING/7AAA.mol2 -l results/DOCKING/ligands_sdf/ligando_635.sdf -o results/DOCKING/results_mol2/docked_ligando_635.mol2 --center_x 8.59 --center_y 39.35 --center_z 9.53 --size_x 22 --size_y 16 --size_z 24 --num_modes 10 --exhaustiveness 8 --seed 1
Using random seed: 1

0%   10   20   30   40   50   60   70   80   90   100%
|----|----|----|----|----|----|----|----|----|----|
***************************************************
MolPort-008-288-023 MCULE-3234992297 PubChem-46969567 | pose 0 | initial pose not within box

mode |  affinity  |  intramol  |    CNN     |   CNN
     | (kcal/mol) | (kcal/mol) | pose score | affinity
-----+------------+------------+------------+----------
    1      -10.15        1.18       0.1857      5.845
    2      -10.16        0.72       0.1664      5.996
    3       -9.45        1.04       0.1231      5.488
    4       -9.06       -0.37       0.1223      5.692
    5       -7.52        0.81       0.0826      5.405
    6       -9.18        2.42       0.0786      5.217
    7       -8.29        1.31       0.0612      5.334
    8       -7.87       -0.55       0.0572      5.084
    9       -7.88       -0.45       0.0568      4.966
   10       -8.36        0.24       0.0532      5.561
