              _             
             (_)            
   __ _ _ __  _ _ __   __ _ 
  / _` | '_ \| | '_ \ / _` |
 | (_| | | | | | | | | (_| |
  \__, |_| |_|_|_| |_|\__,_|
   __/ |                    
  |___/                     

gnina v1.3.3 master:6fe1ce2   Built Jun 30 2026.
gnina is based on smina and AutoDock Vina.
Please cite appropriately.

Commandline: gnina -r results/DOCKING/7AAA.mol2 -l results/DOCKING/ligands_sdf/ligando_363.sdf -o results/DOCKING/results_mol2/docked_ligando_363.mol2 --center_x 8.59 --center_y 39.35 --center_z 9.53 --size_x 22 --size_y 16 --size_z 24 --num_modes 10 --exhaustiveness 8 --seed 1
Using random seed: 1

0%   10   20   30   40   50   60   70   80   90   100%
|----|----|----|----|----|----|----|----|----|----|
***************************************************

mode |  affinity  |  intramol  |    CNN     |   CNN
     | (kcal/mol) | (kcal/mol) | pose score | affinity
-----+------------+------------+------------+----------
    1       -9.87       -0.34       0.5551      6.840
    2       -9.40        0.05       0.2041      6.195
    3       -9.89       -0.59       0.1956      5.985
    4      -10.11       -0.70       0.1812      5.688
    5       -9.80       -0.66       0.1693      5.834
    6       -9.56       -0.37       0.1459      5.468
    7       -9.52       -0.07       0.1252      5.441
    8       -9.97       -0.12       0.1232      5.530
    9      -10.01       -0.80       0.1036      5.386
   10       -8.75       -0.87       0.0868      5.351
