              _             
             (_)            
   __ _ _ __  _ _ __   __ _ 
  / _` | '_ \| | '_ \ / _` |
 | (_| | | | | | | | | (_| |
  \__, |_| |_|_|_| |_|\__,_|
   __/ |                    
  |___/                     

gnina v1.3.3 master:6fe1ce2   Built Jun 30 2026.
gnina is based on smina and AutoDock Vina.
Please cite appropriately.

Commandline: gnina -r results/DOCKING/7AAA.mol2 -l results/DOCKING/ligands_sdf/ligando_489.sdf -o results/DOCKING/results_mol2/docked_ligando_489.mol2 --center_x 8.59 --center_y 39.35 --center_z 9.53 --size_x 22 --size_y 16 --size_z 24 --num_modes 10 --exhaustiveness 8 --seed 1
Using random seed: 1

0%   10   20   30   40   50   60   70   80   90   100%
|----|----|----|----|----|----|----|----|----|----|
***************************************************

mode |  affinity  |  intramol  |    CNN     |   CNN
     | (kcal/mol) | (kcal/mol) | pose score | affinity
-----+------------+------------+------------+----------
    1      -10.08       -0.45       0.4523      7.104
    2       -8.12       -0.61       0.2079      6.262
    3       -8.22       -0.30       0.2060      6.242
    4       -9.34       -0.37       0.2001      6.178
    5       -9.09       -0.64       0.1794      5.541
    6       -9.75       -0.58       0.1521      5.707
    7       -8.05       -0.56       0.1506      5.768
    8       -9.71       -0.62       0.1468      5.877
    9      -10.09       -0.59       0.1208      4.860
   10       -7.72       -0.53       0.1096      5.579
