              _             
             (_)            
   __ _ _ __  _ _ __   __ _ 
  / _` | '_ \| | '_ \ / _` |
 | (_| | | | | | | | | (_| |
  \__, |_| |_|_|_| |_|\__,_|
   __/ |                    
  |___/                     

gnina v1.3.3 master:6fe1ce2   Built Jun 30 2026.
gnina is based on smina and AutoDock Vina.
Please cite appropriately.

Commandline: gnina -r results/DOCKING/7AAA.mol2 -l results/DOCKING/ligands_sdf/ligando_066.sdf -o results/DOCKING/results_mol2/docked_ligando_066.mol2 --center_x 8.59 --center_y 39.35 --center_z 9.53 --size_x 22 --size_y 16 --size_z 24 --num_modes 10 --exhaustiveness 8 --seed 1
Using random seed: 1

0%   10   20   30   40   50   60   70   80   90   100%
|----|----|----|----|----|----|----|----|----|----|
***************************************************

mode |  affinity  |  intramol  |    CNN     |   CNN
     | (kcal/mol) | (kcal/mol) | pose score | affinity
-----+------------+------------+------------+----------
    1       -6.99       -0.22       0.6478      5.137
    2       -7.82       -0.26       0.2798      4.713
    3       -7.00       -0.11       0.2623      4.673
    4       -8.03       -0.52       0.2334      4.571
    5       -6.78        0.18       0.1797      4.795
    6       -7.23        0.22       0.1697      4.265
    7       -7.95        0.07       0.1533      4.260
    8       -7.37        0.12       0.1434      4.523
    9       -7.00        0.02       0.1217      3.964
   10       -6.99        0.58       0.1140      4.113
