              _             
             (_)            
   __ _ _ __  _ _ __   __ _ 
  / _` | '_ \| | '_ \ / _` |
 | (_| | | | | | | | | (_| |
  \__, |_| |_|_|_| |_|\__,_|
   __/ |                    
  |___/                     

gnina v1.3.3 master:6fe1ce2   Built Jun 30 2026.
gnina is based on smina and AutoDock Vina.
Please cite appropriately.

Commandline: gnina -r results/DOCKING/7AAA.mol2 -l results/DOCKING/ligands_sdf/ligando_626.sdf -o results/DOCKING/results_mol2/docked_ligando_626.mol2 --center_x 8.59 --center_y 39.35 --center_z 9.53 --size_x 22 --size_y 16 --size_z 24 --num_modes 10 --exhaustiveness 8 --seed 1
Using random seed: 1

0%   10   20   30   40   50   60   70   80   90   100%
|----|----|----|----|----|----|----|----|----|----|
***************************************************

mode |  affinity  |  intramol  |    CNN     |   CNN
     | (kcal/mol) | (kcal/mol) | pose score | affinity
-----+------------+------------+------------+----------
    1       -7.95       -0.45       0.2442      5.456
    2       -8.09       -0.66       0.2312      5.512
    3       -7.46        0.04       0.2169      5.571
    4       -7.96       -0.63       0.1750      5.674
    5       -8.19        0.24       0.1396      5.334
    6       -8.73       -0.09       0.1343      5.027
    7       -6.61        0.35       0.1298      5.389
    8       -6.10        0.58       0.1199      5.493
    9       -7.53       -0.30       0.1141      5.013
   10       -5.96       -0.12       0.1112      5.164
