              _             
             (_)            
   __ _ _ __  _ _ __   __ _ 
  / _` | '_ \| | '_ \ / _` |
 | (_| | | | | | | | | (_| |
  \__, |_| |_|_|_| |_|\__,_|
   __/ |                    
  |___/                     

gnina v1.3.3 master:6fe1ce2   Built Jun 30 2026.
gnina is based on smina and AutoDock Vina.
Please cite appropriately.

Commandline: gnina -r results/DOCKING/7AAA.mol2 -l results/DOCKING/ligands_sdf/ligando_269.sdf -o results/DOCKING/results_mol2/docked_ligando_269.mol2 --center_x 8.59 --center_y 39.35 --center_z 9.53 --size_x 22 --size_y 16 --size_z 24 --num_modes 10 --exhaustiveness 8 --seed 1
Using random seed: 1

0%   10   20   30   40   50   60   70   80   90   100%
|----|----|----|----|----|----|----|----|----|----|
***************************************************
MolPort-019-771-773 CSSS20538596534 PubChem-56694138 ZINC000005708151 ZINC05708151 | pose 0 | initial pose not within box
MolPort-019-771-773 CSSS20538596534 PubChem-56694138 ZINC000005708151 ZINC05708151 | pose 0 | ligand outside box
MolPort-019-771-773 CSSS20538596534 PubChem-56694138 ZINC000005708151 ZINC05708151 | pose 0 | ligand outside box
MolPort-019-771-773 CSSS20538596534 PubChem-56694138 ZINC000005708151 ZINC05708151 | pose 0 | ligand outside box
MolPort-019-771-773 CSSS20538596534 PubChem-56694138 ZINC000005708151 ZINC05708151 | pose 0 | ligand outside box

mode |  affinity  |  intramol  |    CNN     |   CNN
     | (kcal/mol) | (kcal/mol) | pose score | affinity
-----+------------+------------+------------+----------
    1        7.61       -0.44       0.2579      5.234
    2       -8.91       -0.75       0.2109      5.608
    3       -5.85       -0.62       0.1754      5.311
    4       -8.86       -0.70       0.1414      5.240
    5       -4.96       -0.20       0.0777      5.122
    6       -7.90        0.45       0.0684      5.253
    7       -8.17       -0.32       0.0644      5.104
    8       -7.23       -0.48       0.0585      5.029
    9       -5.87       -0.68       0.0578      4.722
   10       -6.45       -0.67       0.0570      4.597
