              _             
             (_)            
   __ _ _ __  _ _ __   __ _ 
  / _` | '_ \| | '_ \ / _` |
 | (_| | | | | | | | | (_| |
  \__, |_| |_|_|_| |_|\__,_|
   __/ |                    
  |___/                     

gnina v1.3.3 master:6fe1ce2   Built Jun 30 2026.
gnina is based on smina and AutoDock Vina.
Please cite appropriately.

Commandline: gnina -r results/DOCKING/7AAA.mol2 -l results/DOCKING/ligands_sdf/ligando_728.sdf -o results/DOCKING/results_mol2/docked_ligando_728.mol2 --center_x 8.59 --center_y 39.35 --center_z 9.53 --size_x 22 --size_y 16 --size_z 24 --num_modes 10 --exhaustiveness 8 --seed 1
Using random seed: 1

0%   10   20   30   40   50   60   70   80   90   100%
|----|----|----|----|----|----|----|----|----|----|
***************************************************

mode |  affinity  |  intramol  |    CNN     |   CNN
     | (kcal/mol) | (kcal/mol) | pose score | affinity
-----+------------+------------+------------+----------
    1       -9.26        0.28       0.1168      5.863
    2       -9.05       -0.42       0.0812      5.698
    3       -9.52       -0.00       0.0685      5.475
    4       -8.20        0.58       0.0520      5.265
    5       -9.40       -0.28       0.0519      5.035
    6       -8.52        0.07       0.0505      5.017
    7       -6.82       -0.35       0.0483      5.198
    8       -8.43       -0.44       0.0442      5.115
    9       -9.87        0.41       0.0427      4.689
   10       -8.17       -0.33       0.0397      5.144
