              _             
             (_)            
   __ _ _ __  _ _ __   __ _ 
  / _` | '_ \| | '_ \ / _` |
 | (_| | | | | | | | | (_| |
  \__, |_| |_|_|_| |_|\__,_|
   __/ |                    
  |___/                     

gnina v1.3.3 master:6fe1ce2   Built Jun 30 2026.
gnina is based on smina and AutoDock Vina.
Please cite appropriately.

Commandline: gnina -r results/DOCKING/7AAA.mol2 -l results/DOCKING/ligands_sdf/ligando_760.sdf -o results/DOCKING/results_mol2/docked_ligando_760.mol2 --center_x 8.59 --center_y 39.35 --center_z 9.53 --size_x 22 --size_y 16 --size_z 24 --num_modes 10 --exhaustiveness 8 --seed 1
Using random seed: 1

0%   10   20   30   40   50   60   70   80   90   100%
|----|----|----|----|----|----|----|----|----|----|
***************************************************

mode |  affinity  |  intramol  |    CNN     |   CNN
     | (kcal/mol) | (kcal/mol) | pose score | affinity
-----+------------+------------+------------+----------
    1       -7.12        0.68       0.5230      5.816
    2       -7.80       -0.32       0.2830      5.525
    3       -7.74        0.66       0.2746      5.640
    4       -7.92       -0.40       0.2592      5.752
    5       -6.86        0.64       0.1917      5.381
    6       -7.52        0.53       0.1634      5.298
    7       -8.61       -0.38       0.1458      5.601
    8       -7.43        0.13       0.1125      5.416
    9       -7.53       -0.50       0.1052      4.937
   10       -8.31       -0.08       0.0935      4.334
