              _             
             (_)            
   __ _ _ __  _ _ __   __ _ 
  / _` | '_ \| | '_ \ / _` |
 | (_| | | | | | | | | (_| |
  \__, |_| |_|_|_| |_|\__,_|
   __/ |                    
  |___/                     

gnina v1.3.3 master:6fe1ce2   Built Jun 30 2026.
gnina is based on smina and AutoDock Vina.
Please cite appropriately.

Commandline: gnina -r results/DOCKING/7AAA.mol2 -l results/DOCKING/ligands_sdf/ligando_116.sdf -o results/DOCKING/results_mol2/docked_ligando_116.mol2 --center_x 8.59 --center_y 39.35 --center_z 9.53 --size_x 22 --size_y 16 --size_z 24 --num_modes 10 --exhaustiveness 8 --seed 1
Using random seed: 1

0%   10   20   30   40   50   60   70   80   90   100%
|----|----|----|----|----|----|----|----|----|----|
***************************************************

mode |  affinity  |  intramol  |    CNN     |   CNN
     | (kcal/mol) | (kcal/mol) | pose score | affinity
-----+------------+------------+------------+----------
    1       -9.21        0.37       0.7237      6.550
    2       -7.94        0.40       0.3289      6.155
    3       -9.05       -0.67       0.2318      5.826
    4       -8.97       -0.34       0.2314      6.254
    5       -8.73       -0.32       0.1578      5.849
    6       -9.22       -0.32       0.1481      5.794
    7       -9.53       -0.49       0.1380      5.149
    8       -9.30       -0.39       0.1261      5.460
    9       -9.48       -0.36       0.0999      5.347
   10       -9.90       -0.41       0.0975      5.589
