              _             
             (_)            
   __ _ _ __  _ _ __   __ _ 
  / _` | '_ \| | '_ \ / _` |
 | (_| | | | | | | | | (_| |
  \__, |_| |_|_|_| |_|\__,_|
   __/ |                    
  |___/                     

gnina v1.3.3 master:6fe1ce2   Built Jun 30 2026.
gnina is based on smina and AutoDock Vina.
Please cite appropriately.

Commandline: gnina -r results/DOCKING/7AAA.mol2 -l results/DOCKING/ligands_sdf/ligando_624.sdf -o results/DOCKING/results_mol2/docked_ligando_624.mol2 --center_x 8.59 --center_y 39.35 --center_z 9.53 --size_x 22 --size_y 16 --size_z 24 --num_modes 10 --exhaustiveness 8 --seed 1
Using random seed: 1

0%   10   20   30   40   50   60   70   80   90   100%
|----|----|----|----|----|----|----|----|----|----|
***************************************************

mode |  affinity  |  intramol  |    CNN     |   CNN
     | (kcal/mol) | (kcal/mol) | pose score | affinity
-----+------------+------------+------------+----------
    1       -5.03       -0.02       0.3199      4.612
    2       -7.60       -0.18       0.1883      4.780
    3       -5.99        0.07       0.1822      5.367
    4       -7.18       -0.19       0.1801      4.808
    5       -6.02        0.59       0.1589      5.341
    6       -7.36       -0.23       0.1585      4.539
    7       -5.94       -0.29       0.1583      4.803
    8       -5.99       -0.21       0.1572      4.823
    9       -6.82       -0.20       0.1114      4.494
   10       -7.43        0.78       0.1105      4.082
