              _             
             (_)            
   __ _ _ __  _ _ __   __ _ 
  / _` | '_ \| | '_ \ / _` |
 | (_| | | | | | | | | (_| |
  \__, |_| |_|_|_| |_|\__,_|
   __/ |                    
  |___/                     

gnina v1.3.3 master:6fe1ce2   Built Jun 30 2026.
gnina is based on smina and AutoDock Vina.
Please cite appropriately.

Commandline: gnina -r results/DOCKING/7AAA.mol2 -l results/DOCKING/ligands_sdf/ligando_850.sdf -o results/DOCKING/results_mol2/docked_ligando_850.mol2 --center_x 8.59 --center_y 39.35 --center_z 9.53 --size_x 22 --size_y 16 --size_z 24 --num_modes 10 --exhaustiveness 8 --seed 1
Using random seed: 1

0%   10   20   30   40   50   60   70   80   90   100%
|----|----|----|----|----|----|----|----|----|----|
***************************************************
MolPort-006-727-805 38540493 MCULE-8992860453 PubChem-11237328 ZINC000038540493 | pose 0 | initial pose not within box
MolPort-006-727-805 38540493 MCULE-8992860453 PubChem-11237328 ZINC000038540493 | pose 0 | ligand outside box
MolPort-006-727-805 38540493 MCULE-8992860453 PubChem-11237328 ZINC000038540493 | pose 0 | ligand outside box
MolPort-006-727-805 38540493 MCULE-8992860453 PubChem-11237328 ZINC000038540493 | pose 0 | ligand outside box
MolPort-006-727-805 38540493 MCULE-8992860453 PubChem-11237328 ZINC000038540493 | pose 0 | ligand outside box
MolPort-006-727-805 38540493 MCULE-8992860453 PubChem-11237328 ZINC000038540493 | pose 0 | ligand outside box
MolPort-006-727-805 38540493 MCULE-8992860453 PubChem-11237328 ZINC000038540493 | pose 0 | ligand outside box
MolPort-006-727-805 38540493 MCULE-8992860453 PubChem-11237328 ZINC000038540493 | pose 0 | ligand outside box
MolPort-006-727-805 38540493 MCULE-8992860453 PubChem-11237328 ZINC000038540493 | pose 0 | ligand outside box
MolPort-006-727-805 38540493 MCULE-8992860453 PubChem-11237328 ZINC000038540493 | pose 0 | ligand outside box
MolPort-006-727-805 38540493 MCULE-8992860453 PubChem-11237328 ZINC000038540493 | pose 0 | ligand outside box
MolPort-006-727-805 38540493 MCULE-8992860453 PubChem-11237328 ZINC000038540493 | pose 0 | ligand outside box
MolPort-006-727-805 38540493 MCULE-8992860453 PubChem-11237328 ZINC000038540493 | pose 0 | initial pose not within box
MolPort-006-727-805 38540493 MCULE-8992860453 PubChem-11237328 ZINC000038540493 | pose 0 | ligand outside box
MolPort-006-727-805 38540493 MCULE-8992860453 PubChem-11237328 ZINC000038540493 | pose 0 | ligand outside box
MolPort-006-727-805 38540493 MCULE-8992860453 PubChem-11237328 ZINC000038540493 | pose 0 | ligand outside box
MolPort-006-727-805 38540493 MCULE-8992860453 PubChem-11237328 ZINC000038540493 | pose 0 | ligand outside box
MolPort-006-727-805 38540493 MCULE-8992860453 PubChem-11237328 ZINC000038540493 | pose 0 | ligand outside box
MolPort-006-727-805 38540493 MCULE-8992860453 PubChem-11237328 ZINC000038540493 | pose 0 | initial pose not within box
MolPort-006-727-805 38540493 MCULE-8992860453 PubChem-11237328 ZINC000038540493 | pose 0 | ligand outside box
MolPort-006-727-805 38540493 MCULE-8992860453 PubChem-11237328 ZINC000038540493 | pose 0 | ligand outside box
MolPort-006-727-805 38540493 MCULE-8992860453 PubChem-11237328 ZINC000038540493 | pose 0 | ligand outside box
MolPort-006-727-805 38540493 MCULE-8992860453 PubChem-11237328 ZINC000038540493 | pose 0 | ligand outside box
MolPort-006-727-805 38540493 MCULE-8992860453 PubChem-11237328 ZINC000038540493 | pose 0 | ligand outside box
MolPort-006-727-805 38540493 MCULE-8992860453 PubChem-11237328 ZINC000038540493 | pose 0 | ligand outside box
MolPort-006-727-805 38540493 MCULE-8992860453 PubChem-11237328 ZINC000038540493 | pose 0 | ligand outside box
MolPort-006-727-805 38540493 MCULE-8992860453 PubChem-11237328 ZINC000038540493 | pose 0 | ligand outside box
MolPort-006-727-805 38540493 MCULE-8992860453 PubChem-11237328 ZINC000038540493 | pose 0 | ligand outside box
MolPort-006-727-805 38540493 MCULE-8992860453 PubChem-11237328 ZINC000038540493 | pose 0 | ligand outside box
MolPort-006-727-805 38540493 MCULE-8992860453 PubChem-11237328 ZINC000038540493 | pose 0 | ligand outside box
MolPort-006-727-805 38540493 MCULE-8992860453 PubChem-11237328 ZINC000038540493 | pose 0 | ligand outside box
MolPort-006-727-805 38540493 MCULE-8992860453 PubChem-11237328 ZINC000038540493 | pose 0 | ligand outside box
MolPort-006-727-805 38540493 MCULE-8992860453 PubChem-11237328 ZINC000038540493 | pose 0 | initial pose not within box
MolPort-006-727-805 38540493 MCULE-8992860453 PubChem-11237328 ZINC000038540493 | pose 0 | ligand outside box
MolPort-006-727-805 38540493 MCULE-8992860453 PubChem-11237328 ZINC000038540493 | pose 0 | ligand outside box
MolPort-006-727-805 38540493 MCULE-8992860453 PubChem-11237328 ZINC000038540493 | pose 0 | ligand outside box
MolPort-006-727-805 38540493 MCULE-8992860453 PubChem-11237328 ZINC000038540493 | pose 0 | ligand outside box
MolPort-006-727-805 38540493 MCULE-8992860453 PubChem-11237328 ZINC000038540493 | pose 0 | ligand outside box
MolPort-006-727-805 38540493 MCULE-8992860453 PubChem-11237328 ZINC000038540493 | pose 0 | ligand outside box

mode |  affinity  |  intramol  |    CNN     |   CNN
     | (kcal/mol) | (kcal/mol) | pose score | affinity
-----+------------+------------+------------+----------
    1       -4.37        0.92       0.3008      6.632
    2       -6.56       -0.07       0.2889      5.744
    3        1.73        2.89       0.2694      6.428
    4       13.29        1.47       0.2655      5.958
    5        2.06        0.87       0.2617      5.252
    6        7.29        5.26       0.2073      6.417
    7       28.31        7.29       0.1950      6.164
    8        1.20        3.79       0.1779      6.222
    9       11.23        0.83       0.1744      6.366
   10       -7.23        0.04       0.1590      5.653
