              _             
             (_)            
   __ _ _ __  _ _ __   __ _ 
  / _` | '_ \| | '_ \ / _` |
 | (_| | | | | | | | | (_| |
  \__, |_| |_|_|_| |_|\__,_|
   __/ |                    
  |___/                     

gnina v1.3.3 master:6fe1ce2   Built Jun 30 2026.
gnina is based on smina and AutoDock Vina.
Please cite appropriately.

Commandline: gnina -r results/DOCKING/7AAA.mol2 -l results/DOCKING/ligands_sdf/ligando_068.sdf -o results/DOCKING/results_mol2/docked_ligando_068.mol2 --center_x 8.59 --center_y 39.35 --center_z 9.53 --size_x 22 --size_y 16 --size_z 24 --num_modes 10 --exhaustiveness 8 --seed 1
Using random seed: 1

0%   10   20   30   40   50   60   70   80   90   100%
|----|----|----|----|----|----|----|----|----|----|
***************************************************
MolPort-006-609-946 ChemDiv-V017-8348 MCULE-4030383458 PubChem-46070030 ZINC000034735438 ZINC34735438 | pose 0 | ligand outside box
MolPort-006-609-946 ChemDiv-V017-8348 MCULE-4030383458 PubChem-46070030 ZINC000034735438 ZINC34735438 | pose 0 | ligand outside box
MolPort-006-609-946 ChemDiv-V017-8348 MCULE-4030383458 PubChem-46070030 ZINC000034735438 ZINC34735438 | pose 0 | ligand outside box
MolPort-006-609-946 ChemDiv-V017-8348 MCULE-4030383458 PubChem-46070030 ZINC000034735438 ZINC34735438 | pose 0 | ligand outside box
MolPort-006-609-946 ChemDiv-V017-8348 MCULE-4030383458 PubChem-46070030 ZINC000034735438 ZINC34735438 | pose 0 | ligand outside box
MolPort-006-609-946 ChemDiv-V017-8348 MCULE-4030383458 PubChem-46070030 ZINC000034735438 ZINC34735438 | pose 0 | initial pose not within box
MolPort-006-609-946 ChemDiv-V017-8348 MCULE-4030383458 PubChem-46070030 ZINC000034735438 ZINC34735438 | pose 0 | ligand outside box

mode |  affinity  |  intramol  |    CNN     |   CNN
     | (kcal/mol) | (kcal/mol) | pose score | affinity
-----+------------+------------+------------+----------
    1       -6.34        1.42       0.2347      6.349
    2       -7.10        0.05       0.2339      6.349
    3       -8.84        0.16       0.2262      6.500
    4       -9.39       -0.06       0.1964      6.354
    5       -8.78        1.29       0.1930      5.479
    6       -7.18       -0.04       0.1851      5.842
    7       -8.40        0.31       0.1618      5.269
    8      -10.16        6.65       0.1337      6.185
    9       -8.27        0.02       0.1278      5.518
   10       -6.73       -0.30       0.1213      5.068
