              _             
             (_)            
   __ _ _ __  _ _ __   __ _ 
  / _` | '_ \| | '_ \ / _` |
 | (_| | | | | | | | | (_| |
  \__, |_| |_|_|_| |_|\__,_|
   __/ |                    
  |___/                     

gnina v1.3.3 master:6fe1ce2   Built Jun 30 2026.
gnina is based on smina and AutoDock Vina.
Please cite appropriately.

Commandline: gnina -r results/DOCKING/7AAA.mol2 -l results/DOCKING/ligands_sdf/ligando_478.sdf -o results/DOCKING/results_mol2/docked_ligando_478.mol2 --center_x 8.59 --center_y 39.35 --center_z 9.53 --size_x 22 --size_y 16 --size_z 24 --num_modes 10 --exhaustiveness 8 --seed 1
Using random seed: 1

0%   10   20   30   40   50   60   70   80   90   100%
|----|----|----|----|----|----|----|----|----|----|
***************************************************

mode |  affinity  |  intramol  |    CNN     |   CNN
     | (kcal/mol) | (kcal/mol) | pose score | affinity
-----+------------+------------+------------+----------
    1      -10.76        0.81       0.2111      6.684
    2      -10.68       -0.31       0.1979      6.356
    3       -9.98       -0.51       0.1223      5.909
    4       -8.60       -0.81       0.1216      5.833
    5      -10.26       -1.23       0.1044      5.634
    6       -9.38       -0.25       0.0817      5.929
    7       -8.49       -1.18       0.0734      5.446
    8       -8.71       -0.93       0.0720      5.709
    9       -9.47       -1.09       0.0531      5.520
   10       -9.93        0.39       0.0482      5.411
