              _             
             (_)            
   __ _ _ __  _ _ __   __ _ 
  / _` | '_ \| | '_ \ / _` |
 | (_| | | | | | | | | (_| |
  \__, |_| |_|_|_| |_|\__,_|
   __/ |                    
  |___/                     

gnina v1.3.3 master:6fe1ce2   Built Jun 30 2026.
gnina is based on smina and AutoDock Vina.
Please cite appropriately.

Commandline: gnina -r results/DOCKING/7AAA.mol2 -l results/DOCKING/ligands_sdf/ligando_074.sdf -o results/DOCKING/results_mol2/docked_ligando_074.mol2 --center_x 8.59 --center_y 39.35 --center_z 9.53 --size_x 22 --size_y 16 --size_z 24 --num_modes 10 --exhaustiveness 8 --seed 1
Using random seed: 1

0%   10   20   30   40   50   60   70   80   90   100%
|----|----|----|----|----|----|----|----|----|----|
***************************************************
MolPort-003-117-060 8772077 CSSS03436996296 MCULE-9598085402 PubChem-16897556 ZINC000008772077 ZINC08772077 | pose 0 | initial pose not within box

mode |  affinity  |  intramol  |    CNN     |   CNN
     | (kcal/mol) | (kcal/mol) | pose score | affinity
-----+------------+------------+------------+----------
    1       -9.82        0.41       0.2725      6.303
    2       -9.20       -0.11       0.2105      6.277
    3        0.35       -0.08       0.1807      5.086
    4       -7.82        0.77       0.1277      6.046
    5       -9.65        4.17       0.1125      5.894
    6       -9.83        1.21       0.0906      5.079
    7       -6.52        0.41       0.0792      5.821
    8       -9.71        0.22       0.0726      5.568
    9      -10.26        1.36       0.0659      4.990
   10       -7.21       -0.12       0.0569      5.144
