              _             
             (_)            
   __ _ _ __  _ _ __   __ _ 
  / _` | '_ \| | '_ \ / _` |
 | (_| | | | | | | | | (_| |
  \__, |_| |_|_|_| |_|\__,_|
   __/ |                    
  |___/                     

gnina v1.3.3 master:6fe1ce2   Built Jun 30 2026.
gnina is based on smina and AutoDock Vina.
Please cite appropriately.

Commandline: gnina -r results/DOCKING/7AAA.mol2 -l results/DOCKING/ligands_sdf/ligando_837.sdf -o results/DOCKING/results_mol2/docked_ligando_837.mol2 --center_x 8.59 --center_y 39.35 --center_z 9.53 --size_x 22 --size_y 16 --size_z 24 --num_modes 10 --exhaustiveness 8 --seed 1
Using random seed: 1

0%   10   20   30   40   50   60   70   80   90   100%
|----|----|----|----|----|----|----|----|----|----|
***************************************************
MolPort-004-978-380 CSSS00159439457 MCULE-6028275498 PubChem-45159086 | pose 0 | initial pose not within box
MolPort-004-978-380 CSSS00159439457 MCULE-6028275498 PubChem-45159086 | pose 0 | ligand outside box
MolPort-004-978-380 CSSS00159439457 MCULE-6028275498 PubChem-45159086 | pose 0 | ligand outside box
MolPort-004-978-380 CSSS00159439457 MCULE-6028275498 PubChem-45159086 | pose 0 | ligand outside box
MolPort-004-978-380 CSSS00159439457 MCULE-6028275498 PubChem-45159086 | pose 0 | ligand outside box
MolPort-004-978-380 CSSS00159439457 MCULE-6028275498 PubChem-45159086 | pose 0 | ligand outside box
MolPort-004-978-380 CSSS00159439457 MCULE-6028275498 PubChem-45159086 | pose 0 | initial pose not within box
MolPort-004-978-380 CSSS00159439457 MCULE-6028275498 PubChem-45159086 | pose 0 | ligand outside box

mode |  affinity  |  intramol  |    CNN     |   CNN
     | (kcal/mol) | (kcal/mol) | pose score | affinity
-----+------------+------------+------------+----------
    1       -5.89        0.37       0.3415      6.096
    2       16.86        1.28       0.2282      5.737
    3       -8.55       -0.60       0.1960      5.668
    4        7.87       -0.82       0.1806      4.812
    5       -6.87        1.35       0.1534      6.126
    6       -2.01       -0.70       0.1502      5.595
    7       -7.08       -1.23       0.1322      5.920
    8       -7.22       -0.88       0.1230      6.107
    9       -6.07       -0.95       0.1068      5.077
   10       -7.17       -1.33       0.0913      5.971
