              _             
             (_)            
   __ _ _ __  _ _ __   __ _ 
  / _` | '_ \| | '_ \ / _` |
 | (_| | | | | | | | | (_| |
  \__, |_| |_|_|_| |_|\__,_|
   __/ |                    
  |___/                     

gnina v1.3.3 master:6fe1ce2   Built Jun 30 2026.
gnina is based on smina and AutoDock Vina.
Please cite appropriately.

Commandline: gnina -r results/DOCKING/7AAA.mol2 -l results/DOCKING/ligands_sdf/ligando_029.sdf -o results/DOCKING/results_mol2/docked_ligando_029.mol2 --center_x 8.59 --center_y 39.35 --center_z 9.53 --size_x 22 --size_y 16 --size_z 24 --num_modes 10 --exhaustiveness 8 --seed 1
Using random seed: 1

0%   10   20   30   40   50   60   70   80   90   100%
|----|----|----|----|----|----|----|----|----|----|
***************************************************

mode |  affinity  |  intramol  |    CNN     |   CNN
     | (kcal/mol) | (kcal/mol) | pose score | affinity
-----+------------+------------+------------+----------
    1       -8.11       -0.15       0.1852      5.172
    2       -8.00       -0.41       0.1842      5.172
    3       -7.96        0.85       0.1810      4.988
    4       -7.53       -0.54       0.1411      4.893
    5       -8.01       -0.04       0.1258      5.275
    6       -6.84        0.24       0.1247      5.025
    7       -6.56       -0.29       0.1246      4.587
    8       -7.38       -0.51       0.1199      4.824
    9       -6.98       -0.07       0.0902      4.976
   10       -9.26        0.87       0.0733      4.008
