              _             
             (_)            
   __ _ _ __  _ _ __   __ _ 
  / _` | '_ \| | '_ \ / _` |
 | (_| | | | | | | | | (_| |
  \__, |_| |_|_|_| |_|\__,_|
   __/ |                    
  |___/                     

gnina v1.3.3 master:6fe1ce2   Built Jun 30 2026.
gnina is based on smina and AutoDock Vina.
Please cite appropriately.

Commandline: gnina -r results/DOCKING/7AAA.mol2 -l results/DOCKING/ligands_sdf/ligando_254.sdf -o results/DOCKING/results_mol2/docked_ligando_254.mol2 --center_x 8.59 --center_y 39.35 --center_z 9.53 --size_x 22 --size_y 16 --size_z 24 --num_modes 10 --exhaustiveness 8 --seed 1
Using random seed: 1

0%   10   20   30   40   50   60   70   80   90   100%
|----|----|----|----|----|----|----|----|----|----|
***************************************************

mode |  affinity  |  intramol  |    CNN     |   CNN
     | (kcal/mol) | (kcal/mol) | pose score | affinity
-----+------------+------------+------------+----------
    1       -7.60        0.24       0.2576      6.014
    2       -9.54       -0.15       0.1898      6.089
    3       -9.83       -0.05       0.1795      5.590
    4       -9.71        0.18       0.1763      6.159
    5       -7.88        2.30       0.1554      6.170
    6       -9.64        0.54       0.1503      6.029
    7       -9.11        0.80       0.1153      5.369
    8       -7.09        0.18       0.0786      5.474
    9       -7.98        0.29       0.0736      5.955
   10      -10.58       -0.75       0.0701      5.390
