              _             
             (_)            
   __ _ _ __  _ _ __   __ _ 
  / _` | '_ \| | '_ \ / _` |
 | (_| | | | | | | | | (_| |
  \__, |_| |_|_|_| |_|\__,_|
   __/ |                    
  |___/                     

gnina v1.3.3 master:6fe1ce2   Built Jun 30 2026.
gnina is based on smina and AutoDock Vina.
Please cite appropriately.

Commandline: gnina -r results/DOCKING/7AAA.mol2 -l results/DOCKING/ligands_sdf/ligando_697.sdf -o results/DOCKING/results_mol2/docked_ligando_697.mol2 --center_x 8.59 --center_y 39.35 --center_z 9.53 --size_x 22 --size_y 16 --size_z 24 --num_modes 10 --exhaustiveness 8 --seed 1
Using random seed: 1

0%   10   20   30   40   50   60   70   80   90   100%
|----|----|----|----|----|----|----|----|----|----|
***************************************************
MolPort-007-723-173 6818134 ChemDiv-E157-3683 MCULE-6786177504 PubChem-22517779 ZINC000006818134 ZINC06818134 | pose 0 | initial pose not within box

mode |  affinity  |  intramol  |    CNN     |   CNN
     | (kcal/mol) | (kcal/mol) | pose score | affinity
-----+------------+------------+------------+----------
    1       -8.76        0.71       0.2450      5.977
    2       -8.43       -0.38       0.1915      5.567
    3       -8.49        0.68       0.1698      5.296
    4       -8.05        0.19       0.1071      5.201
    5       -7.71        0.32       0.1014      5.340
    6       -8.31       -0.56       0.0893      5.113
    7       -8.73        0.51       0.0772      4.795
    8       -8.70        0.05       0.0764      4.770
    9       -7.37       -0.12       0.0674      5.042
   10       -7.99        0.24       0.0650      5.244
