              _             
             (_)            
   __ _ _ __  _ _ __   __ _ 
  / _` | '_ \| | '_ \ / _` |
 | (_| | | | | | | | | (_| |
  \__, |_| |_|_|_| |_|\__,_|
   __/ |                    
  |___/                     

gnina v1.3.3 master:6fe1ce2   Built Jun 30 2026.
gnina is based on smina and AutoDock Vina.
Please cite appropriately.

Commandline: gnina -r results/DOCKING/7AAA.mol2 -l results/DOCKING/ligands_sdf/ligando_132.sdf -o results/DOCKING/results_mol2/docked_ligando_132.mol2 --center_x 8.59 --center_y 39.35 --center_z 9.53 --size_x 22 --size_y 16 --size_z 24 --num_modes 10 --exhaustiveness 8 --seed 1
Using random seed: 1

0%   10   20   30   40   50   60   70   80   90   100%
|----|----|----|----|----|----|----|----|----|----|
***************************************************

mode |  affinity  |  intramol  |    CNN     |   CNN
     | (kcal/mol) | (kcal/mol) | pose score | affinity
-----+------------+------------+------------+----------
    1       -8.26        0.14       0.3064      5.496
    2       -9.53       -0.52       0.2638      5.532
    3       -8.63        0.66       0.1838      4.734
    4       -9.01       -0.36       0.1816      5.280
    5       -8.23       -0.12       0.1506      4.722
    6       -8.08       -0.07       0.1367      4.753
    7       -8.27       -0.26       0.1271      4.945
    8       -8.19       -0.30       0.1235      5.022
    9       -8.61       -0.31       0.1211      4.602
   10       -8.20        0.04       0.1209      4.788
