              _             
             (_)            
   __ _ _ __  _ _ __   __ _ 
  / _` | '_ \| | '_ \ / _` |
 | (_| | | | | | | | | (_| |
  \__, |_| |_|_|_| |_|\__,_|
   __/ |                    
  |___/                     

gnina v1.3.3 master:6fe1ce2   Built Jun 30 2026.
gnina is based on smina and AutoDock Vina.
Please cite appropriately.

Commandline: gnina -r results/DOCKING/7AAA.mol2 -l results/DOCKING/ligands_sdf/ligando_644.sdf -o results/DOCKING/results_mol2/docked_ligando_644.mol2 --center_x 8.59 --center_y 39.35 --center_z 9.53 --size_x 22 --size_y 16 --size_z 24 --num_modes 10 --exhaustiveness 8 --seed 1
Using random seed: 1

0%   10   20   30   40   50   60   70   80   90   100%
|----|----|----|----|----|----|----|----|----|----|
***************************************************

mode |  affinity  |  intramol  |    CNN     |   CNN
     | (kcal/mol) | (kcal/mol) | pose score | affinity
-----+------------+------------+------------+----------
    1       -7.84       -0.56       0.8192      6.395
    2       -7.61       -0.00       0.7285      6.157
    3       -9.30       -0.36       0.2677      5.099
    4       -8.85       -0.34       0.2318      5.145
    5       -8.76       -0.51       0.2029      4.942
    6       -8.87        1.31       0.1885      5.331
    7       -7.38       -0.14       0.1193      5.256
    8       -6.90       -0.56       0.0824      4.777
    9       -7.68       -0.37       0.0724      5.126
   10       -7.50       -0.26       0.0721      4.919
