              _             
             (_)            
   __ _ _ __  _ _ __   __ _ 
  / _` | '_ \| | '_ \ / _` |
 | (_| | | | | | | | | (_| |
  \__, |_| |_|_|_| |_|\__,_|
   __/ |                    
  |___/                     

gnina v1.3.3 master:6fe1ce2   Built Jun 30 2026.
gnina is based on smina and AutoDock Vina.
Please cite appropriately.

Commandline: gnina -r results/DOCKING/7AAA.mol2 -l results/DOCKING/ligands_sdf/ligando_610.sdf -o results/DOCKING/results_mol2/docked_ligando_610.mol2 --center_x 8.59 --center_y 39.35 --center_z 9.53 --size_x 22 --size_y 16 --size_z 24 --num_modes 10 --exhaustiveness 8 --seed 1
Using random seed: 1

0%   10   20   30   40   50   60   70   80   90   100%
|----|----|----|----|----|----|----|----|----|----|
***************************************************

mode |  affinity  |  intramol  |    CNN     |   CNN
     | (kcal/mol) | (kcal/mol) | pose score | affinity
-----+------------+------------+------------+----------
    1      -10.97        1.48       0.2035      6.730
    2       -8.14       -0.40       0.1338      5.270
    3       -9.16       -0.68       0.1155      5.268
    4      -10.35        1.66       0.0787      4.807
    5       -8.04        0.21       0.0657      5.164
    6       -7.81       -0.36       0.0624      5.204
    7      -10.34       -1.01       0.0564      5.267
    8       -8.48       -0.43       0.0544      4.753
    9       -9.51       -0.68       0.0519      5.420
   10       -8.55        0.13       0.0488      5.259
