              _             
             (_)            
   __ _ _ __  _ _ __   __ _ 
  / _` | '_ \| | '_ \ / _` |
 | (_| | | | | | | | | (_| |
  \__, |_| |_|_|_| |_|\__,_|
   __/ |                    
  |___/                     

gnina v1.3.3 master:6fe1ce2   Built Jun 30 2026.
gnina is based on smina and AutoDock Vina.
Please cite appropriately.

Commandline: gnina -r results/DOCKING/7AAA.mol2 -l results/DOCKING/ligands_sdf/ligando_729.sdf -o results/DOCKING/results_mol2/docked_ligando_729.mol2 --center_x 8.59 --center_y 39.35 --center_z 9.53 --size_x 22 --size_y 16 --size_z 24 --num_modes 10 --exhaustiveness 8 --seed 1
Using random seed: 1

0%   10   20   30   40   50   60   70   80   90   100%
|----|----|----|----|----|----|----|----|----|----|
***************************************************

mode |  affinity  |  intramol  |    CNN     |   CNN
     | (kcal/mol) | (kcal/mol) | pose score | affinity
-----+------------+------------+------------+----------
    1       -9.87        1.09       0.1059      6.402
    2       -8.63        0.25       0.0666      5.787
    3       -8.71        1.60       0.0623      6.201
    4       -8.62        2.77       0.0569      5.921
    5       -9.35        0.94       0.0517      5.764
    6       -8.62       -0.54       0.0439      5.931
    7       -7.95        0.27       0.0410      5.576
    8       -8.74        2.67       0.0399      5.954
    9       -9.81        0.56       0.0386      4.835
   10       -8.48        0.02       0.0354      5.728
