              _             
             (_)            
   __ _ _ __  _ _ __   __ _ 
  / _` | '_ \| | '_ \ / _` |
 | (_| | | | | | | | | (_| |
  \__, |_| |_|_|_| |_|\__,_|
   __/ |                    
  |___/                     

gnina v1.3.3 master:6fe1ce2   Built Jun 30 2026.
gnina is based on smina and AutoDock Vina.
Please cite appropriately.

Commandline: gnina -r results/DOCKING/7AAA.mol2 -l results/DOCKING/ligands_sdf/ligando_200.sdf -o results/DOCKING/results_mol2/docked_ligando_200.mol2 --center_x 8.59 --center_y 39.35 --center_z 9.53 --size_x 22 --size_y 16 --size_z 24 --num_modes 10 --exhaustiveness 8 --seed 1
Using random seed: 1

0%   10   20   30   40   50   60   70   80   90   100%
|----|----|----|----|----|----|----|----|----|----|
***************************************************

mode |  affinity  |  intramol  |    CNN     |   CNN
     | (kcal/mol) | (kcal/mol) | pose score | affinity
-----+------------+------------+------------+----------
    1       -7.82       -0.62       0.6947      6.718
    2       -7.68       -0.21       0.5854      6.545
    3       -8.32       -0.13       0.4491      5.871
    4       -8.42       -0.07       0.3759      5.623
    5       -8.11       -0.13       0.3363      5.567
    6       -8.54       -0.45       0.3268      5.688
    7       -7.50       -0.64       0.3202      5.985
    8       -8.39       -0.49       0.2798      5.574
    9       -8.49       -0.50       0.2154      5.377
   10       -7.95       -0.48       0.1942      5.138
