              _             
             (_)            
   __ _ _ __  _ _ __   __ _ 
  / _` | '_ \| | '_ \ / _` |
 | (_| | | | | | | | | (_| |
  \__, |_| |_|_|_| |_|\__,_|
   __/ |                    
  |___/                     

gnina v1.3.3 master:6fe1ce2   Built Jun 30 2026.
gnina is based on smina and AutoDock Vina.
Please cite appropriately.

Commandline: gnina -r results/DOCKING/7AAA.mol2 -l results/DOCKING/ligands_sdf/ligando_169.sdf -o results/DOCKING/results_mol2/docked_ligando_169.mol2 --center_x 8.59 --center_y 39.35 --center_z 9.53 --size_x 22 --size_y 16 --size_z 24 --num_modes 10 --exhaustiveness 8 --seed 1
Using random seed: 1

0%   10   20   30   40   50   60   70   80   90   100%
|----|----|----|----|----|----|----|----|----|----|
***************************************************

mode |  affinity  |  intramol  |    CNN     |   CNN
     | (kcal/mol) | (kcal/mol) | pose score | affinity
-----+------------+------------+------------+----------
    1       -9.89        0.45       0.4003      6.860
    2       -9.81        1.08       0.2209      5.816
    3      -10.14        1.42       0.1519      5.805
    4       -8.73        2.01       0.1368      6.256
    5       -9.83        1.21       0.1007      5.882
    6       -9.43        0.17       0.0991      5.292
    7       -9.15       -0.83       0.0920      5.415
    8       -8.77        1.30       0.0871      5.578
    9       -9.76        1.05       0.0832      5.482
   10       -8.94       -0.66       0.0824      5.699
