              _             
             (_)            
   __ _ _ __  _ _ __   __ _ 
  / _` | '_ \| | '_ \ / _` |
 | (_| | | | | | | | | (_| |
  \__, |_| |_|_|_| |_|\__,_|
   __/ |                    
  |___/                     

gnina v1.3.3 master:6fe1ce2   Built Jun 30 2026.
gnina is based on smina and AutoDock Vina.
Please cite appropriately.

Commandline: gnina -r results/DOCKING/7AAA.mol2 -l results/DOCKING/ligands_sdf/ligando_385.sdf -o results/DOCKING/results_mol2/docked_ligando_385.mol2 --center_x 8.59 --center_y 39.35 --center_z 9.53 --size_x 22 --size_y 16 --size_z 24 --num_modes 10 --exhaustiveness 8 --seed 1
Using random seed: 1

0%   10   20   30   40   50   60   70   80   90   100%
|----|----|----|----|----|----|----|----|----|----|
***************************************************

mode |  affinity  |  intramol  |    CNN     |   CNN
     | (kcal/mol) | (kcal/mol) | pose score | affinity
-----+------------+------------+------------+----------
    1       -8.07        0.06       0.8287      6.370
    2       -8.44       -0.57       0.7857      6.656
    3       -8.82       -0.49       0.5383      6.298
    4       -8.56        0.65       0.4057      5.987
    5       -7.95        0.59       0.3502      5.877
    6       -7.94       -0.59       0.3217      5.797
    7       -7.84       -0.33       0.3127      5.992
    8       -8.47       -0.19       0.2499      5.614
    9       -7.84       -0.66       0.2495      5.879
   10       -8.08       -0.34       0.1898      5.561
