              _             
             (_)            
   __ _ _ __  _ _ __   __ _ 
  / _` | '_ \| | '_ \ / _` |
 | (_| | | | | | | | | (_| |
  \__, |_| |_|_|_| |_|\__,_|
   __/ |                    
  |___/                     

gnina v1.3.3 master:6fe1ce2   Built Jun 30 2026.
gnina is based on smina and AutoDock Vina.
Please cite appropriately.

Commandline: gnina -r results/DOCKING/7AAA.mol2 -l results/DOCKING/ligands_sdf/ligando_080.sdf -o results/DOCKING/results_mol2/docked_ligando_080.mol2 --center_x 8.59 --center_y 39.35 --center_z 9.53 --size_x 22 --size_y 16 --size_z 24 --num_modes 10 --exhaustiveness 8 --seed 1
Using random seed: 1

0%   10   20   30   40   50   60   70   80   90   100%
|----|----|----|----|----|----|----|----|----|----|
***************************************************
MolPort-007-714-551 ChemDiv-E002-1886 MCULE-8664044469 PubChem-22510854 ZINC000015671749 ZINC15671749 | pose 0 | initial pose not within box

mode |  affinity  |  intramol  |    CNN     |   CNN
     | (kcal/mol) | (kcal/mol) | pose score | affinity
-----+------------+------------+------------+----------
    1        6.94        0.53       0.3018      5.121
    2       -8.69       -0.19       0.2062      5.907
    3       -8.58       -0.09       0.1693      5.635
    4       -8.61        0.24       0.1623      5.677
    5       -8.09        0.92       0.1339      5.878
    6       -3.18       -0.23       0.1298      4.784
    7       -8.86        0.66       0.1136      5.287
    8       -6.44       -0.41       0.1027      5.651
    9       -9.32        3.81       0.0931      5.746
   10       -8.65        0.43       0.0828      5.519
