              _             
             (_)            
   __ _ _ __  _ _ __   __ _ 
  / _` | '_ \| | '_ \ / _` |
 | (_| | | | | | | | | (_| |
  \__, |_| |_|_|_| |_|\__,_|
   __/ |                    
  |___/                     

gnina v1.3.3 master:6fe1ce2   Built Jun 30 2026.
gnina is based on smina and AutoDock Vina.
Please cite appropriately.

Commandline: gnina -r results/DOCKING/7AAA.mol2 -l results/DOCKING/ligands_sdf/ligando_001.sdf -o results/DOCKING/results_mol2/docked_ligando_001.mol2 --center_x 8.59 --center_y 39.35 --center_z 9.53 --size_x 22 --size_y 16 --size_z 24 --num_modes 10 --exhaustiveness 8 --seed 1
Using random seed: 1

0%   10   20   30   40   50   60   70   80   90   100%
|----|----|----|----|----|----|----|----|----|----|
***************************************************
MolPort-002-455-707 ChemDiv-D039-0040 MCULE-7305721499 PubChem-959516 ZINC000000568499 ZINC00568499 | pose 0 | initial pose not within box

mode |  affinity  |  intramol  |    CNN     |   CNN
     | (kcal/mol) | (kcal/mol) | pose score | affinity
-----+------------+------------+------------+----------
    1       39.43       -0.65       0.6430      5.802
    2       -6.97       -0.10       0.2793      5.388
    3       -7.16       -0.60       0.1770      5.203
    4       -4.92       -0.17       0.1417      4.960
    5       -8.56       -0.01       0.1325      5.537
    6       -8.36        0.65       0.1323      5.458
    7       -7.65       -0.74       0.1231      4.761
    8       -8.86       -0.02       0.1128      4.951
    9       -9.03       -0.93       0.1005      5.488
   10       -8.61       -0.08       0.0994      5.240
