              _             
             (_)            
   __ _ _ __  _ _ __   __ _ 
  / _` | '_ \| | '_ \ / _` |
 | (_| | | | | | | | | (_| |
  \__, |_| |_|_|_| |_|\__,_|
   __/ |                    
  |___/                     

gnina v1.3.3 master:6fe1ce2   Built Jun 30 2026.
gnina is based on smina and AutoDock Vina.
Please cite appropriately.

Commandline: gnina -r results/DOCKING/7AAA.mol2 -l results/DOCKING/ligands_sdf/ligando_652.sdf -o results/DOCKING/results_mol2/docked_ligando_652.mol2 --center_x 8.59 --center_y 39.35 --center_z 9.53 --size_x 22 --size_y 16 --size_z 24 --num_modes 10 --exhaustiveness 8 --seed 1
Using random seed: 1

0%   10   20   30   40   50   60   70   80   90   100%
|----|----|----|----|----|----|----|----|----|----|
***************************************************

mode |  affinity  |  intramol  |    CNN     |   CNN
     | (kcal/mol) | (kcal/mol) | pose score | affinity
-----+------------+------------+------------+----------
    1       -8.26       -0.89       0.3323      5.703
    2       -9.84       -0.94       0.2737      5.664
    3       -8.94       -1.02       0.1535      5.231
    4       -9.29       -0.90       0.1350      4.655
    5       -9.37       -0.71       0.1112      4.813
    6       -9.35       -1.05       0.1030      4.630
    7       -9.53       -1.03       0.0961      4.433
    8       -9.44       -0.97       0.0956      4.056
    9       -8.21       -1.12       0.0937      4.730
   10       -7.96       -0.75       0.0910      4.755
