              _             
             (_)            
   __ _ _ __  _ _ __   __ _ 
  / _` | '_ \| | '_ \ / _` |
 | (_| | | | | | | | | (_| |
  \__, |_| |_|_|_| |_|\__,_|
   __/ |                    
  |___/                     

gnina v1.3.3 master:6fe1ce2   Built Jun 30 2026.
gnina is based on smina and AutoDock Vina.
Please cite appropriately.

Commandline: gnina -r results/DOCKING/7AAA.mol2 -l results/DOCKING/ligands_sdf/ligando_286.sdf -o results/DOCKING/results_mol2/docked_ligando_286.mol2 --center_x 8.59 --center_y 39.35 --center_z 9.53 --size_x 22 --size_y 16 --size_z 24 --num_modes 10 --exhaustiveness 8 --seed 1
Using random seed: 1

0%   10   20   30   40   50   60   70   80   90   100%
|----|----|----|----|----|----|----|----|----|----|
***************************************************

mode |  affinity  |  intramol  |    CNN     |   CNN
     | (kcal/mol) | (kcal/mol) | pose score | affinity
-----+------------+------------+------------+----------
    1       -9.11        1.50       0.6652      7.331
    2       -9.22        0.94       0.6333      7.146
    3       -9.89       -0.54       0.2174      6.937
    4      -10.42        0.02       0.2061      6.841
    5       -9.99       -0.76       0.1804      6.542
    6      -10.72        0.20       0.1300      6.183
    7      -10.35       -0.21       0.1270      6.690
    8      -10.36        0.68       0.1252      6.739
    9      -10.62        0.08       0.1056      6.447
   10      -10.06        0.10       0.1050      6.012
