              _             
             (_)            
   __ _ _ __  _ _ __   __ _ 
  / _` | '_ \| | '_ \ / _` |
 | (_| | | | | | | | | (_| |
  \__, |_| |_|_|_| |_|\__,_|
   __/ |                    
  |___/                     

gnina v1.3.3 master:6fe1ce2   Built Jun 30 2026.
gnina is based on smina and AutoDock Vina.
Please cite appropriately.

Commandline: gnina -r results/DOCKING/7AAA.mol2 -l results/DOCKING/ligands_sdf/ligando_339.sdf -o results/DOCKING/results_mol2/docked_ligando_339.mol2 --center_x 8.59 --center_y 39.35 --center_z 9.53 --size_x 22 --size_y 16 --size_z 24 --num_modes 10 --exhaustiveness 8 --seed 1
Using random seed: 1

0%   10   20   30   40   50   60   70   80   90   100%
|----|----|----|----|----|----|----|----|----|----|
***************************************************

mode |  affinity  |  intramol  |    CNN     |   CNN
     | (kcal/mol) | (kcal/mol) | pose score | affinity
-----+------------+------------+------------+----------
    1       -9.23       -0.67       0.6959      6.823
    2       -8.92       -0.57       0.6665      6.715
    3       -8.40        4.20       0.6496      6.894
    4       -9.69       -0.83       0.1631      5.811
    5       -9.24       -0.99       0.1063      5.915
    6       -8.92       -0.24       0.0975      6.048
    7       -9.99       -0.76       0.0800      5.904
    8       -8.92        3.67       0.0737      6.024
    9       -8.47        4.70       0.0511      5.923
   10       -9.39       -0.02       0.0364      5.308
