              _             
             (_)            
   __ _ _ __  _ _ __   __ _ 
  / _` | '_ \| | '_ \ / _` |
 | (_| | | | | | | | | (_| |
  \__, |_| |_|_|_| |_|\__,_|
   __/ |                    
  |___/                     

gnina v1.3.3 master:6fe1ce2   Built Jun 30 2026.
gnina is based on smina and AutoDock Vina.
Please cite appropriately.

Commandline: gnina -r results/DOCKING/7AAA.mol2 -l results/DOCKING/ligands_sdf/ligando_551.sdf -o results/DOCKING/results_mol2/docked_ligando_551.mol2 --center_x 8.59 --center_y 39.35 --center_z 9.53 --size_x 22 --size_y 16 --size_z 24 --num_modes 10 --exhaustiveness 8 --seed 1
Using random seed: 1

0%   10   20   30   40   50   60   70   80   90   100%
|----|----|----|----|----|----|----|----|----|----|
***************************************************

mode |  affinity  |  intramol  |    CNN     |   CNN
     | (kcal/mol) | (kcal/mol) | pose score | affinity
-----+------------+------------+------------+----------
    1       -5.13       -0.31       0.6617      5.718
    2       -8.83       -0.32       0.3085      6.020
    3       -5.51       -0.38       0.2296      4.978
    4        0.57       -0.35       0.2024      5.105
    5       -9.04       -0.34       0.1936      5.490
    6       59.69       -0.04       0.1768      4.874
    7       -4.84       -0.13       0.1600      5.476
    8       -7.92        0.20       0.1584      6.095
    9        3.34       -0.20       0.1307      4.765
   10       37.14        1.65       0.1126      4.721
