              _             
             (_)            
   __ _ _ __  _ _ __   __ _ 
  / _` | '_ \| | '_ \ / _` |
 | (_| | | | | | | | | (_| |
  \__, |_| |_|_|_| |_|\__,_|
   __/ |                    
  |___/                     

gnina v1.3.3 master:6fe1ce2   Built Jun 30 2026.
gnina is based on smina and AutoDock Vina.
Please cite appropriately.

Commandline: gnina -r results/DOCKING/7AAA.mol2 -l results/DOCKING/ligands_sdf/ligando_795.sdf -o results/DOCKING/results_mol2/docked_ligando_795.mol2 --center_x 8.59 --center_y 39.35 --center_z 9.53 --size_x 22 --size_y 16 --size_z 24 --num_modes 10 --exhaustiveness 8 --seed 1
Using random seed: 1

0%   10   20   30   40   50   60   70   80   90   100%
|----|----|----|----|----|----|----|----|----|----|
***************************************************

mode |  affinity  |  intramol  |    CNN     |   CNN
     | (kcal/mol) | (kcal/mol) | pose score | affinity
-----+------------+------------+------------+----------
    1       -6.85        0.16       0.3009      5.298
    2       -9.31       -0.38       0.1779      5.341
    3       -9.39       -0.38       0.1646      4.753
    4       -7.99       -0.17       0.1304      5.468
    5       -9.16       -0.35       0.1159      4.533
    6       -6.77       -0.18       0.1138      5.019
    7       -9.33       -0.35       0.0906      4.714
    8       -8.51       -0.38       0.0861      5.080
    9       -8.63       -0.24       0.0837      4.970
   10       -8.78       -0.38       0.0796      4.523
