              _             
             (_)            
   __ _ _ __  _ _ __   __ _ 
  / _` | '_ \| | '_ \ / _` |
 | (_| | | | | | | | | (_| |
  \__, |_| |_|_|_| |_|\__,_|
   __/ |                    
  |___/                     

gnina v1.3.3 master:6fe1ce2   Built Jun 30 2026.
gnina is based on smina and AutoDock Vina.
Please cite appropriately.

Commandline: gnina -r results/DOCKING/7AAA.mol2 -l results/DOCKING/ligands_sdf/ligando_647.sdf -o results/DOCKING/results_mol2/docked_ligando_647.mol2 --center_x 8.59 --center_y 39.35 --center_z 9.53 --size_x 22 --size_y 16 --size_z 24 --num_modes 10 --exhaustiveness 8 --seed 1
Using random seed: 1

0%   10   20   30   40   50   60   70   80   90   100%
|----|----|----|----|----|----|----|----|----|----|
***************************************************

mode |  affinity  |  intramol  |    CNN     |   CNN
     | (kcal/mol) | (kcal/mol) | pose score | affinity
-----+------------+------------+------------+----------
    1       -9.20       -0.76       0.3544      6.507
    2       -9.46       -0.89       0.3232      6.365
    3       -9.82        0.92       0.2990      6.561
    4       -8.37       -0.15       0.2601      6.470
    5       -9.45       -0.57       0.2139      5.958
    6       -9.10        0.70       0.1926      6.175
    7      -10.08        0.17       0.1737      6.108
    8       -9.43       -0.88       0.1683      6.016
    9       -8.48       -0.69       0.1621      6.179
   10       -9.60       -0.17       0.1597      5.876
