              _             
             (_)            
   __ _ _ __  _ _ __   __ _ 
  / _` | '_ \| | '_ \ / _` |
 | (_| | | | | | | | | (_| |
  \__, |_| |_|_|_| |_|\__,_|
   __/ |                    
  |___/                     

gnina v1.3.3 master:6fe1ce2   Built Jun 30 2026.
gnina is based on smina and AutoDock Vina.
Please cite appropriately.

Commandline: gnina -r results/DOCKING/7AAA.mol2 -l results/DOCKING/ligands_sdf/ligando_384.sdf -o results/DOCKING/results_mol2/docked_ligando_384.mol2 --center_x 8.59 --center_y 39.35 --center_z 9.53 --size_x 22 --size_y 16 --size_z 24 --num_modes 10 --exhaustiveness 8 --seed 1
Using random seed: 1

0%   10   20   30   40   50   60   70   80   90   100%
|----|----|----|----|----|----|----|----|----|----|
***************************************************

mode |  affinity  |  intramol  |    CNN     |   CNN
     | (kcal/mol) | (kcal/mol) | pose score | affinity
-----+------------+------------+------------+----------
    1       -8.59        0.03       0.2869      6.053
    2       -7.37        0.52       0.2096      5.913
    3       -8.60        0.42       0.1992      5.939
    4       -8.78       -0.11       0.1341      4.539
    5       -9.19        0.31       0.1004      5.397
    6       -8.24        0.30       0.0903      5.739
    7       -7.95        0.67       0.0838      5.289
    8       -8.17        0.52       0.0805      5.718
    9       -7.97        0.33       0.0631      5.281
   10       -8.15        0.41       0.0483      4.694
