              _             
             (_)            
   __ _ _ __  _ _ __   __ _ 
  / _` | '_ \| | '_ \ / _` |
 | (_| | | | | | | | | (_| |
  \__, |_| |_|_|_| |_|\__,_|
   __/ |                    
  |___/                     

gnina v1.3.3 master:6fe1ce2   Built Jun 30 2026.
gnina is based on smina and AutoDock Vina.
Please cite appropriately.

Commandline: gnina -r results/DOCKING/7AAA.mol2 -l results/DOCKING/ligands_sdf/ligando_053.sdf -o results/DOCKING/results_mol2/docked_ligando_053.mol2 --center_x 8.59 --center_y 39.35 --center_z 9.53 --size_x 22 --size_y 16 --size_z 24 --num_modes 10 --exhaustiveness 8 --seed 1
Using random seed: 1

0%   10   20   30   40   50   60   70   80   90   100%
|----|----|----|----|----|----|----|----|----|----|
***************************************************

mode |  affinity  |  intramol  |    CNN     |   CNN
     | (kcal/mol) | (kcal/mol) | pose score | affinity
-----+------------+------------+------------+----------
    1      -11.72       -0.06       0.3583      6.731
    2      -10.07        0.04       0.2200      6.237
    3       -9.06       -0.12       0.1329      6.310
    4       -8.85       -0.31       0.0959      5.599
    5      -10.91       -0.25       0.0934      6.253
    6      -11.32       -0.34       0.0904      5.478
    7       -7.75       -0.75       0.0736      4.957
    8      -11.24        0.04       0.0628      5.322
    9       -7.51       -0.78       0.0577      5.184
   10       -8.22        0.37       0.0576      5.767
