              _             
             (_)            
   __ _ _ __  _ _ __   __ _ 
  / _` | '_ \| | '_ \ / _` |
 | (_| | | | | | | | | (_| |
  \__, |_| |_|_|_| |_|\__,_|
   __/ |                    
  |___/                     

gnina v1.3.3 master:6fe1ce2   Built Jun 30 2026.
gnina is based on smina and AutoDock Vina.
Please cite appropriately.

Commandline: gnina -r results/DOCKING/7AAA.mol2 -l results/DOCKING/ligands_sdf/ligando_451.sdf -o results/DOCKING/results_mol2/docked_ligando_451.mol2 --center_x 8.59 --center_y 39.35 --center_z 9.53 --size_x 22 --size_y 16 --size_z 24 --num_modes 10 --exhaustiveness 8 --seed 1
Using random seed: 1

0%   10   20   30   40   50   60   70   80   90   100%
|----|----|----|----|----|----|----|----|----|----|
***************************************************
MolPort-035-673-738 CSSS03437791417 MCULE-9220016163 PubChem-91938455 | pose 0 | initial pose not within box

mode |  affinity  |  intramol  |    CNN     |   CNN
     | (kcal/mol) | (kcal/mol) | pose score | affinity
-----+------------+------------+------------+----------
    1       -9.00       -0.70       0.2327      5.923
    2       -8.83        1.52       0.2206      5.591
    3       -9.20        0.84       0.1577      5.138
    4       -8.54        0.79       0.1292      4.949
    5       -8.31        1.84       0.1127      5.175
    6       -8.42       -0.13       0.1097      4.135
    7       -9.61       -0.31       0.1003      4.958
    8       -8.95       -1.15       0.0848      4.999
    9       -7.84       -0.98       0.0811      5.217
   10       -9.33       -0.41       0.0741      4.064
