              _             
             (_)            
   __ _ _ __  _ _ __   __ _ 
  / _` | '_ \| | '_ \ / _` |
 | (_| | | | | | | | | (_| |
  \__, |_| |_|_|_| |_|\__,_|
   __/ |                    
  |___/                     

gnina v1.3.3 master:6fe1ce2   Built Jun 30 2026.
gnina is based on smina and AutoDock Vina.
Please cite appropriately.

Commandline: gnina -r results/DOCKING/7AAA.mol2 -l results/DOCKING/ligands_sdf/ligando_763.sdf -o results/DOCKING/results_mol2/docked_ligando_763.mol2 --center_x 8.59 --center_y 39.35 --center_z 9.53 --size_x 22 --size_y 16 --size_z 24 --num_modes 10 --exhaustiveness 8 --seed 1
Using random seed: 1

0%   10   20   30   40   50   60   70   80   90   100%
|----|----|----|----|----|----|----|----|----|----|
***************************************************
MolPort-007-723-520 20486745 ChemDiv-E157-6096 PubChem-46271961 ZINC000020486745 ZINC20486745 | pose 0 | initial pose not within box

mode |  affinity  |  intramol  |    CNN     |   CNN
     | (kcal/mol) | (kcal/mol) | pose score | affinity
-----+------------+------------+------------+----------
    1       -6.80        0.93       0.3306      6.139
    2       -8.19       -0.41       0.2797      5.846
    3       -5.16       -0.12       0.2731      6.098
    4       -7.30        0.51       0.2687      5.678
    5       -7.49       -0.05       0.1306      4.851
    6       -8.69       -0.53       0.1279      5.142
    7       -7.46       -0.19       0.1231      5.214
    8       -4.01        0.11       0.0898      5.074
    9       -9.92        1.43       0.0843      5.651
   10       -7.59        0.24       0.0816      5.282
