              _             
             (_)            
   __ _ _ __  _ _ __   __ _ 
  / _` | '_ \| | '_ \ / _` |
 | (_| | | | | | | | | (_| |
  \__, |_| |_|_|_| |_|\__,_|
   __/ |                    
  |___/                     

gnina v1.3.3 master:6fe1ce2   Built Jun 30 2026.
gnina is based on smina and AutoDock Vina.
Please cite appropriately.

Commandline: gnina -r results/DOCKING/7AAA.mol2 -l results/DOCKING/ligands_sdf/ligando_138.sdf -o results/DOCKING/results_mol2/docked_ligando_138.mol2 --center_x 8.59 --center_y 39.35 --center_z 9.53 --size_x 22 --size_y 16 --size_z 24 --num_modes 10 --exhaustiveness 8 --seed 1
Using random seed: 1

0%   10   20   30   40   50   60   70   80   90   100%
|----|----|----|----|----|----|----|----|----|----|
***************************************************

mode |  affinity  |  intramol  |    CNN     |   CNN
     | (kcal/mol) | (kcal/mol) | pose score | affinity
-----+------------+------------+------------+----------
    1       -8.21       -0.36       0.4773      5.510
    2       -8.89        0.63       0.3800      5.903
    3       -9.66       -0.06       0.3460      6.005
    4       -9.19       -0.38       0.3302      5.881
    5       -8.10       -0.61       0.2377      5.596
    6       -8.75        0.95       0.1549      5.377
    7       -7.47        1.23       0.1392      4.957
    8       -7.88       -0.03       0.1340      4.838
    9       -9.51        1.14       0.1214      5.106
   10       -9.39        0.78       0.1059      5.074
