              _             
             (_)            
   __ _ _ __  _ _ __   __ _ 
  / _` | '_ \| | '_ \ / _` |
 | (_| | | | | | | | | (_| |
  \__, |_| |_|_|_| |_|\__,_|
   __/ |                    
  |___/                     

gnina v1.3.3 master:6fe1ce2   Built Jun 30 2026.
gnina is based on smina and AutoDock Vina.
Please cite appropriately.

Commandline: gnina -r results/DOCKING/7AAA.mol2 -l results/DOCKING/ligands_sdf/ligando_488.sdf -o results/DOCKING/results_mol2/docked_ligando_488.mol2 --center_x 8.59 --center_y 39.35 --center_z 9.53 --size_x 22 --size_y 16 --size_z 24 --num_modes 10 --exhaustiveness 8 --seed 1
Using random seed: 1

0%   10   20   30   40   50   60   70   80   90   100%
|----|----|----|----|----|----|----|----|----|----|
***************************************************

mode |  affinity  |  intramol  |    CNN     |   CNN
     | (kcal/mol) | (kcal/mol) | pose score | affinity
-----+------------+------------+------------+----------
    1       -8.94       -0.01       0.1486      6.128
    2       -8.53       -0.23       0.1385      6.455
    3      -10.59       -0.69       0.1294      5.505
    4       -9.92       -0.55       0.1227      5.399
    5       -8.15       -0.41       0.1219      5.618
    6       -7.59        0.48       0.1183      5.542
    7       -9.16       -0.24       0.1165      4.973
    8       -7.49       -0.39       0.1136      5.896
    9       -9.68       -0.67       0.1016      5.710
   10       -8.52       -0.77       0.0754      5.492
