              _             
             (_)            
   __ _ _ __  _ _ __   __ _ 
  / _` | '_ \| | '_ \ / _` |
 | (_| | | | | | | | | (_| |
  \__, |_| |_|_|_| |_|\__,_|
   __/ |                    
  |___/                     

gnina v1.3.3 master:6fe1ce2   Built Jun 30 2026.
gnina is based on smina and AutoDock Vina.
Please cite appropriately.

Commandline: gnina -r results/DOCKING/7AAA.mol2 -l results/DOCKING/ligands_sdf/ligando_126.sdf -o results/DOCKING/results_mol2/docked_ligando_126.mol2 --center_x 8.59 --center_y 39.35 --center_z 9.53 --size_x 22 --size_y 16 --size_z 24 --num_modes 10 --exhaustiveness 8 --seed 1
Using random seed: 1

0%   10   20   30   40   50   60   70   80   90   100%
|----|----|----|----|----|----|----|----|----|----|
***************************************************
MolPort-003-121-662 9058316 CSSS03437103792 MCULE-8574513420 PubChem-16939933 ZINC000009058316 ZINC09058316 | pose 0 | ligand outside box
MolPort-003-121-662 9058316 CSSS03437103792 MCULE-8574513420 PubChem-16939933 ZINC000009058316 ZINC09058316 | pose 0 | ligand outside box
MolPort-003-121-662 9058316 CSSS03437103792 MCULE-8574513420 PubChem-16939933 ZINC000009058316 ZINC09058316 | pose 0 | ligand outside box
MolPort-003-121-662 9058316 CSSS03437103792 MCULE-8574513420 PubChem-16939933 ZINC000009058316 ZINC09058316 | pose 0 | ligand outside box
MolPort-003-121-662 9058316 CSSS03437103792 MCULE-8574513420 PubChem-16939933 ZINC000009058316 ZINC09058316 | pose 0 | ligand outside box
MolPort-003-121-662 9058316 CSSS03437103792 MCULE-8574513420 PubChem-16939933 ZINC000009058316 ZINC09058316 | pose 0 | initial pose not within box

mode |  affinity  |  intramol  |    CNN     |   CNN
     | (kcal/mol) | (kcal/mol) | pose score | affinity
-----+------------+------------+------------+----------
    1      -10.08       -0.92       0.5720      7.066
    2       -8.64       -0.90       0.5279      6.874
    3       -9.81       -1.02       0.4819      6.972
    4       -9.74       -1.06       0.3997      6.478
    5       -9.77       -1.17       0.3238      6.231
    6       -8.69       -1.05       0.3224      6.551
    7       -9.25       -0.77       0.2926      6.399
    8       -9.59       -0.31       0.2721      6.583
    9       -9.99       -1.33       0.2551      6.113
   10      -10.14       -0.12       0.1907      6.100
