              _             
             (_)            
   __ _ _ __  _ _ __   __ _ 
  / _` | '_ \| | '_ \ / _` |
 | (_| | | | | | | | | (_| |
  \__, |_| |_|_|_| |_|\__,_|
   __/ |                    
  |___/                     

gnina v1.3.3 master:6fe1ce2   Built Jun 30 2026.
gnina is based on smina and AutoDock Vina.
Please cite appropriately.

Commandline: gnina -r results/DOCKING/7AAA.mol2 -l results/DOCKING/ligands_sdf/ligando_562.sdf -o results/DOCKING/results_mol2/docked_ligando_562.mol2 --center_x 8.59 --center_y 39.35 --center_z 9.53 --size_x 22 --size_y 16 --size_z 24 --num_modes 10 --exhaustiveness 8 --seed 1
Using random seed: 1

0%   10   20   30   40   50   60   70   80   90   100%
|----|----|----|----|----|----|----|----|----|----|
***************************************************
MolPort-001-656-925 2804259 CHEMBL3487069 CSSS00133005194 MCULE-9047264522 PubChem-19582140 ZINC000002804259 ZINC02804259 | pose 0 | initial pose not within box

mode |  affinity  |  intramol  |    CNN     |   CNN
     | (kcal/mol) | (kcal/mol) | pose score | affinity
-----+------------+------------+------------+----------
    1       -7.06       -0.38       0.5557      5.935
    2       -7.51       -0.19       0.4281      5.505
    3       -7.63       -0.33       0.4252      5.349
    4       -7.23       -0.32       0.3171      5.555
    5       -6.53        0.01       0.2373      5.478
    6       -6.89       -0.04       0.1839      4.725
    7       -7.20       -0.42       0.1827      4.776
    8       -7.34       -0.32       0.1711      4.740
    9       -7.68        0.68       0.1549      4.980
   10       -6.64       -0.09       0.1499      4.640
