              _             
             (_)            
   __ _ _ __  _ _ __   __ _ 
  / _` | '_ \| | '_ \ / _` |
 | (_| | | | | | | | | (_| |
  \__, |_| |_|_|_| |_|\__,_|
   __/ |                    
  |___/                     

gnina v1.3.3 master:6fe1ce2   Built Jun 30 2026.
gnina is based on smina and AutoDock Vina.
Please cite appropriately.

Commandline: gnina -r results/DOCKING/7AAA.mol2 -l results/DOCKING/ligands_sdf/ligando_065.sdf -o results/DOCKING/results_mol2/docked_ligando_065.mol2 --center_x 8.59 --center_y 39.35 --center_z 9.53 --size_x 22 --size_y 16 --size_z 24 --num_modes 10 --exhaustiveness 8 --seed 1
Using random seed: 1

0%   10   20   30   40   50   60   70   80   90   100%
|----|----|----|----|----|----|----|----|----|----|
***************************************************

mode |  affinity  |  intramol  |    CNN     |   CNN
     | (kcal/mol) | (kcal/mol) | pose score | affinity
-----+------------+------------+------------+----------
    1       -7.57       -0.46       0.6100      5.910
    2       -6.31       -0.44       0.4008      4.972
    3       -7.09       -0.65       0.3479      5.802
    4       -7.75       -0.65       0.3209      5.445
    5       -6.79       -0.40       0.2151      5.558
    6       -8.01        0.17       0.1643      5.348
    7       -7.56       -0.27       0.1428      5.428
    8       -8.21       -0.25       0.1134      4.627
    9       -8.06       -0.65       0.1111      4.576
   10       -6.46       -0.62       0.1089      4.979
