              _             
             (_)            
   __ _ _ __  _ _ __   __ _ 
  / _` | '_ \| | '_ \ / _` |
 | (_| | | | | | | | | (_| |
  \__, |_| |_|_|_| |_|\__,_|
   __/ |                    
  |___/                     

gnina v1.3.3 master:6fe1ce2   Built Jun 30 2026.
gnina is based on smina and AutoDock Vina.
Please cite appropriately.

Commandline: gnina -r results/DOCKING/7AAA.mol2 -l results/DOCKING/ligands_sdf/ligando_231.sdf -o results/DOCKING/results_mol2/docked_ligando_231.mol2 --center_x 8.59 --center_y 39.35 --center_z 9.53 --size_x 22 --size_y 16 --size_z 24 --num_modes 10 --exhaustiveness 8 --seed 1
Using random seed: 1

0%   10   20   30   40   50   60   70   80   90   100%
|----|----|----|----|----|----|----|----|----|----|
***************************************************
MolPort-029-900-191 96153777 CSC047926571 CSSS00047926571 MCULE-7326517109 PubChem-72905603 ZINC000096153777 ZINC96153777 | pose 0 | initial pose not within box

mode |  affinity  |  intramol  |    CNN     |   CNN
     | (kcal/mol) | (kcal/mol) | pose score | affinity
-----+------------+------------+------------+----------
    1       -8.03        0.28       0.7663      6.366
    2       -8.43       -0.39       0.2910      5.620
    3       -9.08       -0.11       0.1990      5.446
    4       -7.37        0.21       0.1511      5.279
    5       -7.29       -0.48       0.1478      5.011
    6       -7.03       -0.54       0.1423      5.352
    7       -7.74       -0.37       0.1414      5.419
    8       -7.23       -1.01       0.1374      4.740
    9       -9.28       -0.38       0.1322      4.514
   10       -7.69       -0.62       0.1106      4.466
