              _             
             (_)            
   __ _ _ __  _ _ __   __ _ 
  / _` | '_ \| | '_ \ / _` |
 | (_| | | | | | | | | (_| |
  \__, |_| |_|_|_| |_|\__,_|
   __/ |                    
  |___/                     

gnina v1.3.3 master:6fe1ce2   Built Jun 30 2026.
gnina is based on smina and AutoDock Vina.
Please cite appropriately.

Commandline: gnina -r results/DOCKING/7AAA.mol2 -l results/DOCKING/ligands_sdf/ligando_769.sdf -o results/DOCKING/results_mol2/docked_ligando_769.mol2 --center_x 8.59 --center_y 39.35 --center_z 9.53 --size_x 22 --size_y 16 --size_z 24 --num_modes 10 --exhaustiveness 8 --seed 1
Using random seed: 1

0%   10   20   30   40   50   60   70   80   90   100%
|----|----|----|----|----|----|----|----|----|----|
***************************************************

mode |  affinity  |  intramol  |    CNN     |   CNN
     | (kcal/mol) | (kcal/mol) | pose score | affinity
-----+------------+------------+------------+----------
    1       -7.31       -0.72       0.2651      5.866
    2       -7.76       -0.25       0.2559      5.682
    3       -6.69       -0.72       0.1917      5.553
    4       -8.13       -0.32       0.1767      4.544
    5       -6.65       -0.35       0.1357      4.778
    6       -7.98       -0.59       0.1299      5.149
    7       -6.20       -0.82       0.1272      4.911
    8       -7.09       -0.55       0.1256      4.873
    9       -6.51       -0.24       0.1172      5.273
   10       -6.90       -0.67       0.1118      5.604
