              _             
             (_)            
   __ _ _ __  _ _ __   __ _ 
  / _` | '_ \| | '_ \ / _` |
 | (_| | | | | | | | | (_| |
  \__, |_| |_|_|_| |_|\__,_|
   __/ |                    
  |___/                     

gnina v1.3.3 master:6fe1ce2   Built Jun 30 2026.
gnina is based on smina and AutoDock Vina.
Please cite appropriately.

Commandline: gnina -r results/DOCKING/7AAA.mol2 -l results/DOCKING/ligands_sdf/ligando_056.sdf -o results/DOCKING/results_mol2/docked_ligando_056.mol2 --center_x 8.59 --center_y 39.35 --center_z 9.53 --size_x 22 --size_y 16 --size_z 24 --num_modes 10 --exhaustiveness 8 --seed 1
Using random seed: 1

0%   10   20   30   40   50   60   70   80   90   100%
|----|----|----|----|----|----|----|----|----|----|
***************************************************
MolPort-005-137-957 11949142 CHEMBL1879493 CSSS00159792005 PubChem-24793839 ZINC000011949142 | pose 0 | initial pose not within box

mode |  affinity  |  intramol  |    CNN     |   CNN
     | (kcal/mol) | (kcal/mol) | pose score | affinity
-----+------------+------------+------------+----------
    1       -8.88       -0.30       0.4323      6.774
    2       -9.03       -0.20       0.1830      6.294
    3       -9.68        0.96       0.1428      6.660
    4       -9.40        0.10       0.1406      6.147
    5      -10.58        0.64       0.1146      6.259
    6       -7.75       -1.20       0.1054      5.515
    7       -9.44        0.10       0.0847      5.763
    8       -8.79        0.39       0.0833      5.678
    9      -10.51        0.02       0.0808      5.041
   10       -9.41       -0.94       0.0765      5.646
