              _             
             (_)            
   __ _ _ __  _ _ __   __ _ 
  / _` | '_ \| | '_ \ / _` |
 | (_| | | | | | | | | (_| |
  \__, |_| |_|_|_| |_|\__,_|
   __/ |                    
  |___/                     

gnina v1.3.3 master:6fe1ce2   Built Jun 30 2026.
gnina is based on smina and AutoDock Vina.
Please cite appropriately.

Commandline: gnina -r results/DOCKING/7AAA.mol2 -l results/DOCKING/ligands_sdf/ligando_700.sdf -o results/DOCKING/results_mol2/docked_ligando_700.mol2 --center_x 8.59 --center_y 39.35 --center_z 9.53 --size_x 22 --size_y 16 --size_z 24 --num_modes 10 --exhaustiveness 8 --seed 1
Using random seed: 1

0%   10   20   30   40   50   60   70   80   90   100%
|----|----|----|----|----|----|----|----|----|----|
***************************************************
MolPort-007-723-742 6818444 CHEMBL1311289 ChemDiv-E157-8442 MCULE-4528937544 PubChem-22518215 ZINC000006818444 ZINC06818444 | pose 0 | ligand outside box
MolPort-007-723-742 6818444 CHEMBL1311289 ChemDiv-E157-8442 MCULE-4528937544 PubChem-22518215 ZINC000006818444 ZINC06818444 | pose 0 | ligand outside box

mode |  affinity  |  intramol  |    CNN     |   CNN
     | (kcal/mol) | (kcal/mol) | pose score | affinity
-----+------------+------------+------------+----------
    1       -8.25       -0.08       0.1419      5.342
    2       -7.67        0.90       0.1303      5.320
    3       -6.41       -0.21       0.1201      5.251
    4       -8.45        0.03       0.0927      5.675
    5       -6.36       -0.30       0.0918      4.925
    6       -7.76       -0.10       0.0910      5.313
    7       -8.23       -0.13       0.0860      5.379
    8       -8.89       -0.19       0.0748      4.910
    9       -8.11       -0.37       0.0714      4.695
   10       -8.22       -0.02       0.0710      5.345
