              _             
             (_)            
   __ _ _ __  _ _ __   __ _ 
  / _` | '_ \| | '_ \ / _` |
 | (_| | | | | | | | | (_| |
  \__, |_| |_|_|_| |_|\__,_|
   __/ |                    
  |___/                     

gnina v1.3.3 master:6fe1ce2   Built Jun 30 2026.
gnina is based on smina and AutoDock Vina.
Please cite appropriately.

Commandline: gnina -r results/DOCKING/7AAA.mol2 -l results/DOCKING/ligands_sdf/ligando_354.sdf -o results/DOCKING/results_mol2/docked_ligando_354.mol2 --center_x 8.59 --center_y 39.35 --center_z 9.53 --size_x 22 --size_y 16 --size_z 24 --num_modes 10 --exhaustiveness 8 --seed 1
Using random seed: 1

0%   10   20   30   40   50   60   70   80   90   100%
|----|----|----|----|----|----|----|----|----|----|
***************************************************

mode |  affinity  |  intramol  |    CNN     |   CNN
     | (kcal/mol) | (kcal/mol) | pose score | affinity
-----+------------+------------+------------+----------
    1       -8.25       -0.55       0.2629      4.916
    2       -8.04       -0.67       0.2412      5.204
    3       -8.08       -0.58       0.1958      4.921
    4       -7.05       -0.57       0.1798      4.809
    5       -7.04       -0.62       0.1765      4.715
    6       -7.65       -0.47       0.1738      5.181
    7       -7.50       -0.53       0.1645      5.023
    8       -7.03        0.14       0.1498      4.624
    9       -6.95       -0.42       0.1308      4.728
   10       -7.66       -0.37       0.1280      4.238
