              _             
             (_)            
   __ _ _ __  _ _ __   __ _ 
  / _` | '_ \| | '_ \ / _` |
 | (_| | | | | | | | | (_| |
  \__, |_| |_|_|_| |_|\__,_|
   __/ |                    
  |___/                     

gnina v1.3.3 master:6fe1ce2   Built Jun 30 2026.
gnina is based on smina and AutoDock Vina.
Please cite appropriately.

Commandline: gnina -r results/DOCKING/7AAA.mol2 -l results/DOCKING/ligands_sdf/ligando_183.sdf -o results/DOCKING/results_mol2/docked_ligando_183.mol2 --center_x 8.59 --center_y 39.35 --center_z 9.53 --size_x 22 --size_y 16 --size_z 24 --num_modes 10 --exhaustiveness 8 --seed 1
Using random seed: 1

0%   10   20   30   40   50   60   70   80   90   100%
|----|----|----|----|----|----|----|----|----|----|
***************************************************
MolPort-004-886-863 11917139 CSSS00160882810 ChemDiv-D337-0195 LN01984288 MCULE-1689293103 PubChem-16455803 ZINC000011917139 ZINC11917139 | pose 0 | initial pose not within box

mode |  affinity  |  intramol  |    CNN     |   CNN
     | (kcal/mol) | (kcal/mol) | pose score | affinity
-----+------------+------------+------------+----------
    1       -7.54       -0.53       0.2810      6.070
    2       -7.34       -0.49       0.1261      5.564
    3       -7.02       -0.46       0.1188      5.487
    4       -6.69       -0.47       0.1093      5.632
    5       -8.65       -0.63       0.1044      5.358
    6       -7.19       -0.26       0.1039      5.534
    7       -6.24       -0.43       0.0774      5.167
    8       -6.43       -0.15       0.0753      5.307
    9       -8.28       -0.34       0.0655      5.280
   10       -5.97       -0.54       0.0581      5.379
