              _             
             (_)            
   __ _ _ __  _ _ __   __ _ 
  / _` | '_ \| | '_ \ / _` |
 | (_| | | | | | | | | (_| |
  \__, |_| |_|_|_| |_|\__,_|
   __/ |                    
  |___/                     

gnina v1.3.3 master:6fe1ce2   Built Jun 30 2026.
gnina is based on smina and AutoDock Vina.
Please cite appropriately.

Commandline: gnina -r results/DOCKING/7AAA.mol2 -l results/DOCKING/ligands_sdf/ligando_236.sdf -o results/DOCKING/results_mol2/docked_ligando_236.mol2 --center_x 8.59 --center_y 39.35 --center_z 9.53 --size_x 22 --size_y 16 --size_z 24 --num_modes 10 --exhaustiveness 8 --seed 1
Using random seed: 1

0%   10   20   30   40   50   60   70   80   90   100%
|----|----|----|----|----|----|----|----|----|----|
***************************************************

mode |  affinity  |  intramol  |    CNN     |   CNN
     | (kcal/mol) | (kcal/mol) | pose score | affinity
-----+------------+------------+------------+----------
    1       -8.50        1.09       0.7571      7.203
    2       -8.66       -0.40       0.5197      6.723
    3       -8.76       -0.26       0.5062      6.952
    4       -9.02       -0.54       0.5000      6.756
    5       -8.44        0.10       0.3930      6.753
    6       -9.99       -0.59       0.2362      6.335
    7       -8.81       -0.23       0.2311      6.503
    8       -8.90       -0.13       0.2288      6.377
    9       -9.37       -0.76       0.2255      6.316
   10       -8.77        0.13       0.2100      6.058
