              _             
             (_)            
   __ _ _ __  _ _ __   __ _ 
  / _` | '_ \| | '_ \ / _` |
 | (_| | | | | | | | | (_| |
  \__, |_| |_|_|_| |_|\__,_|
   __/ |                    
  |___/                     

gnina v1.3.3 master:6fe1ce2   Built Jun 30 2026.
gnina is based on smina and AutoDock Vina.
Please cite appropriately.

Commandline: gnina -r results/DOCKING/7AAA.mol2 -l results/DOCKING/ligands_sdf/ligando_372.sdf -o results/DOCKING/results_mol2/docked_ligando_372.mol2 --center_x 8.59 --center_y 39.35 --center_z 9.53 --size_x 22 --size_y 16 --size_z 24 --num_modes 10 --exhaustiveness 8 --seed 1
Using random seed: 1

0%   10   20   30   40   50   60   70   80   90   100%
|----|----|----|----|----|----|----|----|----|----|
***************************************************

mode |  affinity  |  intramol  |    CNN     |   CNN
     | (kcal/mol) | (kcal/mol) | pose score | affinity
-----+------------+------------+------------+----------
    1       -7.77        1.44       0.3781      6.114
    2       -8.36        0.47       0.3527      5.882
    3       -8.09        0.70       0.3068      6.139
    4       -7.56        0.40       0.2474      6.161
    5       -7.34        1.05       0.1959      5.867
    6       -6.59        2.17       0.1420      5.792
    7       -8.75       -0.34       0.1380      4.772
    8       -6.36       -0.40       0.0977      5.542
    9       -7.19        0.33       0.0958      5.706
   10       -7.52        0.33       0.0875      5.167
