              _             
             (_)            
   __ _ _ __  _ _ __   __ _ 
  / _` | '_ \| | '_ \ / _` |
 | (_| | | | | | | | | (_| |
  \__, |_| |_|_|_| |_|\__,_|
   __/ |                    
  |___/                     

gnina v1.3.3 master:6fe1ce2   Built Jun 30 2026.
gnina is based on smina and AutoDock Vina.
Please cite appropriately.

Commandline: gnina -r results/DOCKING/7AAA.mol2 -l results/DOCKING/ligands_sdf/ligando_255.sdf -o results/DOCKING/results_mol2/docked_ligando_255.mol2 --center_x 8.59 --center_y 39.35 --center_z 9.53 --size_x 22 --size_y 16 --size_z 24 --num_modes 10 --exhaustiveness 8 --seed 1
Using random seed: 1

0%   10   20   30   40   50   60   70   80   90   100%
|----|----|----|----|----|----|----|----|----|----|
***************************************************

mode |  affinity  |  intramol  |    CNN     |   CNN
     | (kcal/mol) | (kcal/mol) | pose score | affinity
-----+------------+------------+------------+----------
    1      -10.15       -0.79       0.2909      6.779
    2       -9.74        0.71       0.1608      5.983
    3      -10.30       -0.75       0.1531      6.002
    4       -8.59       -0.61       0.1378      6.280
    5       -8.61       -1.21       0.1243      6.249
    6       -8.86        0.19       0.1232      5.952
    7       -9.54       -0.86       0.1225      5.637
    8       -9.48       -0.81       0.1215      5.929
    9      -10.34       -0.48       0.1183      5.496
   10       -9.19       -0.62       0.1179      5.662
