              _             
             (_)            
   __ _ _ __  _ _ __   __ _ 
  / _` | '_ \| | '_ \ / _` |
 | (_| | | | | | | | | (_| |
  \__, |_| |_|_|_| |_|\__,_|
   __/ |                    
  |___/                     

gnina v1.3.3 master:6fe1ce2   Built Jun 30 2026.
gnina is based on smina and AutoDock Vina.
Please cite appropriately.

Commandline: gnina -r results/DOCKING/7AAA.mol2 -l results/DOCKING/ligands_sdf/ligando_145.sdf -o results/DOCKING/results_mol2/docked_ligando_145.mol2 --center_x 8.59 --center_y 39.35 --center_z 9.53 --size_x 22 --size_y 16 --size_z 24 --num_modes 10 --exhaustiveness 8 --seed 1
Using random seed: 1

0%   10   20   30   40   50   60   70   80   90   100%
|----|----|----|----|----|----|----|----|----|----|
***************************************************
Molport-047-072-014 PubChem-132767563 | pose 0 | ligand outside box
Molport-047-072-014 PubChem-132767563 | pose 0 | ligand outside box
Molport-047-072-014 PubChem-132767563 | pose 0 | ligand outside box
Molport-047-072-014 PubChem-132767563 | pose 0 | ligand outside box
Molport-047-072-014 PubChem-132767563 | pose 0 | ligand outside box
Molport-047-072-014 PubChem-132767563 | pose 0 | initial pose not within box
Molport-047-072-014 PubChem-132767563 | pose 0 | ligand outside box
Molport-047-072-014 PubChem-132767563 | pose 0 | ligand outside box
Molport-047-072-014 PubChem-132767563 | pose 0 | ligand outside box
Molport-047-072-014 PubChem-132767563 | pose 0 | ligand outside box
Molport-047-072-014 PubChem-132767563 | pose 0 | ligand outside box
Molport-047-072-014 PubChem-132767563 | pose 0 | initial pose not within box

mode |  affinity  |  intramol  |    CNN     |   CNN
     | (kcal/mol) | (kcal/mol) | pose score | affinity
-----+------------+------------+------------+----------
    1       -8.16       -1.14       0.1234      6.396
    2       -7.77       -1.07       0.0679      6.158
    3      -11.63       -0.20       0.0674      6.389
    4       -6.01       -0.62       0.0548      6.144
    5       -8.20       -0.81       0.0517      5.942
    6      -11.14       -0.27       0.0474      6.332
    7      -11.03       -0.35       0.0468      6.322
    8      -10.16       -0.08       0.0386      5.762
    9       -8.24       -0.90       0.0329      5.388
   10       -9.80       -0.49       0.0247      6.476
