              _             
             (_)            
   __ _ _ __  _ _ __   __ _ 
  / _` | '_ \| | '_ \ / _` |
 | (_| | | | | | | | | (_| |
  \__, |_| |_|_|_| |_|\__,_|
   __/ |                    
  |___/                     

gnina v1.3.3 master:6fe1ce2   Built Jun 30 2026.
gnina is based on smina and AutoDock Vina.
Please cite appropriately.

Commandline: gnina -r results/DOCKING/7AAA.mol2 -l results/DOCKING/ligands_sdf/ligando_137.sdf -o results/DOCKING/results_mol2/docked_ligando_137.mol2 --center_x 8.59 --center_y 39.35 --center_z 9.53 --size_x 22 --size_y 16 --size_z 24 --num_modes 10 --exhaustiveness 8 --seed 1
Using random seed: 1

0%   10   20   30   40   50   60   70   80   90   100%
|----|----|----|----|----|----|----|----|----|----|
***************************************************

mode |  affinity  |  intramol  |    CNN     |   CNN
     | (kcal/mol) | (kcal/mol) | pose score | affinity
-----+------------+------------+------------+----------
    1       -7.23       -0.12       0.7262      6.499
    2       -8.12       -0.36       0.4247      5.626
    3       -6.89       -0.47       0.3722      5.793
    4       -8.04       -0.39       0.3040      5.475
    5       -8.03       -0.39       0.2668      5.414
    6       -7.18       -0.29       0.1340      4.833
    7       -7.43       -0.64       0.1236      4.964
    8       -8.01       -0.45       0.1142      4.690
    9       -8.09       -0.63       0.0856      4.986
   10       -6.94       -0.48       0.0849      4.674
