              _             
             (_)            
   __ _ _ __  _ _ __   __ _ 
  / _` | '_ \| | '_ \ / _` |
 | (_| | | | | | | | | (_| |
  \__, |_| |_|_|_| |_|\__,_|
   __/ |                    
  |___/                     

gnina v1.3.3 master:6fe1ce2   Built Jun 30 2026.
gnina is based on smina and AutoDock Vina.
Please cite appropriately.

Commandline: gnina -r results/DOCKING/7AAA.mol2 -l results/DOCKING/ligands_sdf/ligando_445.sdf -o results/DOCKING/results_mol2/docked_ligando_445.mol2 --center_x 8.59 --center_y 39.35 --center_z 9.53 --size_x 22 --size_y 16 --size_z 24 --num_modes 10 --exhaustiveness 8 --seed 1
Using random seed: 1

0%   10   20   30   40   50   60   70   80   90   100%
|----|----|----|----|----|----|----|----|----|----|
***************************************************

mode |  affinity  |  intramol  |    CNN     |   CNN
     | (kcal/mol) | (kcal/mol) | pose score | affinity
-----+------------+------------+------------+----------
    1       -8.58       -0.27       0.5850      6.271
    2       -7.83        0.11       0.4079      6.187
    3       -7.80        0.52       0.4075      6.136
    4       -7.75        0.57       0.2768      6.009
    5       -7.36        0.06       0.2616      5.789
    6       -7.35       -0.51       0.2482      5.940
    7       -7.44       -0.16       0.2152      5.461
    8       -7.67       -0.43       0.1734      5.278
    9       -7.46       -0.47       0.1627      5.546
   10       -7.23        0.05       0.1411      4.947
