              _             
             (_)            
   __ _ _ __  _ _ __   __ _ 
  / _` | '_ \| | '_ \ / _` |
 | (_| | | | | | | | | (_| |
  \__, |_| |_|_|_| |_|\__,_|
   __/ |                    
  |___/                     

gnina v1.3.3 master:6fe1ce2   Built Jun 30 2026.
gnina is based on smina and AutoDock Vina.
Please cite appropriately.

Commandline: gnina -r results/DOCKING/7AAA.mol2 -l results/DOCKING/ligands_sdf/ligando_517.sdf -o results/DOCKING/results_mol2/docked_ligando_517.mol2 --center_x 8.59 --center_y 39.35 --center_z 9.53 --size_x 22 --size_y 16 --size_z 24 --num_modes 10 --exhaustiveness 8 --seed 1
Using random seed: 1

0%   10   20   30   40   50   60   70   80   90   100%
|----|----|----|----|----|----|----|----|----|----|
***************************************************

mode |  affinity  |  intramol  |    CNN     |   CNN
     | (kcal/mol) | (kcal/mol) | pose score | affinity
-----+------------+------------+------------+----------
    1       -8.99       -0.23       0.2994      6.422
    2      -10.91        0.81       0.2861      6.267
    3       -8.47       -0.56       0.1950      6.071
    4       -8.64        1.11       0.1496      6.365
    5       -9.85       -0.71       0.1410      5.825
    6       -9.63        0.69       0.1183      5.948
    7       -9.10       -0.23       0.1155      5.983
    8       -9.40       -0.65       0.1025      6.031
    9       -9.80        0.21       0.0956      5.802
   10       -9.70       -0.16       0.0913      6.069
