              _             
             (_)            
   __ _ _ __  _ _ __   __ _ 
  / _` | '_ \| | '_ \ / _` |
 | (_| | | | | | | | | (_| |
  \__, |_| |_|_|_| |_|\__,_|
   __/ |                    
  |___/                     

gnina v1.3.3 master:6fe1ce2   Built Jun 30 2026.
gnina is based on smina and AutoDock Vina.
Please cite appropriately.

Commandline: gnina -r results/DOCKING/7AAA.mol2 -l results/DOCKING/ligands_sdf/ligando_556.sdf -o results/DOCKING/results_mol2/docked_ligando_556.mol2 --center_x 8.59 --center_y 39.35 --center_z 9.53 --size_x 22 --size_y 16 --size_z 24 --num_modes 10 --exhaustiveness 8 --seed 1
Using random seed: 1

0%   10   20   30   40   50   60   70   80   90   100%
|----|----|----|----|----|----|----|----|----|----|
***************************************************
MolPort-002-656-088 9348381 CSSS00160703797 LN00744611 MCULE-6543181931 PubChem-4971255 ZINC000009348381 | pose 0 | initial pose not within box
MolPort-002-656-088 9348381 CSSS00160703797 LN00744611 MCULE-6543181931 PubChem-4971255 ZINC000009348381 | pose 0 | ligand outside box
MolPort-002-656-088 9348381 CSSS00160703797 LN00744611 MCULE-6543181931 PubChem-4971255 ZINC000009348381 | pose 0 | ligand outside box
MolPort-002-656-088 9348381 CSSS00160703797 LN00744611 MCULE-6543181931 PubChem-4971255 ZINC000009348381 | pose 0 | ligand outside box
MolPort-002-656-088 9348381 CSSS00160703797 LN00744611 MCULE-6543181931 PubChem-4971255 ZINC000009348381 | pose 0 | ligand outside box
MolPort-002-656-088 9348381 CSSS00160703797 LN00744611 MCULE-6543181931 PubChem-4971255 ZINC000009348381 | pose 0 | ligand outside box
MolPort-002-656-088 9348381 CSSS00160703797 LN00744611 MCULE-6543181931 PubChem-4971255 ZINC000009348381 | pose 0 | ligand outside box
MolPort-002-656-088 9348381 CSSS00160703797 LN00744611 MCULE-6543181931 PubChem-4971255 ZINC000009348381 | pose 0 | ligand outside box

mode |  affinity  |  intramol  |    CNN     |   CNN
     | (kcal/mol) | (kcal/mol) | pose score | affinity
-----+------------+------------+------------+----------
    1       -0.97       -0.84       0.2778      6.424
    2       -0.89       -1.49       0.2049      6.037
    3       14.12       -1.43       0.1930      5.633
    4       -0.42       -0.88       0.1838      6.027
    5       12.30       -0.40       0.1674      4.922
    6       -2.15        1.18       0.1565      5.718
    7      -10.63        0.78       0.1524      6.528
    8       22.55       -0.30       0.1158      5.660
    9       -9.04       -1.13       0.1031      6.357
   10       -2.88       -0.85       0.1010      5.925
