              _             
             (_)            
   __ _ _ __  _ _ __   __ _ 
  / _` | '_ \| | '_ \ / _` |
 | (_| | | | | | | | | (_| |
  \__, |_| |_|_|_| |_|\__,_|
   __/ |                    
  |___/                     

gnina v1.3.3 master:6fe1ce2   Built Jun 30 2026.
gnina is based on smina and AutoDock Vina.
Please cite appropriately.

Commandline: gnina -r results/DOCKING/7AAA.mol2 -l results/DOCKING/ligands_sdf/ligando_656.sdf -o results/DOCKING/results_mol2/docked_ligando_656.mol2 --center_x 8.59 --center_y 39.35 --center_z 9.53 --size_x 22 --size_y 16 --size_z 24 --num_modes 10 --exhaustiveness 8 --seed 1
Using random seed: 1

0%   10   20   30   40   50   60   70   80   90   100%
|----|----|----|----|----|----|----|----|----|----|
***************************************************
MolPort-046-061-713 MCULE-4990245677 PubChem-132448873 | pose 0 | ligand outside box
MolPort-046-061-713 MCULE-4990245677 PubChem-132448873 | pose 0 | ligand outside box

mode |  affinity  |  intramol  |    CNN     |   CNN
     | (kcal/mol) | (kcal/mol) | pose score | affinity
-----+------------+------------+------------+----------
    1       -8.77        0.13       0.6922      6.800
    2       11.26        4.05       0.3356      5.229
    3       -9.32       -0.02       0.2642      6.304
    4       -6.93        0.06       0.1619      5.704
    5       -9.69        1.22       0.1400      5.802
    6       -8.55       -0.46       0.1304      5.817
    7       -9.50        0.29       0.1198      5.542
    8       -8.82        1.13       0.1167      6.062
    9       -8.14        0.31       0.0995      5.959
   10       -9.70       -0.62       0.0957      5.013
