              _             
             (_)            
   __ _ _ __  _ _ __   __ _ 
  / _` | '_ \| | '_ \ / _` |
 | (_| | | | | | | | | (_| |
  \__, |_| |_|_|_| |_|\__,_|
   __/ |                    
  |___/                     

gnina v1.3.3 master:6fe1ce2   Built Jun 30 2026.
gnina is based on smina and AutoDock Vina.
Please cite appropriately.

Commandline: gnina -r results/DOCKING/7AAA.mol2 -l results/DOCKING/ligands_sdf/ligando_542.sdf -o results/DOCKING/results_mol2/docked_ligando_542.mol2 --center_x 8.59 --center_y 39.35 --center_z 9.53 --size_x 22 --size_y 16 --size_z 24 --num_modes 10 --exhaustiveness 8 --seed 1
Using random seed: 1

0%   10   20   30   40   50   60   70   80   90   100%
|----|----|----|----|----|----|----|----|----|----|
***************************************************

mode |  affinity  |  intramol  |    CNN     |   CNN
     | (kcal/mol) | (kcal/mol) | pose score | affinity
-----+------------+------------+------------+----------
    1       -6.30       -0.24       0.4394      5.455
    2       -6.71       -0.28       0.4076      4.966
    3       -6.42       -0.18       0.3751      5.290
    4       -6.07       -0.29       0.1862      4.916
    5       -5.52       -0.23       0.1470      4.460
    6       -6.38       -0.22       0.1358      4.925
    7       -5.48       -0.28       0.1292      4.319
    8       -6.35       -0.27       0.1177      4.789
    9       -5.64        0.02       0.0995      4.419
   10       -6.80        0.25       0.0968      4.427
