              _             
             (_)            
   __ _ _ __  _ _ __   __ _ 
  / _` | '_ \| | '_ \ / _` |
 | (_| | | | | | | | | (_| |
  \__, |_| |_|_|_| |_|\__,_|
   __/ |                    
  |___/                     

gnina v1.3.3 master:6fe1ce2   Built Jun 30 2026.
gnina is based on smina and AutoDock Vina.
Please cite appropriately.

Commandline: gnina -r results/DOCKING/7AAA.mol2 -l results/DOCKING/ligands_sdf/ligando_170.sdf -o results/DOCKING/results_mol2/docked_ligando_170.mol2 --center_x 8.59 --center_y 39.35 --center_z 9.53 --size_x 22 --size_y 16 --size_z 24 --num_modes 10 --exhaustiveness 8 --seed 1
Using random seed: 1

0%   10   20   30   40   50   60   70   80   90   100%
|----|----|----|----|----|----|----|----|----|----|
***************************************************

mode |  affinity  |  intramol  |    CNN     |   CNN
     | (kcal/mol) | (kcal/mol) | pose score | affinity
-----+------------+------------+------------+----------
    1      -10.04       -0.40       0.5390      6.782
    2       -8.50       -0.38       0.4952      6.610
    3       -9.81        0.07       0.4678      6.764
    4       -9.35        0.12       0.3631      6.719
    5       -9.69        0.21       0.2844      6.489
    6       -8.82       -0.78       0.2533      6.666
    7       -9.34       -0.38       0.1843      6.226
    8       -9.55        0.24       0.1745      6.189
    9       -8.96       -0.17       0.1674      5.945
   10       -9.46        0.31       0.1592      6.278
