              _             
             (_)            
   __ _ _ __  _ _ __   __ _ 
  / _` | '_ \| | '_ \ / _` |
 | (_| | | | | | | | | (_| |
  \__, |_| |_|_|_| |_|\__,_|
   __/ |                    
  |___/                     

gnina v1.3.3 master:6fe1ce2   Built Jun 30 2026.
gnina is based on smina and AutoDock Vina.
Please cite appropriately.

Commandline: gnina -r results/DOCKING/7AAA.mol2 -l results/DOCKING/ligands_sdf/ligando_508.sdf -o results/DOCKING/results_mol2/docked_ligando_508.mol2 --center_x 8.59 --center_y 39.35 --center_z 9.53 --size_x 22 --size_y 16 --size_z 24 --num_modes 10 --exhaustiveness 8 --seed 1
Using random seed: 1

0%   10   20   30   40   50   60   70   80   90   100%
|----|----|----|----|----|----|----|----|----|----|
***************************************************

mode |  affinity  |  intramol  |    CNN     |   CNN
     | (kcal/mol) | (kcal/mol) | pose score | affinity
-----+------------+------------+------------+----------
    1       -8.99        1.47       0.4127      6.279
    2       -8.18       -0.48       0.3935      6.196
    3       -9.57       -0.30       0.3014      6.138
    4       -9.62       -0.17       0.1898      5.797
    5       -9.68       -0.42       0.1897      5.912
    6       -7.90       -0.46       0.1801      5.706
    7       -7.19       -0.52       0.1550      5.828
    8       -8.74       -0.66       0.1192      6.013
    9       -8.39       -0.26       0.0924      5.379
   10       -8.85        0.27       0.0884      5.095
