              _             
             (_)            
   __ _ _ __  _ _ __   __ _ 
  / _` | '_ \| | '_ \ / _` |
 | (_| | | | | | | | | (_| |
  \__, |_| |_|_|_| |_|\__,_|
   __/ |                    
  |___/                     

gnina v1.3.3 master:6fe1ce2   Built Jun 30 2026.
gnina is based on smina and AutoDock Vina.
Please cite appropriately.

Commandline: gnina -r results/DOCKING/7AAA.mol2 -l results/DOCKING/ligands_sdf/ligando_362.sdf -o results/DOCKING/results_mol2/docked_ligando_362.mol2 --center_x 8.59 --center_y 39.35 --center_z 9.53 --size_x 22 --size_y 16 --size_z 24 --num_modes 10 --exhaustiveness 8 --seed 1
Using random seed: 1

0%   10   20   30   40   50   60   70   80   90   100%
|----|----|----|----|----|----|----|----|----|----|
***************************************************

mode |  affinity  |  intramol  |    CNN     |   CNN
     | (kcal/mol) | (kcal/mol) | pose score | affinity
-----+------------+------------+------------+----------
    1       -9.25        2.21       0.3367      7.068
    2       -9.59        1.44       0.2387      6.905
    3      -10.06        0.02       0.1881      6.178
    4      -10.23        0.21       0.1823      6.345
    5       -9.53        2.60       0.1784      6.879
    6       -9.79        0.36       0.1603      6.244
    7       -9.43        0.21       0.1487      6.071
    8       -9.93       -1.07       0.1234      4.874
    9      -10.11        0.59       0.1118      6.035
   10      -10.08        0.38       0.1074      6.251
