              _             
             (_)            
   __ _ _ __  _ _ __   __ _ 
  / _` | '_ \| | '_ \ / _` |
 | (_| | | | | | | | | (_| |
  \__, |_| |_|_|_| |_|\__,_|
   __/ |                    
  |___/                     

gnina v1.3.3 master:6fe1ce2   Built Jun 30 2026.
gnina is based on smina and AutoDock Vina.
Please cite appropriately.

Commandline: gnina -r results/DOCKING/7AAA.mol2 -l results/DOCKING/ligands_sdf/ligando_695.sdf -o results/DOCKING/results_mol2/docked_ligando_695.mol2 --center_x 8.59 --center_y 39.35 --center_z 9.53 --size_x 22 --size_y 16 --size_z 24 --num_modes 10 --exhaustiveness 8 --seed 1
Using random seed: 1

0%   10   20   30   40   50   60   70   80   90   100%
|----|----|----|----|----|----|----|----|----|----|
***************************************************

mode |  affinity  |  intramol  |    CNN     |   CNN
     | (kcal/mol) | (kcal/mol) | pose score | affinity
-----+------------+------------+------------+----------
    1       -9.00       -0.33       0.2883      6.646
    2       -8.46       -0.80       0.2387      6.531
    3       -6.62       -0.62       0.2347      5.801
    4       -0.41       -0.21       0.1903      5.600
    5       -6.38       -0.66       0.1765      6.175
    6       -6.99        0.21       0.1750      6.666
    7       -6.78       -0.68       0.1537      5.981
    8       -8.15       -0.42       0.1433      6.634
    9       -6.38        2.78       0.1184      5.877
   10       -5.82       -0.27       0.1127      5.315
