              _             
             (_)            
   __ _ _ __  _ _ __   __ _ 
  / _` | '_ \| | '_ \ / _` |
 | (_| | | | | | | | | (_| |
  \__, |_| |_|_|_| |_|\__,_|
   __/ |                    
  |___/                     

gnina v1.3.3 master:6fe1ce2   Built Jun 30 2026.
gnina is based on smina and AutoDock Vina.
Please cite appropriately.

Commandline: gnina -r results/DOCKING/7AAA.mol2 -l results/DOCKING/ligands_sdf/ligando_185.sdf -o results/DOCKING/results_mol2/docked_ligando_185.mol2 --center_x 8.59 --center_y 39.35 --center_z 9.53 --size_x 22 --size_y 16 --size_z 24 --num_modes 10 --exhaustiveness 8 --seed 1
Using random seed: 1

0%   10   20   30   40   50   60   70   80   90   100%
|----|----|----|----|----|----|----|----|----|----|
***************************************************
MolPort-046-949-846 MCULE-4469830685 PubChem-46951958 | pose 0 | initial pose not within box

mode |  affinity  |  intramol  |    CNN     |   CNN
     | (kcal/mol) | (kcal/mol) | pose score | affinity
-----+------------+------------+------------+----------
    1       -6.09        0.40       0.3335      6.735
    2      -10.36        0.31       0.2487      6.590
    3       -8.07        0.48       0.1653      6.289
    4       -6.30       -0.03       0.1000      6.259
    5       -8.68       -0.24       0.0767      5.276
    6       -7.17       -0.81       0.0524      5.841
    7       -8.83       -0.12       0.0504      5.580
    8       -8.98        1.03       0.0436      5.011
    9       -9.68        0.56       0.0415      5.923
   10       -7.01       -0.54       0.0407      5.821
