              _             
             (_)            
   __ _ _ __  _ _ __   __ _ 
  / _` | '_ \| | '_ \ / _` |
 | (_| | | | | | | | | (_| |
  \__, |_| |_|_|_| |_|\__,_|
   __/ |                    
  |___/                     

gnina v1.3.3 master:6fe1ce2   Built Jun 30 2026.
gnina is based on smina and AutoDock Vina.
Please cite appropriately.

Commandline: gnina -r results/DOCKING/7AAA.mol2 -l results/DOCKING/ligands_sdf/ligando_085.sdf -o results/DOCKING/results_mol2/docked_ligando_085.mol2 --center_x 8.59 --center_y 39.35 --center_z 9.53 --size_x 22 --size_y 16 --size_z 24 --num_modes 10 --exhaustiveness 8 --seed 1
Using random seed: 1

0%   10   20   30   40   50   60   70   80   90   100%
|----|----|----|----|----|----|----|----|----|----|
***************************************************

mode |  affinity  |  intramol  |    CNN     |   CNN
     | (kcal/mol) | (kcal/mol) | pose score | affinity
-----+------------+------------+------------+----------
    1      -10.22        0.54       0.2303      6.300
    2       -7.91       -0.06       0.1168      5.630
    3       -9.76        1.60       0.0987      5.877
    4       -9.19        0.21       0.0886      5.577
    5       -7.27       -0.30       0.0852      5.149
    6       -7.49       -0.46       0.0645      5.219
    7       -8.17        0.76       0.0616      4.895
    8       -9.83        1.10       0.0556      5.189
    9       -8.83        1.28       0.0528      5.378
   10       -8.64       -0.32       0.0498      5.333
