              _             
             (_)            
   __ _ _ __  _ _ __   __ _ 
  / _` | '_ \| | '_ \ / _` |
 | (_| | | | | | | | | (_| |
  \__, |_| |_|_|_| |_|\__,_|
   __/ |                    
  |___/                     

gnina v1.3.3 master:6fe1ce2   Built Jun 30 2026.
gnina is based on smina and AutoDock Vina.
Please cite appropriately.

Commandline: gnina -r results/DOCKING/7AAA.mol2 -l results/DOCKING/ligands_sdf/ligando_490.sdf -o results/DOCKING/results_mol2/docked_ligando_490.mol2 --center_x 8.59 --center_y 39.35 --center_z 9.53 --size_x 22 --size_y 16 --size_z 24 --num_modes 10 --exhaustiveness 8 --seed 1
Using random seed: 1

0%   10   20   30   40   50   60   70   80   90   100%
|----|----|----|----|----|----|----|----|----|----|
***************************************************

mode |  affinity  |  intramol  |    CNN     |   CNN
     | (kcal/mol) | (kcal/mol) | pose score | affinity
-----+------------+------------+------------+----------
    1       -8.58        0.06       0.8435      6.713
    2       -8.40       -0.30       0.7009      6.749
    3       -9.64       -0.70       0.4115      5.909
    4       -9.30       -0.43       0.2740      5.749
    5       -9.00       -0.64       0.2313      5.436
    6       -8.76       -0.44       0.2235      5.945
    7       -9.41       -0.27       0.2232      5.856
    8       -8.59        0.23       0.2219      5.635
    9       -8.90       -0.71       0.1517      5.510
   10       -8.84       -0.56       0.1398      5.600
