              _             
             (_)            
   __ _ _ __  _ _ __   __ _ 
  / _` | '_ \| | '_ \ / _` |
 | (_| | | | | | | | | (_| |
  \__, |_| |_|_|_| |_|\__,_|
   __/ |                    
  |___/                     

gnina v1.3.3 master:6fe1ce2   Built Jun 30 2026.
gnina is based on smina and AutoDock Vina.
Please cite appropriately.

Commandline: gnina -r results/DOCKING/7AAA.mol2 -l results/DOCKING/ligands_sdf/ligando_567.sdf -o results/DOCKING/results_mol2/docked_ligando_567.mol2 --center_x 8.59 --center_y 39.35 --center_z 9.53 --size_x 22 --size_y 16 --size_z 24 --num_modes 10 --exhaustiveness 8 --seed 1
Using random seed: 1

0%   10   20   30   40   50   60   70   80   90   100%
|----|----|----|----|----|----|----|----|----|----|
***************************************************

mode |  affinity  |  intramol  |    CNN     |   CNN
     | (kcal/mol) | (kcal/mol) | pose score | affinity
-----+------------+------------+------------+----------
    1       -9.58       -0.02       0.3020      5.924
    2       -9.64       -0.10       0.1765      5.243
    3       -8.27       -1.32       0.1575      5.218
    4       -8.38       -0.91       0.1574      5.347
    5       -9.80       -1.35       0.1461      4.447
    6       -8.68       -0.71       0.1438      5.390
    7       -9.29       -0.48       0.1397      5.425
    8       -8.64       -0.33       0.1232      5.147
    9       -9.04       -0.62       0.1133      5.145
   10       -9.02        0.45       0.1109      4.988
