              _             
             (_)            
   __ _ _ __  _ _ __   __ _ 
  / _` | '_ \| | '_ \ / _` |
 | (_| | | | | | | | | (_| |
  \__, |_| |_|_|_| |_|\__,_|
   __/ |                    
  |___/                     

gnina v1.3.3 master:6fe1ce2   Built Jun 30 2026.
gnina is based on smina and AutoDock Vina.
Please cite appropriately.

Commandline: gnina -r results/DOCKING/7AAA.mol2 -l results/DOCKING/ligands_sdf/ligando_019.sdf -o results/DOCKING/results_mol2/docked_ligando_019.mol2 --center_x 8.59 --center_y 39.35 --center_z 9.53 --size_x 22 --size_y 16 --size_z 24 --num_modes 10 --exhaustiveness 8 --seed 1
Using random seed: 1

0%   10   20   30   40   50   60   70   80   90   100%
|----|----|----|----|----|----|----|----|----|----|
***************************************************

mode |  affinity  |  intramol  |    CNN     |   CNN
     | (kcal/mol) | (kcal/mol) | pose score | affinity
-----+------------+------------+------------+----------
    1      -10.98        1.04       0.7466      6.376
    2       -9.75        0.74       0.3791      5.851
    3       -8.83        0.23       0.2823      5.740
    4       -9.04       -0.94       0.2719      5.405
    5       -7.94       -0.54       0.2692      5.860
    6       -7.52       -0.44       0.2434      5.837
    7       -7.89       -0.35       0.2097      5.614
    8       -9.19       -1.02       0.2093      5.674
    9       -9.45        0.16       0.1708      5.692
   10       -8.61       -0.05       0.1688      5.536
