              _             
             (_)            
   __ _ _ __  _ _ __   __ _ 
  / _` | '_ \| | '_ \ / _` |
 | (_| | | | | | | | | (_| |
  \__, |_| |_|_|_| |_|\__,_|
   __/ |                    
  |___/                     

gnina v1.3.3 master:6fe1ce2   Built Jun 30 2026.
gnina is based on smina and AutoDock Vina.
Please cite appropriately.

Commandline: gnina -r results/DOCKING/7AAA.mol2 -l results/DOCKING/ligands_sdf/ligando_493.sdf -o results/DOCKING/results_mol2/docked_ligando_493.mol2 --center_x 8.59 --center_y 39.35 --center_z 9.53 --size_x 22 --size_y 16 --size_z 24 --num_modes 10 --exhaustiveness 8 --seed 1
Using random seed: 1

0%   10   20   30   40   50   60   70   80   90   100%
|----|----|----|----|----|----|----|----|----|----|
***************************************************

mode |  affinity  |  intramol  |    CNN     |   CNN
     | (kcal/mol) | (kcal/mol) | pose score | affinity
-----+------------+------------+------------+----------
    1       -9.64       -0.59       0.2008      5.899
    2       -9.06       -0.58       0.1941      6.080
    3       -9.88       -0.33       0.1441      5.891
    4       -7.27       -0.54       0.1136      5.732
    5       -9.82       -0.60       0.0850      5.621
    6       -8.07       -0.30       0.0766      5.532
    7       -9.00       -0.52       0.0701      5.085
    8       -9.23       -0.56       0.0672      4.842
    9       -9.08       -0.49       0.0670      5.016
   10       -9.15       -0.50       0.0580      4.717
