              _             
             (_)            
   __ _ _ __  _ _ __   __ _ 
  / _` | '_ \| | '_ \ / _` |
 | (_| | | | | | | | | (_| |
  \__, |_| |_|_|_| |_|\__,_|
   __/ |                    
  |___/                     

gnina v1.3.3 master:6fe1ce2   Built Jun 30 2026.
gnina is based on smina and AutoDock Vina.
Please cite appropriately.

Commandline: gnina -r results/DOCKING/7AAA.mol2 -l results/DOCKING/ligands_sdf/ligando_251.sdf -o results/DOCKING/results_mol2/docked_ligando_251.mol2 --center_x 8.59 --center_y 39.35 --center_z 9.53 --size_x 22 --size_y 16 --size_z 24 --num_modes 10 --exhaustiveness 8 --seed 1
Using random seed: 1

0%   10   20   30   40   50   60   70   80   90   100%
|----|----|----|----|----|----|----|----|----|----|
***************************************************
MolPort-003-020-522 9390687 CSSS03437190948 LN01391664 MCULE-6427518754 PubChem-4550575 ZINC000009390687 | pose 0 | initial pose not within box

mode |  affinity  |  intramol  |    CNN     |   CNN
     | (kcal/mol) | (kcal/mol) | pose score | affinity
-----+------------+------------+------------+----------
    1      -10.49       -0.51       0.6344      6.909
    2      -10.08        1.50       0.4770      6.619
    3       -9.75       -1.00       0.3785      6.236
    4       -9.17       -0.26       0.3119      6.640
    5      -10.43       -0.55       0.3066      6.375
    6      -10.29       -0.84       0.2178      5.838
    7       -9.13       -0.67       0.2083      6.651
    8       -9.15       -0.98       0.1786      5.252
    9       -9.52       -0.17       0.1628      6.269
   10       -9.16       -1.17       0.1301      5.805
