              _             
             (_)            
   __ _ _ __  _ _ __   __ _ 
  / _` | '_ \| | '_ \ / _` |
 | (_| | | | | | | | | (_| |
  \__, |_| |_|_|_| |_|\__,_|
   __/ |                    
  |___/                     

gnina v1.3.3 master:6fe1ce2   Built Jun 30 2026.
gnina is based on smina and AutoDock Vina.
Please cite appropriately.

Commandline: gnina -r results/DOCKING/7AAA.mol2 -l results/DOCKING/ligands_sdf/ligando_099.sdf -o results/DOCKING/results_mol2/docked_ligando_099.mol2 --center_x 8.59 --center_y 39.35 --center_z 9.53 --size_x 22 --size_y 16 --size_z 24 --num_modes 10 --exhaustiveness 8 --seed 1
Using random seed: 1

0%   10   20   30   40   50   60   70   80   90   100%
|----|----|----|----|----|----|----|----|----|----|
***************************************************
MolPort-006-579-735 ChemDiv-V009-7327 MCULE-1583866068 PubChem-46040699 ZINC000037544396 ZINC37544396 | pose 0 | ligand outside box
MolPort-006-579-735 ChemDiv-V009-7327 MCULE-1583866068 PubChem-46040699 ZINC000037544396 ZINC37544396 | pose 0 | ligand outside box
MolPort-006-579-735 ChemDiv-V009-7327 MCULE-1583866068 PubChem-46040699 ZINC000037544396 ZINC37544396 | pose 0 | ligand outside box
MolPort-006-579-735 ChemDiv-V009-7327 MCULE-1583866068 PubChem-46040699 ZINC000037544396 ZINC37544396 | pose 0 | ligand outside box
MolPort-006-579-735 ChemDiv-V009-7327 MCULE-1583866068 PubChem-46040699 ZINC000037544396 ZINC37544396 | pose 0 | ligand outside box
MolPort-006-579-735 ChemDiv-V009-7327 MCULE-1583866068 PubChem-46040699 ZINC000037544396 ZINC37544396 | pose 0 | initial pose not within box
MolPort-006-579-735 ChemDiv-V009-7327 MCULE-1583866068 PubChem-46040699 ZINC000037544396 ZINC37544396 | pose 0 | ligand outside box
MolPort-006-579-735 ChemDiv-V009-7327 MCULE-1583866068 PubChem-46040699 ZINC000037544396 ZINC37544396 | pose 0 | ligand outside box
MolPort-006-579-735 ChemDiv-V009-7327 MCULE-1583866068 PubChem-46040699 ZINC000037544396 ZINC37544396 | pose 0 | ligand outside box
MolPort-006-579-735 ChemDiv-V009-7327 MCULE-1583866068 PubChem-46040699 ZINC000037544396 ZINC37544396 | pose 0 | ligand outside box
MolPort-006-579-735 ChemDiv-V009-7327 MCULE-1583866068 PubChem-46040699 ZINC000037544396 ZINC37544396 | pose 0 | ligand outside box
MolPort-006-579-735 ChemDiv-V009-7327 MCULE-1583866068 PubChem-46040699 ZINC000037544396 ZINC37544396 | pose 0 | initial pose not within box

mode |  affinity  |  intramol  |    CNN     |   CNN
     | (kcal/mol) | (kcal/mol) | pose score | affinity
-----+------------+------------+------------+----------
    1      -10.02        0.65       0.2807      6.414
    2       -9.64        0.13       0.2216      6.387
    3      -10.11        0.43       0.1527      6.330
    4       -9.90       -0.07       0.1268      6.166
    5       -9.46       -0.07       0.1236      5.826
    6       -7.17       -0.25       0.0992      5.966
    7       -9.52        0.26       0.0795      5.351
    8       -7.58        0.78       0.0639      5.219
    9       -7.31       -0.30       0.0568      4.915
   10       -8.16       -0.51       0.0526      4.816
