              _             
             (_)            
   __ _ _ __  _ _ __   __ _ 
  / _` | '_ \| | '_ \ / _` |
 | (_| | | | | | | | | (_| |
  \__, |_| |_|_|_| |_|\__,_|
   __/ |                    
  |___/                     

gnina v1.3.3 master:6fe1ce2   Built Jun 30 2026.
gnina is based on smina and AutoDock Vina.
Please cite appropriately.

Commandline: gnina -r results/DOCKING/7AAA.mol2 -l results/DOCKING/ligands_sdf/ligando_804.sdf -o results/DOCKING/results_mol2/docked_ligando_804.mol2 --center_x 8.59 --center_y 39.35 --center_z 9.53 --size_x 22 --size_y 16 --size_z 24 --num_modes 10 --exhaustiveness 8 --seed 1
Using random seed: 1

0%   10   20   30   40   50   60   70   80   90   100%
|----|----|----|----|----|----|----|----|----|----|
***************************************************

mode |  affinity  |  intramol  |    CNN     |   CNN
     | (kcal/mol) | (kcal/mol) | pose score | affinity
-----+------------+------------+------------+----------
    1       -6.97        0.30       0.9193      5.422
    2       -6.70       -0.34       0.8474      5.059
    3       -6.39       -0.28       0.6975      4.839
    4       -5.64       -0.15       0.3807      4.441
    5       -6.05       -0.28       0.2603      4.374
    6       -5.92       -0.30       0.2246      4.188
    7       -5.61       -0.12       0.2056      4.033
    8       -5.80       -0.12       0.1807      4.325
    9       -5.35       -0.20       0.1793      4.185
   10       -5.51        0.03       0.1746      4.027
