              _             
             (_)            
   __ _ _ __  _ _ __   __ _ 
  / _` | '_ \| | '_ \ / _` |
 | (_| | | | | | | | | (_| |
  \__, |_| |_|_|_| |_|\__,_|
   __/ |                    
  |___/                     

gnina v1.3.3 master:6fe1ce2   Built Jun 30 2026.
gnina is based on smina and AutoDock Vina.
Please cite appropriately.

Commandline: gnina -r results/DOCKING/7AAA.mol2 -l results/DOCKING/ligands_sdf/ligando_593.sdf -o results/DOCKING/results_mol2/docked_ligando_593.mol2 --center_x 8.59 --center_y 39.35 --center_z 9.53 --size_x 22 --size_y 16 --size_z 24 --num_modes 10 --exhaustiveness 8 --seed 1
Using random seed: 1

0%   10   20   30   40   50   60   70   80   90   100%
|----|----|----|----|----|----|----|----|----|----|
***************************************************

mode |  affinity  |  intramol  |    CNN     |   CNN
     | (kcal/mol) | (kcal/mol) | pose score | affinity
-----+------------+------------+------------+----------
    1       -8.08        1.15       0.3377      5.322
    2       -8.17        3.00       0.3346      5.558
    3       -8.89       -0.65       0.2481      5.649
    4       -8.68       -0.38       0.2299      5.596
    5       -8.05        2.01       0.2040      5.322
    6       -7.02        1.85       0.1975      5.339
    7       -8.93        3.34       0.1707      5.694
    8       -8.32       -0.77       0.1684      5.456
    9       -8.50       -0.68       0.1421      5.072
   10       -7.55        3.84       0.1264      5.122
