              _             
             (_)            
   __ _ _ __  _ _ __   __ _ 
  / _` | '_ \| | '_ \ / _` |
 | (_| | | | | | | | | (_| |
  \__, |_| |_|_|_| |_|\__,_|
   __/ |                    
  |___/                     

gnina v1.3.3 master:6fe1ce2   Built Jun 30 2026.
gnina is based on smina and AutoDock Vina.
Please cite appropriately.

Commandline: gnina -r results/DOCKING/7AAA.mol2 -l results/DOCKING/ligands_sdf/ligando_071.sdf -o results/DOCKING/results_mol2/docked_ligando_071.mol2 --center_x 8.59 --center_y 39.35 --center_z 9.53 --size_x 22 --size_y 16 --size_z 24 --num_modes 10 --exhaustiveness 8 --seed 1
Using random seed: 1

0%   10   20   30   40   50   60   70   80   90   100%
|----|----|----|----|----|----|----|----|----|----|
***************************************************
MolPort-003-112-226 8959242 CSSS03437111492 IFPSXIOGDDLVEH-UHFFFAOYSA-N MCULE-9135975262 PubChem-40887138 ZINC000008959242 ZINC08959242 | pose 0 | initial pose not within box
MolPort-003-112-226 8959242 CSSS03437111492 IFPSXIOGDDLVEH-UHFFFAOYSA-N MCULE-9135975262 PubChem-40887138 ZINC000008959242 ZINC08959242 | pose 0 | ligand outside box
MolPort-003-112-226 8959242 CSSS03437111492 IFPSXIOGDDLVEH-UHFFFAOYSA-N MCULE-9135975262 PubChem-40887138 ZINC000008959242 ZINC08959242 | pose 0 | ligand outside box
MolPort-003-112-226 8959242 CSSS03437111492 IFPSXIOGDDLVEH-UHFFFAOYSA-N MCULE-9135975262 PubChem-40887138 ZINC000008959242 ZINC08959242 | pose 0 | ligand outside box
MolPort-003-112-226 8959242 CSSS03437111492 IFPSXIOGDDLVEH-UHFFFAOYSA-N MCULE-9135975262 PubChem-40887138 ZINC000008959242 ZINC08959242 | pose 0 | ligand outside box
MolPort-003-112-226 8959242 CSSS03437111492 IFPSXIOGDDLVEH-UHFFFAOYSA-N MCULE-9135975262 PubChem-40887138 ZINC000008959242 ZINC08959242 | pose 0 | ligand outside box
MolPort-003-112-226 8959242 CSSS03437111492 IFPSXIOGDDLVEH-UHFFFAOYSA-N MCULE-9135975262 PubChem-40887138 ZINC000008959242 ZINC08959242 | pose 0 | ligand outside box
MolPort-003-112-226 8959242 CSSS03437111492 IFPSXIOGDDLVEH-UHFFFAOYSA-N MCULE-9135975262 PubChem-40887138 ZINC000008959242 ZINC08959242 | pose 0 | ligand outside box
MolPort-003-112-226 8959242 CSSS03437111492 IFPSXIOGDDLVEH-UHFFFAOYSA-N MCULE-9135975262 PubChem-40887138 ZINC000008959242 ZINC08959242 | pose 0 | ligand outside box
MolPort-003-112-226 8959242 CSSS03437111492 IFPSXIOGDDLVEH-UHFFFAOYSA-N MCULE-9135975262 PubChem-40887138 ZINC000008959242 ZINC08959242 | pose 0 | ligand outside box
MolPort-003-112-226 8959242 CSSS03437111492 IFPSXIOGDDLVEH-UHFFFAOYSA-N MCULE-9135975262 PubChem-40887138 ZINC000008959242 ZINC08959242 | pose 0 | initial pose not within box
MolPort-003-112-226 8959242 CSSS03437111492 IFPSXIOGDDLVEH-UHFFFAOYSA-N MCULE-9135975262 PubChem-40887138 ZINC000008959242 ZINC08959242 | pose 0 | ligand outside box
MolPort-003-112-226 8959242 CSSS03437111492 IFPSXIOGDDLVEH-UHFFFAOYSA-N MCULE-9135975262 PubChem-40887138 ZINC000008959242 ZINC08959242 | pose 0 | ligand outside box

mode |  affinity  |  intramol  |    CNN     |   CNN
     | (kcal/mol) | (kcal/mol) | pose score | affinity
-----+------------+------------+------------+----------
    1       20.48        5.38       0.2626      5.866
    2       -0.75        0.64       0.1219      5.446
    3       -9.75        2.15       0.1143      5.998
    4       -7.82        0.61       0.0987      6.318
    5       -7.80        1.82       0.0879      6.273
    6        3.56        3.91       0.0866      5.649
    7       -4.34       -0.43       0.0850      4.964
    8       -0.54        0.52       0.0820      4.792
    9       -4.84       -0.67       0.0788      5.057
   10       -7.41        0.74       0.0769      6.049
