              _             
             (_)            
   __ _ _ __  _ _ __   __ _ 
  / _` | '_ \| | '_ \ / _` |
 | (_| | | | | | | | | (_| |
  \__, |_| |_|_|_| |_|\__,_|
   __/ |                    
  |___/                     

gnina v1.3.3 master:6fe1ce2   Built Jun 30 2026.
gnina is based on smina and AutoDock Vina.
Please cite appropriately.

Commandline: gnina -r results/DOCKING/7AAA.mol2 -l results/DOCKING/ligands_sdf/ligando_754.sdf -o results/DOCKING/results_mol2/docked_ligando_754.mol2 --center_x 8.59 --center_y 39.35 --center_z 9.53 --size_x 22 --size_y 16 --size_z 24 --num_modes 10 --exhaustiveness 8 --seed 1
Using random seed: 1

0%   10   20   30   40   50   60   70   80   90   100%
|----|----|----|----|----|----|----|----|----|----|
***************************************************

mode |  affinity  |  intramol  |    CNN     |   CNN
     | (kcal/mol) | (kcal/mol) | pose score | affinity
-----+------------+------------+------------+----------
    1       -5.58       -0.34       0.5087      4.783
    2       -5.53       -0.11       0.4682      4.141
    3       -5.26        0.18       0.3143      4.371
    4       -5.58       -0.42       0.2865      3.886
    5       -5.70       -0.70       0.2634      3.771
    6       -5.38       -0.63       0.2457      3.723
    7       -5.59       -0.46       0.2270      4.294
    8       -5.51       -0.71       0.2091      4.148
    9       -5.67       -0.42       0.1447      3.476
   10       -5.28       -0.54       0.1281      3.956
