              _             
             (_)            
   __ _ _ __  _ _ __   __ _ 
  / _` | '_ \| | '_ \ / _` |
 | (_| | | | | | | | | (_| |
  \__, |_| |_|_|_| |_|\__,_|
   __/ |                    
  |___/                     

gnina v1.3.3 master:6fe1ce2   Built Jun 30 2026.
gnina is based on smina and AutoDock Vina.
Please cite appropriately.

Commandline: gnina -r results/DOCKING/7AAA.mol2 -l results/DOCKING/ligands_sdf/ligando_299.sdf -o results/DOCKING/results_mol2/docked_ligando_299.mol2 --center_x 8.59 --center_y 39.35 --center_z 9.53 --size_x 22 --size_y 16 --size_z 24 --num_modes 10 --exhaustiveness 8 --seed 1
Using random seed: 1

0%   10   20   30   40   50   60   70   80   90   100%
|----|----|----|----|----|----|----|----|----|----|
***************************************************

mode |  affinity  |  intramol  |    CNN     |   CNN
     | (kcal/mol) | (kcal/mol) | pose score | affinity
-----+------------+------------+------------+----------
    1       -8.83       -0.23       0.3054      5.676
    2       -8.52       -0.49       0.2758      5.806
    3       -8.81       -0.42       0.2751      5.685
    4       -8.64       -0.50       0.2039      5.552
    5       -8.55       -0.18       0.1684      4.755
    6       -8.69       -0.47       0.1586      5.426
    7       -8.06       -0.22       0.1356      5.646
    8       -8.67       -0.49       0.1198      5.243
    9       -8.16       -0.17       0.0979      5.209
   10       -8.56       -0.37       0.0833      5.229
