              _             
             (_)            
   __ _ _ __  _ _ __   __ _ 
  / _` | '_ \| | '_ \ / _` |
 | (_| | | | | | | | | (_| |
  \__, |_| |_|_|_| |_|\__,_|
   __/ |                    
  |___/                     

gnina v1.3.3 master:6fe1ce2   Built Jun 30 2026.
gnina is based on smina and AutoDock Vina.
Please cite appropriately.

Commandline: gnina -r results/DOCKING/7AAA.mol2 -l results/DOCKING/ligands_sdf/ligando_210.sdf -o results/DOCKING/results_mol2/docked_ligando_210.mol2 --center_x 8.59 --center_y 39.35 --center_z 9.53 --size_x 22 --size_y 16 --size_z 24 --num_modes 10 --exhaustiveness 8 --seed 1
Using random seed: 1

0%   10   20   30   40   50   60   70   80   90   100%
|----|----|----|----|----|----|----|----|----|----|
***************************************************

mode |  affinity  |  intramol  |    CNN     |   CNN
     | (kcal/mol) | (kcal/mol) | pose score | affinity
-----+------------+------------+------------+----------
    1       -8.57       -0.38       0.2431      5.916
    2       -8.86       -0.41       0.2407      5.711
    3       -8.86       -0.59       0.1723      5.552
    4       -8.34       -0.36       0.1379      5.849
    5       -8.78       -0.53       0.1258      5.183
    6       -8.90       -0.46       0.1042      4.985
    7       -9.19       -0.05       0.0962      5.218
    8       -8.50       -0.33       0.0926      5.389
    9       -8.17       -0.48       0.0775      4.727
   10       -8.84       -0.52       0.0694      4.930
