              _             
             (_)            
   __ _ _ __  _ _ __   __ _ 
  / _` | '_ \| | '_ \ / _` |
 | (_| | | | | | | | | (_| |
  \__, |_| |_|_|_| |_|\__,_|
   __/ |                    
  |___/                     

gnina v1.3.3 master:6fe1ce2   Built Jun 30 2026.
gnina is based on smina and AutoDock Vina.
Please cite appropriately.

Commandline: gnina -r results/DOCKING/7AAA.mol2 -l results/DOCKING/ligands_sdf/ligando_524.sdf -o results/DOCKING/results_mol2/docked_ligando_524.mol2 --center_x 8.59 --center_y 39.35 --center_z 9.53 --size_x 22 --size_y 16 --size_z 24 --num_modes 10 --exhaustiveness 8 --seed 1
Using random seed: 1

0%   10   20   30   40   50   60   70   80   90   100%
|----|----|----|----|----|----|----|----|----|----|
***************************************************
MolPort-002-776-346 MCULE-9426573331 PubChem-19614191 ZINC000020607634 | pose 0 | initial pose not within box
MolPort-002-776-346 MCULE-9426573331 PubChem-19614191 ZINC000020607634 | pose 0 | ligand outside box

mode |  affinity  |  intramol  |    CNN     |   CNN
     | (kcal/mol) | (kcal/mol) | pose score | affinity
-----+------------+------------+------------+----------
    1       -0.43        0.83       0.0709      6.252
    2      -11.80        0.02       0.0573      6.597
    3      -11.05        3.07       0.0437      6.492
    4      -10.61       -0.00       0.0383      6.426
    5       -3.04        0.97       0.0337      5.296
    6      -11.87       -0.19       0.0293      5.676
    7       -9.81       -0.65       0.0274      6.228
    8      -11.24       -0.23       0.0257      6.227
    9       -9.26       -0.44       0.0229      6.410
   10       -9.62       -0.25       0.0212      5.704
