              _             
             (_)            
   __ _ _ __  _ _ __   __ _ 
  / _` | '_ \| | '_ \ / _` |
 | (_| | | | | | | | | (_| |
  \__, |_| |_|_|_| |_|\__,_|
   __/ |                    
  |___/                     

gnina v1.3.3 master:6fe1ce2   Built Jun 30 2026.
gnina is based on smina and AutoDock Vina.
Please cite appropriately.

Commandline: gnina -r results/DOCKING/7AAA.mol2 -l results/DOCKING/ligands_sdf/ligando_340.sdf -o results/DOCKING/results_mol2/docked_ligando_340.mol2 --center_x 8.59 --center_y 39.35 --center_z 9.53 --size_x 22 --size_y 16 --size_z 24 --num_modes 10 --exhaustiveness 8 --seed 1
Using random seed: 1

0%   10   20   30   40   50   60   70   80   90   100%
|----|----|----|----|----|----|----|----|----|----|
***************************************************

mode |  affinity  |  intramol  |    CNN     |   CNN
     | (kcal/mol) | (kcal/mol) | pose score | affinity
-----+------------+------------+------------+----------
    1       -8.78        5.60       0.7792      7.015
    2       -8.82       -0.75       0.6940      6.841
    3       -8.59       -0.47       0.5322      6.633
    4       -9.39       -0.58       0.2896      6.698
    5       -9.45       -0.90       0.2461      6.373
    6       -9.92       -0.65       0.2226      6.407
    7       -9.60       -0.76       0.1982      5.878
    8       -9.70       -0.87       0.1941      6.228
    9       -8.45        3.40       0.1490      6.192
   10      -10.25       -0.93       0.1425      5.576
