              _             
             (_)            
   __ _ _ __  _ _ __   __ _ 
  / _` | '_ \| | '_ \ / _` |
 | (_| | | | | | | | | (_| |
  \__, |_| |_|_|_| |_|\__,_|
   __/ |                    
  |___/                     

gnina v1.3.3 master:6fe1ce2   Built Jun 30 2026.
gnina is based on smina and AutoDock Vina.
Please cite appropriately.

Commandline: gnina -r results/DOCKING/7AAA.mol2 -l results/DOCKING/ligands_sdf/ligando_645.sdf -o results/DOCKING/results_mol2/docked_ligando_645.mol2 --center_x 8.59 --center_y 39.35 --center_z 9.53 --size_x 22 --size_y 16 --size_z 24 --num_modes 10 --exhaustiveness 8 --seed 1
Using random seed: 1

0%   10   20   30   40   50   60   70   80   90   100%
|----|----|----|----|----|----|----|----|----|----|
***************************************************
MolPort-002-760-240 20615767 CSSS00132999005 MCULE-3714084329 PubChem-19340451 ZINC000020615767 ZINC20615767 | pose 0 | initial pose not within box

mode |  affinity  |  intramol  |    CNN     |   CNN
     | (kcal/mol) | (kcal/mol) | pose score | affinity
-----+------------+------------+------------+----------
    1       -9.88        0.63       0.1116      5.945
    2       -8.10       -0.33       0.1075      5.900
    3       -6.80       -0.14       0.1035      5.489
    4       -5.67        0.16       0.0845      5.330
    5       -7.90       -1.11       0.0759      5.074
    6       -9.02       -0.52       0.0755      5.003
    7       -9.67       -0.95       0.0665      5.104
    8       -9.49        0.56       0.0663      5.059
    9       -8.85        0.07       0.0645      5.768
   10       -9.32       -0.55       0.0643      5.028
