              _             
             (_)            
   __ _ _ __  _ _ __   __ _ 
  / _` | '_ \| | '_ \ / _` |
 | (_| | | | | | | | | (_| |
  \__, |_| |_|_|_| |_|\__,_|
   __/ |                    
  |___/                     

gnina v1.3.3 master:6fe1ce2   Built Jun 30 2026.
gnina is based on smina and AutoDock Vina.
Please cite appropriately.

Commandline: gnina -r results/DOCKING/7AAA.mol2 -l results/DOCKING/ligands_sdf/ligando_734.sdf -o results/DOCKING/results_mol2/docked_ligando_734.mol2 --center_x 8.59 --center_y 39.35 --center_z 9.53 --size_x 22 --size_y 16 --size_z 24 --num_modes 10 --exhaustiveness 8 --seed 1
Using random seed: 1

0%   10   20   30   40   50   60   70   80   90   100%
|----|----|----|----|----|----|----|----|----|----|
***************************************************

mode |  affinity  |  intramol  |    CNN     |   CNN
     | (kcal/mol) | (kcal/mol) | pose score | affinity
-----+------------+------------+------------+----------
    1       -7.13       -0.32       0.3345      5.754
    2       -8.01       -0.23       0.2995      4.830
    3       -8.12       -0.28       0.2990      5.765
    4       -6.54       -0.32       0.1932      5.274
    5       -7.77        0.13       0.1412      4.495
    6       -7.40        0.75       0.1366      5.030
    7       -4.82       -0.17       0.1147      4.580
    8       -6.79       -0.34       0.1115      4.654
    9       -6.81        0.16       0.1094      5.239
   10       -6.13       -0.09       0.1048      4.670
