              _             
             (_)            
   __ _ _ __  _ _ __   __ _ 
  / _` | '_ \| | '_ \ / _` |
 | (_| | | | | | | | | (_| |
  \__, |_| |_|_|_| |_|\__,_|
   __/ |                    
  |___/                     

gnina v1.3.3 master:6fe1ce2   Built Jun 30 2026.
gnina is based on smina and AutoDock Vina.
Please cite appropriately.

Commandline: gnina -r results/DOCKING/7AAA.mol2 -l results/DOCKING/ligands_sdf/ligando_797.sdf -o results/DOCKING/results_mol2/docked_ligando_797.mol2 --center_x 8.59 --center_y 39.35 --center_z 9.53 --size_x 22 --size_y 16 --size_z 24 --num_modes 10 --exhaustiveness 8 --seed 1
Using random seed: 1

0%   10   20   30   40   50   60   70   80   90   100%
|----|----|----|----|----|----|----|----|----|----|
***************************************************
MolPort-007-723-532 ChemDiv-E157-6122 MCULE-1436261333 PubChem-22518072 ZINC000009405017 ZINC09405017 | pose 0 | initial pose not within box

mode |  affinity  |  intramol  |    CNN     |   CNN
     | (kcal/mol) | (kcal/mol) | pose score | affinity
-----+------------+------------+------------+----------
    1       -8.07       -0.22       0.1903      5.556
    2       -9.82        0.24       0.1568      5.896
    3       -8.23       -0.09       0.1242      5.407
    4       -9.24        0.94       0.0964      5.251
    5       -9.20        1.20       0.0917      5.494
    6       -9.89       -0.07       0.0858      5.245
    7       -9.31       -0.09       0.0827      5.253
    8       -9.66        0.62       0.0756      5.015
    9       -9.47        1.11       0.0697      5.207
   10       -9.99       -0.14       0.0689      4.937
