              _             
             (_)            
   __ _ _ __  _ _ __   __ _ 
  / _` | '_ \| | '_ \ / _` |
 | (_| | | | | | | | | (_| |
  \__, |_| |_|_|_| |_|\__,_|
   __/ |                    
  |___/                     

gnina v1.3.3 master:6fe1ce2   Built Jun 30 2026.
gnina is based on smina and AutoDock Vina.
Please cite appropriately.

Commandline: gnina -r results/DOCKING/7AAA.mol2 -l results/DOCKING/ligands_sdf/ligando_304.sdf -o results/DOCKING/results_mol2/docked_ligando_304.mol2 --center_x 8.59 --center_y 39.35 --center_z 9.53 --size_x 22 --size_y 16 --size_z 24 --num_modes 10 --exhaustiveness 8 --seed 1
Using random seed: 1

0%   10   20   30   40   50   60   70   80   90   100%
|----|----|----|----|----|----|----|----|----|----|
***************************************************

mode |  affinity  |  intramol  |    CNN     |   CNN
     | (kcal/mol) | (kcal/mol) | pose score | affinity
-----+------------+------------+------------+----------
    1       -9.59        0.21       0.2953      6.955
    2      -11.22       -0.10       0.2508      6.904
    3      -10.19       -0.68       0.2416      6.867
    4      -10.88       -0.71       0.2208      6.718
    5      -10.41       -0.37       0.1006      6.032
    6       -8.60       -0.83       0.0893      5.894
    7      -10.69       -0.47       0.0770      5.463
    8       -8.19       -0.61       0.0720      5.565
    9       -9.93       -0.62       0.0527      5.786
   10      -10.32       -0.71       0.0519      5.463
