              _             
             (_)            
   __ _ _ __  _ _ __   __ _ 
  / _` | '_ \| | '_ \ / _` |
 | (_| | | | | | | | | (_| |
  \__, |_| |_|_|_| |_|\__,_|
   __/ |                    
  |___/                     

gnina v1.3.3 master:6fe1ce2   Built Jun 30 2026.
gnina is based on smina and AutoDock Vina.
Please cite appropriately.

Commandline: gnina -r results/DOCKING/7AAA.mol2 -l results/DOCKING/ligands_sdf/ligando_670.sdf -o results/DOCKING/results_mol2/docked_ligando_670.mol2 --center_x 8.59 --center_y 39.35 --center_z 9.53 --size_x 22 --size_y 16 --size_z 24 --num_modes 10 --exhaustiveness 8 --seed 1
Using random seed: 1

0%   10   20   30   40   50   60   70   80   90   100%
|----|----|----|----|----|----|----|----|----|----|
***************************************************

mode |  affinity  |  intramol  |    CNN     |   CNN
     | (kcal/mol) | (kcal/mol) | pose score | affinity
-----+------------+------------+------------+----------
    1      -11.62        4.29       0.5020      7.128
    2      -11.09       -0.31       0.2720      6.777
    3      -10.89       -0.20       0.2526      6.847
    4      -10.19        0.68       0.1573      6.371
    5      -10.80        0.18       0.1151      6.147
    6      -10.66        3.10       0.1106      6.057
    7      -10.07        1.72       0.1088      5.689
    8       -9.35       -0.50       0.0981      5.929
    9      -10.70       -0.47       0.0929      5.808
   10      -11.30        0.77       0.0868      5.315
