              _             
             (_)            
   __ _ _ __  _ _ __   __ _ 
  / _` | '_ \| | '_ \ / _` |
 | (_| | | | | | | | | (_| |
  \__, |_| |_|_|_| |_|\__,_|
   __/ |                    
  |___/                     

gnina v1.3.3 master:6fe1ce2   Built Jun 30 2026.
gnina is based on smina and AutoDock Vina.
Please cite appropriately.

Commandline: gnina -r results/DOCKING/7AAA.mol2 -l results/DOCKING/ligands_sdf/ligando_188.sdf -o results/DOCKING/results_mol2/docked_ligando_188.mol2 --center_x 8.59 --center_y 39.35 --center_z 9.53 --size_x 22 --size_y 16 --size_z 24 --num_modes 10 --exhaustiveness 8 --seed 1
Using random seed: 1

0%   10   20   30   40   50   60   70   80   90   100%
|----|----|----|----|----|----|----|----|----|----|
***************************************************

mode |  affinity  |  intramol  |    CNN     |   CNN
     | (kcal/mol) | (kcal/mol) | pose score | affinity
-----+------------+------------+------------+----------
    1       -9.57       -0.71       0.2101      6.261
    2       -8.67       -0.77       0.1739      6.214
    3       -9.84       -0.58       0.1591      6.492
    4       -9.38        0.39       0.1563      5.987
    5       -9.57       -0.80       0.1554      6.258
    6       -9.12       -0.29       0.1250      5.318
    7       -9.35       -0.83       0.1240      5.939
    8       -9.57       -0.48       0.1156      5.745
    9       -9.95       -0.78       0.0895      5.743
   10       -9.31       -0.59       0.0846      5.623
