              _             
             (_)            
   __ _ _ __  _ _ __   __ _ 
  / _` | '_ \| | '_ \ / _` |
 | (_| | | | | | | | | (_| |
  \__, |_| |_|_|_| |_|\__,_|
   __/ |                    
  |___/                     

gnina v1.3.3 master:6fe1ce2   Built Jun 30 2026.
gnina is based on smina and AutoDock Vina.
Please cite appropriately.

Commandline: gnina -r results/DOCKING/7AAA.mol2 -l results/DOCKING/ligands_sdf/ligando_140.sdf -o results/DOCKING/results_mol2/docked_ligando_140.mol2 --center_x 8.59 --center_y 39.35 --center_z 9.53 --size_x 22 --size_y 16 --size_z 24 --num_modes 10 --exhaustiveness 8 --seed 1
Using random seed: 1

0%   10   20   30   40   50   60   70   80   90   100%
|----|----|----|----|----|----|----|----|----|----|
***************************************************
MolPort-047-073-921 MCULE-9217073820 PubChem-132766369 | pose 0 | initial pose not within box

mode |  affinity  |  intramol  |    CNN     |   CNN
     | (kcal/mol) | (kcal/mol) | pose score | affinity
-----+------------+------------+------------+----------
    1       -9.26        0.16       0.3045      6.628
    2       -9.21       -0.39       0.2135      6.499
    3       -9.31        0.13       0.1471      6.259
    4       -8.53       -0.71       0.1293      6.384
    5       -9.59        1.94       0.1280      6.165
    6       -9.51       -0.04       0.0895      5.751
    7       -7.98       -0.17       0.0886      6.189
    8       -8.11       -0.72       0.0869      6.182
    9       -9.52       -0.73       0.0859      5.835
   10       -8.13       -0.48       0.0832      5.808
