              _             
             (_)            
   __ _ _ __  _ _ __   __ _ 
  / _` | '_ \| | '_ \ / _` |
 | (_| | | | | | | | | (_| |
  \__, |_| |_|_|_| |_|\__,_|
   __/ |                    
  |___/                     

gnina v1.3.3 master:6fe1ce2   Built Jun 30 2026.
gnina is based on smina and AutoDock Vina.
Please cite appropriately.

Commandline: gnina -r results/DOCKING/7AAA.mol2 -l results/DOCKING/ligands_sdf/ligando_632.sdf -o results/DOCKING/results_mol2/docked_ligando_632.mol2 --center_x 8.59 --center_y 39.35 --center_z 9.53 --size_x 22 --size_y 16 --size_z 24 --num_modes 10 --exhaustiveness 8 --seed 1
Using random seed: 1

0%   10   20   30   40   50   60   70   80   90   100%
|----|----|----|----|----|----|----|----|----|----|
***************************************************
MolPort-035-706-971 CSSS03437789226 MCULE-7193240938 PubChem-91938296 | pose 0 | initial pose not within box
MolPort-035-706-971 CSSS03437789226 MCULE-7193240938 PubChem-91938296 | pose 0 | ligand outside box
MolPort-035-706-971 CSSS03437789226 MCULE-7193240938 PubChem-91938296 | pose 0 | ligand outside box
MolPort-035-706-971 CSSS03437789226 MCULE-7193240938 PubChem-91938296 | pose 0 | ligand outside box
MolPort-035-706-971 CSSS03437789226 MCULE-7193240938 PubChem-91938296 | pose 0 | ligand outside box
MolPort-035-706-971 CSSS03437789226 MCULE-7193240938 PubChem-91938296 | pose 0 | ligand outside box
MolPort-035-706-971 CSSS03437789226 MCULE-7193240938 PubChem-91938296 | pose 0 | ligand outside box
MolPort-035-706-971 CSSS03437789226 MCULE-7193240938 PubChem-91938296 | pose 0 | initial pose not within box

mode |  affinity  |  intramol  |    CNN     |   CNN
     | (kcal/mol) | (kcal/mol) | pose score | affinity
-----+------------+------------+------------+----------
    1       -6.68       -0.17       0.2556      5.738
    2       -2.89        0.27       0.2416      5.301
    3       -4.51       -0.00       0.2377      5.969
    4       -0.19       -0.18       0.2173      5.485
    5       -4.00        0.46       0.1458      5.134
    6       -9.12       -0.46       0.1141      5.418
    7       -8.59       -0.38       0.0739      5.198
    8       -8.26       -0.49       0.0681      5.517
    9       -8.82        0.56       0.0629      5.006
   10       -9.81        1.60       0.0612      5.923
