              _             
             (_)            
   __ _ _ __  _ _ __   __ _ 
  / _` | '_ \| | '_ \ / _` |
 | (_| | | | | | | | | (_| |
  \__, |_| |_|_|_| |_|\__,_|
   __/ |                    
  |___/                     

gnina v1.3.3 master:6fe1ce2   Built Jun 30 2026.
gnina is based on smina and AutoDock Vina.
Please cite appropriately.

Commandline: gnina -r results/DOCKING/7AAA.mol2 -l results/DOCKING/ligands_sdf/ligando_373.sdf -o results/DOCKING/results_mol2/docked_ligando_373.mol2 --center_x 8.59 --center_y 39.35 --center_z 9.53 --size_x 22 --size_y 16 --size_z 24 --num_modes 10 --exhaustiveness 8 --seed 1
Using random seed: 1

0%   10   20   30   40   50   60   70   80   90   100%
|----|----|----|----|----|----|----|----|----|----|
***************************************************

mode |  affinity  |  intramol  |    CNN     |   CNN
     | (kcal/mol) | (kcal/mol) | pose score | affinity
-----+------------+------------+------------+----------
    1       -6.97       -0.13       0.5123      6.178
    2       -6.75       -0.01       0.2453      5.557
    3       -6.76       -0.40       0.1661      4.812
    4       -7.57       -0.11       0.1579      5.087
    5       -6.84       -0.58       0.1408      5.257
    6       -7.15        0.15       0.0863      4.451
    7       -6.78        0.16       0.0835      5.155
    8       -8.18       -0.01       0.0745      4.613
    9       -7.06        0.07       0.0719      4.835
   10       -7.49        0.10       0.0702      4.635
