              _             
             (_)            
   __ _ _ __  _ _ __   __ _ 
  / _` | '_ \| | '_ \ / _` |
 | (_| | | | | | | | | (_| |
  \__, |_| |_|_|_| |_|\__,_|
   __/ |                    
  |___/                     

gnina v1.3.3 master:6fe1ce2   Built Jun 30 2026.
gnina is based on smina and AutoDock Vina.
Please cite appropriately.

Commandline: gnina -r results/DOCKING/7AAA.mol2 -l results/DOCKING/ligands_sdf/ligando_583.sdf -o results/DOCKING/results_mol2/docked_ligando_583.mol2 --center_x 8.59 --center_y 39.35 --center_z 9.53 --size_x 22 --size_y 16 --size_z 24 --num_modes 10 --exhaustiveness 8 --seed 1
Using random seed: 1

0%   10   20   30   40   50   60   70   80   90   100%
|----|----|----|----|----|----|----|----|----|----|
***************************************************

mode |  affinity  |  intramol  |    CNN     |   CNN
     | (kcal/mol) | (kcal/mol) | pose score | affinity
-----+------------+------------+------------+----------
    1       -5.50        0.03       0.6139      6.116
    2        0.32        4.45       0.3949      5.201
    3        3.45       -0.14       0.3312      5.513
    4       -5.09        0.85       0.2918      6.033
    5       -0.53        0.55       0.2304      4.590
    6        2.09        0.72       0.2033      4.895
    7        6.69       -0.27       0.1458      5.274
    8       18.86        0.07       0.1453      4.986
    9       -9.39        0.97       0.1081      5.458
   10       -9.46        0.43       0.0997      5.402
