              _             
             (_)            
   __ _ _ __  _ _ __   __ _ 
  / _` | '_ \| | '_ \ / _` |
 | (_| | | | | | | | | (_| |
  \__, |_| |_|_|_| |_|\__,_|
   __/ |                    
  |___/                     

gnina v1.3.3 master:6fe1ce2   Built Jun 30 2026.
gnina is based on smina and AutoDock Vina.
Please cite appropriately.

Commandline: gnina -r results/DOCKING/7AAA.mol2 -l results/DOCKING/ligands_sdf/ligando_471.sdf -o results/DOCKING/results_mol2/docked_ligando_471.mol2 --center_x 8.59 --center_y 39.35 --center_z 9.53 --size_x 22 --size_y 16 --size_z 24 --num_modes 10 --exhaustiveness 8 --seed 1
Using random seed: 1

0%   10   20   30   40   50   60   70   80   90   100%
|----|----|----|----|----|----|----|----|----|----|
***************************************************

mode |  affinity  |  intramol  |    CNN     |   CNN
     | (kcal/mol) | (kcal/mol) | pose score | affinity
-----+------------+------------+------------+----------
    1       -8.48        0.11       0.6754      6.189
    2       -8.51       -0.36       0.5955      6.144
    3       -7.92        0.07       0.4979      5.914
    4       -8.43       -0.49       0.3890      5.831
    5       -8.15       -0.34       0.3422      5.895
    6       -8.71       -0.01       0.3321      5.579
    7       -7.44       -0.37       0.3265      5.786
    8       -7.82       -0.13       0.2566      5.640
    9       -7.62       -0.07       0.2538      6.006
   10       -7.63       -0.35       0.2423      5.548
