              _             
             (_)            
   __ _ _ __  _ _ __   __ _ 
  / _` | '_ \| | '_ \ / _` |
 | (_| | | | | | | | | (_| |
  \__, |_| |_|_|_| |_|\__,_|
   __/ |                    
  |___/                     

gnina v1.3.3 master:6fe1ce2   Built Jun 30 2026.
gnina is based on smina and AutoDock Vina.
Please cite appropriately.

Commandline: gnina -r results/DOCKING/7AAA.mol2 -l results/DOCKING/ligands_sdf/ligando_560.sdf -o results/DOCKING/results_mol2/docked_ligando_560.mol2 --center_x 8.59 --center_y 39.35 --center_z 9.53 --size_x 22 --size_y 16 --size_z 24 --num_modes 10 --exhaustiveness 8 --seed 1
Using random seed: 1

0%   10   20   30   40   50   60   70   80   90   100%
|----|----|----|----|----|----|----|----|----|----|
***************************************************
MolPort-016-718-227 19714870 MCULE-5279797870 PubChem-46975114 ZINC000019714870 | pose 0 | initial pose not within box

mode |  affinity  |  intramol  |    CNN     |   CNN
     | (kcal/mol) | (kcal/mol) | pose score | affinity
-----+------------+------------+------------+----------
    1       -9.23        0.66       0.1897      6.272
    2       -5.72       -0.34       0.1619      5.568
    3       -7.09       -0.01       0.1168      5.701
    4       -9.54        0.00       0.1146      5.470
    5       -5.63       -0.14       0.1071      5.170
    6       -7.11       -0.32       0.1010      5.992
    7       -7.86       -0.15       0.0913      5.895
    8        3.79       -0.67       0.0792      4.599
    9       -8.35        0.52       0.0777      5.554
   10       -8.56        0.49       0.0762      5.333
