              _             
             (_)            
   __ _ _ __  _ _ __   __ _ 
  / _` | '_ \| | '_ \ / _` |
 | (_| | | | | | | | | (_| |
  \__, |_| |_|_|_| |_|\__,_|
   __/ |                    
  |___/                     

gnina v1.3.3 master:6fe1ce2   Built Jun 30 2026.
gnina is based on smina and AutoDock Vina.
Please cite appropriately.

Commandline: gnina -r results/DOCKING/7AAA.mol2 -l results/DOCKING/ligands_sdf/ligando_016.sdf -o results/DOCKING/results_mol2/docked_ligando_016.mol2 --center_x 8.59 --center_y 39.35 --center_z 9.53 --size_x 22 --size_y 16 --size_z 24 --num_modes 10 --exhaustiveness 8 --seed 1
Using random seed: 1

0%   10   20   30   40   50   60   70   80   90   100%
|----|----|----|----|----|----|----|----|----|----|
***************************************************

mode |  affinity  |  intramol  |    CNN     |   CNN
     | (kcal/mol) | (kcal/mol) | pose score | affinity
-----+------------+------------+------------+----------
    1       -8.36        0.10       0.1789      5.854
    2       -9.38        0.19       0.1538      6.191
    3      -10.16       -0.13       0.1268      5.851
    4       -8.04        0.36       0.1215      5.163
    5       -9.13        0.23       0.1094      5.564
    6       -9.45        0.40       0.1089      6.165
    7      -10.15       -0.17       0.0860      5.829
    8       -9.38       -0.19       0.0831      5.409
    9       -8.59        2.20       0.0823      5.628
   10       -8.71        0.77       0.0812      5.771
