              _             
             (_)            
   __ _ _ __  _ _ __   __ _ 
  / _` | '_ \| | '_ \ / _` |
 | (_| | | | | | | | | (_| |
  \__, |_| |_|_|_| |_|\__,_|
   __/ |                    
  |___/                     

gnina v1.3.3 master:6fe1ce2   Built Jun 30 2026.
gnina is based on smina and AutoDock Vina.
Please cite appropriately.

Commandline: gnina -r results/DOCKING/7AAA.mol2 -l results/DOCKING/ligands_sdf/ligando_710.sdf -o results/DOCKING/results_mol2/docked_ligando_710.mol2 --center_x 8.59 --center_y 39.35 --center_z 9.53 --size_x 22 --size_y 16 --size_z 24 --num_modes 10 --exhaustiveness 8 --seed 1
Using random seed: 1

0%   10   20   30   40   50   60   70   80   90   100%
|----|----|----|----|----|----|----|----|----|----|
***************************************************

mode |  affinity  |  intramol  |    CNN     |   CNN
     | (kcal/mol) | (kcal/mol) | pose score | affinity
-----+------------+------------+------------+----------
    1       -8.37        1.98       0.2236      6.573
    2       -8.73       -0.92       0.2127      6.397
    3       -9.66        0.48       0.1688      5.793
    4       -8.99       -0.51       0.1396      6.421
    5       -9.32        0.42       0.1192      6.294
    6       -9.38        0.16       0.0581      5.344
    7       -7.43        0.10       0.0495      5.187
    8       -8.64       -0.62       0.0480      5.536
    9       -7.65       -0.68       0.0409      5.091
   10       -8.80        0.72       0.0390      5.507
