              _             
             (_)            
   __ _ _ __  _ _ __   __ _ 
  / _` | '_ \| | '_ \ / _` |
 | (_| | | | | | | | | (_| |
  \__, |_| |_|_|_| |_|\__,_|
   __/ |                    
  |___/                     

gnina v1.3.3 master:6fe1ce2   Built Jun 30 2026.
gnina is based on smina and AutoDock Vina.
Please cite appropriately.

Commandline: gnina -r results/DOCKING/7AAA.mol2 -l results/DOCKING/ligands_sdf/ligando_511.sdf -o results/DOCKING/results_mol2/docked_ligando_511.mol2 --center_x 8.59 --center_y 39.35 --center_z 9.53 --size_x 22 --size_y 16 --size_z 24 --num_modes 10 --exhaustiveness 8 --seed 1
Using random seed: 1

0%   10   20   30   40   50   60   70   80   90   100%
|----|----|----|----|----|----|----|----|----|----|
***************************************************

mode |  affinity  |  intramol  |    CNN     |   CNN
     | (kcal/mol) | (kcal/mol) | pose score | affinity
-----+------------+------------+------------+----------
    1       -8.04        0.88       0.4673      6.507
    2       -9.11        0.32       0.2160      5.879
    3       -9.22        0.31       0.1972      5.774
    4       -9.19       -0.36       0.1780      5.959
    5       -7.32        0.31       0.1100      5.346
    6       -8.21        0.23       0.0822      5.780
    7       -7.13       -0.46       0.0789      4.963
    8       -7.23        1.70       0.0761      5.657
    9       -7.34       -0.65       0.0748      5.105
   10       -7.61       -1.03       0.0716      5.205
