              _             
             (_)            
   __ _ _ __  _ _ __   __ _ 
  / _` | '_ \| | '_ \ / _` |
 | (_| | | | | | | | | (_| |
  \__, |_| |_|_|_| |_|\__,_|
   __/ |                    
  |___/                     

gnina v1.3.3 master:6fe1ce2   Built Jun 30 2026.
gnina is based on smina and AutoDock Vina.
Please cite appropriately.

Commandline: gnina -r results/DOCKING/7AAA.mol2 -l results/DOCKING/ligands_sdf/ligando_395.sdf -o results/DOCKING/results_mol2/docked_ligando_395.mol2 --center_x 8.59 --center_y 39.35 --center_z 9.53 --size_x 22 --size_y 16 --size_z 24 --num_modes 10 --exhaustiveness 8 --seed 1
Using random seed: 1

0%   10   20   30   40   50   60   70   80   90   100%
|----|----|----|----|----|----|----|----|----|----|
***************************************************

mode |  affinity  |  intramol  |    CNN     |   CNN
     | (kcal/mol) | (kcal/mol) | pose score | affinity
-----+------------+------------+------------+----------
    1       -7.47       -0.33       0.1888      4.588
    2       -6.69        0.62       0.1812      4.395
    3       -5.55       -0.34       0.1472      4.702
    4       -6.82        0.51       0.1426      4.660
    5       -6.94        0.20       0.1127      4.521
    6       -7.35        0.07       0.0974      4.663
    7       -7.61        0.29       0.0928      4.193
    8       -6.59        0.61       0.0914      4.559
    9       -5.91        1.51       0.0898      4.682
   10       -6.80        0.09       0.0888      4.629
