              _             
             (_)            
   __ _ _ __  _ _ __   __ _ 
  / _` | '_ \| | '_ \ / _` |
 | (_| | | | | | | | | (_| |
  \__, |_| |_|_|_| |_|\__,_|
   __/ |                    
  |___/                     

gnina v1.3.3 master:6fe1ce2   Built Jun 30 2026.
gnina is based on smina and AutoDock Vina.
Please cite appropriately.

Commandline: gnina -r results/DOCKING/7AAA.mol2 -l results/DOCKING/ligands_sdf/ligando_782.sdf -o results/DOCKING/results_mol2/docked_ligando_782.mol2 --center_x 8.59 --center_y 39.35 --center_z 9.53 --size_x 22 --size_y 16 --size_z 24 --num_modes 10 --exhaustiveness 8 --seed 1
Using random seed: 1

0%   10   20   30   40   50   60   70   80   90   100%
|----|----|----|----|----|----|----|----|----|----|
***************************************************

mode |  affinity  |  intramol  |    CNN     |   CNN
     | (kcal/mol) | (kcal/mol) | pose score | affinity
-----+------------+------------+------------+----------
    1       -7.80       -0.49       0.5916      5.773
    2       -7.12       -0.57       0.3262      5.344
    3       -7.34       -0.28       0.3207      5.201
    4       -7.51        0.44       0.2834      5.092
    5       -6.90        0.06       0.2760      5.449
    6       -7.04       -0.44       0.2604      5.003
    7       -7.71       -0.51       0.2282      5.156
    8       -7.37       -0.71       0.2141      4.763
    9       -7.74        0.05       0.2079      5.122
   10       -7.19       -0.24       0.1927      5.198
