              _             
             (_)            
   __ _ _ __  _ _ __   __ _ 
  / _` | '_ \| | '_ \ / _` |
 | (_| | | | | | | | | (_| |
  \__, |_| |_|_|_| |_|\__,_|
   __/ |                    
  |___/                     

gnina v1.3.3 master:6fe1ce2   Built Jun 30 2026.
gnina is based on smina and AutoDock Vina.
Please cite appropriately.

Commandline: gnina -r results/DOCKING/7AAA.mol2 -l results/DOCKING/ligands_sdf/ligando_439.sdf -o results/DOCKING/results_mol2/docked_ligando_439.mol2 --center_x 8.59 --center_y 39.35 --center_z 9.53 --size_x 22 --size_y 16 --size_z 24 --num_modes 10 --exhaustiveness 8 --seed 1
Using random seed: 1

0%   10   20   30   40   50   60   70   80   90   100%
|----|----|----|----|----|----|----|----|----|----|
***************************************************

mode |  affinity  |  intramol  |    CNN     |   CNN
     | (kcal/mol) | (kcal/mol) | pose score | affinity
-----+------------+------------+------------+----------
    1       49.04        2.04       0.3974      5.524
    2       -8.71       -0.24       0.3488      6.039
    3        2.98        0.35       0.1796      5.096
    4       -7.93        0.42       0.1743      5.808
    5       -8.86       -0.47       0.1238      5.341
    6       -8.76        3.20       0.1144      5.372
    7       -4.24        0.92       0.1098      5.118
    8       -8.54       -0.65       0.1079      5.630
    9       -9.35       -0.24       0.0947      5.187
   10       -8.18       -0.36       0.0879      5.087
