              _             
             (_)            
   __ _ _ __  _ _ __   __ _ 
  / _` | '_ \| | '_ \ / _` |
 | (_| | | | | | | | | (_| |
  \__, |_| |_|_|_| |_|\__,_|
   __/ |                    
  |___/                     

gnina v1.3.3 master:6fe1ce2   Built Jun 30 2026.
gnina is based on smina and AutoDock Vina.
Please cite appropriately.

Commandline: gnina -r results/DOCKING/7AAA.mol2 -l results/DOCKING/ligands_sdf/ligando_136.sdf -o results/DOCKING/results_mol2/docked_ligando_136.mol2 --center_x 8.59 --center_y 39.35 --center_z 9.53 --size_x 22 --size_y 16 --size_z 24 --num_modes 10 --exhaustiveness 8 --seed 1
Using random seed: 1

0%   10   20   30   40   50   60   70   80   90   100%
|----|----|----|----|----|----|----|----|----|----|
***************************************************
Molport-046-654-148 MCULE-3101607215 PubChem-165827910 | pose 0 | initial pose not within box

mode |  affinity  |  intramol  |    CNN     |   CNN
     | (kcal/mol) | (kcal/mol) | pose score | affinity
-----+------------+------------+------------+----------
    1       -9.93       -0.11       0.1768      6.303
    2      -11.78        0.51       0.1299      5.757
    3       -9.37       -0.40       0.1066      5.780
    4       -8.68       -0.74       0.1055      5.678
    5       -9.14        0.46       0.0989      5.786
    6      -13.17        0.16       0.0556      4.925
    7       -9.42        0.01       0.0543      5.375
    8       -8.85       -0.11       0.0530      5.332
    9       -9.50        0.56       0.0514      5.074
   10       -9.02        0.17       0.0443      5.468
