              _             
             (_)            
   __ _ _ __  _ _ __   __ _ 
  / _` | '_ \| | '_ \ / _` |
 | (_| | | | | | | | | (_| |
  \__, |_| |_|_|_| |_|\__,_|
   __/ |                    
  |___/                     

gnina v1.3.3 master:6fe1ce2   Built Jun 30 2026.
gnina is based on smina and AutoDock Vina.
Please cite appropriately.

Commandline: gnina -r results/DOCKING/7AAA.mol2 -l results/DOCKING/ligands_sdf/ligando_218.sdf -o results/DOCKING/results_mol2/docked_ligando_218.mol2 --center_x 8.59 --center_y 39.35 --center_z 9.53 --size_x 22 --size_y 16 --size_z 24 --num_modes 10 --exhaustiveness 8 --seed 1
Using random seed: 1

0%   10   20   30   40   50   60   70   80   90   100%
|----|----|----|----|----|----|----|----|----|----|
***************************************************
MolPort-006-579-806 ChemDiv-V016-7939 MCULE-7327860342 PubChem-46040770 ZINC37544436 | pose 0 | initial pose not within box
MolPort-006-579-806 ChemDiv-V016-7939 MCULE-7327860342 PubChem-46040770 ZINC37544436 | pose 0 | ligand outside box
MolPort-006-579-806 ChemDiv-V016-7939 MCULE-7327860342 PubChem-46040770 ZINC37544436 | pose 0 | ligand outside box
MolPort-006-579-806 ChemDiv-V016-7939 MCULE-7327860342 PubChem-46040770 ZINC37544436 | pose 0 | ligand outside box
MolPort-006-579-806 ChemDiv-V016-7939 MCULE-7327860342 PubChem-46040770 ZINC37544436 | pose 0 | ligand outside box

mode |  affinity  |  intramol  |    CNN     |   CNN
     | (kcal/mol) | (kcal/mol) | pose score | affinity
-----+------------+------------+------------+----------
    1      -10.39       -0.03       0.5236      6.925
    2       -9.68        1.48       0.1839      6.405
    3      -10.34        1.42       0.1522      5.439
    4      -10.73        1.50       0.1296      5.541
    5       -9.05       -0.92       0.1278      5.348
    6      -10.36        1.14       0.1259      5.416
    7      -10.14       -0.06       0.1222      5.528
    8      -10.30        0.14       0.1198      5.523
    9      -10.43        0.15       0.1139      5.953
   10      -10.84        0.33       0.1038      5.913
