              _             
             (_)            
   __ _ _ __  _ _ __   __ _ 
  / _` | '_ \| | '_ \ / _` |
 | (_| | | | | | | | | (_| |
  \__, |_| |_|_|_| |_|\__,_|
   __/ |                    
  |___/                     

gnina v1.3.3 master:6fe1ce2   Built Jun 30 2026.
gnina is based on smina and AutoDock Vina.
Please cite appropriately.

Commandline: gnina -r results/DOCKING/7AAA.mol2 -l results/DOCKING/ligands_sdf/ligando_495.sdf -o results/DOCKING/results_mol2/docked_ligando_495.mol2 --center_x 8.59 --center_y 39.35 --center_z 9.53 --size_x 22 --size_y 16 --size_z 24 --num_modes 10 --exhaustiveness 8 --seed 1
Using random seed: 1

0%   10   20   30   40   50   60   70   80   90   100%
|----|----|----|----|----|----|----|----|----|----|
***************************************************
MolPort-001-625-477 4696243 CSSS00132526133 ChemDiv-Y030-8192 LN00990780 MCULE-6331054327 PubChem-4036561 ZINC000004696243 ZINC04696243 | pose 0 | initial pose not within box
MolPort-001-625-477 4696243 CSSS00132526133 ChemDiv-Y030-8192 LN00990780 MCULE-6331054327 PubChem-4036561 ZINC000004696243 ZINC04696243 | pose 0 | ligand outside box
MolPort-001-625-477 4696243 CSSS00132526133 ChemDiv-Y030-8192 LN00990780 MCULE-6331054327 PubChem-4036561 ZINC000004696243 ZINC04696243 | pose 0 | ligand outside box
MolPort-001-625-477 4696243 CSSS00132526133 ChemDiv-Y030-8192 LN00990780 MCULE-6331054327 PubChem-4036561 ZINC000004696243 ZINC04696243 | pose 0 | ligand outside box
MolPort-001-625-477 4696243 CSSS00132526133 ChemDiv-Y030-8192 LN00990780 MCULE-6331054327 PubChem-4036561 ZINC000004696243 ZINC04696243 | pose 0 | ligand outside box
MolPort-001-625-477 4696243 CSSS00132526133 ChemDiv-Y030-8192 LN00990780 MCULE-6331054327 PubChem-4036561 ZINC000004696243 ZINC04696243 | pose 0 | ligand outside box
MolPort-001-625-477 4696243 CSSS00132526133 ChemDiv-Y030-8192 LN00990780 MCULE-6331054327 PubChem-4036561 ZINC000004696243 ZINC04696243 | pose 0 | ligand outside box
MolPort-001-625-477 4696243 CSSS00132526133 ChemDiv-Y030-8192 LN00990780 MCULE-6331054327 PubChem-4036561 ZINC000004696243 ZINC04696243 | pose 0 | ligand outside box
MolPort-001-625-477 4696243 CSSS00132526133 ChemDiv-Y030-8192 LN00990780 MCULE-6331054327 PubChem-4036561 ZINC000004696243 ZINC04696243 | pose 0 | ligand outside box
MolPort-001-625-477 4696243 CSSS00132526133 ChemDiv-Y030-8192 LN00990780 MCULE-6331054327 PubChem-4036561 ZINC000004696243 ZINC04696243 | pose 0 | ligand outside box
MolPort-001-625-477 4696243 CSSS00132526133 ChemDiv-Y030-8192 LN00990780 MCULE-6331054327 PubChem-4036561 ZINC000004696243 ZINC04696243 | pose 0 | initial pose not within box
MolPort-001-625-477 4696243 CSSS00132526133 ChemDiv-Y030-8192 LN00990780 MCULE-6331054327 PubChem-4036561 ZINC000004696243 ZINC04696243 | pose 0 | ligand outside box

mode |  affinity  |  intramol  |    CNN     |   CNN
     | (kcal/mol) | (kcal/mol) | pose score | affinity
-----+------------+------------+------------+----------
    1        5.97       -0.36       0.5099      4.965
    2       -8.45       -0.75       0.4902      6.013
    3       -1.83       -0.22       0.4547      5.438
    4       -6.17       -0.64       0.3725      5.049
    5       -6.63       -0.41       0.3566      5.499
    6       -8.02        0.29       0.3187      5.553
    7        1.20       -1.01       0.2994      5.018
    8       -2.57        0.04       0.2551      4.608
    9       -7.28        0.36       0.2507      5.488
   10       -7.75       -0.34       0.2314      5.457
