              _             
             (_)            
   __ _ _ __  _ _ __   __ _ 
  / _` | '_ \| | '_ \ / _` |
 | (_| | | | | | | | | (_| |
  \__, |_| |_|_|_| |_|\__,_|
   __/ |                    
  |___/                     

gnina v1.3.3 master:6fe1ce2   Built Jun 30 2026.
gnina is based on smina and AutoDock Vina.
Please cite appropriately.

Commandline: gnina -r results/DOCKING/7AAA.mol2 -l results/DOCKING/ligands_sdf/ligando_424.sdf -o results/DOCKING/results_mol2/docked_ligando_424.mol2 --center_x 8.59 --center_y 39.35 --center_z 9.53 --size_x 22 --size_y 16 --size_z 24 --num_modes 10 --exhaustiveness 8 --seed 1
Using random seed: 1

0%   10   20   30   40   50   60   70   80   90   100%
|----|----|----|----|----|----|----|----|----|----|
***************************************************
MolPort-047-073-850 MCULE-1850452322 PubChem-132772074 | pose 0 | initial pose not within box

mode |  affinity  |  intramol  |    CNN     |   CNN
     | (kcal/mol) | (kcal/mol) | pose score | affinity
-----+------------+------------+------------+----------
    1       -8.84       -0.33       0.5811      7.078
    2       -8.42       -0.88       0.2839      6.536
    3       -7.90       -0.93       0.2830      6.671
    4       -7.97       -0.55       0.1802      6.581
    5       -9.35        0.36       0.1752      6.446
    6       -9.32       -0.56       0.1498      6.248
    7       -9.61       -0.71       0.0786      5.739
    8       -9.21       -0.80       0.0767      5.659
    9       -8.90       -0.00       0.0694      6.151
   10       -9.66       -0.48       0.0638      5.332
