              _             
             (_)            
   __ _ _ __  _ _ __   __ _ 
  / _` | '_ \| | '_ \ / _` |
 | (_| | | | | | | | | (_| |
  \__, |_| |_|_|_| |_|\__,_|
   __/ |                    
  |___/                     

gnina v1.3.3 master:6fe1ce2   Built Jun 30 2026.
gnina is based on smina and AutoDock Vina.
Please cite appropriately.

Commandline: gnina -r results/DOCKING/7AAA.mol2 -l results/DOCKING/ligands_sdf/ligando_007.sdf -o results/DOCKING/results_mol2/docked_ligando_007.mol2 --center_x 8.59 --center_y 39.35 --center_z 9.53 --size_x 22 --size_y 16 --size_z 24 --num_modes 10 --exhaustiveness 8 --seed 1
Using random seed: 1

0%   10   20   30   40   50   60   70   80   90   100%
|----|----|----|----|----|----|----|----|----|----|
***************************************************

mode |  affinity  |  intramol  |    CNN     |   CNN
     | (kcal/mol) | (kcal/mol) | pose score | affinity
-----+------------+------------+------------+----------
    1       -9.87        0.88       0.1798      6.007
    2      -10.84        0.45       0.1661      5.887
    3      -10.67        0.75       0.1584      5.893
    4       -9.43        0.38       0.1437      5.402
    5      -10.64       -0.69       0.1199      5.745
    6       -5.66        0.40       0.1095      4.760
    7       -6.91       -0.34       0.1083      4.799
    8       -7.17       -0.45       0.1011      5.223
    9       -9.56        0.72       0.0987      5.118
   10       -9.76        1.08       0.0751      5.044
