              _             
             (_)            
   __ _ _ __  _ _ __   __ _ 
  / _` | '_ \| | '_ \ / _` |
 | (_| | | | | | | | | (_| |
  \__, |_| |_|_|_| |_|\__,_|
   __/ |                    
  |___/                     

gnina v1.3.3 master:6fe1ce2   Built Jun 30 2026.
gnina is based on smina and AutoDock Vina.
Please cite appropriately.

Commandline: gnina -r results/DOCKING/7AAA.mol2 -l results/DOCKING/ligands_sdf/ligando_580.sdf -o results/DOCKING/results_mol2/docked_ligando_580.mol2 --center_x 8.59 --center_y 39.35 --center_z 9.53 --size_x 22 --size_y 16 --size_z 24 --num_modes 10 --exhaustiveness 8 --seed 1
Using random seed: 1

0%   10   20   30   40   50   60   70   80   90   100%
|----|----|----|----|----|----|----|----|----|----|
***************************************************
MolPort-035-706-986 CSSS03437789241 PubChem-102551604 | pose 0 | initial pose not within box
MolPort-035-706-986 CSSS03437789241 PubChem-102551604 | pose 0 | ligand outside box
MolPort-035-706-986 CSSS03437789241 PubChem-102551604 | pose 0 | ligand outside box
MolPort-035-706-986 CSSS03437789241 PubChem-102551604 | pose 0 | ligand outside box
MolPort-035-706-986 CSSS03437789241 PubChem-102551604 | pose 0 | ligand outside box
MolPort-035-706-986 CSSS03437789241 PubChem-102551604 | pose 0 | ligand outside box
MolPort-035-706-986 CSSS03437789241 PubChem-102551604 | pose 0 | initial pose not within box
MolPort-035-706-986 CSSS03437789241 PubChem-102551604 | pose 0 | ligand outside box

mode |  affinity  |  intramol  |    CNN     |   CNN
     | (kcal/mol) | (kcal/mol) | pose score | affinity
-----+------------+------------+------------+----------
    1       -5.54        1.01       0.6309      6.259
    2       -8.72       -0.34       0.2753      5.837
    3       -7.24        1.14       0.2399      5.286
    4       -6.46        0.75       0.2264      5.575
    5       -3.13        0.82       0.2011      5.145
    6       -9.04       -0.40       0.1816      5.676
    7       -9.51        1.48       0.1122      5.373
    8       -8.93       -0.33       0.1038      4.127
    9      -10.07        1.73       0.1011      5.604
   10       -8.12       -0.03       0.0989      4.920
