              _             
             (_)            
   __ _ _ __  _ _ __   __ _ 
  / _` | '_ \| | '_ \ / _` |
 | (_| | | | | | | | | (_| |
  \__, |_| |_|_|_| |_|\__,_|
   __/ |                    
  |___/                     

gnina v1.3.3 master:6fe1ce2   Built Jun 30 2026.
gnina is based on smina and AutoDock Vina.
Please cite appropriately.

Commandline: gnina -r results/DOCKING/7AAA.mol2 -l results/DOCKING/ligands_sdf/ligando_522.sdf -o results/DOCKING/results_mol2/docked_ligando_522.mol2 --center_x 8.59 --center_y 39.35 --center_z 9.53 --size_x 22 --size_y 16 --size_z 24 --num_modes 10 --exhaustiveness 8 --seed 1
Using random seed: 1

0%   10   20   30   40   50   60   70   80   90   100%
|----|----|----|----|----|----|----|----|----|----|
***************************************************

mode |  affinity  |  intramol  |    CNN     |   CNN
     | (kcal/mol) | (kcal/mol) | pose score | affinity
-----+------------+------------+------------+----------
    1       -8.46        0.74       0.3439      6.975
    2       -8.54       -0.47       0.2654      6.546
    3      -10.13       -0.64       0.2161      6.462
    4       -9.76       -0.84       0.2104      6.233
    5       -9.36        0.50       0.1550      6.475
    6      -10.04        0.88       0.1490      6.380
    7       -9.83       -0.46       0.1456      6.278
    8      -10.49        0.39       0.1260      6.338
    9      -10.85        1.07       0.1175      6.237
   10      -10.22       -0.18       0.1067      6.627
