              _             
             (_)            
   __ _ _ __  _ _ __   __ _ 
  / _` | '_ \| | '_ \ / _` |
 | (_| | | | | | | | | (_| |
  \__, |_| |_|_|_| |_|\__,_|
   __/ |                    
  |___/                     

gnina v1.3.3 master:6fe1ce2   Built Jun 30 2026.
gnina is based on smina and AutoDock Vina.
Please cite appropriately.

Commandline: gnina -r results/DOCKING/7AAA.mol2 -l results/DOCKING/ligands_sdf/ligando_756.sdf -o results/DOCKING/results_mol2/docked_ligando_756.mol2 --center_x 8.59 --center_y 39.35 --center_z 9.53 --size_x 22 --size_y 16 --size_z 24 --num_modes 10 --exhaustiveness 8 --seed 1
Using random seed: 1

0%   10   20   30   40   50   60   70   80   90   100%
|----|----|----|----|----|----|----|----|----|----|
***************************************************
MolPort-002-624-954 2447586 LN00658684 PubChem-1621928 ZINC000002447586 ZINC02447586 | pose 0 | initial pose not within box

mode |  affinity  |  intramol  |    CNN     |   CNN
     | (kcal/mol) | (kcal/mol) | pose score | affinity
-----+------------+------------+------------+----------
    1       -9.07       -0.54       0.5874      6.856
    2       -8.53       -0.37       0.4830      6.734
    3       -8.45       -0.85       0.4666      6.835
    4       -6.87        2.29       0.3810      6.365
    5       -8.41       -0.39       0.2095      5.921
    6       -9.29       -1.52       0.2080      5.639
    7       -9.71       -0.49       0.1956      5.988
    8      -10.25       -0.72       0.1603      6.104
    9       -9.95       -1.05       0.1587      5.483
   10       -3.58       -0.38       0.1568      4.864
