              _             
             (_)            
   __ _ _ __  _ _ __   __ _ 
  / _` | '_ \| | '_ \ / _` |
 | (_| | | | | | | | | (_| |
  \__, |_| |_|_|_| |_|\__,_|
   __/ |                    
  |___/                     

gnina v1.3.3 master:6fe1ce2   Built Jun 30 2026.
gnina is based on smina and AutoDock Vina.
Please cite appropriately.

Commandline: gnina -r results/DOCKING/7AAA.mol2 -l results/DOCKING/ligands_sdf/ligando_268.sdf -o results/DOCKING/results_mol2/docked_ligando_268.mol2 --center_x 8.59 --center_y 39.35 --center_z 9.53 --size_x 22 --size_y 16 --size_z 24 --num_modes 10 --exhaustiveness 8 --seed 1
Using random seed: 1

0%   10   20   30   40   50   60   70   80   90   100%
|----|----|----|----|----|----|----|----|----|----|
***************************************************

mode |  affinity  |  intramol  |    CNN     |   CNN
     | (kcal/mol) | (kcal/mol) | pose score | affinity
-----+------------+------------+------------+----------
    1       -8.50        0.27       0.7841      6.044
    2       -8.78       -0.20       0.6396      6.361
    3       -8.10        0.03       0.5561      6.073
    4       -8.09       -0.56       0.3328      5.858
    5       -8.06       -0.51       0.2676      5.791
    6       -8.09       -0.32       0.1390      5.537
    7       -8.51       -0.70       0.0883      5.337
    8       -8.34       -0.50       0.0801      4.758
    9       -7.99       -0.65       0.0799      5.001
   10       -8.74        0.31       0.0670      4.835
