              _             
             (_)            
   __ _ _ __  _ _ __   __ _ 
  / _` | '_ \| | '_ \ / _` |
 | (_| | | | | | | | | (_| |
  \__, |_| |_|_|_| |_|\__,_|
   __/ |                    
  |___/                     

gnina v1.3.3 master:6fe1ce2   Built Jun 30 2026.
gnina is based on smina and AutoDock Vina.
Please cite appropriately.

Commandline: gnina -r results/DOCKING/7AAA.mol2 -l results/DOCKING/ligands_sdf/ligando_351.sdf -o results/DOCKING/results_mol2/docked_ligando_351.mol2 --center_x 8.59 --center_y 39.35 --center_z 9.53 --size_x 22 --size_y 16 --size_z 24 --num_modes 10 --exhaustiveness 8 --seed 1
Using random seed: 1

0%   10   20   30   40   50   60   70   80   90   100%
|----|----|----|----|----|----|----|----|----|----|
***************************************************

mode |  affinity  |  intramol  |    CNN     |   CNN
     | (kcal/mol) | (kcal/mol) | pose score | affinity
-----+------------+------------+------------+----------
    1       -8.67       -0.09       0.9319      6.598
    2       -8.42       -0.54       0.7927      6.165
    3       -7.59       -0.42       0.6479      6.350
    4       -7.82       -0.45       0.6225      5.791
    5       -7.54        0.07       0.2393      5.270
    6       -8.40       -0.43       0.2116      5.315
    7       -7.33       -0.15       0.2078      4.983
    8       -7.71       -0.42       0.1600      5.605
    9       -7.41       -0.50       0.1201      4.866
   10       -7.77       -0.51       0.1132      4.708
