              _             
             (_)            
   __ _ _ __  _ _ __   __ _ 
  / _` | '_ \| | '_ \ / _` |
 | (_| | | | | | | | | (_| |
  \__, |_| |_|_|_| |_|\__,_|
   __/ |                    
  |___/                     

gnina v1.3.3 master:6fe1ce2   Built Jun 30 2026.
gnina is based on smina and AutoDock Vina.
Please cite appropriately.

Commandline: gnina -r results/DOCKING/7AAA.mol2 -l results/DOCKING/ligands_sdf/ligando_486.sdf -o results/DOCKING/results_mol2/docked_ligando_486.mol2 --center_x 8.59 --center_y 39.35 --center_z 9.53 --size_x 22 --size_y 16 --size_z 24 --num_modes 10 --exhaustiveness 8 --seed 1
Using random seed: 1

0%   10   20   30   40   50   60   70   80   90   100%
|----|----|----|----|----|----|----|----|----|----|
***************************************************
MolPort-045-953-891 CSSS00160216300 MCULE-4434783732 | pose 0 | ligand outside box

mode |  affinity  |  intramol  |    CNN     |   CNN
     | (kcal/mol) | (kcal/mol) | pose score | affinity
-----+------------+------------+------------+----------
    1       -9.84        0.65       0.4579      7.221
    2       -1.63       -0.25       0.2183      5.345
    3       -9.37       -0.04       0.1557      6.589
    4       -2.76       -0.85       0.1525      5.046
    5       -6.69       -0.45       0.1349      5.521
    6       -9.42        0.01       0.1172      6.493
    7       -7.64       -0.58       0.1101      6.014
    8       -7.56        0.15       0.0911      5.901
    9       -9.13        0.43       0.0904      5.652
   10       -9.78       -0.50       0.0868      5.920
