              _             
             (_)            
   __ _ _ __  _ _ __   __ _ 
  / _` | '_ \| | '_ \ / _` |
 | (_| | | | | | | | | (_| |
  \__, |_| |_|_|_| |_|\__,_|
   __/ |                    
  |___/                     

gnina v1.3.3 master:6fe1ce2   Built Jun 30 2026.
gnina is based on smina and AutoDock Vina.
Please cite appropriately.

Commandline: gnina -r results/DOCKING/7AAA.mol2 -l results/DOCKING/ligands_sdf/ligando_244.sdf -o results/DOCKING/results_mol2/docked_ligando_244.mol2 --center_x 8.59 --center_y 39.35 --center_z 9.53 --size_x 22 --size_y 16 --size_z 24 --num_modes 10 --exhaustiveness 8 --seed 1
Using random seed: 1

0%   10   20   30   40   50   60   70   80   90   100%
|----|----|----|----|----|----|----|----|----|----|
***************************************************

mode |  affinity  |  intramol  |    CNN     |   CNN
     | (kcal/mol) | (kcal/mol) | pose score | affinity
-----+------------+------------+------------+----------
    1       -8.75       -1.01       0.2008      6.424
    2      -10.22        0.79       0.1079      6.870
    3       -9.13        0.53       0.1065      6.459
    4      -10.16       -0.04       0.1028      5.671
    5      -11.11        2.94       0.0989      6.317
    6      -10.46        0.64       0.0925      6.404
    7      -10.21        1.59       0.0756      6.665
    8       -9.05       -0.55       0.0676      5.176
    9      -10.61       -0.14       0.0599      5.867
   10       -9.14        0.37       0.0586      5.070
