              _             
             (_)            
   __ _ _ __  _ _ __   __ _ 
  / _` | '_ \| | '_ \ / _` |
 | (_| | | | | | | | | (_| |
  \__, |_| |_|_|_| |_|\__,_|
   __/ |                    
  |___/                     

gnina v1.3.3 master:6fe1ce2   Built Jun 30 2026.
gnina is based on smina and AutoDock Vina.
Please cite appropriately.

Commandline: gnina -r results/DOCKING/7AAA.mol2 -l results/DOCKING/ligands_sdf/ligando_423.sdf -o results/DOCKING/results_mol2/docked_ligando_423.mol2 --center_x 8.59 --center_y 39.35 --center_z 9.53 --size_x 22 --size_y 16 --size_z 24 --num_modes 10 --exhaustiveness 8 --seed 1
Using random seed: 1

0%   10   20   30   40   50   60   70   80   90   100%
|----|----|----|----|----|----|----|----|----|----|
***************************************************
MolPort-046-958-371 MCULE-5358002909 PubChem-110093591 | pose 0 | ligand outside box
MolPort-046-958-371 MCULE-5358002909 PubChem-110093591 | pose 0 | ligand outside box
MolPort-046-958-371 MCULE-5358002909 PubChem-110093591 | pose 0 | ligand outside box
MolPort-046-958-371 MCULE-5358002909 PubChem-110093591 | pose 0 | ligand outside box

mode |  affinity  |  intramol  |    CNN     |   CNN
     | (kcal/mol) | (kcal/mol) | pose score | affinity
-----+------------+------------+------------+----------
    1      -10.22        0.87       0.3267      7.058
    2      -10.07       -0.20       0.1114      6.749
    3      -10.56       -0.52       0.0844      6.104
    4       -9.97       -0.37       0.0792      5.785
    5      -10.89       -0.39       0.0775      6.102
    6       -9.99       -0.68       0.0674      6.042
    7       12.10       -0.61       0.0659      5.861
    8       -7.60       -0.17       0.0563      5.836
    9      -10.87        0.96       0.0506      6.241
   10       -9.61       -0.10       0.0438      6.293
