              _             
             (_)            
   __ _ _ __  _ _ __   __ _ 
  / _` | '_ \| | '_ \ / _` |
 | (_| | | | | | | | | (_| |
  \__, |_| |_|_|_| |_|\__,_|
   __/ |                    
  |___/                     

gnina v1.3.3 master:6fe1ce2   Built Jun 30 2026.
gnina is based on smina and AutoDock Vina.
Please cite appropriately.

Commandline: gnina -r results/DOCKING/7AAA.mol2 -l results/DOCKING/ligands_sdf/ligando_711.sdf -o results/DOCKING/results_mol2/docked_ligando_711.mol2 --center_x 8.59 --center_y 39.35 --center_z 9.53 --size_x 22 --size_y 16 --size_z 24 --num_modes 10 --exhaustiveness 8 --seed 1
Using random seed: 1

0%   10   20   30   40   50   60   70   80   90   100%
|----|----|----|----|----|----|----|----|----|----|
***************************************************

mode |  affinity  |  intramol  |    CNN     |   CNN
     | (kcal/mol) | (kcal/mol) | pose score | affinity
-----+------------+------------+------------+----------
    1       -7.47       -0.45       0.4016      5.626
    2       -6.28        0.20       0.2705      5.359
    3       -7.51       -0.44       0.1941      5.036
    4       -7.61        1.88       0.1752      4.633
    5       -7.22       -0.54       0.1011      4.672
    6       -5.02       -0.48       0.1006      4.560
    7       -5.53        0.67       0.0747      4.718
    8       -7.13        1.16       0.0718      4.873
    9       -6.33       -0.45       0.0631      4.401
   10       -5.20        0.85       0.0622      4.450
