              _             
             (_)            
   __ _ _ __  _ _ __   __ _ 
  / _` | '_ \| | '_ \ / _` |
 | (_| | | | | | | | | (_| |
  \__, |_| |_|_|_| |_|\__,_|
   __/ |                    
  |___/                     

gnina v1.3.3 master:6fe1ce2   Built Jun 30 2026.
gnina is based on smina and AutoDock Vina.
Please cite appropriately.

Commandline: gnina -r results/DOCKING/7AAA.mol2 -l results/DOCKING/ligands_sdf/ligando_621.sdf -o results/DOCKING/results_mol2/docked_ligando_621.mol2 --center_x 8.59 --center_y 39.35 --center_z 9.53 --size_x 22 --size_y 16 --size_z 24 --num_modes 10 --exhaustiveness 8 --seed 1
Using random seed: 1

0%   10   20   30   40   50   60   70   80   90   100%
|----|----|----|----|----|----|----|----|----|----|
***************************************************
MolPort-003-112-234 8959257 CSSS03437105859 MCULE-9045010206 PubChem-40887153 RCZVKESWLZZSND-UHFFFAOYSA-N ZINC000008959257 ZINC08959257 | pose 0 | ligand outside box
MolPort-003-112-234 8959257 CSSS03437105859 MCULE-9045010206 PubChem-40887153 RCZVKESWLZZSND-UHFFFAOYSA-N ZINC000008959257 ZINC08959257 | pose 0 | ligand outside box
MolPort-003-112-234 8959257 CSSS03437105859 MCULE-9045010206 PubChem-40887153 RCZVKESWLZZSND-UHFFFAOYSA-N ZINC000008959257 ZINC08959257 | pose 0 | ligand outside box
MolPort-003-112-234 8959257 CSSS03437105859 MCULE-9045010206 PubChem-40887153 RCZVKESWLZZSND-UHFFFAOYSA-N ZINC000008959257 ZINC08959257 | pose 0 | ligand outside box

mode |  affinity  |  intramol  |    CNN     |   CNN
     | (kcal/mol) | (kcal/mol) | pose score | affinity
-----+------------+------------+------------+----------
    1       -8.96        0.65       0.2061      6.145
    2        1.46        2.58       0.1145      5.645
    3       -6.86        0.04       0.1130      6.298
    4       -6.83        1.22       0.0918      6.108
    5       -9.16       -1.49       0.0840      5.885
    6       -9.43        0.98       0.0776      5.337
    7       -9.51        0.68       0.0766      5.386
    8       -9.81        0.84       0.0758      5.459
    9       -9.75        0.64       0.0735      5.473
   10       48.71       -0.09       0.0695      5.537
