              _             
             (_)            
   __ _ _ __  _ _ __   __ _ 
  / _` | '_ \| | '_ \ / _` |
 | (_| | | | | | | | | (_| |
  \__, |_| |_|_|_| |_|\__,_|
   __/ |                    
  |___/                     

gnina v1.3.3 master:6fe1ce2   Built Jun 30 2026.
gnina is based on smina and AutoDock Vina.
Please cite appropriately.

Commandline: gnina -r results/DOCKING/7AAA.mol2 -l results/DOCKING/ligands_sdf/ligando_013.sdf -o results/DOCKING/results_mol2/docked_ligando_013.mol2 --center_x 8.59 --center_y 39.35 --center_z 9.53 --size_x 22 --size_y 16 --size_z 24 --num_modes 10 --exhaustiveness 8 --seed 1
Using random seed: 1

0%   10   20   30   40   50   60   70   80   90   100%
|----|----|----|----|----|----|----|----|----|----|
***************************************************
MolPort-007-723-351 6818230 ChemDiv-E157-4633 MCULE-6806045684 PubChem-22517937 ZINC000006818230 ZINC06818230 | pose 0 | initial pose not within box

mode |  affinity  |  intramol  |    CNN     |   CNN
     | (kcal/mol) | (kcal/mol) | pose score | affinity
-----+------------+------------+------------+----------
    1       -7.74        0.58       0.7893      6.295
    2       -7.60       -0.04       0.4435      5.797
    3       -8.91       -0.31       0.1831      5.029
    4       -8.98       -0.41       0.1796      4.968
    5       -8.34       -0.26       0.1234      4.673
    6       -8.46       -0.49       0.0955      4.538
    7       -8.60        0.20       0.0769      4.876
    8       -8.73       -0.55       0.0732      4.633
    9       -6.52        0.32       0.0717      4.520
   10       -8.85       -0.55       0.0649      4.619
