              _             
             (_)            
   __ _ _ __  _ _ __   __ _ 
  / _` | '_ \| | '_ \ / _` |
 | (_| | | | | | | | | (_| |
  \__, |_| |_|_|_| |_|\__,_|
   __/ |                    
  |___/                     

gnina v1.3.3 master:6fe1ce2   Built Jun 30 2026.
gnina is based on smina and AutoDock Vina.
Please cite appropriately.

Commandline: gnina -r results/DOCKING/7AAA.mol2 -l results/DOCKING/ligands_sdf/ligando_173.sdf -o results/DOCKING/results_mol2/docked_ligando_173.mol2 --center_x 8.59 --center_y 39.35 --center_z 9.53 --size_x 22 --size_y 16 --size_z 24 --num_modes 10 --exhaustiveness 8 --seed 1
Using random seed: 1

0%   10   20   30   40   50   60   70   80   90   100%
|----|----|----|----|----|----|----|----|----|----|
***************************************************

mode |  affinity  |  intramol  |    CNN     |   CNN
     | (kcal/mol) | (kcal/mol) | pose score | affinity
-----+------------+------------+------------+----------
    1       -7.60        0.17       0.7319      6.359
    2       -8.30        0.33       0.5943      5.961
    3       -7.80       -0.48       0.4619      5.758
    4       -8.50       -0.01       0.4370      5.058
    5       -8.62       -0.40       0.4018      5.725
    6       -8.18       -0.35       0.3963      5.814
    7       -8.10       -0.46       0.2719      5.573
    8       -7.91       -0.45       0.1800      4.956
    9       -7.94       -0.45       0.1636      5.247
   10       -7.92       -0.41       0.1432      4.692
