              _             
             (_)            
   __ _ _ __  _ _ __   __ _ 
  / _` | '_ \| | '_ \ / _` |
 | (_| | | | | | | | | (_| |
  \__, |_| |_|_|_| |_|\__,_|
   __/ |                    
  |___/                     

gnina v1.3.3 master:6fe1ce2   Built Jun 30 2026.
gnina is based on smina and AutoDock Vina.
Please cite appropriately.

Commandline: gnina -r results/DOCKING/7AAA.mol2 -l results/DOCKING/ligands_sdf/ligando_123.sdf -o results/DOCKING/results_mol2/docked_ligando_123.mol2 --center_x 8.59 --center_y 39.35 --center_z 9.53 --size_x 22 --size_y 16 --size_z 24 --num_modes 10 --exhaustiveness 8 --seed 1
Using random seed: 1

0%   10   20   30   40   50   60   70   80   90   100%
|----|----|----|----|----|----|----|----|----|----|
***************************************************
MolPort-002-790-936 CSC007976600 CSSS00007976600 LN01161734 MCULE-1365855620 PubChem-17161525 | pose 0 | initial pose not within box

mode |  affinity  |  intramol  |    CNN     |   CNN
     | (kcal/mol) | (kcal/mol) | pose score | affinity
-----+------------+------------+------------+----------
    1       -6.49       -0.30       0.3957      5.087
    2       -7.65       -0.29       0.3147      4.698
    3       -7.00       -0.58       0.2192      4.619
    4       -7.39       -0.63       0.2151      4.020
    5       -7.59       -0.03       0.1719      4.283
    6       -7.41       -0.31       0.1668      4.152
    7       -6.66       -0.59       0.1638      3.797
    8       -7.71       -0.52       0.1602      3.647
    9       -7.61       -0.51       0.1579      3.993
   10       -7.78       -0.16       0.1480      4.254
