              _             
             (_)            
   __ _ _ __  _ _ __   __ _ 
  / _` | '_ \| | '_ \ / _` |
 | (_| | | | | | | | | (_| |
  \__, |_| |_|_|_| |_|\__,_|
   __/ |                    
  |___/                     

gnina v1.3.3 master:6fe1ce2   Built Jun 30 2026.
gnina is based on smina and AutoDock Vina.
Please cite appropriately.

Commandline: gnina -r results/DOCKING/7AAA.mol2 -l results/DOCKING/ligands_sdf/ligando_830.sdf -o results/DOCKING/results_mol2/docked_ligando_830.mol2 --center_x 8.59 --center_y 39.35 --center_z 9.53 --size_x 22 --size_y 16 --size_z 24 --num_modes 10 --exhaustiveness 8 --seed 1
Using random seed: 1

0%   10   20   30   40   50   60   70   80   90   100%
|----|----|----|----|----|----|----|----|----|----|
***************************************************

mode |  affinity  |  intramol  |    CNN     |   CNN
     | (kcal/mol) | (kcal/mol) | pose score | affinity
-----+------------+------------+------------+----------
    1       -8.14       -0.25       0.5605      5.706
    2       -7.63       -0.56       0.3875      5.292
    3       -7.04       -0.76       0.3776      5.459
    4       -7.53       -0.04       0.2350      4.974
    5       -7.07       -0.48       0.1815      5.009
    6       -7.12       -0.12       0.1624      4.900
    7       -8.69       -0.02       0.1597      4.722
    8       -7.68       -0.59       0.1355      4.685
    9       -7.02        1.23       0.1193      4.796
   10       -7.79       -0.60       0.1158      4.343
