              _             
             (_)            
   __ _ _ __  _ _ __   __ _ 
  / _` | '_ \| | '_ \ / _` |
 | (_| | | | | | | | | (_| |
  \__, |_| |_|_|_| |_|\__,_|
   __/ |                    
  |___/                     

gnina v1.3.3 master:6fe1ce2   Built Jun 30 2026.
gnina is based on smina and AutoDock Vina.
Please cite appropriately.

Commandline: gnina -r results/DOCKING/7AAA.mol2 -l results/DOCKING/ligands_sdf/ligando_765.sdf -o results/DOCKING/results_mol2/docked_ligando_765.mol2 --center_x 8.59 --center_y 39.35 --center_z 9.53 --size_x 22 --size_y 16 --size_z 24 --num_modes 10 --exhaustiveness 8 --seed 1
Using random seed: 1

0%   10   20   30   40   50   60   70   80   90   100%
|----|----|----|----|----|----|----|----|----|----|
***************************************************

mode |  affinity  |  intramol  |    CNN     |   CNN
     | (kcal/mol) | (kcal/mol) | pose score | affinity
-----+------------+------------+------------+----------
    1       -6.99        0.30       0.9341      5.769
    2       -6.95       -0.21       0.8920      5.653
    3       -6.40       -0.30       0.8231      5.275
    4       -6.65       -0.19       0.6958      5.139
    5       -6.17        0.10       0.6704      4.970
    6       -5.72       -0.30       0.4338      4.733
    7       -5.82        0.43       0.3386      4.422
    8       -5.41        0.41       0.2897      4.357
    9       -5.44        0.01       0.2253      4.002
   10       -5.19       -0.27       0.2020      4.366
