              _             
             (_)            
   __ _ _ __  _ _ __   __ _ 
  / _` | '_ \| | '_ \ / _` |
 | (_| | | | | | | | | (_| |
  \__, |_| |_|_|_| |_|\__,_|
   __/ |                    
  |___/                     

gnina v1.3.3 master:6fe1ce2   Built Jun 30 2026.
gnina is based on smina and AutoDock Vina.
Please cite appropriately.

Commandline: gnina -r results/DOCKING/7AAA.mol2 -l results/DOCKING/ligands_sdf/ligando_036.sdf -o results/DOCKING/results_mol2/docked_ligando_036.mol2 --center_x 8.59 --center_y 39.35 --center_z 9.53 --size_x 22 --size_y 16 --size_z 24 --num_modes 10 --exhaustiveness 8 --seed 1
Using random seed: 1

0%   10   20   30   40   50   60   70   80   90   100%
|----|----|----|----|----|----|----|----|----|----|
***************************************************
MolPort-004-990-244 CSSS00159792933 MCULE-3452684691 PubChem-45164423 | pose 0 | initial pose not within box

mode |  affinity  |  intramol  |    CNN     |   CNN
     | (kcal/mol) | (kcal/mol) | pose score | affinity
-----+------------+------------+------------+----------
    1       -7.01       -0.30       0.5081      6.814
    2       -6.80       -1.26       0.3554      6.600
    3       -0.37       -0.73       0.3064      6.600
    4       -8.97       -0.15       0.1801      5.637
    5       -7.37       -0.72       0.1773      6.117
    6       -7.79       -0.75       0.1699      5.963
    7       -7.82       -1.01       0.1637      6.152
    8       -8.41       -0.31       0.1607      5.921
    9       -7.84        0.91       0.1539      5.225
   10       -6.99       -0.49       0.1302      6.321
