              _             
             (_)            
   __ _ _ __  _ _ __   __ _ 
  / _` | '_ \| | '_ \ / _` |
 | (_| | | | | | | | | (_| |
  \__, |_| |_|_|_| |_|\__,_|
   __/ |                    
  |___/                     

gnina v1.3.3 master:6fe1ce2   Built Jun 30 2026.
gnina is based on smina and AutoDock Vina.
Please cite appropriately.

Commandline: gnina -r results/DOCKING/7AAA.mol2 -l results/DOCKING/ligands_sdf/ligando_371.sdf -o results/DOCKING/results_mol2/docked_ligando_371.mol2 --center_x 8.59 --center_y 39.35 --center_z 9.53 --size_x 22 --size_y 16 --size_z 24 --num_modes 10 --exhaustiveness 8 --seed 1
Using random seed: 1

0%   10   20   30   40   50   60   70   80   90   100%
|----|----|----|----|----|----|----|----|----|----|
***************************************************
MolPort-002-019-554 13494384 CSSS00132527814 ChemDiv-Y031-1521 LN00990541 MCULE-9513418977 PubChem-3160787 ZINC000013494384 | pose 0 | initial pose not within box

mode |  affinity  |  intramol  |    CNN     |   CNN
     | (kcal/mol) | (kcal/mol) | pose score | affinity
-----+------------+------------+------------+----------
    1       -5.15        0.09       0.1788      6.180
    2       -9.51        0.41       0.1665      6.043
    3       -9.33        0.87       0.1270      5.773
    4      -10.42       -0.87       0.1113      4.849
    5       -4.51       -0.29       0.1086      5.541
    6      -10.49       -0.55       0.0935      4.860
    7       -8.33       -0.97       0.0831      5.353
    8       -9.00       -0.35       0.0828      5.315
    9       -8.05        0.48       0.0821      5.785
   10       -8.76        0.03       0.0756      5.680
