              _             
             (_)            
   __ _ _ __  _ _ __   __ _ 
  / _` | '_ \| | '_ \ / _` |
 | (_| | | | | | | | | (_| |
  \__, |_| |_|_|_| |_|\__,_|
   __/ |                    
  |___/                     

gnina v1.3.3 master:6fe1ce2   Built Jun 30 2026.
gnina is based on smina and AutoDock Vina.
Please cite appropriately.

Commandline: gnina -r results/DOCKING/7AAA.mol2 -l results/DOCKING/ligands_sdf/ligando_428.sdf -o results/DOCKING/results_mol2/docked_ligando_428.mol2 --center_x 8.59 --center_y 39.35 --center_z 9.53 --size_x 22 --size_y 16 --size_z 24 --num_modes 10 --exhaustiveness 8 --seed 1
Using random seed: 1

0%   10   20   30   40   50   60   70   80   90   100%
|----|----|----|----|----|----|----|----|----|----|
***************************************************

mode |  affinity  |  intramol  |    CNN     |   CNN
     | (kcal/mol) | (kcal/mol) | pose score | affinity
-----+------------+------------+------------+----------
    1       -6.22       -0.12       0.7830      4.815
    2       -6.42        0.08       0.6255      4.522
    3       -6.52       -0.54       0.4661      4.544
    4       -6.26       -0.26       0.4215      4.342
    5       -5.83       -0.06       0.3650      4.467
    6       -5.68        0.24       0.3127      4.353
    7       -6.53       -0.10       0.2962      4.380
    8       -6.48       -0.18       0.2757      4.301
    9       -6.42       -0.28       0.2252      4.855
   10       -7.07       -0.11       0.2226      3.982
