              _             
             (_)            
   __ _ _ __  _ _ __   __ _ 
  / _` | '_ \| | '_ \ / _` |
 | (_| | | | | | | | | (_| |
  \__, |_| |_|_|_| |_|\__,_|
   __/ |                    
  |___/                     

gnina v1.3.3 master:6fe1ce2   Built Jun 30 2026.
gnina is based on smina and AutoDock Vina.
Please cite appropriately.

Commandline: gnina -r results/DOCKING/7AAA.mol2 -l results/DOCKING/ligands_sdf/ligando_213.sdf -o results/DOCKING/results_mol2/docked_ligando_213.mol2 --center_x 8.59 --center_y 39.35 --center_z 9.53 --size_x 22 --size_y 16 --size_z 24 --num_modes 10 --exhaustiveness 8 --seed 1
Using random seed: 1

0%   10   20   30   40   50   60   70   80   90   100%
|----|----|----|----|----|----|----|----|----|----|
***************************************************

mode |  affinity  |  intramol  |    CNN     |   CNN
     | (kcal/mol) | (kcal/mol) | pose score | affinity
-----+------------+------------+------------+----------
    1       -9.71        0.77       0.2007      5.282
    2       -8.41       -0.54       0.1978      5.544
    3       -8.94       -0.62       0.1975      5.726
    4       -9.10       -0.26       0.1821      5.650
    5       -8.29       -0.05       0.1393      5.501
    6       -9.01       -0.20       0.1318      5.654
    7       -8.27       -0.23       0.1248      5.410
    8       -8.80       -0.24       0.1113      5.363
    9       -9.43       -0.22       0.0937      4.955
   10       -9.66        0.13       0.0791      4.554
