              _             
             (_)            
   __ _ _ __  _ _ __   __ _ 
  / _` | '_ \| | '_ \ / _` |
 | (_| | | | | | | | | (_| |
  \__, |_| |_|_|_| |_|\__,_|
   __/ |                    
  |___/                     

gnina v1.3.3 master:6fe1ce2   Built Jun 30 2026.
gnina is based on smina and AutoDock Vina.
Please cite appropriately.

Commandline: gnina -r results/DOCKING/7AAA.mol2 -l results/DOCKING/ligands_sdf/ligando_407.sdf -o results/DOCKING/results_mol2/docked_ligando_407.mol2 --center_x 8.59 --center_y 39.35 --center_z 9.53 --size_x 22 --size_y 16 --size_z 24 --num_modes 10 --exhaustiveness 8 --seed 1
Using random seed: 1

0%   10   20   30   40   50   60   70   80   90   100%
|----|----|----|----|----|----|----|----|----|----|
***************************************************

mode |  affinity  |  intramol  |    CNN     |   CNN
     | (kcal/mol) | (kcal/mol) | pose score | affinity
-----+------------+------------+------------+----------
    1       -8.55       -0.57       0.5231      6.864
    2       -8.63       -0.86       0.3785      6.637
    3       -8.07       -0.81       0.3180      6.214
    4      -10.23       -0.43       0.2974      6.231
    5       -9.74       -0.79       0.2052      6.225
    6       -9.27       -0.86       0.1948      6.161
    7       -9.67       -0.48       0.1507      6.182
    8       -9.58       -0.86       0.1322      5.531
    9       -8.17       -0.78       0.1137      6.136
   10       -8.95       -0.70       0.1111      5.876
