              _             
             (_)            
   __ _ _ __  _ _ __   __ _ 
  / _` | '_ \| | '_ \ / _` |
 | (_| | | | | | | | | (_| |
  \__, |_| |_|_|_| |_|\__,_|
   __/ |                    
  |___/                     

gnina v1.3.3 master:6fe1ce2   Built Jun 30 2026.
gnina is based on smina and AutoDock Vina.
Please cite appropriately.

Commandline: gnina -r results/DOCKING/7AAA.mol2 -l results/DOCKING/ligands_sdf/ligando_429.sdf -o results/DOCKING/results_mol2/docked_ligando_429.mol2 --center_x 8.59 --center_y 39.35 --center_z 9.53 --size_x 22 --size_y 16 --size_z 24 --num_modes 10 --exhaustiveness 8 --seed 1
Using random seed: 1

0%   10   20   30   40   50   60   70   80   90   100%
|----|----|----|----|----|----|----|----|----|----|
***************************************************

mode |  affinity  |  intramol  |    CNN     |   CNN
     | (kcal/mol) | (kcal/mol) | pose score | affinity
-----+------------+------------+------------+----------
    1       -7.78        0.20       0.2854      5.601
    2       -3.92       -0.20       0.1855      5.167
    3       -4.87        0.80       0.1717      4.818
    4       -7.64        0.97       0.1419      5.216
    5       -4.69        0.41       0.1411      4.880
    6       -6.73        0.08       0.1245      4.635
    7       -6.57       -0.51       0.1178      5.106
    8       -7.12        0.83       0.0977      5.017
    9       -6.59       -0.91       0.0896      4.460
   10       -6.51        0.60       0.0882      5.136
