              _             
             (_)            
   __ _ _ __  _ _ __   __ _ 
  / _` | '_ \| | '_ \ / _` |
 | (_| | | | | | | | | (_| |
  \__, |_| |_|_|_| |_|\__,_|
   __/ |                    
  |___/                     

gnina v1.3.3 master:6fe1ce2   Built Jun 30 2026.
gnina is based on smina and AutoDock Vina.
Please cite appropriately.

Commandline: gnina -r results/DOCKING/7AAA.mol2 -l results/DOCKING/ligands_sdf/ligando_818.sdf -o results/DOCKING/results_mol2/docked_ligando_818.mol2 --center_x 8.59 --center_y 39.35 --center_z 9.53 --size_x 22 --size_y 16 --size_z 24 --num_modes 10 --exhaustiveness 8 --seed 1
Using random seed: 1

0%   10   20   30   40   50   60   70   80   90   100%
|----|----|----|----|----|----|----|----|----|----|
***************************************************

mode |  affinity  |  intramol  |    CNN     |   CNN
     | (kcal/mol) | (kcal/mol) | pose score | affinity
-----+------------+------------+------------+----------
    1      -11.30       -0.33       0.4742      7.030
    2      -11.27       -0.34       0.4268      7.249
    3       -9.78       -0.28       0.2567      7.164
    4       -9.30        0.43       0.2519      6.876
    5       -9.03        0.78       0.2282      6.659
    6       -6.67        0.32       0.1762      6.705
    7      -11.65        0.38       0.1356      6.386
    8      -10.70       -0.96       0.1210      6.180
    9      -11.39        1.78       0.1166      5.795
   10       -7.85       -1.12       0.1106      5.816
