              _             
             (_)            
   __ _ _ __  _ _ __   __ _ 
  / _` | '_ \| | '_ \ / _` |
 | (_| | | | | | | | | (_| |
  \__, |_| |_|_|_| |_|\__,_|
   __/ |                    
  |___/                     

gnina v1.3.3 master:6fe1ce2   Built Jun 30 2026.
gnina is based on smina and AutoDock Vina.
Please cite appropriately.

Commandline: gnina -r results/DOCKING/7AAA.mol2 -l results/DOCKING/ligands_sdf/ligando_597.sdf -o results/DOCKING/results_mol2/docked_ligando_597.mol2 --center_x 8.59 --center_y 39.35 --center_z 9.53 --size_x 22 --size_y 16 --size_z 24 --num_modes 10 --exhaustiveness 8 --seed 1
Using random seed: 1

0%   10   20   30   40   50   60   70   80   90   100%
|----|----|----|----|----|----|----|----|----|----|
***************************************************

mode |  affinity  |  intramol  |    CNN     |   CNN
     | (kcal/mol) | (kcal/mol) | pose score | affinity
-----+------------+------------+------------+----------
    1       -5.17        1.02       0.2899      5.698
    2       -6.54       -0.28       0.2189      4.540
    3       -7.12       -0.40       0.2119      4.631
    4       -6.22       -0.74       0.1785      4.507
    5       -8.16       -0.36       0.1722      4.876
    6       -7.57       -0.56       0.1720      4.329
    7       -6.75        0.02       0.1673      5.057
    8       -7.81       -0.19       0.1484      4.583
    9       -7.94       -0.64       0.1397      4.243
   10       -7.45       -0.44       0.1379      4.970
