              _             
             (_)            
   __ _ _ __  _ _ __   __ _ 
  / _` | '_ \| | '_ \ / _` |
 | (_| | | | | | | | | (_| |
  \__, |_| |_|_|_| |_|\__,_|
   __/ |                    
  |___/                     

gnina v1.3.3 master:6fe1ce2   Built Jun 30 2026.
gnina is based on smina and AutoDock Vina.
Please cite appropriately.

Commandline: gnina -r results/DOCKING/7AAA.mol2 -l results/DOCKING/ligands_sdf/ligando_611.sdf -o results/DOCKING/results_mol2/docked_ligando_611.mol2 --center_x 8.59 --center_y 39.35 --center_z 9.53 --size_x 22 --size_y 16 --size_z 24 --num_modes 10 --exhaustiveness 8 --seed 1
Using random seed: 1

0%   10   20   30   40   50   60   70   80   90   100%
|----|----|----|----|----|----|----|----|----|----|
***************************************************

mode |  affinity  |  intramol  |    CNN     |   CNN
     | (kcal/mol) | (kcal/mol) | pose score | affinity
-----+------------+------------+------------+----------
    1       -9.12        0.74       0.4928      6.592
    2       21.56       -0.20       0.3886      5.143
    3       14.19        0.17       0.3023      4.928
    4        3.04       -0.96       0.2833      5.159
    5       -6.36       -0.57       0.2691      6.039
    6       -5.41        0.64       0.2213      5.670
    7       -7.26        0.61       0.1253      5.815
    8       -8.63       -0.29       0.1221      5.309
    9       -8.97       -0.08       0.1065      4.963
   10       -8.80        0.98       0.1049      5.464
