              _             
             (_)            
   __ _ _ __  _ _ __   __ _ 
  / _` | '_ \| | '_ \ / _` |
 | (_| | | | | | | | | (_| |
  \__, |_| |_|_|_| |_|\__,_|
   __/ |                    
  |___/                     

gnina v1.3.3 master:6fe1ce2   Built Jun 30 2026.
gnina is based on smina and AutoDock Vina.
Please cite appropriately.

Commandline: gnina -r results/DOCKING/7AAA.mol2 -l results/DOCKING/ligands_sdf/ligando_459.sdf -o results/DOCKING/results_mol2/docked_ligando_459.mol2 --center_x 8.59 --center_y 39.35 --center_z 9.53 --size_x 22 --size_y 16 --size_z 24 --num_modes 10 --exhaustiveness 8 --seed 1
Using random seed: 1

0%   10   20   30   40   50   60   70   80   90   100%
|----|----|----|----|----|----|----|----|----|----|
***************************************************
MolPort-020-295-333 MCULE-5513549119 PubChem-110267415 | pose 0 | ligand outside box
MolPort-020-295-333 MCULE-5513549119 PubChem-110267415 | pose 0 | ligand outside box
MolPort-020-295-333 MCULE-5513549119 PubChem-110267415 | pose 0 | ligand outside box
MolPort-020-295-333 MCULE-5513549119 PubChem-110267415 | pose 0 | ligand outside box
MolPort-020-295-333 MCULE-5513549119 PubChem-110267415 | pose 0 | ligand outside box
MolPort-020-295-333 MCULE-5513549119 PubChem-110267415 | pose 0 | ligand outside box
MolPort-020-295-333 MCULE-5513549119 PubChem-110267415 | pose 0 | ligand outside box

mode |  affinity  |  intramol  |    CNN     |   CNN
     | (kcal/mol) | (kcal/mol) | pose score | affinity
-----+------------+------------+------------+----------
    1       -5.36        0.76       0.2801      6.444
    2       -3.33        0.49       0.2459      5.768
    3       -8.68       -0.23       0.2366      6.355
    4       20.34        0.34       0.1792      6.139
    5      -11.72        0.04       0.1736      6.303
    6      -11.78       -0.15       0.1582      6.154
    7      130.40       -0.77       0.1332      5.236
    8       -6.04       -0.07       0.1195      5.285
    9       -6.49       -0.95       0.0932      5.443
   10       -8.50        0.21       0.0611      5.434
