              _             
             (_)            
   __ _ _ __  _ _ __   __ _ 
  / _` | '_ \| | '_ \ / _` |
 | (_| | | | | | | | | (_| |
  \__, |_| |_|_|_| |_|\__,_|
   __/ |                    
  |___/                     

gnina v1.3.3 master:6fe1ce2   Built Jun 30 2026.
gnina is based on smina and AutoDock Vina.
Please cite appropriately.

Commandline: gnina -r results/DOCKING/7AAA.mol2 -l results/DOCKING/ligands_sdf/ligando_234.sdf -o results/DOCKING/results_mol2/docked_ligando_234.mol2 --center_x 8.59 --center_y 39.35 --center_z 9.53 --size_x 22 --size_y 16 --size_z 24 --num_modes 10 --exhaustiveness 8 --seed 1
Using random seed: 1

0%   10   20   30   40   50   60   70   80   90   100%
|----|----|----|----|----|----|----|----|----|----|
***************************************************

mode |  affinity  |  intramol  |    CNN     |   CNN
     | (kcal/mol) | (kcal/mol) | pose score | affinity
-----+------------+------------+------------+----------
    1       -8.32        1.43       0.8968      7.032
    2       -8.22       -0.13       0.7602      6.507
    3       -9.00        0.98       0.2191      5.718
    4       -7.00       -0.24       0.2059      5.587
    5       -8.27        0.23       0.2001      5.888
    6       -7.53        2.15       0.1326      5.595
    7       -7.43       -0.52       0.1266      5.212
    8       -8.82        0.75       0.1185      4.819
    9       -8.98        0.58       0.1071      5.122
   10       -9.05        0.43       0.1007      4.986
