              _             
             (_)            
   __ _ _ __  _ _ __   __ _ 
  / _` | '_ \| | '_ \ / _` |
 | (_| | | | | | | | | (_| |
  \__, |_| |_|_|_| |_|\__,_|
   __/ |                    
  |___/                     

gnina v1.3.3 master:6fe1ce2   Built Jun 30 2026.
gnina is based on smina and AutoDock Vina.
Please cite appropriately.

Commandline: gnina -r results/DOCKING/7AAA.mol2 -l results/DOCKING/ligands_sdf/ligando_141.sdf -o results/DOCKING/results_mol2/docked_ligando_141.mol2 --center_x 8.59 --center_y 39.35 --center_z 9.53 --size_x 22 --size_y 16 --size_z 24 --num_modes 10 --exhaustiveness 8 --seed 1
Using random seed: 1

0%   10   20   30   40   50   60   70   80   90   100%
|----|----|----|----|----|----|----|----|----|----|
***************************************************
MolPort-002-775-237 ChemDiv-F018-3391 MCULE-2524880567 PubChem-19591198 | pose 0 | initial pose not within box

mode |  affinity  |  intramol  |    CNN     |   CNN
     | (kcal/mol) | (kcal/mol) | pose score | affinity
-----+------------+------------+------------+----------
    1       -9.04       -0.87       0.2571      6.350
    2       -9.43       -0.97       0.2404      6.128
    3       -8.94        0.01       0.2223      6.089
    4       -8.47       -0.39       0.1632      6.329
    5       -9.30       -0.14       0.1415      6.073
    6       -8.19       -0.60       0.1352      5.629
    7       -7.64       -0.32       0.1289      5.300
    8       -8.88       -1.19       0.1256      5.202
    9       -8.79        0.20       0.1141      6.014
   10       -8.66       -0.02       0.1094      5.910
