              _             
             (_)            
   __ _ _ __  _ _ __   __ _ 
  / _` | '_ \| | '_ \ / _` |
 | (_| | | | | | | | | (_| |
  \__, |_| |_|_|_| |_|\__,_|
   __/ |                    
  |___/                     

gnina v1.3.3 master:6fe1ce2   Built Jun 30 2026.
gnina is based on smina and AutoDock Vina.
Please cite appropriately.

Commandline: gnina -r results/DOCKING/7AAA.mol2 -l results/DOCKING/ligands_sdf/ligando_184.sdf -o results/DOCKING/results_mol2/docked_ligando_184.mol2 --center_x 8.59 --center_y 39.35 --center_z 9.53 --size_x 22 --size_y 16 --size_z 24 --num_modes 10 --exhaustiveness 8 --seed 1
Using random seed: 1

0%   10   20   30   40   50   60   70   80   90   100%
|----|----|----|----|----|----|----|----|----|----|
***************************************************

mode |  affinity  |  intramol  |    CNN     |   CNN
     | (kcal/mol) | (kcal/mol) | pose score | affinity
-----+------------+------------+------------+----------
    1       -9.40       -0.02       0.5124      6.428
    2       -9.89       -0.44       0.4084      6.014
    3       -8.61       -0.76       0.3197      5.896
    4       -9.91       -0.74       0.2931      5.846
    5       -8.18       -0.30       0.2153      6.011
    6       -8.92       -0.14       0.2032      6.027
    7       -8.74       -0.22       0.1862      6.264
    8       -8.20       -0.76       0.1842      5.861
    9      -10.38       -0.73       0.1676      5.543
   10       -8.89       -0.36       0.1523      5.808
