              _             
             (_)            
   __ _ _ __  _ _ __   __ _ 
  / _` | '_ \| | '_ \ / _` |
 | (_| | | | | | | | | (_| |
  \__, |_| |_|_|_| |_|\__,_|
   __/ |                    
  |___/                     

gnina v1.3.3 master:6fe1ce2   Built Jun 30 2026.
gnina is based on smina and AutoDock Vina.
Please cite appropriately.

Commandline: gnina -r results/DOCKING/7AAA.mol2 -l results/DOCKING/ligands_sdf/ligando_502.sdf -o results/DOCKING/results_mol2/docked_ligando_502.mol2 --center_x 8.59 --center_y 39.35 --center_z 9.53 --size_x 22 --size_y 16 --size_z 24 --num_modes 10 --exhaustiveness 8 --seed 1
Using random seed: 1

0%   10   20   30   40   50   60   70   80   90   100%
|----|----|----|----|----|----|----|----|----|----|
***************************************************
MolPort-020-278-652 MCULE-3701403446 PubChem-110255524 | pose 0 | ligand outside box

mode |  affinity  |  intramol  |    CNN     |   CNN
     | (kcal/mol) | (kcal/mol) | pose score | affinity
-----+------------+------------+------------+----------
    1       -9.62       -0.37       0.5683      6.924
    2       -9.57       -0.38       0.4752      6.768
    3       -8.63       -0.77       0.3913      6.449
    4       -9.30       -0.42       0.2761      6.321
    5      -10.15       -0.12       0.2705      5.940
    6      -10.57       -0.58       0.2310      6.215
    7       -8.44       -0.76       0.1347      6.208
    8       -9.22       -0.27       0.1213      6.099
    9       -9.12       -0.27       0.0889      5.842
   10        4.23       -0.71       0.0745      4.891
