              _             
             (_)            
   __ _ _ __  _ _ __   __ _ 
  / _` | '_ \| | '_ \ / _` |
 | (_| | | | | | | | | (_| |
  \__, |_| |_|_|_| |_|\__,_|
   __/ |                    
  |___/                     

gnina v1.3.3 master:6fe1ce2   Built Jun 30 2026.
gnina is based on smina and AutoDock Vina.
Please cite appropriately.

Commandline: gnina -r results/DOCKING/7AAA.mol2 -l results/DOCKING/ligands_sdf/ligando_020.sdf -o results/DOCKING/results_mol2/docked_ligando_020.mol2 --center_x 8.59 --center_y 39.35 --center_z 9.53 --size_x 22 --size_y 16 --size_z 24 --num_modes 10 --exhaustiveness 8 --seed 1
Using random seed: 1

0%   10   20   30   40   50   60   70   80   90   100%
|----|----|----|----|----|----|----|----|----|----|
***************************************************
MolPort-002-599-406 2422375 CSSS00160675833 MCULE-5566734325 PubChem-2019102 ZINC000002422375 ZINC02422375 | pose 0 | initial pose not within box
MolPort-002-599-406 2422375 CSSS00160675833 MCULE-5566734325 PubChem-2019102 ZINC000002422375 ZINC02422375 | pose 0 | ligand outside box
MolPort-002-599-406 2422375 CSSS00160675833 MCULE-5566734325 PubChem-2019102 ZINC000002422375 ZINC02422375 | pose 0 | ligand outside box
MolPort-002-599-406 2422375 CSSS00160675833 MCULE-5566734325 PubChem-2019102 ZINC000002422375 ZINC02422375 | pose 0 | ligand outside box

mode |  affinity  |  intramol  |    CNN     |   CNN
     | (kcal/mol) | (kcal/mol) | pose score | affinity
-----+------------+------------+------------+----------
    1       -4.71       -0.34       0.2394      4.789
    2       -9.90       -0.77       0.2338      6.102
    3       -9.57        0.14       0.1836      6.021
    4       -9.97       -0.50       0.1511      5.544
    5       -9.59       -0.67       0.1509      5.785
    6      -10.13       -0.27       0.1379      5.553
    7       -9.60       -0.72       0.1275      5.640
    8       -9.47       -0.41       0.1214      5.828
    9       11.26        0.15       0.1188      5.255
   10       -8.51       -0.41       0.0915      5.674
