              _             
             (_)            
   __ _ _ __  _ _ __   __ _ 
  / _` | '_ \| | '_ \ / _` |
 | (_| | | | | | | | | (_| |
  \__, |_| |_|_|_| |_|\__,_|
   __/ |                    
  |___/                     

gnina v1.3.3 master:6fe1ce2   Built Jun 30 2026.
gnina is based on smina and AutoDock Vina.
Please cite appropriately.

Commandline: gnina -r results/DOCKING/7AAA.mol2 -l results/DOCKING/ligands_sdf/ligando_677.sdf -o results/DOCKING/results_mol2/docked_ligando_677.mol2 --center_x 8.59 --center_y 39.35 --center_z 9.53 --size_x 22 --size_y 16 --size_z 24 --num_modes 10 --exhaustiveness 8 --seed 1
Using random seed: 1

0%   10   20   30   40   50   60   70   80   90   100%
|----|----|----|----|----|----|----|----|----|----|
***************************************************

mode |  affinity  |  intramol  |    CNN     |   CNN
     | (kcal/mol) | (kcal/mol) | pose score | affinity
-----+------------+------------+------------+----------
    1       -8.82       -0.71       0.2356      6.003
    2       -8.64       -0.28       0.1366      5.522
    3       -9.00        0.52       0.1334      5.893
    4       -8.68       -0.50       0.1330      6.220
    5       -9.57       -0.70       0.1201      5.071
    6       -8.85        0.30       0.1082      5.645
    7       -8.00       -0.66       0.0978      5.419
    8       -8.03        0.64       0.0957      5.731
    9       -8.22        0.35       0.0897      5.762
   10       -8.06       -0.51       0.0847      5.113
