              _             
             (_)            
   __ _ _ __  _ _ __   __ _ 
  / _` | '_ \| | '_ \ / _` |
 | (_| | | | | | | | | (_| |
  \__, |_| |_|_|_| |_|\__,_|
   __/ |                    
  |___/                     

gnina v1.3.3 master:6fe1ce2   Built Jun 30 2026.
gnina is based on smina and AutoDock Vina.
Please cite appropriately.

Commandline: gnina -r results/DOCKING/7AAA.mol2 -l results/DOCKING/ligands_sdf/ligando_716.sdf -o results/DOCKING/results_mol2/docked_ligando_716.mol2 --center_x 8.59 --center_y 39.35 --center_z 9.53 --size_x 22 --size_y 16 --size_z 24 --num_modes 10 --exhaustiveness 8 --seed 1
Using random seed: 1

0%   10   20   30   40   50   60   70   80   90   100%
|----|----|----|----|----|----|----|----|----|----|
***************************************************
MolPort-009-692-422 9320458 CSSS03437188557 MCULE-7610529004 PubChem-16949111 ZINC000009320458 ZINC09320458 | pose 0 | initial pose not within box
MolPort-009-692-422 9320458 CSSS03437188557 MCULE-7610529004 PubChem-16949111 ZINC000009320458 ZINC09320458 | pose 0 | ligand outside box

mode |  affinity  |  intramol  |    CNN     |   CNN
     | (kcal/mol) | (kcal/mol) | pose score | affinity
-----+------------+------------+------------+----------
    1       -9.12        1.10       0.1947      6.059
    2       -7.97        0.50       0.0837      5.277
    3       -7.98        0.23       0.0689      5.385
    4       -9.46        0.23       0.0687      4.682
    5       -9.65        0.48       0.0658      5.143
    6       -9.89        0.47       0.0650      4.433
    7       41.91        1.89       0.0622      3.871
    8       -8.99        1.34       0.0522      4.390
    9       -4.09        2.04       0.0493      4.528
   10       -9.58        0.24       0.0436      4.361
