              _             
             (_)            
   __ _ _ __  _ _ __   __ _ 
  / _` | '_ \| | '_ \ / _` |
 | (_| | | | | | | | | (_| |
  \__, |_| |_|_|_| |_|\__,_|
   __/ |                    
  |___/                     

gnina v1.3.3 master:6fe1ce2   Built Jun 30 2026.
gnina is based on smina and AutoDock Vina.
Please cite appropriately.

Commandline: gnina -r results/DOCKING/7AAA.mol2 -l results/DOCKING/ligands_sdf/ligando_311.sdf -o results/DOCKING/results_mol2/docked_ligando_311.mol2 --center_x 8.59 --center_y 39.35 --center_z 9.53 --size_x 22 --size_y 16 --size_z 24 --num_modes 10 --exhaustiveness 8 --seed 1
Using random seed: 1

0%   10   20   30   40   50   60   70   80   90   100%
|----|----|----|----|----|----|----|----|----|----|
***************************************************

mode |  affinity  |  intramol  |    CNN     |   CNN
     | (kcal/mol) | (kcal/mol) | pose score | affinity
-----+------------+------------+------------+----------
    1       -8.58       -0.22       0.9152      6.905
    2       -7.84       -0.31       0.5415      6.354
    3       -8.44       -0.51       0.4041      6.227
    4       -8.36        0.17       0.3632      6.086
    5       -8.13       -0.37       0.2990      6.413
    6       -7.73       -0.21       0.1750      6.183
    7       -8.83       -0.42       0.1747      5.596
    8       -8.28       -0.44       0.1493      5.782
    9       -8.97       -0.33       0.1122      5.397
   10       -7.57       -0.38       0.0967      5.665
