              _             
             (_)            
   __ _ _ __  _ _ __   __ _ 
  / _` | '_ \| | '_ \ / _` |
 | (_| | | | | | | | | (_| |
  \__, |_| |_|_|_| |_|\__,_|
   __/ |                    
  |___/                     

gnina v1.3.3 master:6fe1ce2   Built Jun 30 2026.
gnina is based on smina and AutoDock Vina.
Please cite appropriately.

Commandline: gnina -r results/DOCKING/7AAA.mol2 -l results/DOCKING/ligands_sdf/ligando_158.sdf -o results/DOCKING/results_mol2/docked_ligando_158.mol2 --center_x 8.59 --center_y 39.35 --center_z 9.53 --size_x 22 --size_y 16 --size_z 24 --num_modes 10 --exhaustiveness 8 --seed 1
Using random seed: 1

0%   10   20   30   40   50   60   70   80   90   100%
|----|----|----|----|----|----|----|----|----|----|
***************************************************
MolPort-005-062-829 12580336 CSCCCN1CCC(CC1)n1nccc1NC(=O)Nc1ccccc1C CSSS00159485000 MCULE-4715176907 PubChem-25371691 ZINC000012580336 | pose 0 | initial pose not within box

mode |  affinity  |  intramol  |    CNN     |   CNN
     | (kcal/mol) | (kcal/mol) | pose score | affinity
-----+------------+------------+------------+----------
    1       -9.34        0.70       0.1463      5.366
    2       -8.37        0.58       0.1312      5.738
    3       -9.54        0.49       0.1102      5.323
    4       -8.84       -0.05       0.1002      5.216
    5       -9.11        0.73       0.0821      4.776
    6       -7.68        1.97       0.0798      5.449
    7       -8.31        0.78       0.0767      5.008
    8       -8.43        0.48       0.0757      5.347
    9       -8.10        0.99       0.0628      5.461
   10       -8.38        0.68       0.0597      4.964
