              _             
             (_)            
   __ _ _ __  _ _ __   __ _ 
  / _` | '_ \| | '_ \ / _` |
 | (_| | | | | | | | | (_| |
  \__, |_| |_|_|_| |_|\__,_|
   __/ |                    
  |___/                     

gnina v1.3.3 master:6fe1ce2   Built Jun 30 2026.
gnina is based on smina and AutoDock Vina.
Please cite appropriately.

Commandline: gnina -r results/DOCKING/7AAA.mol2 -l results/DOCKING/ligands_sdf/ligando_186.sdf -o results/DOCKING/results_mol2/docked_ligando_186.mol2 --center_x 8.59 --center_y 39.35 --center_z 9.53 --size_x 22 --size_y 16 --size_z 24 --num_modes 10 --exhaustiveness 8 --seed 1
Using random seed: 1

0%   10   20   30   40   50   60   70   80   90   100%
|----|----|----|----|----|----|----|----|----|----|
***************************************************

mode |  affinity  |  intramol  |    CNN     |   CNN
     | (kcal/mol) | (kcal/mol) | pose score | affinity
-----+------------+------------+------------+----------
    1       -9.00       -0.21       0.3061      6.082
    2      -10.06       -0.86       0.2836      6.553
    3       -9.40       -1.52       0.1240      5.692
    4       -8.73       -0.10       0.1152      5.597
    5       -9.32       -0.65       0.1018      5.859
    6       -9.70       -0.66       0.0987      5.846
    7       -8.34        0.03       0.0915      5.931
    8       -9.57        0.12       0.0912      5.783
    9       -9.02        0.67       0.0864      5.961
   10      -10.36       -0.95       0.0706      4.688
