              _             
             (_)            
   __ _ _ __  _ _ __   __ _ 
  / _` | '_ \| | '_ \ / _` |
 | (_| | | | | | | | | (_| |
  \__, |_| |_|_|_| |_|\__,_|
   __/ |                    
  |___/                     

gnina v1.3.3 master:6fe1ce2   Built Jun 30 2026.
gnina is based on smina and AutoDock Vina.
Please cite appropriately.

Commandline: gnina -r results/DOCKING/7AAA.mol2 -l results/DOCKING/ligands_sdf/ligando_295.sdf -o results/DOCKING/results_mol2/docked_ligando_295.mol2 --center_x 8.59 --center_y 39.35 --center_z 9.53 --size_x 22 --size_y 16 --size_z 24 --num_modes 10 --exhaustiveness 8 --seed 1
Using random seed: 1

0%   10   20   30   40   50   60   70   80   90   100%
|----|----|----|----|----|----|----|----|----|----|
***************************************************
MolPort-005-073-458 12835630 CSSS00159491738 MCULE-1852119178 PubChem-25544661 ZINC000012835630 | pose 0 | initial pose not within box

mode |  affinity  |  intramol  |    CNN     |   CNN
     | (kcal/mol) | (kcal/mol) | pose score | affinity
-----+------------+------------+------------+----------
    1      -10.07        0.36       0.1468      6.599
    2      -10.10        0.19       0.1108      6.360
    3       -9.16        1.31       0.0781      5.879
    4       -8.17       -0.73       0.0705      5.366
    5       -8.53        0.30       0.0553      5.508
    6       -9.04        0.05       0.0552      5.756
    7      -10.12       -0.53       0.0486      4.357
    8      -10.05        3.04       0.0475      5.556
    9       -9.39        1.76       0.0467      5.678
   10       -9.34        0.22       0.0459      6.107
