              _             
             (_)            
   __ _ _ __  _ _ __   __ _ 
  / _` | '_ \| | '_ \ / _` |
 | (_| | | | | | | | | (_| |
  \__, |_| |_|_|_| |_|\__,_|
   __/ |                    
  |___/                     

gnina v1.3.3 master:6fe1ce2   Built Jun 30 2026.
gnina is based on smina and AutoDock Vina.
Please cite appropriately.

Commandline: gnina -r results/DOCKING/7AAA.mol2 -l results/DOCKING/ligands_sdf/ligando_338.sdf -o results/DOCKING/results_mol2/docked_ligando_338.mol2 --center_x 8.59 --center_y 39.35 --center_z 9.53 --size_x 22 --size_y 16 --size_z 24 --num_modes 10 --exhaustiveness 8 --seed 1
Using random seed: 1

0%   10   20   30   40   50   60   70   80   90   100%
|----|----|----|----|----|----|----|----|----|----|
***************************************************

mode |  affinity  |  intramol  |    CNN     |   CNN
     | (kcal/mol) | (kcal/mol) | pose score | affinity
-----+------------+------------+------------+----------
    1       -8.73       -1.07       0.3393      6.547
    2       -6.43       -0.05       0.1563      6.492
    3       -9.00        2.81       0.1337      6.367
    4       -9.29        0.95       0.1197      5.064
    5       -7.98        2.64       0.1102      5.771
    6       -9.00        4.46       0.0946      4.912
    7       -7.55        2.10       0.0936      6.019
    8       -9.11        1.67       0.0910      5.413
    9       -9.31        1.63       0.0877      4.669
   10       -6.84        2.39       0.0803      5.365
