              _             
             (_)            
   __ _ _ __  _ _ __   __ _ 
  / _` | '_ \| | '_ \ / _` |
 | (_| | | | | | | | | (_| |
  \__, |_| |_|_|_| |_|\__,_|
   __/ |                    
  |___/                     

gnina v1.3.3 master:6fe1ce2   Built Jun 30 2026.
gnina is based on smina and AutoDock Vina.
Please cite appropriately.

Commandline: gnina -r results/DOCKING/7AAA.mol2 -l results/DOCKING/ligands_sdf/ligando_563.sdf -o results/DOCKING/results_mol2/docked_ligando_563.mol2 --center_x 8.59 --center_y 39.35 --center_z 9.53 --size_x 22 --size_y 16 --size_z 24 --num_modes 10 --exhaustiveness 8 --seed 1
Using random seed: 1

0%   10   20   30   40   50   60   70   80   90   100%
|----|----|----|----|----|----|----|----|----|----|
***************************************************

mode |  affinity  |  intramol  |    CNN     |   CNN
     | (kcal/mol) | (kcal/mol) | pose score | affinity
-----+------------+------------+------------+----------
    1       -8.42       -0.50       0.3366      5.486
    2       -7.66       -0.15       0.2275      5.591
    3       -8.44       -0.64       0.1510      4.625
    4       -8.08       -0.73       0.1362      5.404
    5       -8.12        0.39       0.1201      5.010
    6       -8.33        0.02       0.0926      4.981
    7       -8.18       -0.15       0.0881      4.934
    8       -7.90       -0.06       0.0813      5.046
    9       -9.22       -0.19       0.0793      4.379
   10       -9.31        0.02       0.0770      4.055
