              _             
             (_)            
   __ _ _ __  _ _ __   __ _ 
  / _` | '_ \| | '_ \ / _` |
 | (_| | | | | | | | | (_| |
  \__, |_| |_|_|_| |_|\__,_|
   __/ |                    
  |___/                     

gnina v1.3.3 master:6fe1ce2   Built Jun 30 2026.
gnina is based on smina and AutoDock Vina.
Please cite appropriately.

Commandline: gnina -r results/DOCKING/7AAA.mol2 -l results/DOCKING/ligands_sdf/ligando_296.sdf -o results/DOCKING/results_mol2/docked_ligando_296.mol2 --center_x 8.59 --center_y 39.35 --center_z 9.53 --size_x 22 --size_y 16 --size_z 24 --num_modes 10 --exhaustiveness 8 --seed 1
Using random seed: 1

0%   10   20   30   40   50   60   70   80   90   100%
|----|----|----|----|----|----|----|----|----|----|
***************************************************

mode |  affinity  |  intramol  |    CNN     |   CNN
     | (kcal/mol) | (kcal/mol) | pose score | affinity
-----+------------+------------+------------+----------
    1       -8.38        1.21       0.0849      4.969
    2       -7.55       -0.17       0.0844      5.284
    3       -8.59       -0.53       0.0814      5.444
    4       -8.46        0.43       0.0767      5.190
    5       -8.66       -0.53       0.0735      5.364
    6       -7.07        0.16       0.0664      5.429
    7       -7.52       -0.80       0.0599      4.881
    8       -6.94        2.67       0.0574      5.312
    9       -7.33       -0.11       0.0400      4.994
   10       -7.08       -0.73       0.0373      4.917
