              _             
             (_)            
   __ _ _ __  _ _ __   __ _ 
  / _` | '_ \| | '_ \ / _` |
 | (_| | | | | | | | | (_| |
  \__, |_| |_|_|_| |_|\__,_|
   __/ |                    
  |___/                     

gnina v1.3.3 master:6fe1ce2   Built Jun 30 2026.
gnina is based on smina and AutoDock Vina.
Please cite appropriately.

Commandline: gnina -r results/DOCKING/7AAA.mol2 -l results/DOCKING/ligands_sdf/ligando_507.sdf -o results/DOCKING/results_mol2/docked_ligando_507.mol2 --center_x 8.59 --center_y 39.35 --center_z 9.53 --size_x 22 --size_y 16 --size_z 24 --num_modes 10 --exhaustiveness 8 --seed 1
Using random seed: 1

0%   10   20   30   40   50   60   70   80   90   100%
|----|----|----|----|----|----|----|----|----|----|
***************************************************
MolPort-047-592-677 211610011 MCULE-9524300244 PubChem-76850008 ZINC000211610011 | pose 0 | ligand outside box
MolPort-047-592-677 211610011 MCULE-9524300244 PubChem-76850008 ZINC000211610011 | pose 0 | ligand outside box

mode |  affinity  |  intramol  |    CNN     |   CNN
     | (kcal/mol) | (kcal/mol) | pose score | affinity
-----+------------+------------+------------+----------
    1       -8.57       -0.30       0.4050      5.956
    2       -2.45        0.10       0.2820      5.588
    3       23.62       -0.55       0.1955      4.616
    4       -8.75       -0.17       0.1516      5.170
    5       -3.88       -0.60       0.1439      5.151
    6       -7.83       -0.16       0.1297      5.297
    7       -9.96       -0.78       0.1228      4.134
    8       -8.87       -0.60       0.1152      5.347
    9       -7.29       -0.33       0.1060      5.092
   10       -9.27       -0.34       0.1034      5.272
