              _             
             (_)            
   __ _ _ __  _ _ __   __ _ 
  / _` | '_ \| | '_ \ / _` |
 | (_| | | | | | | | | (_| |
  \__, |_| |_|_|_| |_|\__,_|
   __/ |                    
  |___/                     

gnina v1.3.3 master:6fe1ce2   Built Jun 30 2026.
gnina is based on smina and AutoDock Vina.
Please cite appropriately.

Commandline: gnina -r results/DOCKING/7AAA.mol2 -l results/DOCKING/ligands_sdf/ligando_503.sdf -o results/DOCKING/results_mol2/docked_ligando_503.mol2 --center_x 8.59 --center_y 39.35 --center_z 9.53 --size_x 22 --size_y 16 --size_z 24 --num_modes 10 --exhaustiveness 8 --seed 1
Using random seed: 1

0%   10   20   30   40   50   60   70   80   90   100%
|----|----|----|----|----|----|----|----|----|----|
***************************************************

mode |  affinity  |  intramol  |    CNN     |   CNN
     | (kcal/mol) | (kcal/mol) | pose score | affinity
-----+------------+------------+------------+----------
    1       -7.39       -0.33       0.9232      5.697
    2       -6.53        0.49       0.6057      5.262
    3       -6.33        0.36       0.4477      4.248
    4       -6.49       -0.41       0.3201      4.865
    5       -6.25       -0.11       0.2155      3.885
    6       -6.30       -0.08       0.1812      3.729
    7       -5.74       -0.53       0.1694      4.088
    8       -6.57       -0.64       0.1584      3.422
    9       -6.61       -0.52       0.1326      3.889
   10       -6.38       -0.56       0.1289      4.147
