              _             
             (_)            
   __ _ _ __  _ _ __   __ _ 
  / _` | '_ \| | '_ \ / _` |
 | (_| | | | | | | | | (_| |
  \__, |_| |_|_|_| |_|\__,_|
   __/ |                    
  |___/                     

gnina v1.3.3 master:6fe1ce2   Built Jun 30 2026.
gnina is based on smina and AutoDock Vina.
Please cite appropriately.

Commandline: gnina -r results/DOCKING/7AAA.mol2 -l results/DOCKING/ligands_sdf/ligando_062.sdf -o results/DOCKING/results_mol2/docked_ligando_062.mol2 --center_x 8.59 --center_y 39.35 --center_z 9.53 --size_x 22 --size_y 16 --size_z 24 --num_modes 10 --exhaustiveness 8 --seed 1
Using random seed: 1

0%   10   20   30   40   50   60   70   80   90   100%
|----|----|----|----|----|----|----|----|----|----|
***************************************************

mode |  affinity  |  intramol  |    CNN     |   CNN
     | (kcal/mol) | (kcal/mol) | pose score | affinity
-----+------------+------------+------------+----------
    1       -5.31       -0.11       0.7587      6.343
    2       -8.05        0.01       0.7081      5.936
    3       -7.26       -0.17       0.4779      5.515
    4       -6.03       -0.24       0.2713      4.896
    5       -7.18        0.52       0.2664      5.878
    6       -7.65        2.09       0.2515      4.794
    7       -7.53        0.18       0.2350      5.646
    8       -7.22       -0.36       0.1825      4.512
    9       -7.13        0.18       0.1825      4.968
   10       -7.47        0.31       0.1685      5.075
