              _             
             (_)            
   __ _ _ __  _ _ __   __ _ 
  / _` | '_ \| | '_ \ / _` |
 | (_| | | | | | | | | (_| |
  \__, |_| |_|_|_| |_|\__,_|
   __/ |                    
  |___/                     

gnina v1.3.3 master:6fe1ce2   Built Jun 30 2026.
gnina is based on smina and AutoDock Vina.
Please cite appropriately.

Commandline: gnina -r results/DOCKING/7AAA.mol2 -l results/DOCKING/ligands_sdf/ligando_120.sdf -o results/DOCKING/results_mol2/docked_ligando_120.mol2 --center_x 8.59 --center_y 39.35 --center_z 9.53 --size_x 22 --size_y 16 --size_z 24 --num_modes 10 --exhaustiveness 8 --seed 1
Using random seed: 1

0%   10   20   30   40   50   60   70   80   90   100%
|----|----|----|----|----|----|----|----|----|----|
***************************************************

mode |  affinity  |  intramol  |    CNN     |   CNN
     | (kcal/mol) | (kcal/mol) | pose score | affinity
-----+------------+------------+------------+----------
    1       -8.34       -0.46       0.6197      6.094
    2       -8.37       -0.47       0.6182      6.057
    3       -8.13        0.05       0.5561      6.406
    4       -7.74       -0.23       0.4575      6.033
    5       -7.68       -0.40       0.3544      5.883
    6       -7.09       -0.42       0.2594      5.482
    7       -8.51       -0.48       0.2231      5.478
    8       -8.89       -0.44       0.2120      4.323
    9       -7.58       -0.21       0.1843      5.727
   10       -8.25       -0.23       0.1608      5.281
