              _             
             (_)            
   __ _ _ __  _ _ __   __ _ 
  / _` | '_ \| | '_ \ / _` |
 | (_| | | | | | | | | (_| |
  \__, |_| |_|_|_| |_|\__,_|
   __/ |                    
  |___/                     

gnina v1.3.3 master:6fe1ce2   Built Jun 30 2026.
gnina is based on smina and AutoDock Vina.
Please cite appropriately.

Commandline: gnina -r results/DOCKING/7AAA.mol2 -l results/DOCKING/ligands_sdf/ligando_828.sdf -o results/DOCKING/results_mol2/docked_ligando_828.mol2 --center_x 8.59 --center_y 39.35 --center_z 9.53 --size_x 22 --size_y 16 --size_z 24 --num_modes 10 --exhaustiveness 8 --seed 1
Using random seed: 1

0%   10   20   30   40   50   60   70   80   90   100%
|----|----|----|----|----|----|----|----|----|----|
***************************************************

mode |  affinity  |  intramol  |    CNN     |   CNN
     | (kcal/mol) | (kcal/mol) | pose score | affinity
-----+------------+------------+------------+----------
    1       -6.83       -0.31       0.6740      5.552
    2       -8.09       -0.49       0.6288      5.620
    3       -6.94        1.83       0.5492      5.525
    4       -7.69       -0.42       0.4837      5.463
    5       -6.91       -0.72       0.4307      5.537
    6       -7.34       -0.49       0.4111      5.407
    7       -6.63       -0.18       0.4026      5.552
    8       -7.13       -0.28       0.2866      5.624
    9       -6.86       -0.02       0.2507      5.469
   10       -6.93       -0.32       0.2271      5.423
