              _             
             (_)            
   __ _ _ __  _ _ __   __ _ 
  / _` | '_ \| | '_ \ / _` |
 | (_| | | | | | | | | (_| |
  \__, |_| |_|_|_| |_|\__,_|
   __/ |                    
  |___/                     

gnina v1.3.3 master:6fe1ce2   Built Jun 30 2026.
gnina is based on smina and AutoDock Vina.
Please cite appropriately.

Commandline: gnina -r results/DOCKING/7AAA.mol2 -l results/DOCKING/ligands_sdf/ligando_663.sdf -o results/DOCKING/results_mol2/docked_ligando_663.mol2 --center_x 8.59 --center_y 39.35 --center_z 9.53 --size_x 22 --size_y 16 --size_z 24 --num_modes 10 --exhaustiveness 8 --seed 1
Using random seed: 1

0%   10   20   30   40   50   60   70   80   90   100%
|----|----|----|----|----|----|----|----|----|----|
***************************************************

mode |  affinity  |  intramol  |    CNN     |   CNN
     | (kcal/mol) | (kcal/mol) | pose score | affinity
-----+------------+------------+------------+----------
    1       -5.89       -0.24       0.5337      5.164
    2       -6.12        0.35       0.3499      5.003
    3       -5.77       -0.08       0.3301      4.819
    4       -6.03        0.21       0.3139      5.062
    5       -5.58       -0.25       0.2977      4.805
    6       -6.24       -0.23       0.2375      4.282
    7       -5.47       -0.14       0.2084      4.659
    8       -5.60        0.30       0.1548      4.402
    9       -5.57        0.29       0.1469      4.041
   10       -5.96       -0.20       0.1322      4.327
