              _             
             (_)            
   __ _ _ __  _ _ __   __ _ 
  / _` | '_ \| | '_ \ / _` |
 | (_| | | | | | | | | (_| |
  \__, |_| |_|_|_| |_|\__,_|
   __/ |                    
  |___/                     

gnina v1.3.3 master:6fe1ce2   Built Jun 30 2026.
gnina is based on smina and AutoDock Vina.
Please cite appropriately.

Commandline: gnina -r results/DOCKING/7AAA.mol2 -l results/DOCKING/ligands_sdf/ligando_228.sdf -o results/DOCKING/results_mol2/docked_ligando_228.mol2 --center_x 8.59 --center_y 39.35 --center_z 9.53 --size_x 22 --size_y 16 --size_z 24 --num_modes 10 --exhaustiveness 8 --seed 1
Using random seed: 1

0%   10   20   30   40   50   60   70   80   90   100%
|----|----|----|----|----|----|----|----|----|----|
***************************************************
MolPort-020-293-088 MCULE-1520767777 PubChem-110265555 | pose 0 | initial pose not within box

mode |  affinity  |  intramol  |    CNN     |   CNN
     | (kcal/mol) | (kcal/mol) | pose score | affinity
-----+------------+------------+------------+----------
    1       -8.41       -0.30       0.1881      6.611
    2       -9.67        1.15       0.0790      5.800
    3       -8.45       -0.42       0.0774      5.408
    4       -8.47       -0.01       0.0748      6.300
    5       -9.05       -0.49       0.0726      5.719
    6       -8.46       -0.93       0.0661      6.220
    7       -9.22        1.80       0.0654      6.089
    8       -8.14       -0.46       0.0599      5.419
    9       -9.40       -0.62       0.0572      5.720
   10       -9.96       -0.30       0.0533      5.817
