              _             
             (_)            
   __ _ _ __  _ _ __   __ _ 
  / _` | '_ \| | '_ \ / _` |
 | (_| | | | | | | | | (_| |
  \__, |_| |_|_|_| |_|\__,_|
   __/ |                    
  |___/                     

gnina v1.3.3 master:6fe1ce2   Built Jun 30 2026.
gnina is based on smina and AutoDock Vina.
Please cite appropriately.

Commandline: gnina -r results/DOCKING/7AAA.mol2 -l results/DOCKING/ligands_sdf/ligando_320.sdf -o results/DOCKING/results_mol2/docked_ligando_320.mol2 --center_x 8.59 --center_y 39.35 --center_z 9.53 --size_x 22 --size_y 16 --size_z 24 --num_modes 10 --exhaustiveness 8 --seed 1
Using random seed: 1

0%   10   20   30   40   50   60   70   80   90   100%
|----|----|----|----|----|----|----|----|----|----|
***************************************************
MolPort-020-292-454 MCULE-7428069352 PubChem-110264922 | pose 0 | initial pose not within box

mode |  affinity  |  intramol  |    CNN     |   CNN
     | (kcal/mol) | (kcal/mol) | pose score | affinity
-----+------------+------------+------------+----------
    1       -9.06       -0.55       0.6035      7.200
    2      -10.90        5.71       0.4648      7.034
    3      -10.63        0.10       0.1243      6.036
    4      -10.24       -0.24       0.1117      6.280
    5      -10.35       -0.39       0.1084      6.375
    6       -8.62        2.07       0.1068      6.692
    7       -8.78        1.60       0.1045      6.316
    8       -9.61        0.39       0.0930      6.331
    9       -9.14        0.34       0.0921      6.187
   10       -8.53        3.50       0.0850      6.086
