              _             
             (_)            
   __ _ _ __  _ _ __   __ _ 
  / _` | '_ \| | '_ \ / _` |
 | (_| | | | | | | | | (_| |
  \__, |_| |_|_|_| |_|\__,_|
   __/ |                    
  |___/                     

gnina v1.3.3 master:6fe1ce2   Built Jun 30 2026.
gnina is based on smina and AutoDock Vina.
Please cite appropriately.

Commandline: gnina -r results/DOCKING/7AAA.mol2 -l results/DOCKING/ligands_sdf/ligando_589.sdf -o results/DOCKING/results_mol2/docked_ligando_589.mol2 --center_x 8.59 --center_y 39.35 --center_z 9.53 --size_x 22 --size_y 16 --size_z 24 --num_modes 10 --exhaustiveness 8 --seed 1
Using random seed: 1

0%   10   20   30   40   50   60   70   80   90   100%
|----|----|----|----|----|----|----|----|----|----|
***************************************************
MolPort-028-889-922 ChemDiv-V030-3017 MCULE-1497383710 PubChem-83281344 ZINC000096275279 | pose 0 | initial pose not within box

mode |  affinity  |  intramol  |    CNN     |   CNN
     | (kcal/mol) | (kcal/mol) | pose score | affinity
-----+------------+------------+------------+----------
    1       -2.48       -0.32       0.3586      6.557
    2       -6.90       -1.20       0.3024      6.023
    3       -7.98        5.18       0.2911      6.395
    4       -8.44        0.63       0.1664      6.097
    5       -5.84       -0.84       0.1637      6.169
    6       -8.79       -0.18       0.1593      5.754
    7       -7.90        0.75       0.1458      5.806
    8       -4.43        1.27       0.1392      5.933
    9       79.67        7.58       0.1381      4.943
   10       -7.76        0.43       0.1103      6.280
