              _             
             (_)            
   __ _ _ __  _ _ __   __ _ 
  / _` | '_ \| | '_ \ / _` |
 | (_| | | | | | | | | (_| |
  \__, |_| |_|_|_| |_|\__,_|
   __/ |                    
  |___/                     

gnina v1.3.3 master:6fe1ce2   Built Jun 30 2026.
gnina is based on smina and AutoDock Vina.
Please cite appropriately.

Commandline: gnina -r results/DOCKING/7AAA.mol2 -l results/DOCKING/ligands_sdf/ligando_561.sdf -o results/DOCKING/results_mol2/docked_ligando_561.mol2 --center_x 8.59 --center_y 39.35 --center_z 9.53 --size_x 22 --size_y 16 --size_z 24 --num_modes 10 --exhaustiveness 8 --seed 1
Using random seed: 1

0%   10   20   30   40   50   60   70   80   90   100%
|----|----|----|----|----|----|----|----|----|----|
***************************************************
MolPort-003-159-980 5266307 CSSS03437068660 MCULE-5115556212 PubChem-18582437 ZINC000005266307 ZINC05266307 | pose 0 | ligand outside box

mode |  affinity  |  intramol  |    CNN     |   CNN
     | (kcal/mol) | (kcal/mol) | pose score | affinity
-----+------------+------------+------------+----------
    1       -7.61        1.25       0.2742      6.238
    2       -2.94        0.54       0.2559      6.026
    3       -1.22        1.80       0.2083      4.780
    4        0.08        1.63       0.2071      5.137
    5       54.07       -0.65       0.1619      5.088
    6        9.52       -0.15       0.1173      5.358
    7       -7.15        0.95       0.0871      5.159
    8       -7.70        0.76       0.0855      5.541
    9       -8.21       -0.09       0.0852      5.464
   10       -8.66        0.51       0.0845      4.831
