              _             
             (_)            
   __ _ _ __  _ _ __   __ _ 
  / _` | '_ \| | '_ \ / _` |
 | (_| | | | | | | | | (_| |
  \__, |_| |_|_|_| |_|\__,_|
   __/ |                    
  |___/                     

gnina v1.3.3 master:6fe1ce2   Built Jun 30 2026.
gnina is based on smina and AutoDock Vina.
Please cite appropriately.

Commandline: gnina -r results/DOCKING/7AAA.mol2 -l results/DOCKING/ligands_sdf/ligando_100.sdf -o results/DOCKING/results_mol2/docked_ligando_100.mol2 --center_x 8.59 --center_y 39.35 --center_z 9.53 --size_x 22 --size_y 16 --size_z 24 --num_modes 10 --exhaustiveness 8 --seed 1
Using random seed: 1

0%   10   20   30   40   50   60   70   80   90   100%
|----|----|----|----|----|----|----|----|----|----|
***************************************************
MolPort-010-691-620 ChemDiv-L497-0025 MCULE-6783665137 PubChem-50829217 | pose 0 | initial pose not within box

mode |  affinity  |  intramol  |    CNN     |   CNN
     | (kcal/mol) | (kcal/mol) | pose score | affinity
-----+------------+------------+------------+----------
    1       -8.24       -0.76       0.3411      6.492
    2      -10.81        1.61       0.3011      7.060
    3       -8.37       -0.64       0.2575      6.449
    4      -10.93       -0.52       0.1145      5.855
    5      -10.47       -0.43       0.0998      5.143
    6       -9.97        0.99       0.0940      5.251
    7      -10.63        0.04       0.0810      5.911
    8       -9.78       -0.43       0.0776      5.948
    9      -10.35        1.05       0.0657      5.575
   10       -8.73        0.65       0.0597      5.651
