              _             
             (_)            
   __ _ _ __  _ _ __   __ _ 
  / _` | '_ \| | '_ \ / _` |
 | (_| | | | | | | | | (_| |
  \__, |_| |_|_|_| |_|\__,_|
   __/ |                    
  |___/                     

gnina v1.3.3 master:6fe1ce2   Built Jun 30 2026.
gnina is based on smina and AutoDock Vina.
Please cite appropriately.

Commandline: gnina -r results/DOCKING/7AAA.mol2 -l results/DOCKING/ligands_sdf/ligando_262.sdf -o results/DOCKING/results_mol2/docked_ligando_262.mol2 --center_x 8.59 --center_y 39.35 --center_z 9.53 --size_x 22 --size_y 16 --size_z 24 --num_modes 10 --exhaustiveness 8 --seed 1
Using random seed: 1

0%   10   20   30   40   50   60   70   80   90   100%
|----|----|----|----|----|----|----|----|----|----|
***************************************************
MolPort-020-293-084 MCULE-8317610416 PubChem-110265551 | pose 0 | initial pose not within box
MolPort-020-293-084 MCULE-8317610416 PubChem-110265551 | pose 0 | ligand outside box

mode |  affinity  |  intramol  |    CNN     |   CNN
     | (kcal/mol) | (kcal/mol) | pose score | affinity
-----+------------+------------+------------+----------
    1      -10.52        0.68       0.1441      5.907
    2       -9.84        0.71       0.1362      6.347
    3      -10.35       -0.11       0.1288      5.738
    4      -10.37        0.46       0.0994      6.214
    5      -10.34       -0.91       0.0816      5.845
    6      -10.19       -0.42       0.0814      6.012
    7      -10.61        3.52       0.0709      6.550
    8      -10.16       -1.06       0.0685      6.004
    9       -9.35       -0.68       0.0674      6.041
   10      -10.93        0.38       0.0666      6.365
