              _             
             (_)            
   __ _ _ __  _ _ __   __ _ 
  / _` | '_ \| | '_ \ / _` |
 | (_| | | | | | | | | (_| |
  \__, |_| |_|_|_| |_|\__,_|
   __/ |                    
  |___/                     

gnina v1.3.3 master:6fe1ce2   Built Jun 30 2026.
gnina is based on smina and AutoDock Vina.
Please cite appropriately.

Commandline: gnina -r results/DOCKING/7AAA.mol2 -l results/DOCKING/ligands_sdf/ligando_510.sdf -o results/DOCKING/results_mol2/docked_ligando_510.mol2 --center_x 8.59 --center_y 39.35 --center_z 9.53 --size_x 22 --size_y 16 --size_z 24 --num_modes 10 --exhaustiveness 8 --seed 1
Using random seed: 1

0%   10   20   30   40   50   60   70   80   90   100%
|----|----|----|----|----|----|----|----|----|----|
***************************************************
MolPort-016-906-836 ChemDiv-V029-4306 MCULE-6046758830 PubChem-45970893 ZINC000037385251 ZINC37385251 | pose 0 | initial pose not within box
MolPort-016-906-836 ChemDiv-V029-4306 MCULE-6046758830 PubChem-45970893 ZINC000037385251 ZINC37385251 | pose 0 | ligand outside box

mode |  affinity  |  intramol  |    CNN     |   CNN
     | (kcal/mol) | (kcal/mol) | pose score | affinity
-----+------------+------------+------------+----------
    1       -3.07        0.18       0.2179      5.943
    2        2.90        1.17       0.1834      5.889
    3       -9.82       -1.10       0.1221      5.989
    4       -9.61       -0.20       0.0852      5.808
    5        4.32       -0.12       0.0822      4.530
    6        8.99        0.43       0.0817      5.133
    7       -9.24       -0.74       0.0736      5.838
    8       -9.09       -0.23       0.0703      5.910
    9       -7.01       -0.77       0.0634      5.299
   10       -9.58       -0.99       0.0613      5.000
