              _             
             (_)            
   __ _ _ __  _ _ __   __ _ 
  / _` | '_ \| | '_ \ / _` |
 | (_| | | | | | | | | (_| |
  \__, |_| |_|_|_| |_|\__,_|
   __/ |                    
  |___/                     

gnina v1.3.3 master:6fe1ce2   Built Jun 30 2026.
gnina is based on smina and AutoDock Vina.
Please cite appropriately.

Commandline: gnina -r results/DOCKING/7AAA.mol2 -l results/DOCKING/ligands_sdf/ligando_746.sdf -o results/DOCKING/results_mol2/docked_ligando_746.mol2 --center_x 8.59 --center_y 39.35 --center_z 9.53 --size_x 22 --size_y 16 --size_z 24 --num_modes 10 --exhaustiveness 8 --seed 1
Using random seed: 1

0%   10   20   30   40   50   60   70   80   90   100%
|----|----|----|----|----|----|----|----|----|----|
***************************************************

mode |  affinity  |  intramol  |    CNN     |   CNN
     | (kcal/mol) | (kcal/mol) | pose score | affinity
-----+------------+------------+------------+----------
    1       -7.19       -0.27       0.4607      5.642
    2       -7.35       -0.27       0.3995      5.436
    3       -6.26       -0.67       0.3867      5.372
    4       -7.05       -0.06       0.3231      5.031
    5       -6.33        0.72       0.1802      4.948
    6       -6.21       -0.23       0.1780      4.987
    7       -6.88        1.35       0.1539      4.323
    8       -6.76       -0.50       0.1130      4.934
    9       -5.93        0.29       0.1097      4.822
   10       -6.99        0.27       0.1083      4.934
