              _             
             (_)            
   __ _ _ __  _ _ __   __ _ 
  / _` | '_ \| | '_ \ / _` |
 | (_| | | | | | | | | (_| |
  \__, |_| |_|_|_| |_|\__,_|
   __/ |                    
  |___/                     

gnina v1.3.3 master:6fe1ce2   Built Jun 30 2026.
gnina is based on smina and AutoDock Vina.
Please cite appropriately.

Commandline: gnina -r results/DOCKING/7AAA.mol2 -l results/DOCKING/ligands_sdf/ligando_648.sdf -o results/DOCKING/results_mol2/docked_ligando_648.mol2 --center_x 8.59 --center_y 39.35 --center_z 9.53 --size_x 22 --size_y 16 --size_z 24 --num_modes 10 --exhaustiveness 8 --seed 1
Using random seed: 1

0%   10   20   30   40   50   60   70   80   90   100%
|----|----|----|----|----|----|----|----|----|----|
***************************************************

mode |  affinity  |  intramol  |    CNN     |   CNN
     | (kcal/mol) | (kcal/mol) | pose score | affinity
-----+------------+------------+------------+----------
    1       -7.77        0.17       0.1773      5.437
    2       -8.33        0.80       0.1173      5.381
    3       -8.66        0.47       0.0921      4.738
    4       -8.79        0.25       0.0885      4.978
    5       -7.96        0.77       0.0683      4.658
    6       -7.84        0.19       0.0637      4.835
    7       -8.50        0.36       0.0588      5.161
    8       -8.18        0.60       0.0581      4.337
    9       -7.85        0.48       0.0577      4.799
   10       -7.86        0.80       0.0568      4.824
