              _             
             (_)            
   __ _ _ __  _ _ __   __ _ 
  / _` | '_ \| | '_ \ / _` |
 | (_| | | | | | | | | (_| |
  \__, |_| |_|_|_| |_|\__,_|
   __/ |                    
  |___/                     

gnina v1.3.3 master:6fe1ce2   Built Jun 30 2026.
gnina is based on smina and AutoDock Vina.
Please cite appropriately.

Commandline: gnina -r results/DOCKING/7AAA.mol2 -l results/DOCKING/ligands_sdf/ligando_587.sdf -o results/DOCKING/results_mol2/docked_ligando_587.mol2 --center_x 8.59 --center_y 39.35 --center_z 9.53 --size_x 22 --size_y 16 --size_z 24 --num_modes 10 --exhaustiveness 8 --seed 1
Using random seed: 1

0%   10   20   30   40   50   60   70   80   90   100%
|----|----|----|----|----|----|----|----|----|----|
***************************************************

mode |  affinity  |  intramol  |    CNN     |   CNN
     | (kcal/mol) | (kcal/mol) | pose score | affinity
-----+------------+------------+------------+----------
    1       -8.24       -0.55       0.4038      6.195
    2       -7.62       -0.78       0.2885      5.786
    3       -7.69       -0.41       0.2712      5.769
    4       -7.19       -0.70       0.2031      5.543
    5       -7.26        1.46       0.1768      5.637
    6       -7.19       -0.58       0.1700      4.919
    7       -7.25        2.26       0.1663      5.522
    8       -6.65        0.20       0.1367      4.622
    9       -7.44        0.31       0.1311      5.397
   10       -8.03        2.13       0.1276      5.338
