              _             
             (_)            
   __ _ _ __  _ _ __   __ _ 
  / _` | '_ \| | '_ \ / _` |
 | (_| | | | | | | | | (_| |
  \__, |_| |_|_|_| |_|\__,_|
   __/ |                    
  |___/                     

gnina v1.3.3 master:6fe1ce2   Built Jun 30 2026.
gnina is based on smina and AutoDock Vina.
Please cite appropriately.

Commandline: gnina -r results/DOCKING/7AAA.mol2 -l results/DOCKING/ligands_sdf/ligando_108.sdf -o results/DOCKING/results_mol2/docked_ligando_108.mol2 --center_x 8.59 --center_y 39.35 --center_z 9.53 --size_x 22 --size_y 16 --size_z 24 --num_modes 10 --exhaustiveness 8 --seed 1
Using random seed: 1

0%   10   20   30   40   50   60   70   80   90   100%
|----|----|----|----|----|----|----|----|----|----|
***************************************************
MolPort-007-967-220 ChemDiv-L497-0033 MCULE-5991978792 PubChem-46385444 ZINC000033129554 | pose 0 | initial pose not within box

mode |  affinity  |  intramol  |    CNN     |   CNN
     | (kcal/mol) | (kcal/mol) | pose score | affinity
-----+------------+------------+------------+----------
    1       -9.22        1.75       0.5678      7.107
    2       -9.46        0.74       0.5448      6.773
    3       -8.12       -0.15       0.3915      6.096
    4       -7.91        0.44       0.2985      6.065
    5       -8.19       -0.22       0.2193      5.895
    6       -8.09       -0.43       0.1410      5.452
    7       -8.81       -0.31       0.1086      5.497
    8       -8.51       -0.67       0.1058      5.498
    9      -10.35       -0.43       0.0956      5.838
   10       -8.00        0.21       0.0741      5.355
