              _             
             (_)            
   __ _ _ __  _ _ __   __ _ 
  / _` | '_ \| | '_ \ / _` |
 | (_| | | | | | | | | (_| |
  \__, |_| |_|_|_| |_|\__,_|
   __/ |                    
  |___/                     

gnina v1.3.3 master:6fe1ce2   Built Jun 30 2026.
gnina is based on smina and AutoDock Vina.
Please cite appropriately.

Commandline: gnina -r results/DOCKING/7AAA.mol2 -l results/DOCKING/ligands_sdf/ligando_679.sdf -o results/DOCKING/results_mol2/docked_ligando_679.mol2 --center_x 8.59 --center_y 39.35 --center_z 9.53 --size_x 22 --size_y 16 --size_z 24 --num_modes 10 --exhaustiveness 8 --seed 1
Using random seed: 1

0%   10   20   30   40   50   60   70   80   90   100%
|----|----|----|----|----|----|----|----|----|----|
***************************************************
MolPort-009-692-502 9122423 CSSS00106925912 GURPVROGVCIAHM-UHFFFAOYSA-N MCULE-7597087955 PubChem-16952737 ZINC000009122423 ZINC09122423 | pose 0 | initial pose not within box

mode |  affinity  |  intramol  |    CNN     |   CNN
     | (kcal/mol) | (kcal/mol) | pose score | affinity
-----+------------+------------+------------+----------
    1       -5.87       -0.16       0.0692      4.201
    2       -1.57       -0.04       0.0503      5.490
    3      -10.31        0.81       0.0501      5.271
    4       -8.54        0.40       0.0455      4.876
    5       -8.73        0.55       0.0442      5.286
    6      -11.22        0.24       0.0439      4.905
    7       -8.50       -0.60       0.0371      4.737
    8       -1.67       -0.76       0.0368      5.169
    9       -8.36       -1.13       0.0359      4.959
   10       -8.40       -0.85       0.0315      4.608
