              _             
             (_)            
   __ _ _ __  _ _ __   __ _ 
  / _` | '_ \| | '_ \ / _` |
 | (_| | | | | | | | | (_| |
  \__, |_| |_|_|_| |_|\__,_|
   __/ |                    
  |___/                     

gnina v1.3.3 master:6fe1ce2   Built Jun 30 2026.
gnina is based on smina and AutoDock Vina.
Please cite appropriately.

Commandline: gnina -r results/DOCKING/7AAA.mol2 -l results/DOCKING/ligands_sdf/ligando_157.sdf -o results/DOCKING/results_mol2/docked_ligando_157.mol2 --center_x 8.59 --center_y 39.35 --center_z 9.53 --size_x 22 --size_y 16 --size_z 24 --num_modes 10 --exhaustiveness 8 --seed 1
Using random seed: 1

0%   10   20   30   40   50   60   70   80   90   100%
|----|----|----|----|----|----|----|----|----|----|
***************************************************

mode |  affinity  |  intramol  |    CNN     |   CNN
     | (kcal/mol) | (kcal/mol) | pose score | affinity
-----+------------+------------+------------+----------
    1       -7.23       -0.42       0.7317      5.976
    2       -7.85       -0.30       0.6539      5.910
    3       -7.80       -0.13       0.6404      5.908
    4       -7.87       -0.44       0.4798      5.759
    5       -7.68       -0.07       0.3874      5.780
    6       -7.06       -0.29       0.1596      5.051
    7       -7.40       -0.14       0.1418      4.893
    8       -7.21       -0.13       0.1334      5.157
    9       -7.78       -0.35       0.0986      4.642
   10       -7.23       -0.10       0.0780      4.622
