              _             
             (_)            
   __ _ _ __  _ _ __   __ _ 
  / _` | '_ \| | '_ \ / _` |
 | (_| | | | | | | | | (_| |
  \__, |_| |_|_|_| |_|\__,_|
   __/ |                    
  |___/                     

gnina v1.3.3 master:6fe1ce2   Built Jun 30 2026.
gnina is based on smina and AutoDock Vina.
Please cite appropriately.

Commandline: gnina -r results/DOCKING/7AAA.mol2 -l results/DOCKING/ligands_sdf/ligando_464.sdf -o results/DOCKING/results_mol2/docked_ligando_464.mol2 --center_x 8.59 --center_y 39.35 --center_z 9.53 --size_x 22 --size_y 16 --size_z 24 --num_modes 10 --exhaustiveness 8 --seed 1
Using random seed: 1

0%   10   20   30   40   50   60   70   80   90   100%
|----|----|----|----|----|----|----|----|----|----|
***************************************************
MolPort-020-295-094 MCULE-2560501570 PubChem-110267191 | pose 0 | ligand outside box
MolPort-020-295-094 MCULE-2560501570 PubChem-110267191 | pose 0 | ligand outside box

mode |  affinity  |  intramol  |    CNN     |   CNN
     | (kcal/mol) | (kcal/mol) | pose score | affinity
-----+------------+------------+------------+----------
    1       18.64       -0.63       0.1779      5.545
    2       -9.78        0.81       0.1693      5.805
    3       29.44       -0.36       0.1593      5.534
    4       -2.72        0.20       0.1008      5.182
    5      -11.05       -0.15       0.0780      5.998
    6       -9.80       -0.00       0.0673      5.622
    7       -8.61       -0.51       0.0661      5.556
    8       -8.78        0.08       0.0534      5.241
    9        3.06       -0.18       0.0507      5.615
   10       -5.46       -0.28       0.0478      5.734
