              _             
             (_)            
   __ _ _ __  _ _ __   __ _ 
  / _` | '_ \| | '_ \ / _` |
 | (_| | | | | | | | | (_| |
  \__, |_| |_|_|_| |_|\__,_|
   __/ |                    
  |___/                     

gnina v1.3.3 master:6fe1ce2   Built Jun 30 2026.
gnina is based on smina and AutoDock Vina.
Please cite appropriately.

Commandline: gnina -r results/DOCKING/7AAA.mol2 -l results/DOCKING/ligands_sdf/ligando_737.sdf -o results/DOCKING/results_mol2/docked_ligando_737.mol2 --center_x 8.59 --center_y 39.35 --center_z 9.53 --size_x 22 --size_y 16 --size_z 24 --num_modes 10 --exhaustiveness 8 --seed 1
Using random seed: 1

0%   10   20   30   40   50   60   70   80   90   100%
|----|----|----|----|----|----|----|----|----|----|
***************************************************

mode |  affinity  |  intramol  |    CNN     |   CNN
     | (kcal/mol) | (kcal/mol) | pose score | affinity
-----+------------+------------+------------+----------
    1      -10.29       -0.96       0.5730      7.017
    2       -8.70       -0.88       0.5646      6.982
    3      -10.07       -1.19       0.5374      6.706
    4      -10.03       -0.87       0.5137      6.451
    5      -10.32       -0.71       0.4179      6.554
    6       -9.16       -0.22       0.3938      6.096
    7       -9.42       -0.53       0.3889      6.399
    8      -10.13       -1.42       0.3249      6.314
    9       -9.74       -1.45       0.2930      6.535
   10       -9.13        0.06       0.2653      6.298
