              _             
             (_)            
   __ _ _ __  _ _ __   __ _ 
  / _` | '_ \| | '_ \ / _` |
 | (_| | | | | | | | | (_| |
  \__, |_| |_|_|_| |_|\__,_|
   __/ |                    
  |___/                     

gnina v1.3.3 master:6fe1ce2   Built Jun 30 2026.
gnina is based on smina and AutoDock Vina.
Please cite appropriately.

Commandline: gnina -r results/DOCKING/7AAA.mol2 -l results/DOCKING/ligands_sdf/ligando_318.sdf -o results/DOCKING/results_mol2/docked_ligando_318.mol2 --center_x 8.59 --center_y 39.35 --center_z 9.53 --size_x 22 --size_y 16 --size_z 24 --num_modes 10 --exhaustiveness 8 --seed 1
Using random seed: 1

0%   10   20   30   40   50   60   70   80   90   100%
|----|----|----|----|----|----|----|----|----|----|
***************************************************

mode |  affinity  |  intramol  |    CNN     |   CNN
     | (kcal/mol) | (kcal/mol) | pose score | affinity
-----+------------+------------+------------+----------
    1       -8.64        0.12       0.2804      5.768
    2       -8.64        1.38       0.2370      6.424
    3      -10.41        0.12       0.1858      6.142
    4       -9.04        3.97       0.1788      6.208
    5       -8.56       -0.33       0.1546      5.163
    6       -9.11       -0.00       0.1023      5.467
    7       -9.12       -0.64       0.0830      5.484
    8       -8.73       -0.16       0.0769      5.460
    9       -9.30        1.10       0.0749      5.254
   10       -9.14        2.52       0.0734      5.849
