              _             
             (_)            
   __ _ _ __  _ _ __   __ _ 
  / _` | '_ \| | '_ \ / _` |
 | (_| | | | | | | | | (_| |
  \__, |_| |_|_|_| |_|\__,_|
   __/ |                    
  |___/                     

gnina v1.3.3 master:6fe1ce2   Built Jun 30 2026.
gnina is based on smina and AutoDock Vina.
Please cite appropriately.

Commandline: gnina -r results/DOCKING/7AAA.mol2 -l results/DOCKING/ligands_sdf/ligando_408.sdf -o results/DOCKING/results_mol2/docked_ligando_408.mol2 --center_x 8.59 --center_y 39.35 --center_z 9.53 --size_x 22 --size_y 16 --size_z 24 --num_modes 10 --exhaustiveness 8 --seed 1
Using random seed: 1

0%   10   20   30   40   50   60   70   80   90   100%
|----|----|----|----|----|----|----|----|----|----|
***************************************************

mode |  affinity  |  intramol  |    CNN     |   CNN
     | (kcal/mol) | (kcal/mol) | pose score | affinity
-----+------------+------------+------------+----------
    1       -8.21       -0.07       0.8740      6.176
    2       -7.84        0.65       0.8223      6.277
    3       -6.71        0.57       0.3785      5.852
    4       -7.41       -0.32       0.1863      5.306
    5       -6.75        0.10       0.1749      5.052
    6       -7.67        0.21       0.1501      5.029
    7       -7.30       -0.34       0.1117      4.634
    8       -7.25       -0.61       0.1040      4.955
    9       -7.77       -0.58       0.0926      4.620
   10       -5.71       -0.47       0.0886      4.961
