              _             
             (_)            
   __ _ _ __  _ _ __   __ _ 
  / _` | '_ \| | '_ \ / _` |
 | (_| | | | | | | | | (_| |
  \__, |_| |_|_|_| |_|\__,_|
   __/ |                    
  |___/                     

gnina v1.3.3 master:6fe1ce2   Built Jun 30 2026.
gnina is based on smina and AutoDock Vina.
Please cite appropriately.

Commandline: gnina -r results/DOCKING/7AAA.mol2 -l results/DOCKING/ligands_sdf/ligando_307.sdf -o results/DOCKING/results_mol2/docked_ligando_307.mol2 --center_x 8.59 --center_y 39.35 --center_z 9.53 --size_x 22 --size_y 16 --size_z 24 --num_modes 10 --exhaustiveness 8 --seed 1
Using random seed: 1

0%   10   20   30   40   50   60   70   80   90   100%
|----|----|----|----|----|----|----|----|----|----|
***************************************************

mode |  affinity  |  intramol  |    CNN     |   CNN
     | (kcal/mol) | (kcal/mol) | pose score | affinity
-----+------------+------------+------------+----------
    1       -8.49        0.46       0.6555      6.710
    2       -8.43        1.12       0.3347      6.270
    3       -8.91       -0.12       0.3190      6.093
    4       -8.49       -0.76       0.2450      5.579
    5       -8.31       -0.31       0.2316      6.300
    6       -8.53       -0.42       0.2308      6.403
    7       -7.84       -0.65       0.2281      6.095
    8       -7.85       -0.40       0.2040      5.907
    9       -8.61       -0.36       0.1875      6.238
   10       -7.46        0.98       0.1325      5.458
