              _             
             (_)            
   __ _ _ __  _ _ __   __ _ 
  / _` | '_ \| | '_ \ / _` |
 | (_| | | | | | | | | (_| |
  \__, |_| |_|_|_| |_|\__,_|
   __/ |                    
  |___/                     

gnina v1.3.3 master:6fe1ce2   Built Jun 30 2026.
gnina is based on smina and AutoDock Vina.
Please cite appropriately.

Commandline: gnina -r results/DOCKING/7AAA.mol2 -l results/DOCKING/ligands_sdf/ligando_669.sdf -o results/DOCKING/results_mol2/docked_ligando_669.mol2 --center_x 8.59 --center_y 39.35 --center_z 9.53 --size_x 22 --size_y 16 --size_z 24 --num_modes 10 --exhaustiveness 8 --seed 1
Using random seed: 1

0%   10   20   30   40   50   60   70   80   90   100%
|----|----|----|----|----|----|----|----|----|----|
***************************************************

mode |  affinity  |  intramol  |    CNN     |   CNN
     | (kcal/mol) | (kcal/mol) | pose score | affinity
-----+------------+------------+------------+----------
    1       -8.43       -0.30       0.4774      6.621
    2       -8.47        0.14       0.3157      6.305
    3       -7.00        0.59       0.2483      5.920
    4       -8.24        0.94       0.1994      5.618
    5       -6.88       -0.20       0.1750      6.337
    6       -9.07       -0.51       0.1542      5.517
    7       -6.45        0.22       0.1392      5.839
    8       -7.25        1.61       0.1318      6.205
    9       -6.71       -0.26       0.1248      5.719
   10       -8.57        0.65       0.1181      5.500
