              _             
             (_)            
   __ _ _ __  _ _ __   __ _ 
  / _` | '_ \| | '_ \ / _` |
 | (_| | | | | | | | | (_| |
  \__, |_| |_|_|_| |_|\__,_|
   __/ |                    
  |___/                     

gnina v1.3.3 master:6fe1ce2   Built Jun 30 2026.
gnina is based on smina and AutoDock Vina.
Please cite appropriately.

Commandline: gnina -r results/DOCKING/7AAA.mol2 -l results/DOCKING/ligands_sdf/ligando_480.sdf -o results/DOCKING/results_mol2/docked_ligando_480.mol2 --center_x 8.59 --center_y 39.35 --center_z 9.53 --size_x 22 --size_y 16 --size_z 24 --num_modes 10 --exhaustiveness 8 --seed 1
Using random seed: 1

0%   10   20   30   40   50   60   70   80   90   100%
|----|----|----|----|----|----|----|----|----|----|
***************************************************

mode |  affinity  |  intramol  |    CNN     |   CNN
     | (kcal/mol) | (kcal/mol) | pose score | affinity
-----+------------+------------+------------+----------
    1       -8.80       -0.34       0.2619      5.630
    2       -9.29        0.15       0.2600      5.233
    3       -8.30       -0.33       0.2585      6.027
    4       -8.89       -0.10       0.2009      5.349
    5       -8.22       -0.12       0.1978      5.378
    6       -7.84       -0.15       0.1818      5.301
    7       -8.38       -0.15       0.1739      5.759
    8       -8.15       -0.30       0.1732      5.635
    9       -8.54       -0.38       0.1570      5.343
   10       -8.21       -0.27       0.1491      5.424
