              _             
             (_)            
   __ _ _ __  _ _ __   __ _ 
  / _` | '_ \| | '_ \ / _` |
 | (_| | | | | | | | | (_| |
  \__, |_| |_|_|_| |_|\__,_|
   __/ |                    
  |___/                     

gnina v1.3.3 master:6fe1ce2   Built Jun 30 2026.
gnina is based on smina and AutoDock Vina.
Please cite appropriately.

Commandline: gnina -r results/DOCKING/7AAA.mol2 -l results/DOCKING/ligands_sdf/ligando_189.sdf -o results/DOCKING/results_mol2/docked_ligando_189.mol2 --center_x 8.59 --center_y 39.35 --center_z 9.53 --size_x 22 --size_y 16 --size_z 24 --num_modes 10 --exhaustiveness 8 --seed 1
Using random seed: 1

0%   10   20   30   40   50   60   70   80   90   100%
|----|----|----|----|----|----|----|----|----|----|
***************************************************

mode |  affinity  |  intramol  |    CNN     |   CNN
     | (kcal/mol) | (kcal/mol) | pose score | affinity
-----+------------+------------+------------+----------
    1       -8.77       -0.29       0.3604      6.282
    2       -8.84       -0.22       0.3128      6.084
    3       -8.47       -0.43       0.2555      5.479
    4       -7.55       -0.49       0.2402      5.090
    5       -8.75       -0.48       0.2027      5.202
    6       -8.29       -0.19       0.1959      5.208
    7       -7.78       -0.04       0.1791      5.677
    8       -8.84       -0.37       0.1305      5.327
    9       -7.84       -0.47       0.1231      4.617
   10       -8.00       -0.42       0.0841      5.130
