              _             
             (_)            
   __ _ _ __  _ _ __   __ _ 
  / _` | '_ \| | '_ \ / _` |
 | (_| | | | | | | | | (_| |
  \__, |_| |_|_|_| |_|\__,_|
   __/ |                    
  |___/                     

gnina v1.3.3 master:6fe1ce2   Built Jun 30 2026.
gnina is based on smina and AutoDock Vina.
Please cite appropriately.

Commandline: gnina -r results/DOCKING/7AAA.mol2 -l results/DOCKING/ligands_sdf/ligando_745.sdf -o results/DOCKING/results_mol2/docked_ligando_745.mol2 --center_x 8.59 --center_y 39.35 --center_z 9.53 --size_x 22 --size_y 16 --size_z 24 --num_modes 10 --exhaustiveness 8 --seed 1
Using random seed: 1

0%   10   20   30   40   50   60   70   80   90   100%
|----|----|----|----|----|----|----|----|----|----|
***************************************************

mode |  affinity  |  intramol  |    CNN     |   CNN
     | (kcal/mol) | (kcal/mol) | pose score | affinity
-----+------------+------------+------------+----------
    1       -8.26        0.77       0.1575      5.761
    2       -8.33       -0.01       0.1559      6.365
    3      -10.43        0.85       0.1162      5.091
    4       -9.60        0.29       0.0947      6.147
    5       -8.95       -0.99       0.0874      5.759
    6       -8.66        0.01       0.0776      5.815
    7       -9.21        1.09       0.0737      5.772
    8       -8.57        0.26       0.0721      5.597
    9       -8.24        2.99       0.0681      6.130
   10       -9.69       -1.28       0.0638      4.428
