              _             
             (_)            
   __ _ _ __  _ _ __   __ _ 
  / _` | '_ \| | '_ \ / _` |
 | (_| | | | | | | | | (_| |
  \__, |_| |_|_|_| |_|\__,_|
   __/ |                    
  |___/                     

gnina v1.3.3 master:6fe1ce2   Built Jun 30 2026.
gnina is based on smina and AutoDock Vina.
Please cite appropriately.

Commandline: gnina -r results/DOCKING/7AAA.mol2 -l results/DOCKING/ligands_sdf/ligando_300.sdf -o results/DOCKING/results_mol2/docked_ligando_300.mol2 --center_x 8.59 --center_y 39.35 --center_z 9.53 --size_x 22 --size_y 16 --size_z 24 --num_modes 10 --exhaustiveness 8 --seed 1
Using random seed: 1

0%   10   20   30   40   50   60   70   80   90   100%
|----|----|----|----|----|----|----|----|----|----|
***************************************************

mode |  affinity  |  intramol  |    CNN     |   CNN
     | (kcal/mol) | (kcal/mol) | pose score | affinity
-----+------------+------------+------------+----------
    1       -8.76       -0.70       0.3589      6.382
    2       -9.90       -0.09       0.3180      6.615
    3       63.44       -0.13       0.2260      4.731
    4       -9.82        0.11       0.1971      6.266
    5       -6.33       -0.31       0.1599      6.078
    6      -10.08        0.74       0.1179      5.943
    7       -5.39       -0.01       0.1093      5.740
    8       -7.52        0.27       0.0893      5.559
    9       -9.91       -0.35       0.0805      6.401
   10       10.08       -0.50       0.0731      6.194
