              _             
             (_)            
   __ _ _ __  _ _ __   __ _ 
  / _` | '_ \| | '_ \ / _` |
 | (_| | | | | | | | | (_| |
  \__, |_| |_|_|_| |_|\__,_|
   __/ |                    
  |___/                     

gnina v1.3.3 master:6fe1ce2   Built Jun 30 2026.
gnina is based on smina and AutoDock Vina.
Please cite appropriately.

Commandline: gnina -r results/DOCKING/7AAA.mol2 -l results/DOCKING/ligands_sdf/ligando_305.sdf -o results/DOCKING/results_mol2/docked_ligando_305.mol2 --center_x 8.59 --center_y 39.35 --center_z 9.53 --size_x 22 --size_y 16 --size_z 24 --num_modes 10 --exhaustiveness 8 --seed 1
Using random seed: 1

0%   10   20   30   40   50   60   70   80   90   100%
|----|----|----|----|----|----|----|----|----|----|
***************************************************

mode |  affinity  |  intramol  |    CNN     |   CNN
     | (kcal/mol) | (kcal/mol) | pose score | affinity
-----+------------+------------+------------+----------
    1       -9.56       -0.59       0.3239      6.203
    2       -9.49       -0.80       0.3036      6.102
    3       -9.52       -0.56       0.2988      6.197
    4       -9.26       -0.56       0.2045      6.320
    5       -9.08       -0.77       0.1987      5.903
    6       -8.45       -0.63       0.1877      6.044
    7       -9.08       -0.77       0.1369      5.941
    8       -9.03       -0.60       0.1117      5.872
    9       -9.46       -0.78       0.1097      5.886
   10       -8.32       -0.74       0.0959      5.179
