              _             
             (_)            
   __ _ _ __  _ _ __   __ _ 
  / _` | '_ \| | '_ \ / _` |
 | (_| | | | | | | | | (_| |
  \__, |_| |_|_|_| |_|\__,_|
   __/ |                    
  |___/                     

gnina v1.3.3 master:6fe1ce2   Built Jun 30 2026.
gnina is based on smina and AutoDock Vina.
Please cite appropriately.

Commandline: gnina -r results/DOCKING/7AAA.mol2 -l results/DOCKING/ligands_sdf/ligando_809.sdf -o results/DOCKING/results_mol2/docked_ligando_809.mol2 --center_x 8.59 --center_y 39.35 --center_z 9.53 --size_x 22 --size_y 16 --size_z 24 --num_modes 10 --exhaustiveness 8 --seed 1
Using random seed: 1

0%   10   20   30   40   50   60   70   80   90   100%
|----|----|----|----|----|----|----|----|----|----|
***************************************************

mode |  affinity  |  intramol  |    CNN     |   CNN
     | (kcal/mol) | (kcal/mol) | pose score | affinity
-----+------------+------------+------------+----------
    1       -7.71        0.30       0.3949      5.022
    2       -7.70       -0.57       0.3242      5.498
    3       -7.42       -0.15       0.2450      4.817
    4       -7.53       -0.51       0.2329      4.872
    5       -6.77        0.30       0.2180      5.207
    6       -8.25       -0.34       0.1464      4.497
    7       -7.50       -0.54       0.1436      4.783
    8       -7.38        0.76       0.1404      4.722
    9       -8.37       -0.31       0.1157      4.624
   10       -6.35       -0.55       0.1062      4.935
