              _             
             (_)            
   __ _ _ __  _ _ __   __ _ 
  / _` | '_ \| | '_ \ / _` |
 | (_| | | | | | | | | (_| |
  \__, |_| |_|_|_| |_|\__,_|
   __/ |                    
  |___/                     

gnina v1.3.3 master:6fe1ce2   Built Jun 30 2026.
gnina is based on smina and AutoDock Vina.
Please cite appropriately.

Commandline: gnina -r results/DOCKING/7AAA.mol2 -l results/DOCKING/ligands_sdf/ligando_753.sdf -o results/DOCKING/results_mol2/docked_ligando_753.mol2 --center_x 8.59 --center_y 39.35 --center_z 9.53 --size_x 22 --size_y 16 --size_z 24 --num_modes 10 --exhaustiveness 8 --seed 1
Using random seed: 1

0%   10   20   30   40   50   60   70   80   90   100%
|----|----|----|----|----|----|----|----|----|----|
***************************************************

mode |  affinity  |  intramol  |    CNN     |   CNN
     | (kcal/mol) | (kcal/mol) | pose score | affinity
-----+------------+------------+------------+----------
    1       -8.63       -0.13       0.5346      5.716
    2       -8.55       -0.07       0.3818      5.272
    3       -8.04        0.15       0.3255      5.258
    4       -8.86        0.13       0.2636      4.161
    5       -7.89        0.28       0.2470      4.846
    6       -8.17       -0.15       0.1908      5.130
    7       -7.83        0.02       0.1891      4.893
    8       -7.20       -0.28       0.1880      5.157
    9       -7.77        0.08       0.1730      4.741
   10       -6.99       -0.07       0.1723      5.051
