              _             
             (_)            
   __ _ _ __  _ _ __   __ _ 
  / _` | '_ \| | '_ \ / _` |
 | (_| | | | | | | | | (_| |
  \__, |_| |_|_|_| |_|\__,_|
   __/ |                    
  |___/                     

gnina v1.3.3 master:6fe1ce2   Built Jun 30 2026.
gnina is based on smina and AutoDock Vina.
Please cite appropriately.

Commandline: gnina -r results/DOCKING/7AAA.mol2 -l results/DOCKING/ligands_sdf/ligando_406.sdf -o results/DOCKING/results_mol2/docked_ligando_406.mol2 --center_x 8.59 --center_y 39.35 --center_z 9.53 --size_x 22 --size_y 16 --size_z 24 --num_modes 10 --exhaustiveness 8 --seed 1
Using random seed: 1

0%   10   20   30   40   50   60   70   80   90   100%
|----|----|----|----|----|----|----|----|----|----|
***************************************************

mode |  affinity  |  intramol  |    CNN     |   CNN
     | (kcal/mol) | (kcal/mol) | pose score | affinity
-----+------------+------------+------------+----------
    1       -8.74        0.52       0.2373      5.320
    2       -9.94       -0.10       0.2140      5.838
    3       -9.64       -0.01       0.1223      5.911
    4       -7.67        0.86       0.1133      5.988
    5       -9.72       -0.06       0.1129      5.411
    6       -7.34       -0.29       0.0977      5.077
    7       -7.09        0.47       0.0912      5.456
    8       -9.28       -0.58       0.0845      5.302
    9       -9.02       -0.48       0.0700      4.980
   10       -7.73        0.12       0.0683      4.880
