              _             
             (_)            
   __ _ _ __  _ _ __   __ _ 
  / _` | '_ \| | '_ \ / _` |
 | (_| | | | | | | | | (_| |
  \__, |_| |_|_|_| |_|\__,_|
   __/ |                    
  |___/                     

gnina v1.3.3 master:6fe1ce2   Built Jun 30 2026.
gnina is based on smina and AutoDock Vina.
Please cite appropriately.

Commandline: gnina -r results/DOCKING/7AAA.mol2 -l results/DOCKING/ligands_sdf/ligando_378.sdf -o results/DOCKING/results_mol2/docked_ligando_378.mol2 --center_x 8.59 --center_y 39.35 --center_z 9.53 --size_x 22 --size_y 16 --size_z 24 --num_modes 10 --exhaustiveness 8 --seed 1
Using random seed: 1

0%   10   20   30   40   50   60   70   80   90   100%
|----|----|----|----|----|----|----|----|----|----|
***************************************************

mode |  affinity  |  intramol  |    CNN     |   CNN
     | (kcal/mol) | (kcal/mol) | pose score | affinity
-----+------------+------------+------------+----------
    1      -10.28       -0.60       0.2512      6.175
    2       -8.74       -0.65       0.2095      6.266
    3       -9.66       -0.19       0.1969      6.089
    4       -9.42       -0.11       0.1767      6.043
    5      -10.04       -0.76       0.1583      5.762
    6       -9.53        0.20       0.1555      5.711
    7       -9.80       -0.25       0.1417      6.037
    8      -10.30       -0.10       0.1337      6.247
    9       -9.89       -0.28       0.1255      5.543
   10       -9.55       -0.46       0.1214      5.948
