              _             
             (_)            
   __ _ _ __  _ _ __   __ _ 
  / _` | '_ \| | '_ \ / _` |
 | (_| | | | | | | | | (_| |
  \__, |_| |_|_|_| |_|\__,_|
   __/ |                    
  |___/                     

gnina v1.3.3 master:6fe1ce2   Built Jun 30 2026.
gnina is based on smina and AutoDock Vina.
Please cite appropriately.

Commandline: gnina -r results/DOCKING/7AAA.mol2 -l results/DOCKING/ligands_sdf/ligando_665.sdf -o results/DOCKING/results_mol2/docked_ligando_665.mol2 --center_x 8.59 --center_y 39.35 --center_z 9.53 --size_x 22 --size_y 16 --size_z 24 --num_modes 10 --exhaustiveness 8 --seed 1
Using random seed: 1

0%   10   20   30   40   50   60   70   80   90   100%
|----|----|----|----|----|----|----|----|----|----|
***************************************************

mode |  affinity  |  intramol  |    CNN     |   CNN
     | (kcal/mol) | (kcal/mol) | pose score | affinity
-----+------------+------------+------------+----------
    1       -7.53       -0.35       0.1384      5.561
    2       -9.52        0.27       0.1350      5.847
    3       -7.77        0.29       0.1138      6.133
    4       -8.73        0.59       0.1118      5.852
    5       -8.65        0.90       0.1071      6.266
    6       -9.34        0.23       0.0850      5.752
    7       -8.55       -0.48       0.0712      5.577
    8       -7.29       -0.73       0.0637      5.266
    9       -7.46       -0.63       0.0608      5.226
   10       -8.53       -0.63       0.0546      5.220
