              _             
             (_)            
   __ _ _ __  _ _ __   __ _ 
  / _` | '_ \| | '_ \ / _` |
 | (_| | | | | | | | | (_| |
  \__, |_| |_|_|_| |_|\__,_|
   __/ |                    
  |___/                     

gnina v1.3.3 master:6fe1ce2   Built Jun 30 2026.
gnina is based on smina and AutoDock Vina.
Please cite appropriately.

Commandline: gnina -r results/DOCKING/7AAA.mol2 -l results/DOCKING/ligands_sdf/ligando_018.sdf -o results/DOCKING/results_mol2/docked_ligando_018.mol2 --center_x 8.59 --center_y 39.35 --center_z 9.53 --size_x 22 --size_y 16 --size_z 24 --num_modes 10 --exhaustiveness 8 --seed 1
Using random seed: 1

0%   10   20   30   40   50   60   70   80   90   100%
|----|----|----|----|----|----|----|----|----|----|
***************************************************

mode |  affinity  |  intramol  |    CNN     |   CNN
     | (kcal/mol) | (kcal/mol) | pose score | affinity
-----+------------+------------+------------+----------
    1      -10.40        1.35       0.5447      6.421
    2       -8.60        2.60       0.1980      5.182
    3      -10.06        0.74       0.1544      5.845
    4       -8.58        3.30       0.1396      5.645
    5       -9.52        0.23       0.1303      5.701
    6       -8.07        0.14       0.1246      5.280
    7       -9.84       -0.11       0.1218      5.722
    8      -10.16        0.68       0.1198      5.035
    9      -10.42        0.63       0.1168      5.131
   10       -8.34        1.19       0.1081      4.512
