              _             
             (_)            
   __ _ _ __  _ _ __   __ _ 
  / _` | '_ \| | '_ \ / _` |
 | (_| | | | | | | | | (_| |
  \__, |_| |_|_|_| |_|\__,_|
   __/ |                    
  |___/                     

gnina v1.3.3 master:6fe1ce2   Built Jun 30 2026.
gnina is based on smina and AutoDock Vina.
Please cite appropriately.

Commandline: gnina -r results/DOCKING/7AAA.mol2 -l results/DOCKING/ligands_sdf/ligando_811.sdf -o results/DOCKING/results_mol2/docked_ligando_811.mol2 --center_x 8.59 --center_y 39.35 --center_z 9.53 --size_x 22 --size_y 16 --size_z 24 --num_modes 10 --exhaustiveness 8 --seed 1
Using random seed: 1

0%   10   20   30   40   50   60   70   80   90   100%
|----|----|----|----|----|----|----|----|----|----|
***************************************************

mode |  affinity  |  intramol  |    CNN     |   CNN
     | (kcal/mol) | (kcal/mol) | pose score | affinity
-----+------------+------------+------------+----------
    1       -7.23        0.35       0.3315      5.324
    2       -7.30        1.02       0.3115      5.539
    3       -7.70       -0.54       0.2663      5.208
    4       -7.95        0.93       0.2174      5.716
    5       -8.52       -0.27       0.1435      4.865
    6       -6.65       -0.63       0.1332      4.801
    7       -8.41       -0.54       0.1131      4.314
    8       -5.93       -0.55       0.1086      4.655
    9       -8.28        0.09       0.1063      5.023
   10       -8.41       -0.11       0.0926      4.786
