              _             
             (_)            
   __ _ _ __  _ _ __   __ _ 
  / _` | '_ \| | '_ \ / _` |
 | (_| | | | | | | | | (_| |
  \__, |_| |_|_|_| |_|\__,_|
   __/ |                    
  |___/                     

gnina v1.3.3 master:6fe1ce2   Built Jun 30 2026.
gnina is based on smina and AutoDock Vina.
Please cite appropriately.

Commandline: gnina -r results/DOCKING/7AAA.mol2 -l results/DOCKING/ligands_sdf/ligando_229.sdf -o results/DOCKING/results_mol2/docked_ligando_229.mol2 --center_x 8.59 --center_y 39.35 --center_z 9.53 --size_x 22 --size_y 16 --size_z 24 --num_modes 10 --exhaustiveness 8 --seed 1
Using random seed: 1

0%   10   20   30   40   50   60   70   80   90   100%
|----|----|----|----|----|----|----|----|----|----|
***************************************************

mode |  affinity  |  intramol  |    CNN     |   CNN
     | (kcal/mol) | (kcal/mol) | pose score | affinity
-----+------------+------------+------------+----------
    1       -9.32       -0.28       0.7563      7.169
    2       -9.85        0.30       0.6732      7.056
    3      -10.41        1.70       0.2824      6.888
    4      -10.06        0.27       0.1906      6.163
    5       -8.64       -0.95       0.1726      6.336
    6       -8.89        0.34       0.1258      5.775
    7       -9.08        0.50       0.1194      6.277
    8       -9.97        0.51       0.1167      5.849
    9       -9.72        0.51       0.1152      6.439
   10      -10.50       -0.46       0.1146      5.737
