              _             
             (_)            
   __ _ _ __  _ _ __   __ _ 
  / _` | '_ \| | '_ \ / _` |
 | (_| | | | | | | | | (_| |
  \__, |_| |_|_|_| |_|\__,_|
   __/ |                    
  |___/                     

gnina v1.3.3 master:6fe1ce2   Built Jun 30 2026.
gnina is based on smina and AutoDock Vina.
Please cite appropriately.

Commandline: gnina -r results/DOCKING/7AAA.mol2 -l results/DOCKING/ligands_sdf/ligando_786.sdf -o results/DOCKING/results_mol2/docked_ligando_786.mol2 --center_x 8.59 --center_y 39.35 --center_z 9.53 --size_x 22 --size_y 16 --size_z 24 --num_modes 10 --exhaustiveness 8 --seed 1
Using random seed: 1

0%   10   20   30   40   50   60   70   80   90   100%
|----|----|----|----|----|----|----|----|----|----|
***************************************************

mode |  affinity  |  intramol  |    CNN     |   CNN
     | (kcal/mol) | (kcal/mol) | pose score | affinity
-----+------------+------------+------------+----------
    1       -8.92        0.80       0.2872      5.454
    2       -8.34        0.01       0.1333      5.564
    3       -8.40       -0.59       0.1214      5.169
    4       -8.33        2.08       0.0999      5.036
    5       -8.48        0.55       0.0710      4.568
    6       -8.61        0.66       0.0699      5.182
    7       -7.50       -1.02       0.0676      4.753
    8       -7.75       -0.46       0.0669      4.782
    9       -7.92        0.73       0.0596      4.610
   10       -7.51       -0.47       0.0591      4.715
