              _             
             (_)            
   __ _ _ __  _ _ __   __ _ 
  / _` | '_ \| | '_ \ / _` |
 | (_| | | | | | | | | (_| |
  \__, |_| |_|_|_| |_|\__,_|
   __/ |                    
  |___/                     

gnina v1.3.3 master:6fe1ce2   Built Jun 30 2026.
gnina is based on smina and AutoDock Vina.
Please cite appropriately.

Commandline: gnina -r results/DOCKING/7AAA.mol2 -l results/DOCKING/ligands_sdf/ligando_672.sdf -o results/DOCKING/results_mol2/docked_ligando_672.mol2 --center_x 8.59 --center_y 39.35 --center_z 9.53 --size_x 22 --size_y 16 --size_z 24 --num_modes 10 --exhaustiveness 8 --seed 1
Using random seed: 1

0%   10   20   30   40   50   60   70   80   90   100%
|----|----|----|----|----|----|----|----|----|----|
***************************************************

mode |  affinity  |  intramol  |    CNN     |   CNN
     | (kcal/mol) | (kcal/mol) | pose score | affinity
-----+------------+------------+------------+----------
    1       -8.86        0.18       0.1379      6.062
    2       -9.03        1.09       0.0922      5.575
    3       -9.04        0.35       0.0572      5.685
    4      -10.25        1.72       0.0492      5.209
    5       -9.10        0.85       0.0483      5.602
    6       -8.48        2.22       0.0401      5.497
    7       -9.28        0.85       0.0381      4.839
    8       -8.08       -0.34       0.0369      5.598
    9       -8.70        0.73       0.0353      5.597
   10       -8.67        0.64       0.0347      5.922
