              _             
             (_)            
   __ _ _ __  _ _ __   __ _ 
  / _` | '_ \| | '_ \ / _` |
 | (_| | | | | | | | | (_| |
  \__, |_| |_|_|_| |_|\__,_|
   __/ |                    
  |___/                     

gnina v1.3.3 master:6fe1ce2   Built Jun 30 2026.
gnina is based on smina and AutoDock Vina.
Please cite appropriately.

Commandline: gnina -r results/DOCKING/7AAA.mol2 -l results/DOCKING/ligands_sdf/ligando_177.sdf -o results/DOCKING/results_mol2/docked_ligando_177.mol2 --center_x 8.59 --center_y 39.35 --center_z 9.53 --size_x 22 --size_y 16 --size_z 24 --num_modes 10 --exhaustiveness 8 --seed 1
Using random seed: 1

0%   10   20   30   40   50   60   70   80   90   100%
|----|----|----|----|----|----|----|----|----|----|
***************************************************

mode |  affinity  |  intramol  |    CNN     |   CNN
     | (kcal/mol) | (kcal/mol) | pose score | affinity
-----+------------+------------+------------+----------
    1       -8.89        0.25       0.5826      6.471
    2       -8.88       -0.18       0.5471      6.219
    3       -9.20       -0.19       0.4664      6.119
    4       -9.13       -0.68       0.3826      6.248
    5       -8.96        0.60       0.2719      6.005
    6       -8.69        0.73       0.1933      6.140
    7       -8.58       -0.42       0.1309      5.958
    8       -8.20        0.95       0.1309      5.952
    9       -9.59       -0.04       0.1218      6.003
   10       -9.09        1.06       0.1026      5.369
