              _             
             (_)            
   __ _ _ __  _ _ __   __ _ 
  / _` | '_ \| | '_ \ / _` |
 | (_| | | | | | | | | (_| |
  \__, |_| |_|_|_| |_|\__,_|
   __/ |                    
  |___/                     

gnina v1.3.3 master:6fe1ce2   Built Jun 30 2026.
gnina is based on smina and AutoDock Vina.
Please cite appropriately.

Commandline: gnina -r results/DOCKING/7AAA.mol2 -l results/DOCKING/ligands_sdf/ligando_187.sdf -o results/DOCKING/results_mol2/docked_ligando_187.mol2 --center_x 8.59 --center_y 39.35 --center_z 9.53 --size_x 22 --size_y 16 --size_z 24 --num_modes 10 --exhaustiveness 8 --seed 1
Using random seed: 1

0%   10   20   30   40   50   60   70   80   90   100%
|----|----|----|----|----|----|----|----|----|----|
***************************************************
MolPort-047-071-871 PubChem-132766136 | pose 0 | ligand outside box
MolPort-047-071-871 PubChem-132766136 | pose 0 | ligand outside box
MolPort-047-071-871 PubChem-132766136 | pose 0 | ligand outside box
MolPort-047-071-871 PubChem-132766136 | pose 0 | ligand outside box
MolPort-047-071-871 PubChem-132766136 | pose 0 | ligand outside box
MolPort-047-071-871 PubChem-132766136 | pose 0 | initial pose not within box

mode |  affinity  |  intramol  |    CNN     |   CNN
     | (kcal/mol) | (kcal/mol) | pose score | affinity
-----+------------+------------+------------+----------
    1       -9.42       -0.65       0.5445      7.530
    2      -10.00       -0.53       0.1606      6.371
    3       -9.25       -0.60       0.1512      5.765
    4       -9.95       -0.52       0.1187      6.443
    5      -11.21       -0.39       0.0869      6.262
    6       -7.66       -0.54       0.0856      6.488
    7      -10.53       -0.40       0.0635      5.905
    8       -7.59       -0.62       0.0588      6.553
    9      -11.16        0.03       0.0575      5.686
   10       -8.04        0.05       0.0551      5.590
