              _             
             (_)            
   __ _ _ __  _ _ __   __ _ 
  / _` | '_ \| | '_ \ / _` |
 | (_| | | | | | | | | (_| |
  \__, |_| |_|_|_| |_|\__,_|
   __/ |                    
  |___/                     

gnina v1.3.3 master:6fe1ce2   Built Jun 30 2026.
gnina is based on smina and AutoDock Vina.
Please cite appropriately.

Commandline: gnina -r results/DOCKING/7AAA.mol2 -l results/DOCKING/ligands_sdf/ligando_612.sdf -o results/DOCKING/results_mol2/docked_ligando_612.mol2 --center_x 8.59 --center_y 39.35 --center_z 9.53 --size_x 22 --size_y 16 --size_z 24 --num_modes 10 --exhaustiveness 8 --seed 1
Using random seed: 1

0%   10   20   30   40   50   60   70   80   90   100%
|----|----|----|----|----|----|----|----|----|----|
***************************************************
MolPort-010-852-387 ChemDiv-G952-3417 MCULE-2399946296 PubChem-53095823 ZINC000064980503 | pose 0 | initial pose not within box

mode |  affinity  |  intramol  |    CNN     |   CNN
     | (kcal/mol) | (kcal/mol) | pose score | affinity
-----+------------+------------+------------+----------
    1      -10.57        1.31       0.4933      6.729
    2      -11.27        0.14       0.3991      6.505
    3      -10.30       -0.37       0.2518      6.072
    4       -9.03       -0.48       0.1299      6.084
    5       -9.79        0.00       0.1157      6.040
    6       -9.83       -0.48       0.0696      5.994
    7      -10.95        0.05       0.0558      4.931
    8      -10.36        0.50       0.0541      5.662
    9      -10.96        0.02       0.0505      5.223
   10       -9.58       -0.14       0.0490      5.347
