              _             
             (_)            
   __ _ _ __  _ _ __   __ _ 
  / _` | '_ \| | '_ \ / _` |
 | (_| | | | | | | | | (_| |
  \__, |_| |_|_|_| |_|\__,_|
   __/ |                    
  |___/                     

gnina v1.3.3 master:6fe1ce2   Built Jun 30 2026.
gnina is based on smina and AutoDock Vina.
Please cite appropriately.

Commandline: gnina -r results/DOCKING/7AAA.mol2 -l results/DOCKING/ligands_sdf/ligando_577.sdf -o results/DOCKING/results_mol2/docked_ligando_577.mol2 --center_x 8.59 --center_y 39.35 --center_z 9.53 --size_x 22 --size_y 16 --size_z 24 --num_modes 10 --exhaustiveness 8 --seed 1
Using random seed: 1

0%   10   20   30   40   50   60   70   80   90   100%
|----|----|----|----|----|----|----|----|----|----|
***************************************************

mode |  affinity  |  intramol  |    CNN     |   CNN
     | (kcal/mol) | (kcal/mol) | pose score | affinity
-----+------------+------------+------------+----------
    1       -3.98       -0.57       0.4712      5.318
    2        1.23        0.73       0.3902      5.339
    3        1.68        1.01       0.3327      4.627
    4       -6.52        1.04       0.3110      5.813
    5       -3.85        0.34       0.2132      5.091
    6       -9.68       -0.93       0.1673      5.873
    7       -4.16       -0.19       0.1653      5.695
    8       -9.04        0.94       0.1638      5.495
    9       -8.67        0.07       0.1274      5.304
   10       -8.79       -0.60       0.1025      4.771
