              _             
             (_)            
   __ _ _ __  _ _ __   __ _ 
  / _` | '_ \| | '_ \ / _` |
 | (_| | | | | | | | | (_| |
  \__, |_| |_|_|_| |_|\__,_|
   __/ |                    
  |___/                     

gnina v1.3.3 master:6fe1ce2   Built Jun 30 2026.
gnina is based on smina and AutoDock Vina.
Please cite appropriately.

Commandline: gnina -r results/DOCKING/7AAA.mol2 -l results/DOCKING/ligands_sdf/ligando_849.sdf -o results/DOCKING/results_mol2/docked_ligando_849.mol2 --center_x 8.59 --center_y 39.35 --center_z 9.53 --size_x 22 --size_y 16 --size_z 24 --num_modes 10 --exhaustiveness 8 --seed 1
Using random seed: 1

0%   10   20   30   40   50   60   70   80   90   100%
|----|----|----|----|----|----|----|----|----|----|
***************************************************

mode |  affinity  |  intramol  |    CNN     |   CNN
     | (kcal/mol) | (kcal/mol) | pose score | affinity
-----+------------+------------+------------+----------
    1       -8.08        0.53       0.5955      6.217
    2       -8.51       -0.16       0.5938      6.288
    3       -7.99       -0.08       0.5184      6.071
    4       -7.39        0.94       0.5150      5.444
    5       -7.36        0.51       0.3516      6.204
    6       -8.09        0.06       0.3144      5.752
    7       -7.01        0.37       0.2673      5.617
    8       -8.70       -0.14       0.2051      5.248
    9       -8.61       -0.45       0.1856      4.827
   10       -7.66        0.30       0.1774      5.719
