              _             
             (_)            
   __ _ _ __  _ _ __   __ _ 
  / _` | '_ \| | '_ \ / _` |
 | (_| | | | | | | | | (_| |
  \__, |_| |_|_|_| |_|\__,_|
   __/ |                    
  |___/                     

gnina v1.3.3 master:6fe1ce2   Built Jun 30 2026.
gnina is based on smina and AutoDock Vina.
Please cite appropriately.

Commandline: gnina -r results/DOCKING/7AAA.mol2 -l results/DOCKING/ligands_sdf/ligando_347.sdf -o results/DOCKING/results_mol2/docked_ligando_347.mol2 --center_x 8.59 --center_y 39.35 --center_z 9.53 --size_x 22 --size_y 16 --size_z 24 --num_modes 10 --exhaustiveness 8 --seed 1
Using random seed: 1

0%   10   20   30   40   50   60   70   80   90   100%
|----|----|----|----|----|----|----|----|----|----|
***************************************************
Molport-047-073-947 MCULE-8851065548 PubChem-132767947 | pose 0 | initial pose not within box

mode |  affinity  |  intramol  |    CNN     |   CNN
     | (kcal/mol) | (kcal/mol) | pose score | affinity
-----+------------+------------+------------+----------
    1       -9.71       -0.71       0.3866      7.255
    2      -11.39       -0.72       0.1260      6.785
    3      -11.50       -0.13       0.0912      6.480
    4       -8.19       -0.37       0.0680      5.624
    5       -8.75       -0.96       0.0580      5.112
    6       -9.37        0.05       0.0539      6.123
    7      -11.67       -0.64       0.0509      4.951
    8       -8.73       -0.56       0.0488      5.429
    9       -9.24       -0.00       0.0425      5.872
   10       -8.13        0.13       0.0390      5.700
