              _             
             (_)            
   __ _ _ __  _ _ __   __ _ 
  / _` | '_ \| | '_ \ / _` |
 | (_| | | | | | | | | (_| |
  \__, |_| |_|_|_| |_|\__,_|
   __/ |                    
  |___/                     

gnina v1.3.3 master:6fe1ce2   Built Jun 30 2026.
gnina is based on smina and AutoDock Vina.
Please cite appropriately.

Commandline: gnina -r results/DOCKING/7AAA.mol2 -l results/DOCKING/ligands_sdf/ligando_386.sdf -o results/DOCKING/results_mol2/docked_ligando_386.mol2 --center_x 8.59 --center_y 39.35 --center_z 9.53 --size_x 22 --size_y 16 --size_z 24 --num_modes 10 --exhaustiveness 8 --seed 1
Using random seed: 1

0%   10   20   30   40   50   60   70   80   90   100%
|----|----|----|----|----|----|----|----|----|----|
***************************************************
MolPort-020-292-491 MCULE-8266593195 PubChem-110264959 | pose 0 | ligand outside box
MolPort-020-292-491 MCULE-8266593195 PubChem-110264959 | pose 0 | ligand outside box
MolPort-020-292-491 MCULE-8266593195 PubChem-110264959 | pose 0 | ligand outside box
MolPort-020-292-491 MCULE-8266593195 PubChem-110264959 | pose 0 | ligand outside box
MolPort-020-292-491 MCULE-8266593195 PubChem-110264959 | pose 0 | ligand outside box
MolPort-020-292-491 MCULE-8266593195 PubChem-110264959 | pose 0 | initial pose not within box

mode |  affinity  |  intramol  |    CNN     |   CNN
     | (kcal/mol) | (kcal/mol) | pose score | affinity
-----+------------+------------+------------+----------
    1       -9.33       -0.66       0.3893      7.151
    2      -10.43       -0.94       0.2796      6.959
    3       -9.27        0.12       0.1585      6.395
    4      -10.13       -0.91       0.1526      6.191
    5      -10.19       -1.07       0.1455      6.083
    6      -10.29       -0.91       0.1064      5.908
    7       -9.87       -0.97       0.1027      6.429
    8       -9.90       -1.25       0.0977      6.162
    9      -10.40        0.27       0.0907      5.795
   10       -9.38       -1.07       0.0683      5.708
