              _             
             (_)            
   __ _ _ __  _ _ __   __ _ 
  / _` | '_ \| | '_ \ / _` |
 | (_| | | | | | | | | (_| |
  \__, |_| |_|_|_| |_|\__,_|
   __/ |                    
  |___/                     

gnina v1.3.3 master:6fe1ce2   Built Jun 30 2026.
gnina is based on smina and AutoDock Vina.
Please cite appropriately.

Commandline: gnina -r results/DOCKING/7AAA.mol2 -l results/DOCKING/ligands_sdf/ligando_055.sdf -o results/DOCKING/results_mol2/docked_ligando_055.mol2 --center_x 8.59 --center_y 39.35 --center_z 9.53 --size_x 22 --size_y 16 --size_z 24 --num_modes 10 --exhaustiveness 8 --seed 1
Using random seed: 1

0%   10   20   30   40   50   60   70   80   90   100%
|----|----|----|----|----|----|----|----|----|----|
***************************************************

mode |  affinity  |  intramol  |    CNN     |   CNN
     | (kcal/mol) | (kcal/mol) | pose score | affinity
-----+------------+------------+------------+----------
    1       -9.32       -0.32       0.3644      6.090
    2       -8.44        0.11       0.3386      5.942
    3       -9.53       -0.35       0.2511      5.953
    4       -8.99       -0.53       0.2155      5.505
    5       -9.39        0.08       0.1938      5.600
    6       -9.08       -0.27       0.1541      5.871
    7       -9.37       -0.27       0.1482      6.213
    8       -8.74       -0.59       0.1396      5.271
    9       -9.37       -0.39       0.1311      5.560
   10       -8.86        0.19       0.1295      5.753
