              _             
             (_)            
   __ _ _ __  _ _ __   __ _ 
  / _` | '_ \| | '_ \ / _` |
 | (_| | | | | | | | | (_| |
  \__, |_| |_|_|_| |_|\__,_|
   __/ |                    
  |___/                     

gnina v1.3.3 master:6fe1ce2   Built Jun 30 2026.
gnina is based on smina and AutoDock Vina.
Please cite appropriately.

Commandline: gnina -r results/DOCKING/7AAA.mol2 -l results/DOCKING/ligands_sdf/ligando_789.sdf -o results/DOCKING/results_mol2/docked_ligando_789.mol2 --center_x 8.59 --center_y 39.35 --center_z 9.53 --size_x 22 --size_y 16 --size_z 24 --num_modes 10 --exhaustiveness 8 --seed 1
Using random seed: 1

0%   10   20   30   40   50   60   70   80   90   100%
|----|----|----|----|----|----|----|----|----|----|
***************************************************
MolPort-035-873-043 CSSS00160825063 MCULE-7681890348 PubChem-100020889 ZINC000218602886 | pose 0 | initial pose not within box
MolPort-035-873-043 CSSS00160825063 MCULE-7681890348 PubChem-100020889 ZINC000218602886 | pose 0 | ligand outside box

mode |  affinity  |  intramol  |    CNN     |   CNN
     | (kcal/mol) | (kcal/mol) | pose score | affinity
-----+------------+------------+------------+----------
    1       -9.61       -0.80       0.4872      6.906
    2      -10.13        0.50       0.4533      6.640
    3      -10.14        0.87       0.1699      5.030
    4       -8.65       -0.82       0.1614      6.523
    5       -7.76        0.25       0.1571      5.628
    6       -9.01       -1.06       0.1550      6.540
    7       -8.37        0.15       0.1255      5.957
    8       -9.74        0.79       0.1084      4.497
    9       -9.27       -0.49       0.1012      6.027
   10       -9.46       -1.11       0.0905      5.091
