              _             
             (_)            
   __ _ _ __  _ _ __   __ _ 
  / _` | '_ \| | '_ \ / _` |
 | (_| | | | | | | | | (_| |
  \__, |_| |_|_|_| |_|\__,_|
   __/ |                    
  |___/                     

gnina v1.3.3 master:6fe1ce2   Built Jun 30 2026.
gnina is based on smina and AutoDock Vina.
Please cite appropriately.

Commandline: gnina -r results/DOCKING/7AAA.mol2 -l results/DOCKING/ligands_sdf/ligando_110.sdf -o results/DOCKING/results_mol2/docked_ligando_110.mol2 --center_x 8.59 --center_y 39.35 --center_z 9.53 --size_x 22 --size_y 16 --size_z 24 --num_modes 10 --exhaustiveness 8 --seed 1
Using random seed: 1

0%   10   20   30   40   50   60   70   80   90   100%
|----|----|----|----|----|----|----|----|----|----|
***************************************************
MolPort-001-980-337 871460 MCULE-2877066735 PubChem-1131055 ZINC000000871460 | pose 0 | initial pose not within box

mode |  affinity  |  intramol  |    CNN     |   CNN
     | (kcal/mol) | (kcal/mol) | pose score | affinity
-----+------------+------------+------------+----------
    1       -8.10        0.60       0.5243      6.502
    2       -8.08        0.65       0.4878      6.646
    3       -9.61        0.66       0.2726      6.179
    4       -9.21        1.12       0.2501      6.120
    5       -8.36       -0.54       0.1645      5.065
    6       -9.31       -0.81       0.1630      5.877
    7       -8.62        1.11       0.1339      5.782
    8       -8.08       -0.21       0.1281      5.949
    9       -9.21       -0.38       0.1196      5.251
   10       -8.91       -0.50       0.1168      5.182
