              _             
             (_)            
   __ _ _ __  _ _ __   __ _ 
  / _` | '_ \| | '_ \ / _` |
 | (_| | | | | | | | | (_| |
  \__, |_| |_|_|_| |_|\__,_|
   __/ |                    
  |___/                     

gnina v1.3.3 master:6fe1ce2   Built Jun 30 2026.
gnina is based on smina and AutoDock Vina.
Please cite appropriately.

Commandline: gnina -r results/DOCKING/7AAA.mol2 -l results/DOCKING/ligands_sdf/ligando_119.sdf -o results/DOCKING/results_mol2/docked_ligando_119.mol2 --center_x 8.59 --center_y 39.35 --center_z 9.53 --size_x 22 --size_y 16 --size_z 24 --num_modes 10 --exhaustiveness 8 --seed 1
Using random seed: 1

0%   10   20   30   40   50   60   70   80   90   100%
|----|----|----|----|----|----|----|----|----|----|
***************************************************

mode |  affinity  |  intramol  |    CNN     |   CNN
     | (kcal/mol) | (kcal/mol) | pose score | affinity
-----+------------+------------+------------+----------
    1       -8.89       -0.36       0.1783      6.374
    2       -9.76       -0.02       0.1759      6.668
    3       -9.48        1.02       0.1637      6.003
    4       -9.88       -0.17       0.1581      5.970
    5       -9.05        0.08       0.1549      5.716
    6       -9.88       -0.11       0.1548      5.972
    7       -9.38        0.18       0.1318      5.906
    8       -9.54        0.32       0.1290      6.003
    9       -9.41        2.42       0.1173      5.808
   10       -9.26        1.22       0.0781      5.533
