              _             
             (_)            
   __ _ _ __  _ _ __   __ _ 
  / _` | '_ \| | '_ \ / _` |
 | (_| | | | | | | | | (_| |
  \__, |_| |_|_|_| |_|\__,_|
   __/ |                    
  |___/                     

gnina v1.3.3 master:6fe1ce2   Built Jun 30 2026.
gnina is based on smina and AutoDock Vina.
Please cite appropriately.

Commandline: gnina -r results/DOCKING/7AAA.mol2 -l results/DOCKING/ligands_sdf/ligando_839.sdf -o results/DOCKING/results_mol2/docked_ligando_839.mol2 --center_x 8.59 --center_y 39.35 --center_z 9.53 --size_x 22 --size_y 16 --size_z 24 --num_modes 10 --exhaustiveness 8 --seed 1
Using random seed: 1

0%   10   20   30   40   50   60   70   80   90   100%
|----|----|----|----|----|----|----|----|----|----|
***************************************************

mode |  affinity  |  intramol  |    CNN     |   CNN
     | (kcal/mol) | (kcal/mol) | pose score | affinity
-----+------------+------------+------------+----------
    1       -7.09       -0.35       0.5930      4.536
    2       -7.41       -0.37       0.5017      5.525
    3       -7.45       -0.11       0.2373      4.470
    4       -7.26       -0.40       0.1422      4.217
    5       -8.51       -0.40       0.1402      4.825
    6       -7.07       -0.45       0.1271      4.291
    7       -7.82       -0.18       0.1211      4.889
    8       -6.88       -0.32       0.1165      4.486
    9       -8.01        0.04       0.0965      4.394
   10       -7.17       -0.40       0.0861      4.093
