              _             
             (_)            
   __ _ _ __  _ _ __   __ _ 
  / _` | '_ \| | '_ \ / _` |
 | (_| | | | | | | | | (_| |
  \__, |_| |_|_|_| |_|\__,_|
   __/ |                    
  |___/                     

gnina v1.3.3 master:6fe1ce2   Built Jun 30 2026.
gnina is based on smina and AutoDock Vina.
Please cite appropriately.

Commandline: gnina -r results/DOCKING/7AAA.mol2 -l results/DOCKING/ligands_sdf/ligando_600.sdf -o results/DOCKING/results_mol2/docked_ligando_600.mol2 --center_x 8.59 --center_y 39.35 --center_z 9.53 --size_x 22 --size_y 16 --size_z 24 --num_modes 10 --exhaustiveness 8 --seed 1
Using random seed: 1

0%   10   20   30   40   50   60   70   80   90   100%
|----|----|----|----|----|----|----|----|----|----|
***************************************************

mode |  affinity  |  intramol  |    CNN     |   CNN
     | (kcal/mol) | (kcal/mol) | pose score | affinity
-----+------------+------------+------------+----------
    1       -8.63        2.08       0.2861      6.185
    2       -5.73        0.52       0.1207      5.856
    3       -7.21        1.04       0.1197      5.958
    4       -8.79        0.14       0.1187      5.953
    5       -6.83        2.96       0.0825      5.820
    6       -9.16        1.81       0.0682      5.826
    7       -9.67        1.70       0.0680      6.065
    8       -4.13        0.55       0.0490      5.168
    9      -11.27        0.47       0.0479      5.864
   10      -11.30        0.46       0.0474      5.851
