              _             
             (_)            
   __ _ _ __  _ _ __   __ _ 
  / _` | '_ \| | '_ \ / _` |
 | (_| | | | | | | | | (_| |
  \__, |_| |_|_|_| |_|\__,_|
   __/ |                    
  |___/                     

gnina v1.3.3 master:6fe1ce2   Built Jun 30 2026.
gnina is based on smina and AutoDock Vina.
Please cite appropriately.

Commandline: gnina -r results/DOCKING/7AAA.mol2 -l results/DOCKING/ligands_sdf/ligando_662.sdf -o results/DOCKING/results_mol2/docked_ligando_662.mol2 --center_x 8.59 --center_y 39.35 --center_z 9.53 --size_x 22 --size_y 16 --size_z 24 --num_modes 10 --exhaustiveness 8 --seed 1
Using random seed: 1

0%   10   20   30   40   50   60   70   80   90   100%
|----|----|----|----|----|----|----|----|----|----|
***************************************************
MolPort-001-943-897 2304980 CSSS00161035153 ChemDiv-8010-2152 MCULE-5016758089 PubChem-1923393 ZINC000002304980 ZINC02304980 | pose 0 | ligand outside box
MolPort-001-943-897 2304980 CSSS00161035153 ChemDiv-8010-2152 MCULE-5016758089 PubChem-1923393 ZINC000002304980 ZINC02304980 | pose 0 | ligand outside box
MolPort-001-943-897 2304980 CSSS00161035153 ChemDiv-8010-2152 MCULE-5016758089 PubChem-1923393 ZINC000002304980 ZINC02304980 | pose 0 | ligand outside box

mode |  affinity  |  intramol  |    CNN     |   CNN
     | (kcal/mol) | (kcal/mol) | pose score | affinity
-----+------------+------------+------------+----------
    1        1.04       -0.42       0.5038      4.492
    2       -1.36       -0.25       0.3281      4.755
    3       -7.88        0.25       0.1649      5.336
    4       -2.04       -0.08       0.1396      4.079
    5       -6.95       -0.24       0.1340      5.083
    6       -7.51       -0.33       0.1340      5.107
    7       -2.98        1.69       0.1330      4.690
    8       -8.07       -0.31       0.1290      5.207
    9       -8.38       -0.19       0.1269      5.035
   10       -7.75       -0.44       0.0994      5.156
