              _             
             (_)            
   __ _ _ __  _ _ __   __ _ 
  / _` | '_ \| | '_ \ / _` |
 | (_| | | | | | | | | (_| |
  \__, |_| |_|_|_| |_|\__,_|
   __/ |                    
  |___/                     

gnina v1.3.3 master:6fe1ce2   Built Jun 30 2026.
gnina is based on smina and AutoDock Vina.
Please cite appropriately.

Commandline: gnina -r results/DOCKING/7AAA.mol2 -l results/DOCKING/ligands_sdf/ligando_127.sdf -o results/DOCKING/results_mol2/docked_ligando_127.mol2 --center_x 8.59 --center_y 39.35 --center_z 9.53 --size_x 22 --size_y 16 --size_z 24 --num_modes 10 --exhaustiveness 8 --seed 1
Using random seed: 1

0%   10   20   30   40   50   60   70   80   90   100%
|----|----|----|----|----|----|----|----|----|----|
***************************************************
MolPort-006-579-716 ChemDiv-V002-8400 MCULE-7113003043 PubChem-46040680 ZINC000037544389 ZINC37544389 | pose 0 | ligand outside box

mode |  affinity  |  intramol  |    CNN     |   CNN
     | (kcal/mol) | (kcal/mol) | pose score | affinity
-----+------------+------------+------------+----------
    1      -11.18        0.20       0.5284      6.777
    2      -10.37        0.56       0.4280      6.717
    3      -10.48       -0.22       0.2879      6.160
    4       -9.03       -0.35       0.1832      5.898
    5       -9.17       -0.25       0.1189      5.351
    6      -10.49       -0.24       0.1123      5.699
    7       -9.83        0.36       0.1038      5.773
    8       -9.91        0.89       0.1025      5.589
    9      -10.00       -0.01       0.0838      4.625
   10      -10.04        0.17       0.0701      5.750
