              _             
             (_)            
   __ _ _ __  _ _ __   __ _ 
  / _` | '_ \| | '_ \ / _` |
 | (_| | | | | | | | | (_| |
  \__, |_| |_|_|_| |_|\__,_|
   __/ |                    
  |___/                     

gnina v1.3.3 master:6fe1ce2   Built Jun 30 2026.
gnina is based on smina and AutoDock Vina.
Please cite appropriately.

Commandline: gnina -r results/DOCKING/7AAA.mol2 -l results/DOCKING/ligands_sdf/ligando_717.sdf -o results/DOCKING/results_mol2/docked_ligando_717.mol2 --center_x 8.59 --center_y 39.35 --center_z 9.53 --size_x 22 --size_y 16 --size_z 24 --num_modes 10 --exhaustiveness 8 --seed 1
Using random seed: 1

0%   10   20   30   40   50   60   70   80   90   100%
|----|----|----|----|----|----|----|----|----|----|
***************************************************
Molport-046-988-330 MCULE-4942212263 PubChem-110130929 | pose 0 | ligand outside box

mode |  affinity  |  intramol  |    CNN     |   CNN
     | (kcal/mol) | (kcal/mol) | pose score | affinity
-----+------------+------------+------------+----------
    1       -7.05        0.64       0.1051      5.140
    2       -9.05        0.35       0.0929      5.204
    3       -8.13        0.05       0.0916      5.009
    4       -7.45        0.64       0.0850      4.950
    5       -7.72        0.39       0.0784      4.947
    6       -6.89        0.06       0.0693      5.495
    7       -4.41        0.19       0.0686      5.467
    8       -5.75       -0.50       0.0646      5.015
    9       -7.39       -0.35       0.0627      4.756
   10       -7.93       -0.09       0.0624      4.920
