              _             
             (_)            
   __ _ _ __  _ _ __   __ _ 
  / _` | '_ \| | '_ \ / _` |
 | (_| | | | | | | | | (_| |
  \__, |_| |_|_|_| |_|\__,_|
   __/ |                    
  |___/                     

gnina v1.3.3 master:6fe1ce2   Built Jun 30 2026.
gnina is based on smina and AutoDock Vina.
Please cite appropriately.

Commandline: gnina -r results/DOCKING/7AAA.mol2 -l results/DOCKING/ligands_sdf/ligando_618.sdf -o results/DOCKING/results_mol2/docked_ligando_618.mol2 --center_x 8.59 --center_y 39.35 --center_z 9.53 --size_x 22 --size_y 16 --size_z 24 --num_modes 10 --exhaustiveness 8 --seed 1
Using random seed: 1

0%   10   20   30   40   50   60   70   80   90   100%
|----|----|----|----|----|----|----|----|----|----|
***************************************************

mode |  affinity  |  intramol  |    CNN     |   CNN
     | (kcal/mol) | (kcal/mol) | pose score | affinity
-----+------------+------------+------------+----------
    1       -8.81       -0.17       0.2478      5.799
    2       -9.09       -0.31       0.2103      5.892
    3       -7.99        0.12       0.1459      5.805
    4       -7.73        0.10       0.1248      5.457
    5       -9.51       -0.37       0.1193      5.120
    6       -9.52       -0.04       0.0970      4.962
    7       -9.45        0.05       0.0868      5.448
    8      -10.31       -0.18       0.0836      5.597
    9      -10.29       -0.17       0.0820      5.220
   10       -8.60       -0.57       0.0761      4.683
