              _             
             (_)            
   __ _ _ __  _ _ __   __ _ 
  / _` | '_ \| | '_ \ / _` |
 | (_| | | | | | | | | (_| |
  \__, |_| |_|_|_| |_|\__,_|
   __/ |                    
  |___/                     

gnina v1.3.3 master:6fe1ce2   Built Jun 30 2026.
gnina is based on smina and AutoDock Vina.
Please cite appropriately.

Commandline: gnina -r results/DOCKING/7AAA.mol2 -l results/DOCKING/ligands_sdf/ligando_196.sdf -o results/DOCKING/results_mol2/docked_ligando_196.mol2 --center_x 8.59 --center_y 39.35 --center_z 9.53 --size_x 22 --size_y 16 --size_z 24 --num_modes 10 --exhaustiveness 8 --seed 1
Using random seed: 1

0%   10   20   30   40   50   60   70   80   90   100%
|----|----|----|----|----|----|----|----|----|----|
***************************************************

mode |  affinity  |  intramol  |    CNN     |   CNN
     | (kcal/mol) | (kcal/mol) | pose score | affinity
-----+------------+------------+------------+----------
    1       -9.95        0.11       0.5781      6.715
    2      -10.07       -0.07       0.5374      6.680
    3       -7.37       -0.75       0.3201      6.018
    4       -9.09        0.80       0.1578      6.497
    5       -8.01       -0.57       0.0897      4.708
    6       -8.57        0.92       0.0839      5.363
    7       -8.89       -0.08       0.0645      5.497
    8       -8.44        0.14       0.0525      5.276
    9       -8.68        0.80       0.0492      4.795
   10       -7.68       -0.30       0.0484      5.582
