              _             
             (_)            
   __ _ _ __  _ _ __   __ _ 
  / _` | '_ \| | '_ \ / _` |
 | (_| | | | | | | | | (_| |
  \__, |_| |_|_|_| |_|\__,_|
   __/ |                    
  |___/                     

gnina v1.3.3 master:6fe1ce2   Built Jun 30 2026.
gnina is based on smina and AutoDock Vina.
Please cite appropriately.

Commandline: gnina -r results/DOCKING/7AAA.mol2 -l results/DOCKING/ligands_sdf/ligando_280.sdf -o results/DOCKING/results_mol2/docked_ligando_280.mol2 --center_x 8.59 --center_y 39.35 --center_z 9.53 --size_x 22 --size_y 16 --size_z 24 --num_modes 10 --exhaustiveness 8 --seed 1
Using random seed: 1

0%   10   20   30   40   50   60   70   80   90   100%
|----|----|----|----|----|----|----|----|----|----|
***************************************************

mode |  affinity  |  intramol  |    CNN     |   CNN
     | (kcal/mol) | (kcal/mol) | pose score | affinity
-----+------------+------------+------------+----------
    1       -8.39        0.29       0.3721      6.530
    2      -10.52        0.72       0.2960      6.251
    3       -8.21        0.49       0.2633      6.008
    4       -8.30        0.15       0.2584      6.417
    5       -8.93       -0.10       0.2544      6.057
    6      -10.72        0.92       0.2046      5.858
    7      -10.10       -0.23       0.1933      5.170
    8      -10.70       -0.01       0.1667      5.662
    9       -8.17        0.16       0.1584      5.992
   10       -8.36        0.45       0.1349      6.106
