              _             
             (_)            
   __ _ _ __  _ _ __   __ _ 
  / _` | '_ \| | '_ \ / _` |
 | (_| | | | | | | | | (_| |
  \__, |_| |_|_|_| |_|\__,_|
   __/ |                    
  |___/                     

gnina v1.3.3 master:6fe1ce2   Built Jun 30 2026.
gnina is based on smina and AutoDock Vina.
Please cite appropriately.

Commandline: gnina -r results/DOCKING/7AAA.mol2 -l results/DOCKING/ligands_sdf/ligando_048.sdf -o results/DOCKING/results_mol2/docked_ligando_048.mol2 --center_x 8.59 --center_y 39.35 --center_z 9.53 --size_x 22 --size_y 16 --size_z 24 --num_modes 10 --exhaustiveness 8 --seed 1
Using random seed: 1

0%   10   20   30   40   50   60   70   80   90   100%
|----|----|----|----|----|----|----|----|----|----|
***************************************************

mode |  affinity  |  intramol  |    CNN     |   CNN
     | (kcal/mol) | (kcal/mol) | pose score | affinity
-----+------------+------------+------------+----------
    1       -9.85       -0.50       0.5192      6.893
    2      -10.43        0.04       0.4840      6.614
    3      -10.02        0.79       0.4554      6.756
    4       -8.99        0.30       0.4040      6.698
    5      -10.27       -0.02       0.3972      6.608
    6       -9.11        0.63       0.2218      6.536
    7       -9.32       -0.57       0.2214      6.632
    8       -8.76       -0.62       0.1776      6.098
    9      -10.18        0.08       0.1612      5.994
   10       -9.76       -0.37       0.1501      5.983
