              _             
             (_)            
   __ _ _ __  _ _ __   __ _ 
  / _` | '_ \| | '_ \ / _` |
 | (_| | | | | | | | | (_| |
  \__, |_| |_|_|_| |_|\__,_|
   __/ |                    
  |___/                     

gnina v1.3.3 master:6fe1ce2   Built Jun 30 2026.
gnina is based on smina and AutoDock Vina.
Please cite appropriately.

Commandline: gnina -r results/DOCKING/7AAA.mol2 -l results/DOCKING/ligands_sdf/ligando_533.sdf -o results/DOCKING/results_mol2/docked_ligando_533.mol2 --center_x 8.59 --center_y 39.35 --center_z 9.53 --size_x 22 --size_y 16 --size_z 24 --num_modes 10 --exhaustiveness 8 --seed 1
Using random seed: 1

0%   10   20   30   40   50   60   70   80   90   100%
|----|----|----|----|----|----|----|----|----|----|
***************************************************

mode |  affinity  |  intramol  |    CNN     |   CNN
     | (kcal/mol) | (kcal/mol) | pose score | affinity
-----+------------+------------+------------+----------
    1      -10.26       -0.08       0.3733      6.452
    2      -10.97        0.09       0.3037      6.224
    3       -6.01       -0.60       0.1547      5.019
    4       -5.90       -0.03       0.1321      6.305
    5       -7.03       -0.61       0.1071      5.535
    6       -7.81       -0.37       0.1034      5.363
    7       -7.22       -0.56       0.0979      5.339
    8       -8.37       -0.18       0.0841      5.928
    9       -8.39       -0.68       0.0819      5.499
   10       -8.73       -0.06       0.0813      5.649
