              _             
             (_)            
   __ _ _ __  _ _ __   __ _ 
  / _` | '_ \| | '_ \ / _` |
 | (_| | | | | | | | | (_| |
  \__, |_| |_|_|_| |_|\__,_|
   __/ |                    
  |___/                     

gnina v1.3.3 master:6fe1ce2   Built Jun 30 2026.
gnina is based on smina and AutoDock Vina.
Please cite appropriately.

Commandline: gnina -r results/DOCKING/7AAA.mol2 -l results/DOCKING/ligands_sdf/ligando_410.sdf -o results/DOCKING/results_mol2/docked_ligando_410.mol2 --center_x 8.59 --center_y 39.35 --center_z 9.53 --size_x 22 --size_y 16 --size_z 24 --num_modes 10 --exhaustiveness 8 --seed 1
Using random seed: 1

0%   10   20   30   40   50   60   70   80   90   100%
|----|----|----|----|----|----|----|----|----|----|
***************************************************

mode |  affinity  |  intramol  |    CNN     |   CNN
     | (kcal/mol) | (kcal/mol) | pose score | affinity
-----+------------+------------+------------+----------
    1      -11.09       -0.79       0.1717      6.487
    2      -11.25        0.47       0.1041      5.551
    3       -8.21       -0.60       0.0977      6.479
    4      -11.15       -0.62       0.0973      6.357
    5      -11.26       -0.05       0.0895      5.776
    6       -9.24       -0.37       0.0704      5.990
    7       -9.12       -0.34       0.0538      6.001
    8       -8.73       -0.60       0.0496      5.534
    9      -11.51       -0.50       0.0469      5.398
   10      -10.77       -0.78       0.0416      5.699
