              _             
             (_)            
   __ _ _ __  _ _ __   __ _ 
  / _` | '_ \| | '_ \ / _` |
 | (_| | | | | | | | | (_| |
  \__, |_| |_|_|_| |_|\__,_|
   __/ |                    
  |___/                     

gnina v1.3.3 master:6fe1ce2   Built Jun 30 2026.
gnina is based on smina and AutoDock Vina.
Please cite appropriately.

Commandline: gnina -r results/DOCKING/7AAA.mol2 -l results/DOCKING/ligands_sdf/ligando_265.sdf -o results/DOCKING/results_mol2/docked_ligando_265.mol2 --center_x 8.59 --center_y 39.35 --center_z 9.53 --size_x 22 --size_y 16 --size_z 24 --num_modes 10 --exhaustiveness 8 --seed 1
Using random seed: 1

0%   10   20   30   40   50   60   70   80   90   100%
|----|----|----|----|----|----|----|----|----|----|
***************************************************
MolPort-007-967-225 ChemDiv-L497-0048 MCULE-3085249082 PubChem-46385449 ZINC000033129559 ZINC33129559 | pose 0 | ligand outside box

mode |  affinity  |  intramol  |    CNN     |   CNN
     | (kcal/mol) | (kcal/mol) | pose score | affinity
-----+------------+------------+------------+----------
    1       -4.90        0.04       0.3781      5.920
    2        8.64        2.17       0.3101      5.294
    3       -1.45        0.23       0.2862      5.509
    4       -8.71       -0.59       0.1443      5.368
    5       -7.92        0.97       0.1250      5.242
    6       -7.32       -0.66       0.1221      5.451
    7       -8.56       -0.57       0.1200      5.482
    8       -6.49       -0.62       0.0877      4.484
    9       -8.25       -0.43       0.0749      5.033
   10       -4.59       -0.53       0.0736      5.109
