              _             
             (_)            
   __ _ _ __  _ _ __   __ _ 
  / _` | '_ \| | '_ \ / _` |
 | (_| | | | | | | | | (_| |
  \__, |_| |_|_|_| |_|\__,_|
   __/ |                    
  |___/                     

gnina v1.3.3 master:6fe1ce2   Built Jun 30 2026.
gnina is based on smina and AutoDock Vina.
Please cite appropriately.

Commandline: gnina -r results/DOCKING/7AAA.mol2 -l results/DOCKING/ligands_sdf/ligando_115.sdf -o results/DOCKING/results_mol2/docked_ligando_115.mol2 --center_x 8.59 --center_y 39.35 --center_z 9.53 --size_x 22 --size_y 16 --size_z 24 --num_modes 10 --exhaustiveness 8 --seed 1
Using random seed: 1

0%   10   20   30   40   50   60   70   80   90   100%
|----|----|----|----|----|----|----|----|----|----|
***************************************************
MolPort-006-580-049 ChemDiv-V019-1762 MCULE-8391059656 PubChem-46041015 ZINC000037544724 ZINC37544724 | pose 0 | initial pose not within box

mode |  affinity  |  intramol  |    CNN     |   CNN
     | (kcal/mol) | (kcal/mol) | pose score | affinity
-----+------------+------------+------------+----------
    1       -9.32        1.24       0.4376      6.213
    2       -9.96        1.93       0.3463      6.379
    3       -8.27        0.55       0.2235      5.458
    4       -9.06        0.85       0.1902      5.503
    5       -8.87        0.60       0.1892      5.372
    6       -8.79        0.21       0.1740      5.270
    7       -8.42        0.03       0.1545      5.884
    8       -9.36        1.38       0.1251      5.240
    9       -8.25       -0.92       0.1182      5.288
   10       -9.63        0.67       0.1087      5.069
