              _             
             (_)            
   __ _ _ __  _ _ __   __ _ 
  / _` | '_ \| | '_ \ / _` |
 | (_| | | | | | | | | (_| |
  \__, |_| |_|_|_| |_|\__,_|
   __/ |                    
  |___/                     

gnina v1.3.3 master:6fe1ce2   Built Jun 30 2026.
gnina is based on smina and AutoDock Vina.
Please cite appropriately.

Commandline: gnina -r results/DOCKING/7AAA.mol2 -l results/DOCKING/ligands_sdf/ligando_044.sdf -o results/DOCKING/results_mol2/docked_ligando_044.mol2 --center_x 8.59 --center_y 39.35 --center_z 9.53 --size_x 22 --size_y 16 --size_z 24 --num_modes 10 --exhaustiveness 8 --seed 1
Using random seed: 1

0%   10   20   30   40   50   60   70   80   90   100%
|----|----|----|----|----|----|----|----|----|----|
***************************************************
MolPort-047-073-956 MCULE-6453999601 PubChem-132772398 | pose 0 | initial pose not within box
MolPort-047-073-956 MCULE-6453999601 PubChem-132772398 | pose 0 | ligand outside box
MolPort-047-073-956 MCULE-6453999601 PubChem-132772398 | pose 0 | ligand outside box
MolPort-047-073-956 MCULE-6453999601 PubChem-132772398 | pose 0 | ligand outside box
MolPort-047-073-956 MCULE-6453999601 PubChem-132772398 | pose 0 | ligand outside box

mode |  affinity  |  intramol  |    CNN     |   CNN
     | (kcal/mol) | (kcal/mol) | pose score | affinity
-----+------------+------------+------------+----------
    1       -8.27       -1.04       0.2061      6.841
    2       -9.42       -1.07       0.0929      6.622
    3       -9.30       -0.02       0.0885      6.578
    4       -9.28       -0.19       0.0773      6.261
    5      -10.15       -0.84       0.0631      5.342
    6       -8.41       -1.05       0.0442      5.490
    7      -10.07       -0.73       0.0430      4.854
    8       -8.07       -0.89       0.0404      5.208
    9       -7.41       -0.92       0.0342      5.246
   10       -9.90       -0.76       0.0339      5.157
