              _             
             (_)            
   __ _ _ __  _ _ __   __ _ 
  / _` | '_ \| | '_ \ / _` |
 | (_| | | | | | | | | (_| |
  \__, |_| |_|_|_| |_|\__,_|
   __/ |                    
  |___/                     

gnina v1.3.3 master:6fe1ce2   Built Jun 30 2026.
gnina is based on smina and AutoDock Vina.
Please cite appropriately.

Commandline: gnina -r results/DOCKING/7AAA.mol2 -l results/DOCKING/ligands_sdf/ligando_198.sdf -o results/DOCKING/results_mol2/docked_ligando_198.mol2 --center_x 8.59 --center_y 39.35 --center_z 9.53 --size_x 22 --size_y 16 --size_z 24 --num_modes 10 --exhaustiveness 8 --seed 1
Using random seed: 1

0%   10   20   30   40   50   60   70   80   90   100%
|----|----|----|----|----|----|----|----|----|----|
***************************************************

mode |  affinity  |  intramol  |    CNN     |   CNN
     | (kcal/mol) | (kcal/mol) | pose score | affinity
-----+------------+------------+------------+----------
    1       -8.08       -0.34       0.7472      6.539
    2       -7.51       -0.55       0.5533      6.266
    3       -8.02       -0.55       0.5132      6.235
    4       -8.49       -0.49       0.3701      5.765
    5       -8.71       -0.53       0.2621      5.670
    6       -8.40       -0.42       0.2420      5.559
    7       -8.53       -0.56       0.2283      5.591
    8       -8.66       -0.58       0.1965      5.653
    9       -7.77        0.06       0.1807      5.707
   10       -8.39       -0.44       0.1682      5.575
