              _             
             (_)            
   __ _ _ __  _ _ __   __ _ 
  / _` | '_ \| | '_ \ / _` |
 | (_| | | | | | | | | (_| |
  \__, |_| |_|_|_| |_|\__,_|
   __/ |                    
  |___/                     

gnina v1.3.3 master:6fe1ce2   Built Jun 30 2026.
gnina is based on smina and AutoDock Vina.
Please cite appropriately.

Commandline: gnina -r results/DOCKING/7AAA.mol2 -l results/DOCKING/ligands_sdf/ligando_328.sdf -o results/DOCKING/results_mol2/docked_ligando_328.mol2 --center_x 8.59 --center_y 39.35 --center_z 9.53 --size_x 22 --size_y 16 --size_z 24 --num_modes 10 --exhaustiveness 8 --seed 1
Using random seed: 1

0%   10   20   30   40   50   60   70   80   90   100%
|----|----|----|----|----|----|----|----|----|----|
***************************************************
MolPort-020-298-618 MCULE-6502622054 PubChem-110269774 | pose 0 | ligand outside box
MolPort-020-298-618 MCULE-6502622054 PubChem-110269774 | pose 0 | ligand outside box
MolPort-020-298-618 MCULE-6502622054 PubChem-110269774 | pose 0 | ligand outside box
MolPort-020-298-618 MCULE-6502622054 PubChem-110269774 | pose 0 | ligand outside box
MolPort-020-298-618 MCULE-6502622054 PubChem-110269774 | pose 0 | ligand outside box
MolPort-020-298-618 MCULE-6502622054 PubChem-110269774 | pose 0 | initial pose not within box

mode |  affinity  |  intramol  |    CNN     |   CNN
     | (kcal/mol) | (kcal/mol) | pose score | affinity
-----+------------+------------+------------+----------
    1      -10.83       -0.28       0.1419      6.318
    2      -10.86       -0.08       0.1144      5.862
    3       -7.58       -0.72       0.1012      5.504
    4      -11.10       -0.24       0.0942      6.122
    5      -10.77        0.05       0.0787      5.898
    6       -9.50       -0.51       0.0676      5.360
    7       -7.20        0.06       0.0642      5.648
    8       -7.42       -0.31       0.0583      5.709
    9       -8.93       -0.46       0.0536      5.471
   10      -10.47       -0.31       0.0437      5.823
