              _             
             (_)            
   __ _ _ __  _ _ __   __ _ 
  / _` | '_ \| | '_ \ / _` |
 | (_| | | | | | | | | (_| |
  \__, |_| |_|_|_| |_|\__,_|
   __/ |                    
  |___/                     

gnina v1.3.3 master:6fe1ce2   Built Jun 30 2026.
gnina is based on smina and AutoDock Vina.
Please cite appropriately.

Commandline: gnina -r results/DOCKING/7AAA.mol2 -l results/DOCKING/ligands_sdf/ligando_032.sdf -o results/DOCKING/results_mol2/docked_ligando_032.mol2 --center_x 8.59 --center_y 39.35 --center_z 9.53 --size_x 22 --size_y 16 --size_z 24 --num_modes 10 --exhaustiveness 8 --seed 1
Using random seed: 1

0%   10   20   30   40   50   60   70   80   90   100%
|----|----|----|----|----|----|----|----|----|----|
***************************************************
MolPort-007-723-449 6818300 CHEMBL1322076 ChemDiv-E157-5479 MCULE-2754668881 PubChem-16017379 ZINC000006818300 ZINC06818300 | pose 0 | initial pose not within box

mode |  affinity  |  intramol  |    CNN     |   CNN
     | (kcal/mol) | (kcal/mol) | pose score | affinity
-----+------------+------------+------------+----------
    1       -8.04        0.24       0.2296      5.704
    2       -7.29       -0.52       0.1089      4.610
    3       -8.32       -0.53       0.1002      4.956
    4       -7.91       -0.24       0.0995      5.451
    5       -9.13        0.17       0.0881      4.950
    6       -7.67       -0.07       0.0809      5.117
    7       -8.77        0.25       0.0772      5.199
    8       -6.99       -0.29       0.0674      4.890
    9       -8.88       -0.05       0.0594      4.840
   10       -7.78        0.61       0.0590      4.887
