              _             
             (_)            
   __ _ _ __  _ _ __   __ _ 
  / _` | '_ \| | '_ \ / _` |
 | (_| | | | | | | | | (_| |
  \__, |_| |_|_|_| |_|\__,_|
   __/ |                    
  |___/                     

gnina v1.3.3 master:6fe1ce2   Built Jun 30 2026.
gnina is based on smina and AutoDock Vina.
Please cite appropriately.

Commandline: gnina -r results/DOCKING/7AAA.mol2 -l results/DOCKING/ligands_sdf/ligando_603.sdf -o results/DOCKING/results_mol2/docked_ligando_603.mol2 --center_x 8.59 --center_y 39.35 --center_z 9.53 --size_x 22 --size_y 16 --size_z 24 --num_modes 10 --exhaustiveness 8 --seed 1
Using random seed: 1

0%   10   20   30   40   50   60   70   80   90   100%
|----|----|----|----|----|----|----|----|----|----|
***************************************************
MolPort-001-579-848 CHEMBL1565019 CSSS00121683242 LN00895763 MCULE-8804048403 PubChem-3158579 | pose 0 | initial pose not within box

mode |  affinity  |  intramol  |    CNN     |   CNN
     | (kcal/mol) | (kcal/mol) | pose score | affinity
-----+------------+------------+------------+----------
    1       -8.86       -0.31       0.6271      5.951
    2       -9.15       -0.40       0.5974      6.024
    3       -8.79        0.52       0.5691      5.724
    4       -9.16       -1.24       0.4764      5.862
    5       -8.21       -0.09       0.4111      6.001
    6       -8.98       -0.52       0.3469      5.851
    7       -9.64        0.51       0.3112      5.793
    8       -9.17       -0.87       0.2695      5.326
    9       -8.82       -1.10       0.2620      5.390
   10       -9.21        0.26       0.2522      5.878
