              _             
             (_)            
   __ _ _ __  _ _ __   __ _ 
  / _` | '_ \| | '_ \ / _` |
 | (_| | | | | | | | | (_| |
  \__, |_| |_|_|_| |_|\__,_|
   __/ |                    
  |___/                     

gnina v1.3.3 master:6fe1ce2   Built Jun 30 2026.
gnina is based on smina and AutoDock Vina.
Please cite appropriately.

Commandline: gnina -r results/DOCKING/7AAA.mol2 -l results/DOCKING/ligands_sdf/ligando_698.sdf -o results/DOCKING/results_mol2/docked_ligando_698.mol2 --center_x 8.59 --center_y 39.35 --center_z 9.53 --size_x 22 --size_y 16 --size_z 24 --num_modes 10 --exhaustiveness 8 --seed 1
Using random seed: 1

0%   10   20   30   40   50   60   70   80   90   100%
|----|----|----|----|----|----|----|----|----|----|
***************************************************

mode |  affinity  |  intramol  |    CNN     |   CNN
     | (kcal/mol) | (kcal/mol) | pose score | affinity
-----+------------+------------+------------+----------
    1       -9.37       -0.62       0.7246      6.528
    2      -10.75       -0.39       0.6615      6.652
    3       -8.48       -0.66       0.6455      6.400
    4      -10.38        0.02       0.6053      6.623
    5       -9.20       -0.52       0.4799      6.273
    6      -10.36       -0.06       0.4546      6.388
    7       -8.81       -0.02       0.4303      6.166
    8       -9.15       -0.44       0.2140      6.031
    9       -9.45        0.29       0.1358      5.559
   10       -7.99       -0.24       0.1278      5.567
