              _             
             (_)            
   __ _ _ __  _ _ __   __ _ 
  / _` | '_ \| | '_ \ / _` |
 | (_| | | | | | | | | (_| |
  \__, |_| |_|_|_| |_|\__,_|
   __/ |                    
  |___/                     

gnina v1.3.3 master:6fe1ce2   Built Jun 30 2026.
gnina is based on smina and AutoDock Vina.
Please cite appropriately.

Commandline: gnina -r results/DOCKING/7AAA.mol2 -l results/DOCKING/ligands_sdf/ligando_349.sdf -o results/DOCKING/results_mol2/docked_ligando_349.mol2 --center_x 8.59 --center_y 39.35 --center_z 9.53 --size_x 22 --size_y 16 --size_z 24 --num_modes 10 --exhaustiveness 8 --seed 1
Using random seed: 1

0%   10   20   30   40   50   60   70   80   90   100%
|----|----|----|----|----|----|----|----|----|----|
***************************************************

mode |  affinity  |  intramol  |    CNN     |   CNN
     | (kcal/mol) | (kcal/mol) | pose score | affinity
-----+------------+------------+------------+----------
    1       -9.17        0.83       0.8236      6.714
    2       -8.77        0.27       0.7321      6.548
    3       -9.13        0.62       0.3811      5.965
    4       -8.73        0.53       0.3502      6.079
    5       -8.81        0.45       0.3117      5.909
    6       -8.74        0.01       0.1696      5.729
    7       -8.78        0.64       0.1447      5.505
    8       -8.26        0.22       0.1410      5.427
    9       -8.80        0.23       0.1377      5.831
   10       -8.71        0.19       0.1210      5.266
