              _             
             (_)            
   __ _ _ __  _ _ __   __ _ 
  / _` | '_ \| | '_ \ / _` |
 | (_| | | | | | | | | (_| |
  \__, |_| |_|_|_| |_|\__,_|
   __/ |                    
  |___/                     

gnina v1.3.3 master:6fe1ce2   Built Jun 30 2026.
gnina is based on smina and AutoDock Vina.
Please cite appropriately.

Commandline: gnina -r results/DOCKING/7AAA.mol2 -l results/DOCKING/ligands_sdf/ligando_633.sdf -o results/DOCKING/results_mol2/docked_ligando_633.mol2 --center_x 8.59 --center_y 39.35 --center_z 9.53 --size_x 22 --size_y 16 --size_z 24 --num_modes 10 --exhaustiveness 8 --seed 1
Using random seed: 1

0%   10   20   30   40   50   60   70   80   90   100%
|----|----|----|----|----|----|----|----|----|----|
***************************************************

mode |  affinity  |  intramol  |    CNN     |   CNN
     | (kcal/mol) | (kcal/mol) | pose score | affinity
-----+------------+------------+------------+----------
    1      -10.00        0.00       0.5481      6.573
    2       -8.35       -0.37       0.2172      6.141
    3      -10.19       -1.62       0.1876      5.556
    4       -8.84       -0.22       0.1851      6.052
    5       -8.99        0.08       0.1633      6.425
    6      -10.61       -0.42       0.1390      5.266
    7       -9.43        1.13       0.1371      6.212
    8       -9.65       -1.71       0.0981      4.960
    9      -10.16       -1.36       0.0900      4.582
   10       -8.79       -0.43       0.0877      5.271
