              _             
             (_)            
   __ _ _ __  _ _ __   __ _ 
  / _` | '_ \| | '_ \ / _` |
 | (_| | | | | | | | | (_| |
  \__, |_| |_|_|_| |_|\__,_|
   __/ |                    
  |___/                     

gnina v1.3.3 master:6fe1ce2   Built Jun 30 2026.
gnina is based on smina and AutoDock Vina.
Please cite appropriately.

Commandline: gnina -r results/DOCKING/7AAA.mol2 -l results/DOCKING/ligands_sdf/ligando_431.sdf -o results/DOCKING/results_mol2/docked_ligando_431.mol2 --center_x 8.59 --center_y 39.35 --center_z 9.53 --size_x 22 --size_y 16 --size_z 24 --num_modes 10 --exhaustiveness 8 --seed 1
Using random seed: 1

0%   10   20   30   40   50   60   70   80   90   100%
|----|----|----|----|----|----|----|----|----|----|
***************************************************
MolPort-029-902-000 96162757 CSSS00159880895 MCULE-9601715621 PubChem-72915617 ZINC000096162757 ZINC96162757 | pose 0 | initial pose not within box

mode |  affinity  |  intramol  |    CNN     |   CNN
     | (kcal/mol) | (kcal/mol) | pose score | affinity
-----+------------+------------+------------+----------
    1       -9.29       -0.24       0.5173      6.258
    2       -8.89       -0.70       0.2446      5.990
    3       -8.30       -0.11       0.1757      5.798
    4       -8.79        0.21       0.1467      5.930
    5       -9.37        0.08       0.1443      4.859
    6       -9.30        1.82       0.1404      5.771
    7       -9.36       -0.25       0.1312      4.715
    8       -8.45        1.11       0.1208      4.825
    9       -8.43       -0.94       0.1203      5.242
   10       -7.97        1.33       0.1129      5.044
