              _             
             (_)            
   __ _ _ __  _ _ __   __ _ 
  / _` | '_ \| | '_ \ / _` |
 | (_| | | | | | | | | (_| |
  \__, |_| |_|_|_| |_|\__,_|
   __/ |                    
  |___/                     

gnina v1.3.3 master:6fe1ce2   Built Jun 30 2026.
gnina is based on smina and AutoDock Vina.
Please cite appropriately.

Commandline: gnina -r results/DOCKING/7AAA.mol2 -l results/DOCKING/ligands_sdf/ligando_615.sdf -o results/DOCKING/results_mol2/docked_ligando_615.mol2 --center_x 8.59 --center_y 39.35 --center_z 9.53 --size_x 22 --size_y 16 --size_z 24 --num_modes 10 --exhaustiveness 8 --seed 1
Using random seed: 1

0%   10   20   30   40   50   60   70   80   90   100%
|----|----|----|----|----|----|----|----|----|----|
***************************************************
MolPort-003-112-240 8959267 CSSS03436958108 MCULE-7209072938 PubChem-40887163 VPMSTIFGMPMPIM-UHFFFAOYSA-N ZINC000008959267 | pose 0 | ligand outside box
MolPort-003-112-240 8959267 CSSS03436958108 MCULE-7209072938 PubChem-40887163 VPMSTIFGMPMPIM-UHFFFAOYSA-N ZINC000008959267 | pose 0 | ligand outside box
MolPort-003-112-240 8959267 CSSS03436958108 MCULE-7209072938 PubChem-40887163 VPMSTIFGMPMPIM-UHFFFAOYSA-N ZINC000008959267 | pose 0 | ligand outside box
MolPort-003-112-240 8959267 CSSS03436958108 MCULE-7209072938 PubChem-40887163 VPMSTIFGMPMPIM-UHFFFAOYSA-N ZINC000008959267 | pose 0 | ligand outside box
MolPort-003-112-240 8959267 CSSS03436958108 MCULE-7209072938 PubChem-40887163 VPMSTIFGMPMPIM-UHFFFAOYSA-N ZINC000008959267 | pose 0 | ligand outside box
MolPort-003-112-240 8959267 CSSS03436958108 MCULE-7209072938 PubChem-40887163 VPMSTIFGMPMPIM-UHFFFAOYSA-N ZINC000008959267 | pose 0 | ligand outside box
MolPort-003-112-240 8959267 CSSS03436958108 MCULE-7209072938 PubChem-40887163 VPMSTIFGMPMPIM-UHFFFAOYSA-N ZINC000008959267 | pose 0 | ligand outside box
MolPort-003-112-240 8959267 CSSS03436958108 MCULE-7209072938 PubChem-40887163 VPMSTIFGMPMPIM-UHFFFAOYSA-N ZINC000008959267 | pose 0 | initial pose not within box
MolPort-003-112-240 8959267 CSSS03436958108 MCULE-7209072938 PubChem-40887163 VPMSTIFGMPMPIM-UHFFFAOYSA-N ZINC000008959267 | pose 0 | ligand outside box
MolPort-003-112-240 8959267 CSSS03436958108 MCULE-7209072938 PubChem-40887163 VPMSTIFGMPMPIM-UHFFFAOYSA-N ZINC000008959267 | pose 0 | ligand outside box

mode |  affinity  |  intramol  |    CNN     |   CNN
     | (kcal/mol) | (kcal/mol) | pose score | affinity
-----+------------+------------+------------+----------
    1       -5.50        0.83       0.4301      5.780
    2       -8.57        1.08       0.3641      6.086
    3       -8.66       -0.52       0.3007      6.150
    4       -6.47        0.16       0.2991      6.380
    5       -5.54        0.42       0.2104      5.898
    6       -8.97        0.62       0.1738      5.752
    7       -6.57       -0.30       0.1625      5.980
    8       -6.65       -0.11       0.1372      5.455
    9       -4.14       -0.50       0.1309      4.818
   10       -8.88        1.23       0.1304      5.214
