              _             
             (_)            
   __ _ _ __  _ _ __   __ _ 
  / _` | '_ \| | '_ \ / _` |
 | (_| | | | | | | | | (_| |
  \__, |_| |_|_|_| |_|\__,_|
   __/ |                    
  |___/                     

gnina v1.3.3 master:6fe1ce2   Built Jun 30 2026.
gnina is based on smina and AutoDock Vina.
Please cite appropriately.

Commandline: gnina -r results/DOCKING/7AAA.mol2 -l results/DOCKING/ligands_sdf/ligando_806.sdf -o results/DOCKING/results_mol2/docked_ligando_806.mol2 --center_x 8.59 --center_y 39.35 --center_z 9.53 --size_x 22 --size_y 16 --size_z 24 --num_modes 10 --exhaustiveness 8 --seed 1
Using random seed: 1

0%   10   20   30   40   50   60   70   80   90   100%
|----|----|----|----|----|----|----|----|----|----|
***************************************************

mode |  affinity  |  intramol  |    CNN     |   CNN
     | (kcal/mol) | (kcal/mol) | pose score | affinity
-----+------------+------------+------------+----------
    1       -5.77        0.29       0.8262      4.131
    2       -5.58       -0.22       0.3725      4.085
    3       -5.26       -0.24       0.3123      4.029
    4       -5.77        0.04       0.3027      3.607
    5       -5.45       -0.29       0.2866      4.090
    6       -5.92       -0.13       0.2607      3.930
    7       -5.26       -0.09       0.2554      4.135
    8       -6.52       -0.17       0.1651      3.190
    9       -5.30       -0.39       0.1616      3.623
   10       -6.63       -0.15       0.1607      3.049
