              _             
             (_)            
   __ _ _ __  _ _ __   __ _ 
  / _` | '_ \| | '_ \ / _` |
 | (_| | | | | | | | | (_| |
  \__, |_| |_|_|_| |_|\__,_|
   __/ |                    
  |___/                     

gnina v1.3.3 master:6fe1ce2   Built Jun 30 2026.
gnina is based on smina and AutoDock Vina.
Please cite appropriately.

Commandline: gnina -r results/DOCKING/7AAA.mol2 -l results/DOCKING/ligands_sdf/ligando_379.sdf -o results/DOCKING/results_mol2/docked_ligando_379.mol2 --center_x 8.59 --center_y 39.35 --center_z 9.53 --size_x 22 --size_y 16 --size_z 24 --num_modes 10 --exhaustiveness 8 --seed 1
Using random seed: 1

0%   10   20   30   40   50   60   70   80   90   100%
|----|----|----|----|----|----|----|----|----|----|
***************************************************

mode |  affinity  |  intramol  |    CNN     |   CNN
     | (kcal/mol) | (kcal/mol) | pose score | affinity
-----+------------+------------+------------+----------
    1       -9.68        0.57       0.4785      6.562
    2       -9.80        0.36       0.3107      6.565
    3       -8.89        0.56       0.1533      5.996
    4       -9.96        0.77       0.1311      5.743
    5       -7.81        0.47       0.1115      5.408
    6       -9.75        0.19       0.0986      5.468
    7       -9.03        0.44       0.0937      5.229
    8       -9.92        0.10       0.0783      5.549
    9       -8.08        0.31       0.0751      5.177
   10       -8.73        0.61       0.0692      5.011
