              _             
             (_)            
   __ _ _ __  _ _ __   __ _ 
  / _` | '_ \| | '_ \ / _` |
 | (_| | | | | | | | | (_| |
  \__, |_| |_|_|_| |_|\__,_|
   __/ |                    
  |___/                     

gnina v1.3.3 master:6fe1ce2   Built Jun 30 2026.
gnina is based on smina and AutoDock Vina.
Please cite appropriately.

Commandline: gnina -r results/DOCKING/7AAA.mol2 -l results/DOCKING/ligands_sdf/ligando_749.sdf -o results/DOCKING/results_mol2/docked_ligando_749.mol2 --center_x 8.59 --center_y 39.35 --center_z 9.53 --size_x 22 --size_y 16 --size_z 24 --num_modes 10 --exhaustiveness 8 --seed 1
Using random seed: 1

0%   10   20   30   40   50   60   70   80   90   100%
|----|----|----|----|----|----|----|----|----|----|
***************************************************
MolPort-008-295-443 17068714 CSSS00160395868 MCULE-4790383783 PubChem-17349465 ZINC000017068714 ZINC17068714 | pose 0 | ligand outside box
MolPort-008-295-443 17068714 CSSS00160395868 MCULE-4790383783 PubChem-17349465 ZINC000017068714 ZINC17068714 | pose 0 | ligand outside box
MolPort-008-295-443 17068714 CSSS00160395868 MCULE-4790383783 PubChem-17349465 ZINC000017068714 ZINC17068714 | pose 0 | ligand outside box
MolPort-008-295-443 17068714 CSSS00160395868 MCULE-4790383783 PubChem-17349465 ZINC000017068714 ZINC17068714 | pose 0 | ligand outside box
MolPort-008-295-443 17068714 CSSS00160395868 MCULE-4790383783 PubChem-17349465 ZINC000017068714 ZINC17068714 | pose 0 | ligand outside box
MolPort-008-295-443 17068714 CSSS00160395868 MCULE-4790383783 PubChem-17349465 ZINC000017068714 ZINC17068714 | pose 0 | initial pose not within box
MolPort-008-295-443 17068714 CSSS00160395868 MCULE-4790383783 PubChem-17349465 ZINC000017068714 ZINC17068714 | pose 0 | ligand outside box
MolPort-008-295-443 17068714 CSSS00160395868 MCULE-4790383783 PubChem-17349465 ZINC000017068714 ZINC17068714 | pose 0 | ligand outside box

mode |  affinity  |  intramol  |    CNN     |   CNN
     | (kcal/mol) | (kcal/mol) | pose score | affinity
-----+------------+------------+------------+----------
    1       -8.30       -0.43       0.4468      5.719
    2       -8.25        0.35       0.3102      5.889
    3       -8.17        0.10       0.2950      5.929
    4       -3.33       -0.21       0.1769      4.777
    5       -8.26       -0.16       0.1599      5.336
    6       -8.37       -0.59       0.1389      5.294
    7       -8.06        0.11       0.1276      5.121
    8       -1.84       -0.34       0.1261      5.069
    9       -7.05       -0.59       0.0894      4.998
   10       -6.65       -0.92       0.0736      5.088
