              _             
             (_)            
   __ _ _ __  _ _ __   __ _ 
  / _` | '_ \| | '_ \ / _` |
 | (_| | | | | | | | | (_| |
  \__, |_| |_|_|_| |_|\__,_|
   __/ |                    
  |___/                     

gnina v1.3.3 master:6fe1ce2   Built Jun 30 2026.
gnina is based on smina and AutoDock Vina.
Please cite appropriately.

Commandline: gnina -r results/DOCKING/7AAA.mol2 -l results/DOCKING/ligands_sdf/ligando_418.sdf -o results/DOCKING/results_mol2/docked_ligando_418.mol2 --center_x 8.59 --center_y 39.35 --center_z 9.53 --size_x 22 --size_y 16 --size_z 24 --num_modes 10 --exhaustiveness 8 --seed 1
Using random seed: 1

0%   10   20   30   40   50   60   70   80   90   100%
|----|----|----|----|----|----|----|----|----|----|
***************************************************

mode |  affinity  |  intramol  |    CNN     |   CNN
     | (kcal/mol) | (kcal/mol) | pose score | affinity
-----+------------+------------+------------+----------
    1      -11.29        0.38       0.2459      6.843
    2      -11.07        1.52       0.2003      6.702
    3       -8.64       -1.07       0.1706      6.470
    4      -10.41       -0.80       0.1402      6.458
    5      -10.07        0.72       0.1351      6.359
    6      -10.29       -0.39       0.1234      6.030
    7      -10.05       -0.53       0.1103      6.192
    8      -10.49       -0.86       0.1067      6.501
    9      -10.44       -0.24       0.1054      5.952
   10      -10.01        0.02       0.1041      6.092
