              _             
             (_)            
   __ _ _ __  _ _ __   __ _ 
  / _` | '_ \| | '_ \ / _` |
 | (_| | | | | | | | | (_| |
  \__, |_| |_|_|_| |_|\__,_|
   __/ |                    
  |___/                     

gnina v1.3.3 master:6fe1ce2   Built Jun 30 2026.
gnina is based on smina and AutoDock Vina.
Please cite appropriately.

Commandline: gnina -r results/DOCKING/7AAA.mol2 -l results/DOCKING/ligands_sdf/ligando_627.sdf -o results/DOCKING/results_mol2/docked_ligando_627.mol2 --center_x 8.59 --center_y 39.35 --center_z 9.53 --size_x 22 --size_y 16 --size_z 24 --num_modes 10 --exhaustiveness 8 --seed 1
Using random seed: 1

0%   10   20   30   40   50   60   70   80   90   100%
|----|----|----|----|----|----|----|----|----|----|
***************************************************
MolPort-002-774-842 36613896 CSSS00133006967 MCULE-1758707570 PubChem-19590973 ZINC000036613896 ZINC36613896 | pose 0 | initial pose not within box

mode |  affinity  |  intramol  |    CNN     |   CNN
     | (kcal/mol) | (kcal/mol) | pose score | affinity
-----+------------+------------+------------+----------
    1       -9.91       -0.71       0.3394      6.698
    2       -9.24        0.06       0.2663      6.437
    3      -10.31       -0.54       0.1934      6.622
    4      -10.29       -0.32       0.1740      6.602
    5       -9.79        0.62       0.1491      6.407
    6      -10.82       -0.52       0.1188      6.258
    7      -10.94        1.38       0.1156      6.427
    8      -10.15       -1.72       0.0891      5.591
    9      -10.09       -0.69       0.0844      6.160
   10      -10.40       -0.32       0.0734      6.268
