              _             
             (_)            
   __ _ _ __  _ _ __   __ _ 
  / _` | '_ \| | '_ \ / _` |
 | (_| | | | | | | | | (_| |
  \__, |_| |_|_|_| |_|\__,_|
   __/ |                    
  |___/                     

gnina v1.3.3 master:6fe1ce2   Built Jun 30 2026.
gnina is based on smina and AutoDock Vina.
Please cite appropriately.

Commandline: gnina -r results/DOCKING/7AAA.mol2 -l results/DOCKING/ligands_sdf/ligando_090.sdf -o results/DOCKING/results_mol2/docked_ligando_090.mol2 --center_x 8.59 --center_y 39.35 --center_z 9.53 --size_x 22 --size_y 16 --size_z 24 --num_modes 10 --exhaustiveness 8 --seed 1
Using random seed: 1

0%   10   20   30   40   50   60   70   80   90   100%
|----|----|----|----|----|----|----|----|----|----|
***************************************************

mode |  affinity  |  intramol  |    CNN     |   CNN
     | (kcal/mol) | (kcal/mol) | pose score | affinity
-----+------------+------------+------------+----------
    1      -10.36        0.31       0.2334      5.555
    2       -6.66        0.24       0.2180      4.760
    3        1.06       -0.22       0.1733      4.765
    4       -6.69        0.31       0.1630      3.908
    5       -6.03       -0.21       0.1274      4.266
    6       -3.36        0.45       0.1251      4.163
    7       -4.58        0.38       0.1120      4.514
    8       -8.69       -0.41       0.1012      4.843
    9       -6.44        0.01       0.0973      4.678
   10       -8.56        0.23       0.0855      4.700
