              _             
             (_)            
   __ _ _ __  _ _ __   __ _ 
  / _` | '_ \| | '_ \ / _` |
 | (_| | | | | | | | | (_| |
  \__, |_| |_|_|_| |_|\__,_|
   __/ |                    
  |___/                     

gnina v1.3.3 master:6fe1ce2   Built Jun 30 2026.
gnina is based on smina and AutoDock Vina.
Please cite appropriately.

Commandline: gnina -r results/DOCKING/7AAA.mol2 -l results/DOCKING/ligands_sdf/ligando_800.sdf -o results/DOCKING/results_mol2/docked_ligando_800.mol2 --center_x 8.59 --center_y 39.35 --center_z 9.53 --size_x 22 --size_y 16 --size_z 24 --num_modes 10 --exhaustiveness 8 --seed 1
Using random seed: 1

0%   10   20   30   40   50   60   70   80   90   100%
|----|----|----|----|----|----|----|----|----|----|
***************************************************

mode |  affinity  |  intramol  |    CNN     |   CNN
     | (kcal/mol) | (kcal/mol) | pose score | affinity
-----+------------+------------+------------+----------
    1       -7.13        0.53       0.9125      5.099
    2       -7.15        0.34       0.8694      5.015
    3       -5.85        0.63       0.5312      4.416
    4       -6.34        2.23       0.4893      4.495
    5       -5.84       -0.13       0.3643      4.258
    6       -5.46       -0.01       0.3140      3.995
    7       -5.97        0.19       0.2598      4.210
    8       -5.28        0.56       0.2559      3.924
    9       -5.91       -0.04       0.2556      4.485
   10       -5.30       -0.07       0.2412      4.110
