              _             
             (_)            
   __ _ _ __  _ _ __   __ _ 
  / _` | '_ \| | '_ \ / _` |
 | (_| | | | | | | | | (_| |
  \__, |_| |_|_|_| |_|\__,_|
   __/ |                    
  |___/                     

gnina v1.3.3 master:6fe1ce2   Built Jun 30 2026.
gnina is based on smina and AutoDock Vina.
Please cite appropriately.

Commandline: gnina -r results/DOCKING/7AAA.mol2 -l results/DOCKING/ligands_sdf/ligando_106.sdf -o results/DOCKING/results_mol2/docked_ligando_106.mol2 --center_x 8.59 --center_y 39.35 --center_z 9.53 --size_x 22 --size_y 16 --size_z 24 --num_modes 10 --exhaustiveness 8 --seed 1
Using random seed: 1

0%   10   20   30   40   50   60   70   80   90   100%
|----|----|----|----|----|----|----|----|----|----|
***************************************************

mode |  affinity  |  intramol  |    CNN     |   CNN
     | (kcal/mol) | (kcal/mol) | pose score | affinity
-----+------------+------------+------------+----------
    1       -8.14       -0.44       0.3898      6.266
    2       -9.36       -0.48       0.3695      6.496
    3       -9.91       -0.81       0.3409      6.308
    4       -9.12       -0.10       0.3301      6.399
    5       -9.21       -0.16       0.1769      6.093
    6      -10.34       -0.68       0.1728      6.090
    7       -9.20       -0.34       0.1555      5.637
    8       -9.26       -0.67       0.1509      6.098
    9      -10.05       -0.72       0.1494      6.243
   10       -9.25       -0.23       0.1102      5.923
