              _             
             (_)            
   __ _ _ __  _ _ __   __ _ 
  / _` | '_ \| | '_ \ / _` |
 | (_| | | | | | | | | (_| |
  \__, |_| |_|_|_| |_|\__,_|
   __/ |                    
  |___/                     

gnina v1.3.3 master:6fe1ce2   Built Jun 30 2026.
gnina is based on smina and AutoDock Vina.
Please cite appropriately.

Commandline: gnina -r results/DOCKING/7AAA.mol2 -l results/DOCKING/ligands_sdf/ligando_224.sdf -o results/DOCKING/results_mol2/docked_ligando_224.mol2 --center_x 8.59 --center_y 39.35 --center_z 9.53 --size_x 22 --size_y 16 --size_z 24 --num_modes 10 --exhaustiveness 8 --seed 1
Using random seed: 1

0%   10   20   30   40   50   60   70   80   90   100%
|----|----|----|----|----|----|----|----|----|----|
***************************************************

mode |  affinity  |  intramol  |    CNN     |   CNN
     | (kcal/mol) | (kcal/mol) | pose score | affinity
-----+------------+------------+------------+----------
    1       -9.59        0.05       0.7384      7.274
    2       -8.00       -0.43       0.4646      6.648
    3       -9.48       -0.10       0.3670      6.571
    4       -9.37       -0.58       0.3280      6.268
    5       -9.28       -0.28       0.2305      6.121
    6       -8.56       -0.88       0.1316      6.273
    7       -8.51       -0.86       0.1215      5.893
    8       -8.72       -0.39       0.1038      5.540
    9       -9.46       -0.85       0.0990      5.509
   10       -8.71       -0.64       0.0931      5.301
