              _             
             (_)            
   __ _ _ __  _ _ __   __ _ 
  / _` | '_ \| | '_ \ / _` |
 | (_| | | | | | | | | (_| |
  \__, |_| |_|_|_| |_|\__,_|
   __/ |                    
  |___/                     

gnina v1.3.3 master:6fe1ce2   Built Jun 30 2026.
gnina is based on smina and AutoDock Vina.
Please cite appropriately.

Commandline: gnina -r results/DOCKING/7AAA.mol2 -l results/DOCKING/ligands_sdf/ligando_816.sdf -o results/DOCKING/results_mol2/docked_ligando_816.mol2 --center_x 8.59 --center_y 39.35 --center_z 9.53 --size_x 22 --size_y 16 --size_z 24 --num_modes 10 --exhaustiveness 8 --seed 1
Using random seed: 1

0%   10   20   30   40   50   60   70   80   90   100%
|----|----|----|----|----|----|----|----|----|----|
***************************************************

mode |  affinity  |  intramol  |    CNN     |   CNN
     | (kcal/mol) | (kcal/mol) | pose score | affinity
-----+------------+------------+------------+----------
    1       -8.07       -0.30       0.6969      6.382
    2       -7.60       -0.27       0.5827      6.130
    3       -8.13       -0.39       0.2795      5.816
    4       -8.44        0.21       0.2635      5.518
    5       -9.22       -0.74       0.1814      4.776
    6       -9.33       -0.13       0.1467      4.816
    7       -7.81       -0.18       0.0915      5.320
    8       -7.69        0.46       0.0915      5.118
    9       -8.05        0.22       0.0830      4.868
   10       -8.03       -0.17       0.0778      4.950
