              _             
             (_)            
   __ _ _ __  _ _ __   __ _ 
  / _` | '_ \| | '_ \ / _` |
 | (_| | | | | | | | | (_| |
  \__, |_| |_|_|_| |_|\__,_|
   __/ |                    
  |___/                     

gnina v1.3.3 master:6fe1ce2   Built Jun 30 2026.
gnina is based on smina and AutoDock Vina.
Please cite appropriately.

Commandline: gnina -r results/DOCKING/7AAA.mol2 -l results/DOCKING/ligands_sdf/ligando_246.sdf -o results/DOCKING/results_mol2/docked_ligando_246.mol2 --center_x 8.59 --center_y 39.35 --center_z 9.53 --size_x 22 --size_y 16 --size_z 24 --num_modes 10 --exhaustiveness 8 --seed 1
Using random seed: 1

0%   10   20   30   40   50   60   70   80   90   100%
|----|----|----|----|----|----|----|----|----|----|
***************************************************
MolPort-000-056-083 1324411 MCULE-3750092769 PubChem-1428095 ZINC000001324411 ZINC01324411 | pose 0 | ligand outside box

mode |  affinity  |  intramol  |    CNN     |   CNN
     | (kcal/mol) | (kcal/mol) | pose score | affinity
-----+------------+------------+------------+----------
    1       -9.76        0.75       0.5832      6.843
    2       -8.16       -0.36       0.2948      6.355
    3       16.83        1.53       0.2609      5.757
    4       -9.36       -0.22       0.0559      5.066
    5       -8.22        0.33       0.0558      4.908
    6       -4.30       -1.08       0.0503      5.314
    7       -9.92       -0.13       0.0352      4.714
    8       -9.68        1.27       0.0333      5.155
    9       -6.49       -0.83       0.0330      4.686
   10       -7.06        0.67       0.0329      5.005
