              _             
             (_)            
   __ _ _ __  _ _ __   __ _ 
  / _` | '_ \| | '_ \ / _` |
 | (_| | | | | | | | | (_| |
  \__, |_| |_|_|_| |_|\__,_|
   __/ |                    
  |___/                     

gnina v1.3.3 master:6fe1ce2   Built Jun 30 2026.
gnina is based on smina and AutoDock Vina.
Please cite appropriately.

Commandline: gnina -r results/DOCKING/7AAA.mol2 -l results/DOCKING/ligands_sdf/ligando_143.sdf -o results/DOCKING/results_mol2/docked_ligando_143.mol2 --center_x 8.59 --center_y 39.35 --center_z 9.53 --size_x 22 --size_y 16 --size_z 24 --num_modes 10 --exhaustiveness 8 --seed 1
Using random seed: 1

0%   10   20   30   40   50   60   70   80   90   100%
|----|----|----|----|----|----|----|----|----|----|
***************************************************

mode |  affinity  |  intramol  |    CNN     |   CNN
     | (kcal/mol) | (kcal/mol) | pose score | affinity
-----+------------+------------+------------+----------
    1       -9.45        0.29       0.8494      7.068
    2       -8.61        0.85       0.7552      7.159
    3       -9.06        1.66       0.6161      6.970
    4       -8.81        0.32       0.3037      6.279
    5       -6.51        0.34       0.2321      5.444
    6       -8.57       -0.67       0.1666      5.758
    7       -8.87        0.64       0.1492      5.413
    8       -8.00       -0.10       0.1318      5.373
    9       -8.30       -0.00       0.1124      4.772
   10       -7.92       -0.58       0.1071      5.700
