              _             
             (_)            
   __ _ _ __  _ _ __   __ _ 
  / _` | '_ \| | '_ \ / _` |
 | (_| | | | | | | | | (_| |
  \__, |_| |_|_|_| |_|\__,_|
   __/ |                    
  |___/                     

gnina v1.3.3 master:6fe1ce2   Built Jun 30 2026.
gnina is based on smina and AutoDock Vina.
Please cite appropriately.

Commandline: gnina -r results/DOCKING/7AAA.mol2 -l results/DOCKING/ligands_sdf/ligando_538.sdf -o results/DOCKING/results_mol2/docked_ligando_538.mol2 --center_x 8.59 --center_y 39.35 --center_z 9.53 --size_x 22 --size_y 16 --size_z 24 --num_modes 10 --exhaustiveness 8 --seed 1
Using random seed: 1

0%   10   20   30   40   50   60   70   80   90   100%
|----|----|----|----|----|----|----|----|----|----|
***************************************************
MolPort-002-761-544 2809624 CSSS00132992731 MCULE-2379035670 PubChem-19584150 ZINC000002809624 ZINC02809624 | pose 0 | initial pose not within box

mode |  affinity  |  intramol  |    CNN     |   CNN
     | (kcal/mol) | (kcal/mol) | pose score | affinity
-----+------------+------------+------------+----------
    1       -9.89        2.08       0.4130      6.912
    2       -8.65        2.70       0.1859      6.347
    3       -8.53        1.29       0.1859      6.480
    4       -9.20        0.53       0.1195      6.396
    5       -9.46        1.02       0.1138      6.199
    6       -8.83       -0.27       0.1012      6.413
    7       -8.27        1.35       0.0711      6.085
    8       -9.51       -0.24       0.0699      6.415
    9       -9.21        0.48       0.0678      6.145
   10      -10.88        2.16       0.0638      5.467
