              _             
             (_)            
   __ _ _ __  _ _ __   __ _ 
  / _` | '_ \| | '_ \ / _` |
 | (_| | | | | | | | | (_| |
  \__, |_| |_|_|_| |_|\__,_|
   __/ |                    
  |___/                     

gnina v1.3.3 master:6fe1ce2   Built Jun 30 2026.
gnina is based on smina and AutoDock Vina.
Please cite appropriately.

Commandline: gnina -r results/DOCKING/7AAA.mol2 -l results/DOCKING/ligands_sdf/ligando_222.sdf -o results/DOCKING/results_mol2/docked_ligando_222.mol2 --center_x 8.59 --center_y 39.35 --center_z 9.53 --size_x 22 --size_y 16 --size_z 24 --num_modes 10 --exhaustiveness 8 --seed 1
Using random seed: 1

0%   10   20   30   40   50   60   70   80   90   100%
|----|----|----|----|----|----|----|----|----|----|
***************************************************

mode |  affinity  |  intramol  |    CNN     |   CNN
     | (kcal/mol) | (kcal/mol) | pose score | affinity
-----+------------+------------+------------+----------
    1       -8.33       -0.31       0.4238      6.026
    2       -7.88       -0.64       0.3984      6.094
    3       -9.36       -0.62       0.3922      5.976
    4       -8.77        0.69       0.2273      5.783
    5       -9.53       -0.40       0.1644      5.335
    6       -8.76       -0.50       0.1344      5.438
    7       -7.58       -0.26       0.1154      4.729
    8       -8.29       -0.56       0.1038      5.647
    9       -8.60       -0.44       0.0982      5.243
   10       -6.80       -0.43       0.0911      5.385
