              _             
             (_)            
   __ _ _ __  _ _ __   __ _ 
  / _` | '_ \| | '_ \ / _` |
 | (_| | | | | | | | | (_| |
  \__, |_| |_|_|_| |_|\__,_|
   __/ |                    
  |___/                     

gnina v1.3.3 master:6fe1ce2   Built Jun 30 2026.
gnina is based on smina and AutoDock Vina.
Please cite appropriately.

Commandline: gnina -r results/DOCKING/7AAA.mol2 -l results/DOCKING/ligands_sdf/ligando_777.sdf -o results/DOCKING/results_mol2/docked_ligando_777.mol2 --center_x 8.59 --center_y 39.35 --center_z 9.53 --size_x 22 --size_y 16 --size_z 24 --num_modes 10 --exhaustiveness 8 --seed 1
Using random seed: 1

0%   10   20   30   40   50   60   70   80   90   100%
|----|----|----|----|----|----|----|----|----|----|
***************************************************
MolPort-002-455-717 2685898 CSSS03437110693 ChemDiv-D039-0045 MCULE-8838929789 PubChem-2134006 ZINC000002685898 ZINC02685898 | pose 0 | initial pose not within box

mode |  affinity  |  intramol  |    CNN     |   CNN
     | (kcal/mol) | (kcal/mol) | pose score | affinity
-----+------------+------------+------------+----------
    1       -8.03        1.08       0.1265      5.829
    2       -8.38        0.14       0.1252      5.402
    3       -9.11       -0.68       0.0999      5.316
    4       -8.13       -1.01       0.0920      5.213
    5       -8.00       -1.41       0.0812      4.988
    6       -7.90        0.16       0.0769      5.332
    7       -9.35       -0.51       0.0737      5.268
    8       -8.41       -0.17       0.0714      4.900
    9       -9.45       -0.86       0.0710      5.316
   10       -7.98       -1.20       0.0694      5.054
