              _             
             (_)            
   __ _ _ __  _ _ __   __ _ 
  / _` | '_ \| | '_ \ / _` |
 | (_| | | | | | | | | (_| |
  \__, |_| |_|_|_| |_|\__,_|
   __/ |                    
  |___/                     

gnina v1.3.3 master:6fe1ce2   Built Jun 30 2026.
gnina is based on smina and AutoDock Vina.
Please cite appropriately.

Commandline: gnina -r results/DOCKING/7AAA.mol2 -l results/DOCKING/ligands_sdf/ligando_817.sdf -o results/DOCKING/results_mol2/docked_ligando_817.mol2 --center_x 8.59 --center_y 39.35 --center_z 9.53 --size_x 22 --size_y 16 --size_z 24 --num_modes 10 --exhaustiveness 8 --seed 1
Using random seed: 1

0%   10   20   30   40   50   60   70   80   90   100%
|----|----|----|----|----|----|----|----|----|----|
***************************************************
MolPort-039-210-383 CSSS03436976271 MCULE-3826200929 PubChem-121016978 | pose 0 | initial pose not within box

mode |  affinity  |  intramol  |    CNN     |   CNN
     | (kcal/mol) | (kcal/mol) | pose score | affinity
-----+------------+------------+------------+----------
    1       -8.36       -0.15       0.6729      5.793
    2       -8.33       -0.32       0.4555      5.715
    3       -8.18        0.23       0.4199      5.541
    4       -8.21        0.14       0.3864      5.772
    5       -7.21       -0.48       0.1724      5.237
    6       -7.33        0.26       0.1621      5.221
    7       -7.83        0.58       0.1500      5.111
    8       -7.12        0.43       0.1268      4.655
    9       -7.95       -0.40       0.1142      4.778
   10       -7.44       -0.52       0.1100      4.413
