              _             
             (_)            
   __ _ _ __  _ _ __   __ _ 
  / _` | '_ \| | '_ \ / _` |
 | (_| | | | | | | | | (_| |
  \__, |_| |_|_|_| |_|\__,_|
   __/ |                    
  |___/                     

gnina v1.3.3 master:6fe1ce2   Built Jun 30 2026.
gnina is based on smina and AutoDock Vina.
Please cite appropriately.

Commandline: gnina -r results/DOCKING/7AAA.mol2 -l results/DOCKING/ligands_sdf/ligando_805.sdf -o results/DOCKING/results_mol2/docked_ligando_805.mol2 --center_x 8.59 --center_y 39.35 --center_z 9.53 --size_x 22 --size_y 16 --size_z 24 --num_modes 10 --exhaustiveness 8 --seed 1
Using random seed: 1

0%   10   20   30   40   50   60   70   80   90   100%
|----|----|----|----|----|----|----|----|----|----|
***************************************************

mode |  affinity  |  intramol  |    CNN     |   CNN
     | (kcal/mol) | (kcal/mol) | pose score | affinity
-----+------------+------------+------------+----------
    1       -9.08       -0.71       0.3256      5.846
    2       -9.01       -0.58       0.2345      5.708
    3       -7.36        0.39       0.2050      5.820
    4       -8.16       -0.35       0.2042      5.340
    5       -9.15       -0.33       0.1642      5.136
    6       -6.55       -0.70       0.1406      4.624
    7       -8.46        1.21       0.1099      4.742
    8       -7.93       -0.52       0.1018      5.262
    9       -7.96       -0.50       0.0966      5.197
   10       -7.64       -0.67       0.0952      5.146
