              _             
             (_)            
   __ _ _ __  _ _ __   __ _ 
  / _` | '_ \| | '_ \ / _` |
 | (_| | | | | | | | | (_| |
  \__, |_| |_|_|_| |_|\__,_|
   __/ |                    
  |___/                     

gnina v1.3.3 master:6fe1ce2   Built Jun 30 2026.
gnina is based on smina and AutoDock Vina.
Please cite appropriately.

Commandline: gnina -r results/DOCKING/7AAA.mol2 -l results/DOCKING/ligands_sdf/ligando_287.sdf -o results/DOCKING/results_mol2/docked_ligando_287.mol2 --center_x 8.59 --center_y 39.35 --center_z 9.53 --size_x 22 --size_y 16 --size_z 24 --num_modes 10 --exhaustiveness 8 --seed 1
Using random seed: 1

0%   10   20   30   40   50   60   70   80   90   100%
|----|----|----|----|----|----|----|----|----|----|
***************************************************
MolPort-046-958-378 MCULE-1290761083 PubChem-110093598 | pose 0 | initial pose not within box

mode |  affinity  |  intramol  |    CNN     |   CNN
     | (kcal/mol) | (kcal/mol) | pose score | affinity
-----+------------+------------+------------+----------
    1      -10.81        1.94       0.3888      7.698
    2       -9.81        0.47       0.3001      7.188
    3       -9.90        1.59       0.2833      7.462
    4       -9.99        0.79       0.2703      7.038
    5      -11.72        2.99       0.2634      7.660
    6      -10.50        1.61       0.1906      6.991
    7      -10.62        3.80       0.1650      7.253
    8      -11.18       -0.14       0.1056      6.592
    9      -10.84       -0.01       0.0959      6.546
   10      -10.39       -0.25       0.0904      6.780
