              _             
             (_)            
   __ _ _ __  _ _ __   __ _ 
  / _` | '_ \| | '_ \ / _` |
 | (_| | | | | | | | | (_| |
  \__, |_| |_|_|_| |_|\__,_|
   __/ |                    
  |___/                     

gnina v1.3.3 master:6fe1ce2   Built Jun 30 2026.
gnina is based on smina and AutoDock Vina.
Please cite appropriately.

Commandline: gnina -r results/DOCKING/7AAA.mol2 -l results/DOCKING/ligands_sdf/ligando_766.sdf -o results/DOCKING/results_mol2/docked_ligando_766.mol2 --center_x 8.59 --center_y 39.35 --center_z 9.53 --size_x 22 --size_y 16 --size_z 24 --num_modes 10 --exhaustiveness 8 --seed 1
Using random seed: 1

0%   10   20   30   40   50   60   70   80   90   100%
|----|----|----|----|----|----|----|----|----|----|
***************************************************
MolPort-002-764-926 MCULE-8940206986 PubChem-19587676 | pose 0 | initial pose not within box
MolPort-002-764-926 MCULE-8940206986 PubChem-19587676 | pose 0 | ligand outside box
MolPort-002-764-926 MCULE-8940206986 PubChem-19587676 | pose 0 | ligand outside box
MolPort-002-764-926 MCULE-8940206986 PubChem-19587676 | pose 0 | ligand outside box
MolPort-002-764-926 MCULE-8940206986 PubChem-19587676 | pose 0 | ligand outside box
MolPort-002-764-926 MCULE-8940206986 PubChem-19587676 | pose 0 | ligand outside box
MolPort-002-764-926 MCULE-8940206986 PubChem-19587676 | pose 0 | ligand outside box
MolPort-002-764-926 MCULE-8940206986 PubChem-19587676 | pose 0 | ligand outside box
MolPort-002-764-926 MCULE-8940206986 PubChem-19587676 | pose 0 | ligand outside box
MolPort-002-764-926 MCULE-8940206986 PubChem-19587676 | pose 0 | ligand outside box
MolPort-002-764-926 MCULE-8940206986 PubChem-19587676 | pose 0 | initial pose not within box

mode |  affinity  |  intramol  |    CNN     |   CNN
     | (kcal/mol) | (kcal/mol) | pose score | affinity
-----+------------+------------+------------+----------
    1       -8.24        1.85       0.5310      6.595
    2       -9.24        0.35       0.2932      6.509
    3       -7.39        0.85       0.2862      6.414
    4       -7.27        0.52       0.2579      6.207
    5       -7.37        0.92       0.1458      5.820
    6       -8.89       -0.01       0.1117      5.077
    7       -9.37        2.76       0.1080      5.897
    8       -8.11       -0.14       0.0683      5.311
    9       -8.18        0.29       0.0628      4.724
   10       -9.17        1.96       0.0617      4.397
